=== Genus extraction log: clade | 2026-04-09 14:55:29 ===

┌──────────┐
│ Settings │
└──────────┘
resolve_polytomies: TRUE
force_positive_lengths: TRUE
clean: none
nonmono: prune_extras
outgroup: sister_one
seed: 42

┌──────────┐
│ Input │
└──────────┘
tips_in: 164
Preprocess: polytomies=TRUE, positive_lengths=TRUE
Ingroup (MRCA of anchors) size: 132
Outgroup (sister_one): Nothomyrm_macrops_9892 (min distance=0.873325)

┌──────────┐
│ Output │
└──────────┘
ingroup_out: 132
tips_out (final tree): 133
Wrote tree: /home/marek/ant-megatree/working_code/package/project/published/myrmecia/mera-rodriguez2023/extract_mrca_Myrmecia_flammicollis_11550-Myrmecia_inquilina_13405_20260409-145529_with_outgroup.tre
