=== Genus extraction log: Aenictus | 2025-11-09 17:30:18 ===

┌────────────────────┐
│ Preprocessing tree │
└────────────────────┘
Polytomies resolved randomly; zero/NA edge lengths set to small positive values.

┌───────────────────────────────────────────┐
│ Ingroup label cleaning (focal genus only) │
└───────────────────────────────────────────┘
Detected 16 ingroup tip(s) in raw tree.
Kept 16 ingroup tip(s) after cleaning (raw → canonical):
  KEEP: Aenictus_silvestrii_M221 → Aenictus_silvestrii
  KEEP: Aenictus_latifemoratus_M266 → Aenictus_latifemoratus
  KEEP: Aenictus_yamanei_M265 → Aenictus_yamanei
  KEEP: Aenictus_levior_M231 → Aenictus_levior
  KEEP: Aenictus_bobaiensis_M197 → Aenictus_bobaiensis
  KEEP: Aenictus_camposi_M222 → Aenictus_camposi
  KEEP: Aenictus_fergusoni_M223 → Aenictus_fergusoni
  KEEP: Aenictus_hodgsoni_M198 → Aenictus_hodgsoni
  KEEP: Aenictus_laeviceps_M269 → Aenictus_laeviceps
  KEEP: Aenictus_rotundicollis_M232 → Aenictus_rotundicollis
  KEEP: Aenictus_turneri_M135 → Aenictus_turneri
  KEEP: Aenictus_fuchuanensis_M201 → Aenictus_fuchuanensis
  KEEP: Aenictus_hoelldobleri_M200 → Aenictus_hoelldobleri
  KEEP: Aenictus_currax_M245 → Aenictus_currax
  KEEP: Aenictus_cornutus_M230 → Aenictus_cornutus
  KEEP: Aenictus_gracilis_M199 → Aenictus_gracilis
Non-target genera were not modified or dropped at this step.

┌──────────────────────────────────┐
│ Species de-duplication (ingroup) │
└──────────────────────────────────┘
No intraspecific duplicates detected within ingroup.

┌──────────────────────────┐
│ Genus tip identification │
└──────────────────────────┘
Ingroup tips available after cleaning & de-duplication: 18
Genus monophyly: TRUE
Genus MRCA node: 261

┌─────────────────────┐
│ Retained genus tips │
└─────────────────────┘
  KEEP: Aenictus_bobaiensis
  KEEP: Aenictus_camposi
  KEEP: Aenictus_cornutus
  KEEP: Aenictus_currax
  KEEP: Aenictus_fergusoni
  KEEP: Aenictus_fuchuanensis
  KEEP: Aenictus_gracilis
  KEEP: Aenictus_hodgsoni
  KEEP: Aenictus_hoelldobleri
  KEEP: Aenictus_laeviceps
  KEEP: Aenictus_latifemoratus
  KEEP: Aenictus_levior
  KEEP: Aenictus_rotundicollis
  KEEP: Aenictus_silvestrii
  KEEP: Aenictus_turneri
  KEEP: Aenictus_UG_M143
  KEEP: Aenictus_yamanei
  KEEP: Aenictus_ZA_M228
Total retained genus tips: 18

┌────────────────────┐
│ Outgroup selection │
└────────────────────┘
Selected outgroup: Aenictogiton_UG_M189 (min distance 0.198084).

┌──────────┐
│ Output │
└──────────┘
Wrote tree: ./Aenictus_with_outgroup.tre
Outgroup in output: Aenictogiton_UG_M189
Genus tips in output: 19
