=== Genus extraction log: Dolichoderus | 2026-04-11 11:53:28 ===

┌──────────┐
│ Settings │
└──────────┘
resolve_polytomies: FALSE
force_positive_lengths: FALSE
clean: genus_species
nonmono: prune_extras
outgroup: sister_one
seed: 42

┌──────────┐
│ Input │
└──────────┘
tips_in: 1435
Ingroup (genus=Dolichoderus) identified: 7 tips
Genus monophyly: TRUE
Outgroup (sister_one): Forelius_chalybaeus (min distance=133.840055)

┌──────────┐
│ Output │
└──────────┘
ingroup_out: 7
tips_out (final tree): 8
Wrote tree: /home/marek/ant-megatree/working_code/package/project/published/formicidae/nelsen2023/extracted_genera/Dolichoderus/extract_Dolichoderus_20260411-115328_with_outgroup.tre
Wrote renames TSV: /home/marek/ant-megatree/working_code/package/project/published/formicidae/nelsen2023/extracted_genera/Dolichoderus/extract_Dolichoderus_20260411-115328_renamed.tsv
