=== Genus extraction log: Tetramorium | 2026-04-12 19:05:28 ===

┌──────────┐
│ Settings │
└──────────┘
resolve_polytomies: FALSE
force_positive_lengths: FALSE
clean: genus_species
nonmono: prune_extras
outgroup: sister_one
seed: 42

┌──────────┐
│ Input │
└──────────┘
tips_in: 155
Ingroup (genus=Tetramorium) identified: 11 tips
Genus monophyly: FALSE
Pruned non-genus tips inside MRCA (prune_extras).
Outgroup (sister_one): Calyptomyrmex_kaurus (min distance=111.557370)

┌──────────┐
│ Output │
└──────────┘
ingroup_out: 11
tips_out (final tree): 12
Wrote tree: /home/marek/ant-megatree/working_code/package/project/published/crematogastrini/blaimer2022/extracted_genera/Tetramorium/extract_Tetramorium_20260412-190528_with_outgroup.tre
Wrote renames TSV: /home/marek/ant-megatree/working_code/package/project/published/crematogastrini/blaimer2022/extracted_genera/Tetramorium/extract_Tetramorium_20260412-190528_renamed.tsv
