=== Genus extraction log: Fisheropone | 2026-04-12 19:04:34 ===

┌──────────┐
│ Settings │
└──────────┘
resolve_polytomies: FALSE
force_positive_lengths: FALSE
clean: genus_species
nonmono: prune_extras
outgroup: sister_one
seed: 42

┌──────────┐
│ Input │
└──────────┘
tips_in: 1170
Ingroup (genus=Fisheropone) identified: 5 tips
Genus monophyly: TRUE
Outgroup (sister_one): Euponera_brunoi_EX2732_CASENT0783100 (min distance=0.074595)

┌──────────┐
│ Output │
└──────────┘
ingroup_out: 5
tips_out (final tree): 3
Wrote tree: /home/marek/ant-megatree/working_code/package/project/published/ponerinae/extracted_genera/Fisheropone/extract_Fisheropone_20260412-190434_with_outgroup.tre
Wrote renames TSV: /home/marek/ant-megatree/working_code/package/project/published/ponerinae/extracted_genera/Fisheropone/extract_Fisheropone_20260412-190434_renamed.tsv
