=== Genus extraction log: CladeGraft | 2026-03-08 17:02:10 ===

┌─────────────────────────┐
│ Template: input summary │
└─────────────────────────┘

┌────────────────────────────┐
│ Template: authority filter │
└────────────────────────────┘
Valid ingroup species kept: 22; dropped absent: 0

┌────────────────────────────────────────┐
│ Template: donor ultrametric conversion │
└────────────────────────────────────────┘
Selected chronos: model=discrete lambda=0.1

┌──────────────────┐
│ Template: output │
└──────────────────┘
Donor stem_fraction=0.322158 crown_fraction=0.677842

┌─────────────────────────┐
│ Template: input summary │
└─────────────────────────┘

┌────────────────────────────┐
│ Template: authority filter │
└────────────────────────────┘
Valid ingroup species kept: 16; dropped absent: 2

┌────────────────────────────────────────┐
│ Template: donor ultrametric conversion │
└────────────────────────────────────────┘
Selected chronos: model=discrete lambda=0.1

┌──────────────────┐
│ Template: output │
└──────────────────┘
Donor stem_fraction=0.734191 crown_fraction=0.265809

┌─────────────────────────┐
│ Template: input summary │
└─────────────────────────┘

┌────────────────────────────┐
│ Template: authority filter │
└────────────────────────────┘
Valid ingroup species kept: 51; dropped absent: 8

┌────────────────────────────────────────┐
│ Template: donor ultrametric conversion │
└────────────────────────────────────────┘
Selected chronos: model=discrete lambda=0.1

┌──────────────────┐
│ Template: output │
└──────────────────┘
Donor stem_fraction=0.235020 crown_fraction=0.764980

┌─────────────────────────┐
│ Template: input summary │
└─────────────────────────┘

┌────────────────────────────┐
│ Template: authority filter │
└────────────────────────────┘
Valid ingroup species kept: 110; dropped absent: 0

┌────────────────────────────────────────┐
│ Template: donor ultrametric conversion │
└────────────────────────────────────────┘
Selected chronos: model=discrete lambda=0.1

┌──────────────────┐
│ Template: output │
└──────────────────┘
Donor stem_fraction=0.170427 crown_fraction=0.829573

┌─────────────────────────┐
│ Template: input summary │
└─────────────────────────┘

┌────────────────────────────┐
│ Template: authority filter │
└────────────────────────────┘
Valid ingroup species kept: 65; dropped absent: 38

┌────────────────────────────────────────┐
│ Template: donor ultrametric conversion │
└────────────────────────────────────────┘
Selected chronos: model=discrete lambda=0.1

┌──────────────────┐
│ Template: output │
└──────────────────┘
Donor stem_fraction=0.579190 crown_fraction=0.420810

┌─────────────────────────┐
│ Template: input summary │
└─────────────────────────┘

┌────────────────────────────┐
│ Template: authority filter │
└────────────────────────────┘
Valid ingroup species kept: 16; dropped absent: 2

┌────────────────────────────────────────┐
│ Template: donor ultrametric conversion │
└────────────────────────────────────────┘
Selected chronos: model=discrete lambda=0.1

┌──────────────────┐
│ Template: output │
└──────────────────┘
Donor stem_fraction=0.341515 crown_fraction=0.658485

┌─────────────────────────┐
│ Template: input summary │
└─────────────────────────┘

┌────────────────────────────┐
│ Template: authority filter │
└────────────────────────────┘
Valid ingroup species kept: 108; dropped absent: 9

┌────────────────────────────────────────┐
│ Template: donor ultrametric conversion │
└────────────────────────────────────────┘
No chronos config converged; falling back to NNLS.

┌──────────────────┐
│ Template: output │
└──────────────────┘
Donor stem_fraction=0.616206 crown_fraction=0.383794

┌─────────────────────────┐
│ Template: input summary │
└─────────────────────────┘

┌────────────────────────────┐
│ Template: authority filter │
└────────────────────────────┘
Valid ingroup species kept: 8; dropped absent: 1

┌────────────────────────────────────────┐
│ Template: donor ultrametric conversion │
└────────────────────────────────────────┘
Selected chronos: model=discrete lambda=0.1

┌──────────────────┐
│ Template: output │
└──────────────────┘
Donor stem_fraction=0.825431 crown_fraction=0.174569

┌─────────────────────────┐
│ Template: input summary │
└─────────────────────────┘

┌────────────────────────────┐
│ Template: authority filter │
└────────────────────────────┘
Valid ingroup species kept: 10; dropped absent: 3

┌────────────────────────────────────────┐
│ Template: donor ultrametric conversion │
└────────────────────────────────────────┘
Selected chronos: model=discrete lambda=0.1

┌──────────────────┐
│ Template: output │
└──────────────────┘
Donor stem_fraction=0.757896 crown_fraction=0.242104

┌─────────────────────────┐
│ Template: input summary │
└─────────────────────────┘

┌────────────────────────────┐
│ Template: authority filter │
└────────────────────────────┘
Valid ingroup species kept: 30; dropped absent: 18

┌────────────────────────────────────────┐
│ Template: donor ultrametric conversion │
└────────────────────────────────────────┘
Selected chronos: model=discrete lambda=0.1

┌──────────────────┐
│ Template: output │
└──────────────────┘
Donor stem_fraction=0.316167 crown_fraction=0.683833

┌─────────────────────────┐
│ Template: input summary │
└─────────────────────────┘

┌────────────────────────────┐
│ Template: authority filter │
└────────────────────────────┘
Valid ingroup species kept: 11; dropped absent: 0

┌────────────────────────────────────────┐
│ Template: donor ultrametric conversion │
└────────────────────────────────────────┘
Selected chronos: model=discrete lambda=0.1

┌──────────────────┐
│ Template: output │
└──────────────────┘
Donor stem_fraction=0.667037 crown_fraction=0.332963

┌─────────────────────────┐
│ Template: input summary │
└─────────────────────────┘

┌────────────────────────────┐
│ Template: authority filter │
└────────────────────────────┘
Valid ingroup species kept: 80; dropped absent: 3

┌────────────────────────────────────────┐
│ Template: donor ultrametric conversion │
└────────────────────────────────────────┘
Selected chronos: model=discrete lambda=0.1

┌──────────────────┐
│ Template: output │
└──────────────────┘
Donor stem_fraction=0.429721 crown_fraction=0.570279

┌─────────────────────────┐
│ Template: input summary │
└─────────────────────────┘

┌────────────────────────────┐
│ Template: authority filter │
└────────────────────────────┘
Valid ingroup species kept: 17; dropped absent: 14

┌────────────────────────────────────────┐
│ Template: donor ultrametric conversion │
└────────────────────────────────────────┘
Selected chronos: model=discrete lambda=0.1

┌──────────────────┐
│ Template: output │
└──────────────────┘
Donor stem_fraction=0.234611 crown_fraction=0.765389

┌─────────────────────────┐
│ Template: input summary │
└─────────────────────────┘

┌────────────────────────────┐
│ Template: authority filter │
└────────────────────────────┘
Valid ingroup species kept: 13; dropped absent: 1

┌────────────────────────────────────────┐
│ Template: donor ultrametric conversion │
└────────────────────────────────────────┘
Selected chronos: model=discrete lambda=0.1

┌──────────────────┐
│ Template: output │
└──────────────────┘
Donor stem_fraction=0.045715 crown_fraction=0.954285

┌─────────────────────────┐
│ Template: input summary │
└─────────────────────────┘

┌────────────────────────────┐
│ Template: authority filter │
└────────────────────────────┘
Valid ingroup species kept: 18; dropped absent: 2

┌────────────────────────────────────────┐
│ Template: donor ultrametric conversion │
└────────────────────────────────────────┘
Selected chronos: model=discrete lambda=0.1

┌──────────────────┐
│ Template: output │
└──────────────────┘
Donor stem_fraction=0.337212 crown_fraction=0.662788

┌─────────────────────────┐
│ Template: input summary │
└─────────────────────────┘

┌────────────────────────────┐
│ Template: authority filter │
└────────────────────────────┘
Valid ingroup species kept: 46; dropped absent: 18

┌────────────────────────────────────────┐
│ Template: donor ultrametric conversion │
└────────────────────────────────────────┘
Selected chronos: model=discrete lambda=0.1

┌──────────────────┐
│ Template: output │
└──────────────────┘
Donor stem_fraction=0.398590 crown_fraction=0.601410

┌─────────────────────────┐
│ Template: input summary │
└─────────────────────────┘

┌────────────────────────────┐
│ Template: authority filter │
└────────────────────────────┘
Valid ingroup species kept: 21; dropped absent: 0

┌────────────────────────────────────────┐
│ Template: donor ultrametric conversion │
└────────────────────────────────────────┘
Selected chronos: model=discrete lambda=0.1

┌──────────────────┐
│ Template: output │
└──────────────────┘
Donor stem_fraction=0.097743 crown_fraction=0.902257

┌─────────────────────────┐
│ Template: input summary │
└─────────────────────────┘

┌────────────────────────────┐
│ Template: authority filter │
└────────────────────────────┘
Valid ingroup species kept: 112; dropped absent: 12

┌────────────────────────────────────────┐
│ Template: donor ultrametric conversion │
└────────────────────────────────────────┘
Selected chronos: model=discrete lambda=0.1

┌──────────────────┐
│ Template: output │
└──────────────────┘
Donor stem_fraction=0.170193 crown_fraction=0.829807

┌─────────────────────────┐
│ Template: input summary │
└─────────────────────────┘

┌────────────────────────────┐
│ Template: authority filter │
└────────────────────────────┘
Valid ingroup species kept: 7; dropped absent: 3

┌────────────────────────────────────────┐
│ Template: donor ultrametric conversion │
└────────────────────────────────────────┘
Selected chronos: model=discrete lambda=0.1

┌──────────────────┐
│ Template: output │
└──────────────────┘
Donor stem_fraction=0.679459 crown_fraction=0.320541

┌─────────────────────────┐
│ Template: input summary │
└─────────────────────────┘

┌────────────────────────────┐
│ Template: authority filter │
└────────────────────────────┘
Valid ingroup species kept: 49; dropped absent: 3

┌────────────────────────────────────────┐
│ Template: donor ultrametric conversion │
└────────────────────────────────────────┘
Selected chronos: model=discrete lambda=0.1

┌──────────────────┐
│ Template: output │
└──────────────────┘
Donor stem_fraction=0.179885 crown_fraction=0.820115

┌─────────────────────────┐
│ Template: input summary │
└─────────────────────────┘

┌────────────────────────────┐
│ Template: authority filter │
└────────────────────────────┘
Valid ingroup species kept: 62; dropped absent: 30

┌────────────────────────────────────────┐
│ Template: donor ultrametric conversion │
└────────────────────────────────────────┘
Selected chronos: model=discrete lambda=0.1

┌──────────────────┐
│ Template: output │
└──────────────────┘
Donor stem_fraction=0.576809 crown_fraction=0.423191

┌─────────────────────────┐
│ Template: input summary │
└─────────────────────────┘

┌────────────────────────────┐
│ Template: authority filter │
└────────────────────────────┘
Valid ingroup species kept: 36; dropped absent: 37

┌────────────────────────────────────────┐
│ Template: donor ultrametric conversion │
└────────────────────────────────────────┘
Selected chronos: model=discrete lambda=0.1

┌──────────────────┐
│ Template: output │
└──────────────────┘
Donor stem_fraction=0.495950 crown_fraction=0.504050

┌─────────────────────────┐
│ Template: input summary │
└─────────────────────────┘

┌────────────────────────────┐
│ Template: authority filter │
└────────────────────────────┘
Valid ingroup species kept: 41; dropped absent: 1

┌────────────────────────────────────────┐
│ Template: donor ultrametric conversion │
└────────────────────────────────────────┘
Selected chronos: model=discrete lambda=0.1

┌──────────────────┐
│ Template: output │
└──────────────────┘
Donor stem_fraction=0.171632 crown_fraction=0.828368

┌─────────────────────────┐
│ Template: input summary │
└─────────────────────────┘

┌────────────────────────────┐
│ Template: authority filter │
└────────────────────────────┘
Valid ingroup species kept: 241; dropped absent: 19

┌────────────────────────────────────────┐
│ Template: donor ultrametric conversion │
└────────────────────────────────────────┘
Selected chronos: model=discrete lambda=0.1

┌──────────────────┐
│ Template: output │
└──────────────────┘
Donor stem_fraction=0.546094 crown_fraction=0.453906

┌─────────────────────────┐
│ Template: input summary │
└─────────────────────────┘

┌────────────────────────────┐
│ Template: authority filter │
└────────────────────────────┘
Valid ingroup species kept: 81; dropped absent: 11

┌────────────────────────────────────────┐
│ Template: donor ultrametric conversion │
└────────────────────────────────────────┘
No chronos config converged; falling back to NNLS.

┌──────────────────┐
│ Template: output │
└──────────────────┘
Donor stem_fraction=0.443890 crown_fraction=0.556110

┌─────────────────────────┐
│ Template: input summary │
└─────────────────────────┘

┌────────────────────────────┐
│ Template: authority filter │
└────────────────────────────┘
Valid ingroup species kept: 7; dropped absent: 3

┌────────────────────────────────────────┐
│ Template: donor ultrametric conversion │
└────────────────────────────────────────┘
Selected chronos: model=discrete lambda=0.1

┌──────────────────┐
│ Template: output │
└──────────────────┘
Donor stem_fraction=0.628446 crown_fraction=0.371554

┌─────────────────────────┐
│ Template: input summary │
└─────────────────────────┘

┌────────────────────────────┐
│ Template: authority filter │
└────────────────────────────┘
Valid ingroup species kept: 100; dropped absent: 2

┌────────────────────────────────────────┐
│ Template: donor ultrametric conversion │
└────────────────────────────────────────┘
Selected chronos: model=correlated lambda=10

┌──────────────────┐
│ Template: output │
└──────────────────┘
Donor stem_fraction=0.423713 crown_fraction=0.576287

┌─────────────────────────┐
│ Template: input summary │
└─────────────────────────┘

┌────────────────────────────┐
│ Template: authority filter │
└────────────────────────────┘
Valid ingroup species kept: 19; dropped absent: 1

┌────────────────────────────────────────┐
│ Template: donor ultrametric conversion │
└────────────────────────────────────────┘
Selected chronos: model=discrete lambda=0.1

┌──────────────────┐
│ Template: output │
└──────────────────┘
Donor stem_fraction=0.586947 crown_fraction=0.413053

┌─────────────────────────┐
│ Template: input summary │
└─────────────────────────┘

┌────────────────────────────┐
│ Template: authority filter │
└────────────────────────────┘
Valid ingroup species kept: 35; dropped absent: 1

┌────────────────────────────────────────┐
│ Template: donor ultrametric conversion │
└────────────────────────────────────────┘
Selected chronos: model=discrete lambda=0.1

┌──────────────────┐
│ Template: output │
└──────────────────┘
Donor stem_fraction=0.104983 crown_fraction=0.895017

┌─────────────────────────┐
│ Template: input summary │
└─────────────────────────┘

┌────────────────────────────┐
│ Template: authority filter │
└────────────────────────────┘
Valid ingroup species kept: 9; dropped absent: 0

┌────────────────────────────────────────┐
│ Template: donor ultrametric conversion │
└────────────────────────────────────────┘
Selected chronos: model=discrete lambda=0.1

┌──────────────────┐
│ Template: output │
└──────────────────┘
Donor stem_fraction=0.704892 crown_fraction=0.295108

┌─────────────────────────┐
│ Template: input summary │
└─────────────────────────┘

┌────────────────────────────┐
│ Template: authority filter │
└────────────────────────────┘
Valid ingroup species kept: 115; dropped absent: 9

┌────────────────────────────────────────┐
│ Template: donor ultrametric conversion │
└────────────────────────────────────────┘
Selected chronos: model=discrete lambda=0.1

┌──────────────────┐
│ Template: output │
└──────────────────┘
Donor stem_fraction=0.484184 crown_fraction=0.515816

┌─────────────────────────┐
│ Template: input summary │
└─────────────────────────┘

┌────────────────────────────┐
│ Template: authority filter │
└────────────────────────────┘
Valid ingroup species kept: 80; dropped absent: 7

┌────────────────────────────────────────┐
│ Template: donor ultrametric conversion │
└────────────────────────────────────────┘
Selected chronos: model=discrete lambda=0.1

┌──────────────────┐
│ Template: output │
└──────────────────┘
Donor stem_fraction=0.476122 crown_fraction=0.523878

┌─────────────────────────┐
│ Template: input summary │
└─────────────────────────┘

┌────────────────────────────┐
│ Template: authority filter │
└────────────────────────────┘
Valid ingroup species kept: 5; dropped absent: 0

┌────────────────────────────────────────┐
│ Template: donor ultrametric conversion │
└────────────────────────────────────────┘
Selected chronos: model=discrete lambda=0.1

┌──────────────────┐
│ Template: output │
└──────────────────┘
Donor stem_fraction=0.122328 crown_fraction=0.877672
Grafted donor at tip=Acropyga position=0.177587 (L=0.261989)
Grafted donor at tip=Aenictus position=0.135139 (L=0.508405)
Grafted donor at tip=Anochetus position=0.200578 (L=0.262200)
Grafted donor at tip=Camponotus position=0.148348 (L=0.178824)
Grafted donor at tip=Cephalotes position=0.127161 (L=0.302182)
Grafted donor at tip=Colobopsis position=0.231438 (L=0.351471)
Grafted donor at tip=Crematogaster position=0.154547 (L=0.402683)
Grafted donor at tip=Diacamma position=0.092142 (L=0.527827)
Grafted donor at tip=Dorylus position=0.086479 (L=0.357198)
Grafted donor at tip=Dorymyrmex position=0.216494 (L=0.316589)
Grafted donor at tip=Ectatomma position=0.138426 (L=0.415738)
Grafted donor at tip=Formica position=0.087246 (L=0.152988)
Grafted donor at tip=Gnamptogenys position=0.285657 (L=0.373218)
Grafted donor at tip=Heteroponera position=0.122384 (L=0.128246)
Grafted donor at tip=Holcoponera position=0.027600 (L=0.041643)
Grafted donor at tip=Hypoponera position=0.310176 (L=0.515748)
Grafted donor at tip=Lasius position=0.118797 (L=0.131666)
Grafted donor at tip=Leptogenys position=0.264613 (L=0.318885)
Grafted donor at tip=Lioponera position=0.134140 (L=0.418481)
Grafted donor at tip=Messor position=0.235358 (L=0.286982)
Grafted donor at tip=Myrmecia position=0.186111 (L=0.439780)
Grafted donor at tip=Nylanderia position=0.167126 (L=0.331567)
Grafted donor at tip=Odontomachus position=0.217198 (L=0.262200)
Grafted donor at tip=Pheidole position=0.216315 (L=0.476563)
Grafted donor at tip=Polyrhachis position=0.139816 (L=0.251418)
Grafted donor at tip=Poneracantha position=0.073236 (L=0.197109)
Grafted donor at tip=Pseudomyrmex position=0.252033 (L=0.437340)
Grafted donor at tip=Rhytidoponera position=0.171722 (L=0.415738)
Grafted donor at tip=Stenamma position=0.387363 (L=0.432800)
Grafted donor at tip=Stictoponera position=0.147484 (L=0.499764)
Grafted donor at tip=Strumigenys position=0.184766 (L=0.358202)
Grafted donor at tip=Temnothorax position=0.188841 (L=0.360467)
Grafted donor at tip=Typhlomyrmex position=0.327563 (L=0.373218)
