=== Genus extraction log: Tetramorium | 2026-04-11 11:53:30 ===

┌──────────┐
│ Settings │
└──────────┘
resolve_polytomies: FALSE
force_positive_lengths: FALSE
clean: genus_species
nonmono: prune_extras
outgroup: sister_one
seed: 42

┌──────────┐
│ Input │
└──────────┘
tips_in: 1435
Ingroup (genus=Tetramorium) identified: 39 tips
Genus monophyly: FALSE
Pruned non-genus tips inside MRCA (prune_extras).
Outgroup (sister_one): Calyptomyrmex_beccarii (min distance=141.324600)

┌──────────┐
│ Output │
└──────────┘
ingroup_out: 39
tips_out (final tree): 40
Wrote tree: /home/marek/ant-megatree/working_code/package/project/published/formicidae/nelsen2023/extracted_genera/Tetramorium/extract_Tetramorium_20260411-115330_with_outgroup.tre
Wrote renames TSV: /home/marek/ant-megatree/working_code/package/project/published/formicidae/nelsen2023/extracted_genera/Tetramorium/extract_Tetramorium_20260411-115330_renamed.tsv
