=== Genus extraction log: Temnothorax | 2025-10-24 19:24:17 ===

┌────────────────────┐
│ Preprocessing tree │
└────────────────────┘
Polytomies resolved randomly; zero/NA edge lengths set to small positive values.

┌───────────────────────────────────────────┐
│ Ingroup label cleaning (focal genus only) │
└───────────────────────────────────────────┘
Detected 103 ingroup tip(s) in raw tree.
Kept 103 ingroup tip(s) after cleaning (raw → canonical):
  KEEP: Temnothorax_nitens_P017 → Temnothorax_nitens
  KEEP: Temnothorax_andrei_P067 → Temnothorax_andrei
  KEEP: Temnothorax_andrei_occidentalis_CA_P098 → Temnothorax_andrei
  KEEP: Temnothorax_andrei_occidentalis_OR_P076 → Temnothorax_andrei
  KEEP: Temnothorax_oxynodis_P074 → Temnothorax_oxynodis
  KEEP: Temnothorax_paiute_P096 → Temnothorax_paiute
  KEEP: Temnothorax_gallae_P073 → Temnothorax_gallae
  KEEP: Temnothorax_nevadensis_P016 → Temnothorax_nevadensis
  KEEP: Temnothorax_allardycei_P101 → Temnothorax_allardycei
  KEEP: Temnothorax_laetus_P061 → Temnothorax_laetus
  KEEP: Temnothorax_purpuratus_P062 → Temnothorax_purpuratus
  KEEP: Temnothorax_sallei_P128 → Temnothorax_sallei
  KEEP: Temnothorax_splendens_P136 → Temnothorax_splendens
  KEEP: Temnothorax_mmp11_P054 → Temnothorax_mmp
  KEEP: Temnothorax_striatulus_cf_P051 → Temnothorax_striatulus
  KEEP: Temnothorax_gundlachi_P099 → Temnothorax_gundlachi
  KEEP: Temnothorax_poeyi_P068 → Temnothorax_poeyi
  KEEP: Temnothorax_rugithorax_cf_P135 → Temnothorax_rugithorax
  KEEP: Temnothorax_punctaticeps_cf_P133 → Temnothorax_punctaticeps
  KEEP: Temnothorax_striatulus_P143 → Temnothorax_striatulus
  KEEP: Temnothorax_bicolor_cf_P132 → Temnothorax_bicolor
  KEEP: Temnothorax_mmp08_P004 → Temnothorax_mmp
  KEEP: Temnothorax_punctithorax_P127 → Temnothorax_punctithorax
  KEEP: Temnothorax_morongo_P103 → Temnothorax_morongo
  KEEP: Temnothorax_obliquicanthus_P049 → Temnothorax_obliquicanthus
  KEEP: Temnothorax_tricarinatus_P110 → Temnothorax_tricarinatus
  KEEP: Temnothorax_stenotyle_P087 → Temnothorax_stenotyle
  KEEP: Temnothorax_carinatus_P109 → Temnothorax_carinatus
  KEEP: Temnothorax_neomexicanus_P078 → Temnothorax_neomexicanus
  KEEP: Temnothorax_cristinae_P115 → Temnothorax_cristinae
  KEEP: Temnothorax_flavispinus_cf_P112 → Temnothorax_flavispinus
  KEEP: Temnothorax_semiruber_P026 → Temnothorax_semiruber
  KEEP: Temnothorax_cabrerae_P019 → Temnothorax_cabrerae
  KEEP: Temnothorax_formosus_P020 → Temnothorax_formosus
  KEEP: Temnothorax_clypeatus_P105 → Temnothorax_clypeatus
  KEEP: Temnothorax_corticalis_P033 → Temnothorax_corticalis
  KEEP: Temnothorax_bca10_P107 → Temnothorax_bca
  KEEP: Temnothorax_rugatulus_P018 → Temnothorax_rugatulus
  KEEP: Temnothorax_schaumii_P034 → Temnothorax_schaumii
  KEEP: Temnothorax_smithi_P145 → Temnothorax_smithi
  KEEP: Temnothorax_obturator_P111 → Temnothorax_obturator
  KEEP: Temnothorax_obturator_cf_P144 → Temnothorax_obturator
  KEEP: Temnothorax_mmp15_P086 → Temnothorax_mmp
  KEEP: Temnothorax_creolus_P146 → Temnothorax_creolus
  KEEP: Temnothorax_mmp09_P005 → Temnothorax_mmp
  KEEP: Temnothorax_whitfordi_cf_P058 → Temnothorax_whitfordi
  KEEP: Temnothorax_emmae_P084 → Temnothorax_emmae
  KEEP: Temnothorax_whitfordi_P091 → Temnothorax_whitfordi
  KEEP: Temnothorax_fuscatus_cf_P052 → Temnothorax_fuscatus
  KEEP: Temnothorax_fuscatus_P053 → Temnothorax_fuscatus
  KEEP: Temnothorax_mmp05_P001 → Temnothorax_mmp
  KEEP: Temnothorax_pergandei_P036 → Temnothorax_pergandei
  KEEP: Temnothorax_mmp06_P060 → Temnothorax_mmp
  KEEP: Temnothorax_peninsularis_nr_P106 → Temnothorax_peninsularis
  KEEP: Temnothorax_mmp07_P003 → Temnothorax_mmp
  KEEP: Temnothorax_aztecus_P048 → Temnothorax_aztecus
  KEEP: Temnothorax_salvini_P050 → Temnothorax_salvini
  KEEP: Temnothorax_mmp12_P007 → Temnothorax_mmp
  KEEP: Temnothorax_ixili_P031 → Temnothorax_ixili
  KEEP: Temnothorax_mmp04_P080 → Temnothorax_mmp
  KEEP: Temnothorax_pastinifer_P075 → Temnothorax_pastinifer
  KEEP: Temnothorax_dr02_P118 → Temnothorax_dr
  KEEP: Temnothorax_terricola_P079 → Temnothorax_terricola
  KEEP: Temnothorax_torrei_P108 → Temnothorax_torrei
  KEEP: Temnothorax_mmp13_P008 → Temnothorax_mmp
  KEEP: Temnothorax_augusti_nr_P088 → Temnothorax_augusti
  KEEP: Temnothorax_mmp14_P009 → Temnothorax_mmp
  KEEP: Temnothorax_subditivus_P059 → Temnothorax_subditivus
  KEEP: Temnothorax_oxianus_P094 → Temnothorax_oxianus
  KEEP: Temnothorax_bernardi_P013 → Temnothorax_bernardi
  KEEP: Temnothorax_ravouxi_P113 → Temnothorax_ravouxi
  KEEP: Temnothorax_americanus_P032 → Temnothorax_americanus
  KEEP: Temnothorax_curvispinosus_P035 → Temnothorax_curvispinosus
  KEEP: Temnothorax_tuscaloosae_P037 → Temnothorax_tuscaloosae
  KEEP: Temnothorax_ambiguus_P015 → Temnothorax_ambiguus
  KEEP: Temnothorax_longispinosus_P039 → Temnothorax_longispinosus
  KEEP: Temnothorax_eg01_P119 → Temnothorax_eg
  KEEP: Temnothorax_arimensis_cf_P046 → Temnothorax_arimensis
  KEEP: Temnothorax_kubira_P056 → Temnothorax_kubira
  KEEP: Temnothorax_rothneyi_P140 → Temnothorax_rothneyi
  KEEP: Temnothorax_ch01_P116 → Temnothorax_ch
  KEEP: Temnothorax_nassanowi_cf_P125 → Temnothorax_nassanowi
  KEEP: Temnothorax_spinosior_P038 → Temnothorax_spinosior
  KEEP: Temnothorax_nylanderi_P025 → Temnothorax_nylanderi
  KEEP: Temnothorax_congruus_P057 → Temnothorax_congruus
  KEEP: Temnothorax_exilis_P120 → Temnothorax_exilis
  KEEP: Temnothorax_nigriceps_P126 → Temnothorax_nigriceps
  KEEP: Temnothorax_unifasciatus_P027 → Temnothorax_unifasciatus
  KEEP: Temnothorax_interruptus_P023 → Temnothorax_interruptus
  KEEP: Temnothorax_turcicus_P022 → Temnothorax_turcicus
  KEEP: Temnothorax_gredosi_P097 → Temnothorax_gredosi
  KEEP: Temnothorax_cagnianti_P042 → Temnothorax_cagnianti
  KEEP: Temnothorax_recedens_P014 → Temnothorax_recedens
  KEEP: Temnothorax_ibericus_P045 → Temnothorax_ibericus
  KEEP: Temnothorax_algiricus_trabutii_P044 → Temnothorax_algiricus
  KEEP: Temnothorax_angustulus_P114 → Temnothorax_angustulus
  KEEP: Temnothorax_flavicornis_P121 → Temnothorax_flavicornis
  KEEP: Temnothorax_kutteri_P012 → Temnothorax_kutteri
  KEEP: Temnothorax_muellerianus_P104 → Temnothorax_muellerianus
  KEEP: Temnothorax_semenovi_P093 → Temnothorax_semenovi
  KEEP: Temnothorax_blascoi_P043 → Temnothorax_blascoi
  KEEP: Temnothorax_at01_P100 → Temnothorax_at
  KEEP: Temnothorax_mpala_P010 → Temnothorax_mpala
Non-target genera were not modified or dropped at this step.

┌──────────────────────────────────┐
│ Species de-duplication (ingroup) │
└──────────────────────────────────┘
Detected 6 ingroup species with duplicate tips.
Species Temnothorax_andrei: monophyletic; retain Temnothorax_andrei (min crown depth -0.011530); drop 0 duplicate(s).
Species Temnothorax_fuscatus: monophyletic; retain Temnothorax_fuscatus (min crown depth -0.006027); drop 0 duplicate(s).
Species Temnothorax_mmp: non-monophyletic; retain Temnothorax_mmp (min total patristic distance 0.000000); drop 0 duplicate(s).
Species Temnothorax_obturator: monophyletic; retain Temnothorax_obturator (min crown depth -0.019127); drop 0 duplicate(s).
Species Temnothorax_striatulus: non-monophyletic; retain Temnothorax_striatulus (min total patristic distance 0.000000); drop 0 duplicate(s).
Species Temnothorax_whitfordi: non-monophyletic; retain Temnothorax_whitfordi (min total patristic distance 0.000000); drop 0 duplicate(s).

┌──────────────────────────┐
│ Genus tip identification │
└──────────────────────────┘
Ingroup tips available after cleaning & de-duplication: 103
Genus monophyly: TRUE
Genus MRCA node: 130

┌─────────────────────┐
│ Retained genus tips │
└─────────────────────┘
  KEEP: Temnothorax_algiricus
  KEEP: Temnothorax_allardycei
  KEEP: Temnothorax_ambiguus
  KEEP: Temnothorax_americanus
  KEEP: Temnothorax_andrei
  KEEP: Temnothorax_andrei
  KEEP: Temnothorax_andrei
  KEEP: Temnothorax_angustulus
  KEEP: Temnothorax_arimensis
  KEEP: Temnothorax_at
  KEEP: Temnothorax_augusti
  KEEP: Temnothorax_aztecus
  KEEP: Temnothorax_bca
  KEEP: Temnothorax_bernardi
  KEEP: Temnothorax_bicolor
  KEEP: Temnothorax_blascoi
  KEEP: Temnothorax_cabrerae
  KEEP: Temnothorax_cagnianti
  KEEP: Temnothorax_carinatus
  KEEP: Temnothorax_ch
  KEEP: Temnothorax_clypeatus
  KEEP: Temnothorax_congruus
  KEEP: Temnothorax_corticalis
  KEEP: Temnothorax_creolus
  KEEP: Temnothorax_cristinae
  KEEP: Temnothorax_curvispinosus
  KEEP: Temnothorax_dr
  KEEP: Temnothorax_eg
  KEEP: Temnothorax_emmae
  KEEP: Temnothorax_exilis
  KEEP: Temnothorax_flavicornis
  KEEP: Temnothorax_flavispinus
  KEEP: Temnothorax_formosus
  KEEP: Temnothorax_fuscatus
  KEEP: Temnothorax_fuscatus
  KEEP: Temnothorax_gallae
  KEEP: Temnothorax_gredosi
  KEEP: Temnothorax_gundlachi
  KEEP: Temnothorax_ibericus
  KEEP: Temnothorax_interruptus
  KEEP: Temnothorax_ixili
  KEEP: Temnothorax_kubira
  KEEP: Temnothorax_kutteri
  KEEP: Temnothorax_laetus
  KEEP: Temnothorax_longispinosus
  KEEP: Temnothorax_mmp
  KEEP: Temnothorax_mmp
  KEEP: Temnothorax_mmp
  KEEP: Temnothorax_mmp
  KEEP: Temnothorax_mmp
  KEEP: Temnothorax_mmp
  KEEP: Temnothorax_mmp
  KEEP: Temnothorax_mmp
  KEEP: Temnothorax_mmp
  KEEP: Temnothorax_mmp
  KEEP: Temnothorax_mmp
  KEEP: Temnothorax_morongo
  KEEP: Temnothorax_mpala
  KEEP: Temnothorax_muellerianus
  KEEP: Temnothorax_nassanowi
  KEEP: Temnothorax_neomexicanus
  KEEP: Temnothorax_nevadensis
  KEEP: Temnothorax_nigriceps
  KEEP: Temnothorax_nitens
  KEEP: Temnothorax_nylanderi
  KEEP: Temnothorax_obliquicanthus
  KEEP: Temnothorax_obturator
  KEEP: Temnothorax_obturator
  KEEP: Temnothorax_oxianus
  KEEP: Temnothorax_oxynodis
  KEEP: Temnothorax_paiute
  KEEP: Temnothorax_pastinifer
  KEEP: Temnothorax_peninsularis
  KEEP: Temnothorax_pergandei
  KEEP: Temnothorax_poeyi
  KEEP: Temnothorax_punctaticeps
  KEEP: Temnothorax_punctithorax
  KEEP: Temnothorax_purpuratus
  KEEP: Temnothorax_ravouxi
  KEEP: Temnothorax_recedens
  KEEP: Temnothorax_rothneyi
  KEEP: Temnothorax_rugatulus
  KEEP: Temnothorax_rugithorax
  KEEP: Temnothorax_sallei
  KEEP: Temnothorax_salvini
  KEEP: Temnothorax_schaumii
  KEEP: Temnothorax_semenovi
  KEEP: Temnothorax_semiruber
  KEEP: Temnothorax_smithi
  KEEP: Temnothorax_spinosior
  KEEP: Temnothorax_splendens
  KEEP: Temnothorax_stenotyle
  KEEP: Temnothorax_striatulus
  KEEP: Temnothorax_striatulus
  KEEP: Temnothorax_subditivus
  KEEP: Temnothorax_terricola
  KEEP: Temnothorax_torrei
  KEEP: Temnothorax_tricarinatus
  KEEP: Temnothorax_turcicus
  KEEP: Temnothorax_tuscaloosae
  KEEP: Temnothorax_unifasciatus
  KEEP: Temnothorax_whitfordi
  KEEP: Temnothorax_whitfordi
Total retained genus tips: 103

┌────────────────────┐
│ Outgroup selection │
└────────────────────┘
Selected outgroup: Harpagoxenus_sublaevis_D1116 (min distance 0.122924).

┌──────────┐
│ Output │
└──────────┘
Wrote tree: ./Temnothorax_with_outgroup.tre
Outgroup in output: Harpagoxenus_sublaevis_D1116
Genus tips in output: 88
