=== Genus extraction log: Bothroponera | 2026-04-12 19:04:32 ===

┌──────────┐
│ Settings │
└──────────┘
resolve_polytomies: FALSE
force_positive_lengths: FALSE
clean: genus_species
nonmono: prune_extras
outgroup: sister_one
seed: 42

┌──────────┐
│ Input │
└──────────┘
tips_in: 1170
Ingroup (genus=Bothroponera) identified: 28 tips
Genus monophyly: FALSE
Pruned non-genus tips inside MRCA (prune_extras).
Outgroup (sister_one): Mesoponera_subiridescens_EX2364_CASENT0619018 (min distance=0.097848)

┌──────────┐
│ Output │
└──────────┘
ingroup_out: 23
tips_out (final tree): 24
Wrote tree: /home/marek/ant-megatree/working_code/package/project/published/ponerinae/extracted_genera/Bothroponera/extract_Bothroponera_20260412-190432_with_outgroup.tre
Wrote renames TSV: /home/marek/ant-megatree/working_code/package/project/published/ponerinae/extracted_genera/Bothroponera/extract_Bothroponera_20260412-190432_renamed.tsv
