=== Genus extraction log: clade | 2026-04-04 16:42:32 ===

┌──────────┐
│ Settings │
└──────────┘
resolve_polytomies: TRUE
force_positive_lengths: TRUE
clean: none
nonmono: prune_extras
outgroup: sister_one
seed: 42

┌──────────┐
│ Input │
└──────────┘
tips_in: 450
Preprocess: polytomies=TRUE, positive_lengths=TRUE
Ingroup (MRCA of anchors) size: 449
Outgroup (sister_one): Cephalotes_setulifer_CASENT0283451 (min distance=114.413954)

┌──────────┐
│ Output │
└──────────┘
ingroup_out: 449
tips_out (final tree): 450
Wrote tree: /home/marek/ant-megatree/working_code/package/project/published/pheidole/economo2019/extract_mrca_Pheidole_fimbriata_CASENT0283061-Pheidole_allarmata_CASENT0283450_20260404-164232_with_outgroup.tre
