=== Genus extraction log: Camponotus | 2026-04-10 12:30:25 ===

┌──────────┐
│ Settings │
└──────────┘
resolve_polytomies: FALSE
force_positive_lengths: FALSE
clean: genus_species
nonmono: prune_extras
outgroup: sister_one
seed: 42

┌──────────┐
│ Input │
└──────────┘
tips_in: 221
Ingroup (genus=Camponotus) identified: 110 tips
Genus monophyly: TRUE
Outgroup (sister_one): Echinopla_australis_D0540 (min distance=0.389496)

┌──────────┐
│ Output │
└──────────┘
ingroup_out: 110
tips_out (final tree): 111
Wrote tree: /home/marek/ant-megatree/working_code/package/project/published/camponotini/ward2025/extracted_genera/Camponotus/extract_Camponotus_20260410-123025_with_outgroup.tre
Wrote renames TSV: /home/marek/ant-megatree/working_code/package/project/published/camponotini/ward2025/extracted_genera/Camponotus/extract_Camponotus_20260410-123025_renamed.tsv
