=== Genus extraction log: Simopone | 2026-04-10 12:46:21 ===

┌──────────┐
│ Settings │
└──────────┘
resolve_polytomies: FALSE
force_positive_lengths: FALSE
clean: genus_species
nonmono: prune_extras
outgroup: sister_one
seed: 42

┌──────────┐
│ Input │
└──────────┘
tips_in: 154
Ingroup (genus=Simopone) identified: 7 tips
Genus monophyly: TRUE
Outgroup (sister_one): Tanipone_zona_M182 (min distance=126.391570)

┌──────────┐
│ Output │
└──────────┘
ingroup_out: 7
tips_out (final tree): 8
Wrote tree: /home/marek/ant-megatree/working_code/package/project/published/dorylinae/extracted_genera/Simopone/extract_Simopone_20260410-124621_with_outgroup.tre
Wrote renames TSV: /home/marek/ant-megatree/working_code/package/project/published/dorylinae/extracted_genera/Simopone/extract_Simopone_20260410-124621_renamed.tsv
