=== Genus extraction log: clade | 2026-04-13 13:31:41 ===

┌──────────┐
│ Settings │
└──────────┘
resolve_polytomies: TRUE
force_positive_lengths: TRUE
clean: none
nonmono: prune_extras
outgroup: sister_one
seed: 42

┌──────────┐
│ Input │
└──────────┘
tips_in: 47
Preprocess: polytomies=TRUE, positive_lengths=TRUE
Ingroup (MRCA of anchors) size: 40
Outgroup (sister_one): Octostruma_petiolata_OPMG1 (min distance=0.065309)

┌──────────┐
│ Output │
└──────────┘
ingroup_out: 40
tips_out (final tree): 41
Wrote tree: /home/marek/ant-megatree/working_code/package/project/published/basiceros/probst2019/extract_mrca_Basiceros_convexiceps_BCOBA1-Basiceros_disciger_BDISP10_20260413-133141_with_outgroup.tre
