=== Genus extraction log: Leptogenys | 2026-04-12 19:04:34 ===

┌──────────┐
│ Settings │
└──────────┘
resolve_polytomies: FALSE
force_positive_lengths: FALSE
clean: genus_species
nonmono: prune_extras
outgroup: sister_one
seed: 42

┌──────────┐
│ Input │
└──────────┘
tips_in: 1170
Ingroup (genus=Leptogenys) identified: 226 tips
Genus monophyly: TRUE
Outgroup (sister_one): Myopias_my05_EX2994_CASENT0386216 (min distance=0.115005)

┌──────────┐
│ Output │
└──────────┘
ingroup_out: 226
tips_out (final tree): 168
Wrote tree: /home/marek/ant-megatree/working_code/package/project/published/ponerinae/extracted_genera/Leptogenys/extract_Leptogenys_20260412-190434_with_outgroup.tre
Wrote renames TSV: /home/marek/ant-megatree/working_code/package/project/published/ponerinae/extracted_genera/Leptogenys/extract_Leptogenys_20260412-190434_renamed.tsv
