> install.packages(c(
  "devtools",
  "ape",
  "phytools",
  "here"
))
Installing packages into ‘/home/marek/R/x86_64-pc-linux-gnu-library/4.1’
(as ‘lib’ is unspecified)
also installing the dependencies ‘Rcpp’, ‘askpass’, ‘credentials’, ‘sys’, ‘zip’, ‘ini’, ‘fastmap’, ‘httpuv’, ‘later’, ‘mime’, ‘otel’, ‘promises’, ‘sourcetools’, ‘xtable’, ‘base64enc’, ‘jquerylib’, ‘sass’, ‘systemfonts’, ‘textshaping’, ‘tinytex’, ‘xfun’, ‘highr’, ‘diffobj’, ‘clipr’, ‘crayon’, ‘curl’, ‘gert’, ‘gh’, ‘jsonlite’, ‘purrr’, ‘rappdirs’, ‘rstudioapi’, ‘whisker’, ‘yaml’, ‘cachem’, ‘shiny’, ‘htmltools’, ‘callr’, ‘processx’, ‘bslib’, ‘downlit’, ‘fontawesome’, ‘httr2’, ‘openssl’, ‘ragg’, ‘rmarkdown’, ‘xml2’, ‘htmlwidgets’, ‘prettyunits’, ‘xopen’, ‘brew’, ‘commonmark’, ‘knitr’, ‘brio’, ‘evaluate’, ‘praise’, ‘ps’, ‘R6’, ‘waldo’, ‘gitcreds’, ‘usethis’, ‘cli’, ‘desc’, ‘ellipsis’, ‘fs’, ‘lifecycle’, ‘memoise’, ‘miniUI’, ‘pak’, ‘pkgbuild’, ‘pkgdown’, ‘pkgload’, ‘profvis’, ‘rcmdcheck’, ‘rlang’, ‘roxygen2’, ‘rversions’, ‘sessioninfo’, ‘testthat’, ‘urlchecker’, ‘withr’, ‘DEoptim’, ‘rprojroot’

trying URL 'https://cloud.r-project.org/src/contrib/Rcpp_1.1.2.tar.gz'
Content type 'application/x-gzip' length 1892159 bytes (1.8 MB)
==================================================
downloaded 1.8 MB

trying URL 'https://cloud.r-project.org/src/contrib/askpass_1.2.1.tar.gz'
Content type 'application/x-gzip' length 6058 bytes
==================================================
downloaded 6058 bytes

trying URL 'https://cloud.r-project.org/src/contrib/credentials_2.0.3.tar.gz'
Content type 'application/x-gzip' length 283143 bytes (276 KB)
==================================================
downloaded 276 KB

trying URL 'https://cloud.r-project.org/src/contrib/sys_3.4.3.tar.gz'
Content type 'application/x-gzip' length 19936 bytes (19 KB)
==================================================
downloaded 19 KB

trying URL 'https://cloud.r-project.org/src/contrib/zip_3.0.0.tar.gz'
Content type 'application/x-gzip' length 443819 bytes (433 KB)
==================================================
downloaded 433 KB

trying URL 'https://cloud.r-project.org/src/contrib/ini_0.3.1.tar.gz'
Content type 'application/x-gzip' length 3488 bytes
==================================================
downloaded 3488 bytes

trying URL 'https://cloud.r-project.org/src/contrib/fastmap_1.2.0.tar.gz'
Content type 'application/x-gzip' length 46710 bytes (45 KB)
==================================================
downloaded 45 KB

trying URL 'https://cloud.r-project.org/src/contrib/httpuv_1.6.17.tar.gz'
Content type 'application/x-gzip' length 1892489 bytes (1.8 MB)
==================================================
downloaded 1.8 MB

trying URL 'https://cloud.r-project.org/src/contrib/later_1.4.8.tar.gz'
Content type 'application/x-gzip' length 70250 bytes (68 KB)
==================================================
downloaded 68 KB

trying URL 'https://cloud.r-project.org/src/contrib/mime_0.13.tar.gz'
Content type 'application/x-gzip' length 21950 bytes (21 KB)
==================================================
downloaded 21 KB

trying URL 'https://cloud.r-project.org/src/contrib/otel_0.2.0.tar.gz'
Content type 'application/x-gzip' length 72585 bytes (70 KB)
==================================================
downloaded 70 KB

trying URL 'https://cloud.r-project.org/src/contrib/promises_1.5.0.tar.gz'
Content type 'application/x-gzip' length 3210294 bytes (3.1 MB)
==================================================
downloaded 3.1 MB

trying URL 'https://cloud.r-project.org/src/contrib/sourcetools_0.1.7-2.tar.gz'
Content type 'application/x-gzip' length 24542 bytes (23 KB)
==================================================
downloaded 23 KB

trying URL 'https://cloud.r-project.org/src/contrib/xtable_1.8-8.tar.gz'
Content type 'application/x-gzip' length 618708 bytes (604 KB)
==================================================
downloaded 604 KB

trying URL 'https://cloud.r-project.org/src/contrib/base64enc_0.1-6.tar.gz'
Content type 'application/x-gzip' length 9418 bytes
==================================================
downloaded 9418 bytes

trying URL 'https://cloud.r-project.org/src/contrib/jquerylib_0.1.4.tar.gz'
Content type 'application/x-gzip' length 520207 bytes (508 KB)
==================================================
downloaded 508 KB

trying URL 'https://cloud.r-project.org/src/contrib/sass_0.4.10.tar.gz'
Content type 'application/x-gzip' length 3025163 bytes (2.9 MB)
==================================================
downloaded 2.9 MB

trying URL 'https://cloud.r-project.org/src/contrib/systemfonts_1.3.2.tar.gz'
Content type 'application/x-gzip' length 594775 bytes (580 KB)
==================================================
downloaded 580 KB

trying URL 'https://cloud.r-project.org/src/contrib/textshaping_1.0.5.tar.gz'
Content type 'application/x-gzip' length 77066 bytes (75 KB)
==================================================
downloaded 75 KB

trying URL 'https://cloud.r-project.org/src/contrib/tinytex_0.60.tar.gz'
Content type 'application/x-gzip' length 37680 bytes (36 KB)
==================================================
downloaded 36 KB

trying URL 'https://cloud.r-project.org/src/contrib/xfun_0.59.tar.gz'
Content type 'application/x-gzip' length 200973 bytes (196 KB)
==================================================
downloaded 196 KB

trying URL 'https://cloud.r-project.org/src/contrib/highr_0.12.tar.gz'
Content type 'application/x-gzip' length 13622 bytes (13 KB)
==================================================
downloaded 13 KB

trying URL 'https://cloud.r-project.org/src/contrib/diffobj_0.3.6.tar.gz'
Content type 'application/x-gzip' length 472960 bytes (461 KB)
==================================================
downloaded 461 KB

trying URL 'https://cloud.r-project.org/src/contrib/clipr_0.8.1.tar.gz'
Content type 'application/x-gzip' length 20835 bytes (20 KB)
==================================================
downloaded 20 KB

trying URL 'https://cloud.r-project.org/src/contrib/crayon_1.5.3.tar.gz'
Content type 'application/x-gzip' length 40396 bytes (39 KB)
==================================================
downloaded 39 KB

trying URL 'https://cloud.r-project.org/src/contrib/curl_7.1.0.tar.gz'
Content type 'application/x-gzip' length 717725 bytes (700 KB)
==================================================
downloaded 700 KB

trying URL 'https://cloud.r-project.org/src/contrib/gert_2.3.1.tar.gz'
Content type 'application/x-gzip' length 130066 bytes (127 KB)
==================================================
downloaded 127 KB

trying URL 'https://cloud.r-project.org/src/contrib/gh_1.6.0.tar.gz'
Content type 'application/x-gzip' length 63418 bytes (61 KB)
==================================================
downloaded 61 KB

trying URL 'https://cloud.r-project.org/src/contrib/jsonlite_2.0.0.tar.gz'
Content type 'application/x-gzip' length 1055849 bytes (1.0 MB)
==================================================
downloaded 1.0 MB

trying URL 'https://cloud.r-project.org/src/contrib/purrr_1.2.2.tar.gz'
Content type 'application/x-gzip' length 278508 bytes (271 KB)
==================================================
downloaded 271 KB

trying URL 'https://cloud.r-project.org/src/contrib/rappdirs_0.3.4.tar.gz'
Content type 'application/x-gzip' length 11763 bytes (11 KB)
==================================================
downloaded 11 KB

trying URL 'https://cloud.r-project.org/src/contrib/rstudioapi_0.19.0.tar.gz'
Content type 'application/x-gzip' length 130807 bytes (127 KB)
==================================================
downloaded 127 KB

trying URL 'https://cloud.r-project.org/src/contrib/whisker_0.4.1.tar.gz'
Content type 'application/x-gzip' length 28586 bytes (27 KB)
==================================================
downloaded 27 KB

trying URL 'https://cloud.r-project.org/src/contrib/yaml_2.3.12.tar.gz'
Content type 'application/x-gzip' length 108975 bytes (106 KB)
==================================================
downloaded 106 KB

trying URL 'https://cloud.r-project.org/src/contrib/cachem_1.1.0.tar.gz'
Content type 'application/x-gzip' length 27192 bytes (26 KB)
==================================================
downloaded 26 KB

trying URL 'https://cloud.r-project.org/src/contrib/shiny_1.14.0.tar.gz'
Content type 'application/x-gzip' length 2739936 bytes (2.6 MB)
==================================================
downloaded 2.6 MB

trying URL 'https://cloud.r-project.org/src/contrib/htmltools_0.5.9.tar.gz'
Content type 'application/x-gzip' length 135206 bytes (132 KB)
==================================================
downloaded 132 KB

trying URL 'https://cloud.r-project.org/src/contrib/callr_3.8.0.tar.gz'
Content type 'application/x-gzip' length 113258 bytes (110 KB)
==================================================
downloaded 110 KB

trying URL 'https://cloud.r-project.org/src/contrib/processx_3.9.0.tar.gz'
Content type 'application/x-gzip' length 195281 bytes (190 KB)
==================================================
downloaded 190 KB

trying URL 'https://cloud.r-project.org/src/contrib/bslib_0.11.0.tar.gz'
Content type 'application/x-gzip' length 5829248 bytes (5.6 MB)
==================================================
downloaded 5.6 MB

trying URL 'https://cloud.r-project.org/src/contrib/downlit_0.4.5.tar.gz'
Content type 'application/x-gzip' length 37263 bytes (36 KB)
==================================================
downloaded 36 KB

trying URL 'https://cloud.r-project.org/src/contrib/fontawesome_0.5.3.tar.gz'
Content type 'application/x-gzip' length 1320479 bytes (1.3 MB)
==================================================
downloaded 1.3 MB

trying URL 'https://cloud.r-project.org/src/contrib/httr2_1.2.3.tar.gz'
Content type 'application/x-gzip' length 298716 bytes (291 KB)
==================================================
downloaded 291 KB

trying URL 'https://cloud.r-project.org/src/contrib/openssl_2.4.2.tar.gz'
Content type 'application/x-gzip' length 1177207 bytes (1.1 MB)
==================================================
downloaded 1.1 MB

trying URL 'https://cloud.r-project.org/src/contrib/ragg_1.5.2.tar.gz'
Content type 'application/x-gzip' length 438353 bytes (428 KB)
==================================================
downloaded 428 KB

trying URL 'https://cloud.r-project.org/src/contrib/rmarkdown_2.31.tar.gz'
Content type 'application/x-gzip' length 2199845 bytes (2.1 MB)
==================================================
downloaded 2.1 MB

trying URL 'https://cloud.r-project.org/src/contrib/xml2_1.6.0.tar.gz'
Content type 'application/x-gzip' length 155466 bytes (151 KB)
==================================================
downloaded 151 KB

trying URL 'https://cloud.r-project.org/src/contrib/htmlwidgets_1.6.4.tar.gz'
Content type 'application/x-gzip' length 868895 bytes (848 KB)
==================================================
downloaded 848 KB

trying URL 'https://cloud.r-project.org/src/contrib/prettyunits_1.2.0.tar.gz'
Content type 'application/x-gzip' length 97496 bytes (95 KB)
==================================================
downloaded 95 KB

trying URL 'https://cloud.r-project.org/src/contrib/xopen_1.0.1.tar.gz'
Content type 'application/x-gzip' length 11855 bytes (11 KB)
==================================================
downloaded 11 KB

trying URL 'https://cloud.r-project.org/src/contrib/brew_1.0-10.tar.gz'
Content type 'application/x-gzip' length 71087 bytes (69 KB)
==================================================
downloaded 69 KB

trying URL 'https://cloud.r-project.org/src/contrib/commonmark_2.0.0.tar.gz'
Content type 'application/x-gzip' length 147234 bytes (143 KB)
==================================================
downloaded 143 KB

trying URL 'https://cloud.r-project.org/src/contrib/knitr_1.51.tar.gz'
Content type 'application/x-gzip' length 483744 bytes (472 KB)
==================================================
downloaded 472 KB

trying URL 'https://cloud.r-project.org/src/contrib/brio_1.1.5.tar.gz'
Content type 'application/x-gzip' length 13172 bytes (12 KB)
==================================================
downloaded 12 KB

trying URL 'https://cloud.r-project.org/src/contrib/evaluate_1.0.5.tar.gz'
Content type 'application/x-gzip' length 39322 bytes (38 KB)
==================================================
downloaded 38 KB

trying URL 'https://cloud.r-project.org/src/contrib/praise_1.0.0.tar.gz'
Content type 'application/x-gzip' length 6100 bytes
==================================================
downloaded 6100 bytes

trying URL 'https://cloud.r-project.org/src/contrib/ps_1.9.3.tar.gz'
Content type 'application/x-gzip' length 172432 bytes (168 KB)
==================================================
downloaded 168 KB

trying URL 'https://cloud.r-project.org/src/contrib/R6_2.6.1.tar.gz'
Content type 'application/x-gzip' length 64507 bytes (62 KB)
==================================================
downloaded 62 KB

trying URL 'https://cloud.r-project.org/src/contrib/waldo_0.6.2.tar.gz'
Content type 'application/x-gzip' length 45913 bytes (44 KB)
==================================================
downloaded 44 KB

trying URL 'https://cloud.r-project.org/src/contrib/gitcreds_0.1.2.tar.gz'
Content type 'application/x-gzip' length 62569 bytes (61 KB)
==================================================
downloaded 61 KB

trying URL 'https://cloud.r-project.org/src/contrib/usethis_3.2.1.tar.gz'
Content type 'application/x-gzip' length 393912 bytes (384 KB)
==================================================
downloaded 384 KB

trying URL 'https://cloud.r-project.org/src/contrib/cli_3.6.6.tar.gz'
Content type 'application/x-gzip' length 644134 bytes (629 KB)
==================================================
downloaded 629 KB

trying URL 'https://cloud.r-project.org/src/contrib/desc_1.4.3.tar.gz'
Content type 'application/x-gzip' length 80066 bytes (78 KB)
==================================================
downloaded 78 KB

trying URL 'https://cloud.r-project.org/src/contrib/ellipsis_0.3.3.tar.gz'
Content type 'application/x-gzip' length 5849 bytes
==================================================
downloaded 5849 bytes

trying URL 'https://cloud.r-project.org/src/contrib/fs_2.1.0.tar.gz'
Content type 'application/x-gzip' length 1471347 bytes (1.4 MB)
==================================================
downloaded 1.4 MB

trying URL 'https://cloud.r-project.org/src/contrib/lifecycle_1.0.5.tar.gz'
Content type 'application/x-gzip' length 107137 bytes (104 KB)
==================================================
downloaded 104 KB

trying URL 'https://cloud.r-project.org/src/contrib/memoise_2.0.1.tar.gz'
Content type 'application/x-gzip' length 17852 bytes (17 KB)
==================================================
downloaded 17 KB

trying URL 'https://cloud.r-project.org/src/contrib/miniUI_0.1.2.tar.gz'
Content type 'application/x-gzip' length 100855 bytes (98 KB)
==================================================
downloaded 98 KB

trying URL 'https://cloud.r-project.org/src/contrib/pak_0.10.0.tar.gz'
Content type 'application/x-gzip' length 3607459 bytes (3.4 MB)
==================================================
downloaded 3.4 MB

trying URL 'https://cloud.r-project.org/src/contrib/pkgbuild_1.4.8.tar.gz'
Content type 'application/x-gzip' length 51302 bytes (50 KB)
==================================================
downloaded 50 KB

trying URL 'https://cloud.r-project.org/src/contrib/pkgdown_2.2.1.tar.gz'
Content type 'application/x-gzip' length 1281928 bytes (1.2 MB)
==================================================
downloaded 1.2 MB

trying URL 'https://cloud.r-project.org/src/contrib/pkgload_1.5.3.tar.gz'
Content type 'application/x-gzip' length 89069 bytes (86 KB)
==================================================
downloaded 86 KB

trying URL 'https://cloud.r-project.org/src/contrib/profvis_0.4.0.tar.gz'
Content type 'application/x-gzip' length 301123 bytes (294 KB)
==================================================
downloaded 294 KB

trying URL 'https://cloud.r-project.org/src/contrib/rcmdcheck_1.4.0.tar.gz'
Content type 'application/x-gzip' length 73522 bytes (71 KB)
==================================================
downloaded 71 KB

trying URL 'https://cloud.r-project.org/src/contrib/rlang_1.3.0.tar.gz'
Content type 'application/x-gzip' length 784080 bytes (765 KB)
==================================================
downloaded 765 KB

trying URL 'https://cloud.r-project.org/src/contrib/roxygen2_8.0.0.tar.gz'
Content type 'application/x-gzip' length 370877 bytes (362 KB)
==================================================
downloaded 362 KB

trying URL 'https://cloud.r-project.org/src/contrib/rversions_3.0.0.tar.gz'
Content type 'application/x-gzip' length 86682 bytes (84 KB)
==================================================
downloaded 84 KB

trying URL 'https://cloud.r-project.org/src/contrib/sessioninfo_1.2.4.tar.gz'
Content type 'application/x-gzip' length 175856 bytes (171 KB)
==================================================
downloaded 171 KB

trying URL 'https://cloud.r-project.org/src/contrib/testthat_3.3.2.tar.gz'
Content type 'application/x-gzip' length 834043 bytes (814 KB)
==================================================
downloaded 814 KB

trying URL 'https://cloud.r-project.org/src/contrib/urlchecker_2.0.0.tar.gz'
Content type 'application/x-gzip' length 39024 bytes (38 KB)
==================================================
downloaded 38 KB

trying URL 'https://cloud.r-project.org/src/contrib/withr_3.0.3.tar.gz'
Content type 'application/x-gzip' length 103968 bytes (101 KB)
==================================================
downloaded 101 KB

trying URL 'https://cloud.r-project.org/src/contrib/DEoptim_2.2-8.tar.gz'
Content type 'application/x-gzip' length 65921 bytes (64 KB)
==================================================
downloaded 64 KB

trying URL 'https://cloud.r-project.org/src/contrib/rprojroot_2.1.1.tar.gz'
Content type 'application/x-gzip' length 59899 bytes (58 KB)
==================================================
downloaded 58 KB

trying URL 'https://cloud.r-project.org/src/contrib/devtools_2.5.2.tar.gz'
Content type 'application/x-gzip' length 412614 bytes (402 KB)
==================================================
downloaded 402 KB

trying URL 'https://cloud.r-project.org/src/contrib/ape_5.8-1.tar.gz'
Content type 'application/x-gzip' length 1424541 bytes (1.4 MB)
==================================================
downloaded 1.4 MB

trying URL 'https://cloud.r-project.org/src/contrib/phytools_2.5-2.tar.gz'
Content type 'application/x-gzip' length 521658 bytes (509 KB)
==================================================
downloaded 509 KB

trying URL 'https://cloud.r-project.org/src/contrib/here_1.0.2.tar.gz'
Content type 'application/x-gzip' length 33212 bytes (32 KB)
==================================================
downloaded 32 KB

* installing *source* package ‘Rcpp’ ...
** package ‘Rcpp’ successfully unpacked and MD5 sums checked
** using staged installation
** libs
g++ -std=gnu++14 -I"/usr/share/R/include" -DNDEBUG -I../inst/include/     -fpic  -g -O2 -ffile-prefix-map=/build/r-base-4A2Reg/r-base-4.1.2=. -fstack-protector-strong -Wformat -Werror=format-security -Wdate-time -D_FORTIFY_SOURCE=2 -g  -c api.cpp -o api.o
g++ -std=gnu++14 -I"/usr/share/R/include" -DNDEBUG -I../inst/include/     -fpic  -g -O2 -ffile-prefix-map=/build/r-base-4A2Reg/r-base-4.1.2=. -fstack-protector-strong -Wformat -Werror=format-security -Wdate-time -D_FORTIFY_SOURCE=2 -g  -c attributes.cpp -o attributes.o
g++ -std=gnu++14 -I"/usr/share/R/include" -DNDEBUG -I../inst/include/     -fpic  -g -O2 -ffile-prefix-map=/build/r-base-4A2Reg/r-base-4.1.2=. -fstack-protector-strong -Wformat -Werror=format-security -Wdate-time -D_FORTIFY_SOURCE=2 -g  -c barrier.cpp -o barrier.o
g++ -std=gnu++14 -I"/usr/share/R/include" -DNDEBUG -I../inst/include/     -fpic  -g -O2 -ffile-prefix-map=/build/r-base-4A2Reg/r-base-4.1.2=. -fstack-protector-strong -Wformat -Werror=format-security -Wdate-time -D_FORTIFY_SOURCE=2 -g  -c date.cpp -o date.o
g++ -std=gnu++14 -I"/usr/share/R/include" -DNDEBUG -I../inst/include/     -fpic  -g -O2 -ffile-prefix-map=/build/r-base-4A2Reg/r-base-4.1.2=. -fstack-protector-strong -Wformat -Werror=format-security -Wdate-time -D_FORTIFY_SOURCE=2 -g  -c module.cpp -o module.o
g++ -std=gnu++14 -I"/usr/share/R/include" -DNDEBUG -I../inst/include/     -fpic  -g -O2 -ffile-prefix-map=/build/r-base-4A2Reg/r-base-4.1.2=. -fstack-protector-strong -Wformat -Werror=format-security -Wdate-time -D_FORTIFY_SOURCE=2 -g  -c rcpp_init.cpp -o rcpp_init.o
g++ -std=gnu++14 -shared -L/usr/lib/R/lib -Wl,-Bsymbolic-functions -flto=auto -ffat-lto-objects -flto=auto -Wl,-z,relro -o Rcpp.so api.o attributes.o barrier.o date.o module.o rcpp_init.o -L/usr/lib/R/lib -lR
installing to /home/marek/R/x86_64-pc-linux-gnu-library/4.1/00LOCK-Rcpp/00new/Rcpp/libs
** R
** inst
** byte-compile and prepare package for lazy loading
** help
*** installing help indices
** building package indices
** installing vignettes
** testing if installed package can be loaded from temporary location
** checking absolute paths in shared objects and dynamic libraries
** testing if installed package can be loaded from final location
** testing if installed package keeps a record of temporary installation path
* DONE (Rcpp)
* installing *source* package ‘sys’ ...
** package ‘sys’ successfully unpacked and MD5 sums checked
** using staged installation
** libs
gcc -I"/usr/share/R/include" -DNDEBUG      -fpic  -g -O2 -ffile-prefix-map=/build/r-base-4A2Reg/r-base-4.1.2=. -fstack-protector-strong -Wformat -Werror=format-security -Wdate-time -D_FORTIFY_SOURCE=2 -g  -c exec.c -o exec.o
gcc -I"/usr/share/R/include" -DNDEBUG      -fpic  -g -O2 -ffile-prefix-map=/build/r-base-4A2Reg/r-base-4.1.2=. -fstack-protector-strong -Wformat -Werror=format-security -Wdate-time -D_FORTIFY_SOURCE=2 -g  -c init.c -o init.o
gcc -shared -L/usr/lib/R/lib -Wl,-Bsymbolic-functions -flto=auto -ffat-lto-objects -flto=auto -Wl,-z,relro -o sys.so exec.o init.o -L/usr/lib/R/lib -lR
installing to /home/marek/R/x86_64-pc-linux-gnu-library/4.1/00LOCK-sys/00new/sys/libs
** R
** inst
** byte-compile and prepare package for lazy loading
** help
*** installing help indices
** building package indices
** testing if installed package can be loaded from temporary location
** checking absolute paths in shared objects and dynamic libraries
** testing if installed package can be loaded from final location
** testing if installed package keeps a record of temporary installation path
* DONE (sys)
* installing *source* package ‘ini’ ...
** package ‘ini’ successfully unpacked and MD5 sums checked
** using staged installation
** R
** byte-compile and prepare package for lazy loading
** help
*** installing help indices
** building package indices
** testing if installed package can be loaded from temporary location
** testing if installed package can be loaded from final location
** testing if installed package keeps a record of temporary installation path
* DONE (ini)
* installing *source* package ‘fastmap’ ...
** package ‘fastmap’ successfully unpacked and MD5 sums checked
** using staged installation
** libs
g++ -std=gnu++14 -I"/usr/share/R/include" -DNDEBUG -Ilib/    -DR_NO_REMAP -fpic  -g -O2 -ffile-prefix-map=/build/r-base-4A2Reg/r-base-4.1.2=. -fstack-protector-strong -Wformat -Werror=format-security -Wdate-time -D_FORTIFY_SOURCE=2 -g  -c fastmap.cpp -o fastmap.o
gcc -I"/usr/share/R/include" -DNDEBUG -Ilib/     -fpic  -g -O2 -ffile-prefix-map=/build/r-base-4A2Reg/r-base-4.1.2=. -fstack-protector-strong -Wformat -Werror=format-security -Wdate-time -D_FORTIFY_SOURCE=2 -g  -c init.c -o init.o
g++ -std=gnu++14 -shared -L/usr/lib/R/lib -Wl,-Bsymbolic-functions -flto=auto -ffat-lto-objects -flto=auto -Wl,-z,relro -o fastmap.so fastmap.o init.o -L/usr/lib/R/lib -lR
installing to /home/marek/R/x86_64-pc-linux-gnu-library/4.1/00LOCK-fastmap/00new/fastmap/libs
** R
** byte-compile and prepare package for lazy loading
** help
*** installing help indices
** building package indices
** testing if installed package can be loaded from temporary location
** checking absolute paths in shared objects and dynamic libraries
** testing if installed package can be loaded from final location
** testing if installed package keeps a record of temporary installation path
* DONE (fastmap)
* installing *source* package ‘mime’ ...
** package ‘mime’ successfully unpacked and MD5 sums checked
** using staged installation
** libs
gcc -I"/usr/share/R/include" -DNDEBUG      -fpic  -g -O2 -ffile-prefix-map=/build/r-base-4A2Reg/r-base-4.1.2=. -fstack-protector-strong -Wformat -Werror=format-security -Wdate-time -D_FORTIFY_SOURCE=2 -g  -c init.c -o init.o
gcc -I"/usr/share/R/include" -DNDEBUG      -fpic  -g -O2 -ffile-prefix-map=/build/r-base-4A2Reg/r-base-4.1.2=. -fstack-protector-strong -Wformat -Werror=format-security -Wdate-time -D_FORTIFY_SOURCE=2 -g  -c rawmatch.c -o rawmatch.o
gcc -shared -L/usr/lib/R/lib -Wl,-Bsymbolic-functions -flto=auto -ffat-lto-objects -flto=auto -Wl,-z,relro -o mime.so init.o rawmatch.o -L/usr/lib/R/lib -lR
installing to /home/marek/R/x86_64-pc-linux-gnu-library/4.1/00LOCK-mime/00new/mime/libs
** R
** inst
** byte-compile and prepare package for lazy loading
** help
*** installing help indices
** building package indices
** testing if installed package can be loaded from temporary location
** checking absolute paths in shared objects and dynamic libraries
** testing if installed package can be loaded from final location
** testing if installed package keeps a record of temporary installation path
* DONE (mime)
* installing *source* package ‘otel’ ...
** package ‘otel’ successfully unpacked and MD5 sums checked
** using staged installation
** R
** inst
** byte-compile and prepare package for lazy loading
** help
*** installing help indices
** building package indices
** testing if installed package can be loaded from temporary location
** testing if installed package can be loaded from final location
** testing if installed package keeps a record of temporary installation path
* DONE (otel)
* installing *source* package ‘sourcetools’ ...
** package ‘sourcetools’ successfully unpacked and MD5 sums checked
** using staged installation
** libs
g++ -std=gnu++14 -I"/usr/share/R/include" -DNDEBUG -I../inst/include     -fpic  -g -O2 -ffile-prefix-map=/build/r-base-4A2Reg/r-base-4.1.2=. -fstack-protector-strong -Wformat -Werror=format-security -Wdate-time -D_FORTIFY_SOURCE=2 -g  -c Reader.cpp -o Reader.o
g++ -std=gnu++14 -I"/usr/share/R/include" -DNDEBUG -I../inst/include     -fpic  -g -O2 -ffile-prefix-map=/build/r-base-4A2Reg/r-base-4.1.2=. -fstack-protector-strong -Wformat -Werror=format-security -Wdate-time -D_FORTIFY_SOURCE=2 -g  -c Tokenizer.cpp -o Tokenizer.o
gcc -I"/usr/share/R/include" -DNDEBUG -I../inst/include     -fpic  -g -O2 -ffile-prefix-map=/build/r-base-4A2Reg/r-base-4.1.2=. -fstack-protector-strong -Wformat -Werror=format-security -Wdate-time -D_FORTIFY_SOURCE=2 -g  -c sourcetools-init.c -o sourcetools-init.o
g++ -std=gnu++14 -shared -L/usr/lib/R/lib -Wl,-Bsymbolic-functions -flto=auto -ffat-lto-objects -flto=auto -Wl,-z,relro -o sourcetools.so Reader.o Tokenizer.o sourcetools-init.o -L/usr/lib/R/lib -lR
installing to /home/marek/R/x86_64-pc-linux-gnu-library/4.1/00LOCK-sourcetools/00new/sourcetools/libs
** R
** inst
** byte-compile and prepare package for lazy loading
** help
*** installing help indices
** building package indices
** testing if installed package can be loaded from temporary location
** checking absolute paths in shared objects and dynamic libraries
** testing if installed package can be loaded from final location
** testing if installed package keeps a record of temporary installation path
* DONE (sourcetools)
* installing *source* package ‘xtable’ ...
** package ‘xtable’ successfully unpacked and MD5 sums checked
** using staged installation
** R
** data
** inst
** byte-compile and prepare package for lazy loading
** help
*** installing help indices
** building package indices
** installing vignettes
** testing if installed package can be loaded from temporary location
** testing if installed package can be loaded from final location
** testing if installed package keeps a record of temporary installation path
* DONE (xtable)
* installing *source* package ‘base64enc’ ...
** package ‘base64enc’ successfully unpacked and MD5 sums checked
** using staged installation
** libs
gcc -I"/usr/share/R/include" -DNDEBUG      -fpic  -g -O2 -ffile-prefix-map=/build/r-base-4A2Reg/r-base-4.1.2=. -fstack-protector-strong -Wformat -Werror=format-security -Wdate-time -D_FORTIFY_SOURCE=2 -g  -c base64.c -o base64.o
gcc -I"/usr/share/R/include" -DNDEBUG      -fpic  -g -O2 -ffile-prefix-map=/build/r-base-4A2Reg/r-base-4.1.2=. -fstack-protector-strong -Wformat -Werror=format-security -Wdate-time -D_FORTIFY_SOURCE=2 -g  -c dummy.c -o dummy.o
gcc -I"/usr/share/R/include" -DNDEBUG      -fpic  -g -O2 -ffile-prefix-map=/build/r-base-4A2Reg/r-base-4.1.2=. -fstack-protector-strong -Wformat -Werror=format-security -Wdate-time -D_FORTIFY_SOURCE=2 -g  -c uriencode.c -o uriencode.o
gcc -I"/usr/share/R/include" -DNDEBUG      -fpic  -g -O2 -ffile-prefix-map=/build/r-base-4A2Reg/r-base-4.1.2=. -fstack-protector-strong -Wformat -Werror=format-security -Wdate-time -D_FORTIFY_SOURCE=2 -g  -c utf8.c -o utf8.o
gcc -shared -L/usr/lib/R/lib -Wl,-Bsymbolic-functions -flto=auto -ffat-lto-objects -flto=auto -Wl,-z,relro -o base64enc.so base64.o dummy.o uriencode.o utf8.o -L/usr/lib/R/lib -lR
installing to /home/marek/R/x86_64-pc-linux-gnu-library/4.1/00LOCK-base64enc/00new/base64enc/libs
** R
** byte-compile and prepare package for lazy loading
** help
*** installing help indices
** building package indices
** testing if installed package can be loaded from temporary location
** checking absolute paths in shared objects and dynamic libraries
** testing if installed package can be loaded from final location
** testing if installed package keeps a record of temporary installation path
* DONE (base64enc)
* installing *source* package ‘xfun’ ...
** package ‘xfun’ successfully unpacked and MD5 sums checked
** using staged installation
** libs
gcc -I"/usr/share/R/include" -DNDEBUG      -fpic  -g -O2 -ffile-prefix-map=/build/r-base-4A2Reg/r-base-4.1.2=. -fstack-protector-strong -Wformat -Werror=format-security -Wdate-time -D_FORTIFY_SOURCE=2 -g  -c base64.c -o base64.o
gcc -I"/usr/share/R/include" -DNDEBUG      -fpic  -g -O2 -ffile-prefix-map=/build/r-base-4A2Reg/r-base-4.1.2=. -fstack-protector-strong -Wformat -Werror=format-security -Wdate-time -D_FORTIFY_SOURCE=2 -g  -c init.c -o init.o
gcc -I"/usr/share/R/include" -DNDEBUG      -fpic  -g -O2 -ffile-prefix-map=/build/r-base-4A2Reg/r-base-4.1.2=. -fstack-protector-strong -Wformat -Werror=format-security -Wdate-time -D_FORTIFY_SOURCE=2 -g  -c rand_lcg.c -o rand_lcg.o
gcc -shared -L/usr/lib/R/lib -Wl,-Bsymbolic-functions -flto=auto -ffat-lto-objects -flto=auto -Wl,-z,relro -o xfun.so base64.o init.o rand_lcg.o -L/usr/lib/R/lib -lR
installing to /home/marek/R/x86_64-pc-linux-gnu-library/4.1/00LOCK-xfun/00new/xfun/libs
** R
** inst
** byte-compile and prepare package for lazy loading
** help
*** installing help indices
** building package indices
** installing vignettes
** testing if installed package can be loaded from temporary location
** checking absolute paths in shared objects and dynamic libraries
** testing if installed package can be loaded from final location
** testing if installed package keeps a record of temporary installation path
* DONE (xfun)
* installing *source* package ‘clipr’ ...
** package ‘clipr’ successfully unpacked and MD5 sums checked
** using staged installation
** R
** inst
** byte-compile and prepare package for lazy loading
** help
*** installing help indices
** building package indices
** installing vignettes
** testing if installed package can be loaded from temporary location
** testing if installed package can be loaded from final location
** testing if installed package keeps a record of temporary installation path
* DONE (clipr)
* installing *source* package ‘crayon’ ...
** package ‘crayon’ successfully unpacked and MD5 sums checked
** using staged installation
** R
** byte-compile and prepare package for lazy loading
** help
*** installing help indices
** building package indices
** testing if installed package can be loaded from temporary location
** testing if installed package can be loaded from final location
** testing if installed package keeps a record of temporary installation path
* DONE (crayon)
* installing *source* package ‘curl’ ...
** package ‘curl’ successfully unpacked and MD5 sums checked
** using staged installation
Using PKG_CFLAGS=
Using PKG_LIBS=-lcurl
--------------------------- [ANTICONF] --------------------------------
Configuration failed because libcurl was not found. Try installing:
 * deb: libcurl4-openssl-dev (Debian, Ubuntu, etc)
 * rpm: libcurl-devel (Fedora, CentOS, RHEL)
 * apk: curl-dev (Alpine)
If libcurl is already installed, check that 'pkg-config' is in your
PATH and PKG_CONFIG_PATH contains a libcurl.pc file. If pkg-config
is unavailable you can set INCLUDE_DIR and LIB_DIR manually via:
R CMD INSTALL --configure-vars='INCLUDE_DIR=... LIB_DIR=...'
-------------------------- [ERROR MESSAGE] ---------------------------
<stdin>:1:10: fatal error: curl/curl.h: No such file or directory
compilation terminated.
--------------------------------------------------------------------
ERROR: configuration failed for package ‘curl’
* removing ‘/home/marek/R/x86_64-pc-linux-gnu-library/4.1/curl’
* installing *source* package ‘jsonlite’ ...
** package ‘jsonlite’ successfully unpacked and MD5 sums checked
** using staged installation
** libs
gcc -I"/usr/share/R/include" -DNDEBUG -Iyajl/api    -fvisibility=hidden  -fpic  -g -O2 -ffile-prefix-map=/build/r-base-4A2Reg/r-base-4.1.2=. -fstack-protector-strong -Wformat -Werror=format-security -Wdate-time -D_FORTIFY_SOURCE=2 -g  -c base64.c -o base64.o
gcc -I"/usr/share/R/include" -DNDEBUG -Iyajl/api    -fvisibility=hidden  -fpic  -g -O2 -ffile-prefix-map=/build/r-base-4A2Reg/r-base-4.1.2=. -fstack-protector-strong -Wformat -Werror=format-security -Wdate-time -D_FORTIFY_SOURCE=2 -g  -c collapse_array.c -o collapse_array.o
gcc -I"/usr/share/R/include" -DNDEBUG -Iyajl/api    -fvisibility=hidden  -fpic  -g -O2 -ffile-prefix-map=/build/r-base-4A2Reg/r-base-4.1.2=. -fstack-protector-strong -Wformat -Werror=format-security -Wdate-time -D_FORTIFY_SOURCE=2 -g  -c collapse_object.c -o collapse_object.o
gcc -I"/usr/share/R/include" -DNDEBUG -Iyajl/api    -fvisibility=hidden  -fpic  -g -O2 -ffile-prefix-map=/build/r-base-4A2Reg/r-base-4.1.2=. -fstack-protector-strong -Wformat -Werror=format-security -Wdate-time -D_FORTIFY_SOURCE=2 -g  -c collapse_pretty.c -o collapse_pretty.o
gcc -I"/usr/share/R/include" -DNDEBUG -Iyajl/api    -fvisibility=hidden  -fpic  -g -O2 -ffile-prefix-map=/build/r-base-4A2Reg/r-base-4.1.2=. -fstack-protector-strong -Wformat -Werror=format-security -Wdate-time -D_FORTIFY_SOURCE=2 -g  -c escape_chars.c -o escape_chars.o
gcc -I"/usr/share/R/include" -DNDEBUG -Iyajl/api    -fvisibility=hidden  -fpic  -g -O2 -ffile-prefix-map=/build/r-base-4A2Reg/r-base-4.1.2=. -fstack-protector-strong -Wformat -Werror=format-security -Wdate-time -D_FORTIFY_SOURCE=2 -g  -c integer64_to_na.c -o integer64_to_na.o
gcc -I"/usr/share/R/include" -DNDEBUG -Iyajl/api    -fvisibility=hidden  -fpic  -g -O2 -ffile-prefix-map=/build/r-base-4A2Reg/r-base-4.1.2=. -fstack-protector-strong -Wformat -Werror=format-security -Wdate-time -D_FORTIFY_SOURCE=2 -g  -c is_datelist.c -o is_datelist.o
gcc -I"/usr/share/R/include" -DNDEBUG -Iyajl/api    -fvisibility=hidden  -fpic  -g -O2 -ffile-prefix-map=/build/r-base-4A2Reg/r-base-4.1.2=. -fstack-protector-strong -Wformat -Werror=format-security -Wdate-time -D_FORTIFY_SOURCE=2 -g  -c is_recordlist.c -o is_recordlist.o
gcc -I"/usr/share/R/include" -DNDEBUG -Iyajl/api    -fvisibility=hidden  -fpic  -g -O2 -ffile-prefix-map=/build/r-base-4A2Reg/r-base-4.1.2=. -fstack-protector-strong -Wformat -Werror=format-security -Wdate-time -D_FORTIFY_SOURCE=2 -g  -c is_scalarlist.c -o is_scalarlist.o
gcc -I"/usr/share/R/include" -DNDEBUG -Iyajl/api    -fvisibility=hidden  -fpic  -g -O2 -ffile-prefix-map=/build/r-base-4A2Reg/r-base-4.1.2=. -fstack-protector-strong -Wformat -Werror=format-security -Wdate-time -D_FORTIFY_SOURCE=2 -g  -c modp_numtoa.c -o modp_numtoa.o
gcc -I"/usr/share/R/include" -DNDEBUG -Iyajl/api    -fvisibility=hidden  -fpic  -g -O2 -ffile-prefix-map=/build/r-base-4A2Reg/r-base-4.1.2=. -fstack-protector-strong -Wformat -Werror=format-security -Wdate-time -D_FORTIFY_SOURCE=2 -g  -c null_to_na.c -o null_to_na.o
gcc -I"/usr/share/R/include" -DNDEBUG -Iyajl/api    -fvisibility=hidden  -fpic  -g -O2 -ffile-prefix-map=/build/r-base-4A2Reg/r-base-4.1.2=. -fstack-protector-strong -Wformat -Werror=format-security -Wdate-time -D_FORTIFY_SOURCE=2 -g  -c num_to_char.c -o num_to_char.o
gcc -I"/usr/share/R/include" -DNDEBUG -Iyajl/api    -fvisibility=hidden  -fpic  -g -O2 -ffile-prefix-map=/build/r-base-4A2Reg/r-base-4.1.2=. -fstack-protector-strong -Wformat -Werror=format-security -Wdate-time -D_FORTIFY_SOURCE=2 -g  -c parse.c -o parse.o
gcc -I"/usr/share/R/include" -DNDEBUG -Iyajl/api    -fvisibility=hidden  -fpic  -g -O2 -ffile-prefix-map=/build/r-base-4A2Reg/r-base-4.1.2=. -fstack-protector-strong -Wformat -Werror=format-security -Wdate-time -D_FORTIFY_SOURCE=2 -g  -c prettify.c -o prettify.o
gcc -I"/usr/share/R/include" -DNDEBUG -Iyajl/api    -fvisibility=hidden  -fpic  -g -O2 -ffile-prefix-map=/build/r-base-4A2Reg/r-base-4.1.2=. -fstack-protector-strong -Wformat -Werror=format-security -Wdate-time -D_FORTIFY_SOURCE=2 -g  -c push_parser.c -o push_parser.o
gcc -I"/usr/share/R/include" -DNDEBUG -Iyajl/api    -fvisibility=hidden  -fpic  -g -O2 -ffile-prefix-map=/build/r-base-4A2Reg/r-base-4.1.2=. -fstack-protector-strong -Wformat -Werror=format-security -Wdate-time -D_FORTIFY_SOURCE=2 -g  -c r-base64.c -o r-base64.o
gcc -I"/usr/share/R/include" -DNDEBUG -Iyajl/api    -fvisibility=hidden  -fpic  -g -O2 -ffile-prefix-map=/build/r-base-4A2Reg/r-base-4.1.2=. -fstack-protector-strong -Wformat -Werror=format-security -Wdate-time -D_FORTIFY_SOURCE=2 -g  -c register.c -o register.o
gcc -I"/usr/share/R/include" -DNDEBUG -Iyajl/api    -fvisibility=hidden  -fpic  -g -O2 -ffile-prefix-map=/build/r-base-4A2Reg/r-base-4.1.2=. -fstack-protector-strong -Wformat -Werror=format-security -Wdate-time -D_FORTIFY_SOURCE=2 -g  -c row_collapse.c -o row_collapse.o
gcc -I"/usr/share/R/include" -DNDEBUG -Iyajl/api    -fvisibility=hidden  -fpic  -g -O2 -ffile-prefix-map=/build/r-base-4A2Reg/r-base-4.1.2=. -fstack-protector-strong -Wformat -Werror=format-security -Wdate-time -D_FORTIFY_SOURCE=2 -g  -c transpose_list.c -o transpose_list.o
gcc -I"/usr/share/R/include" -DNDEBUG -Iyajl/api    -fvisibility=hidden  -fpic  -g -O2 -ffile-prefix-map=/build/r-base-4A2Reg/r-base-4.1.2=. -fstack-protector-strong -Wformat -Werror=format-security -Wdate-time -D_FORTIFY_SOURCE=2 -g  -c validate.c -o validate.o
gcc -I"/usr/share/R/include" -DNDEBUG -Iyajl/api    -fvisibility=hidden  -fpic  -g -O2 -ffile-prefix-map=/build/r-base-4A2Reg/r-base-4.1.2=. -fstack-protector-strong -Wformat -Werror=format-security -Wdate-time -D_FORTIFY_SOURCE=2 -g  -c yajl/yajl.c -o yajl/yajl.o
gcc -I"/usr/share/R/include" -DNDEBUG -Iyajl/api    -fvisibility=hidden  -fpic  -g -O2 -ffile-prefix-map=/build/r-base-4A2Reg/r-base-4.1.2=. -fstack-protector-strong -Wformat -Werror=format-security -Wdate-time -D_FORTIFY_SOURCE=2 -g  -c yajl/yajl_alloc.c -o yajl/yajl_alloc.o
gcc -I"/usr/share/R/include" -DNDEBUG -Iyajl/api    -fvisibility=hidden  -fpic  -g -O2 -ffile-prefix-map=/build/r-base-4A2Reg/r-base-4.1.2=. -fstack-protector-strong -Wformat -Werror=format-security -Wdate-time -D_FORTIFY_SOURCE=2 -g  -c yajl/yajl_buf.c -o yajl/yajl_buf.o
gcc -I"/usr/share/R/include" -DNDEBUG -Iyajl/api    -fvisibility=hidden  -fpic  -g -O2 -ffile-prefix-map=/build/r-base-4A2Reg/r-base-4.1.2=. -fstack-protector-strong -Wformat -Werror=format-security -Wdate-time -D_FORTIFY_SOURCE=2 -g  -c yajl/yajl_encode.c -o yajl/yajl_encode.o
gcc -I"/usr/share/R/include" -DNDEBUG -Iyajl/api    -fvisibility=hidden  -fpic  -g -O2 -ffile-prefix-map=/build/r-base-4A2Reg/r-base-4.1.2=. -fstack-protector-strong -Wformat -Werror=format-security -Wdate-time -D_FORTIFY_SOURCE=2 -g  -c yajl/yajl_gen.c -o yajl/yajl_gen.o
gcc -I"/usr/share/R/include" -DNDEBUG -Iyajl/api    -fvisibility=hidden  -fpic  -g -O2 -ffile-prefix-map=/build/r-base-4A2Reg/r-base-4.1.2=. -fstack-protector-strong -Wformat -Werror=format-security -Wdate-time -D_FORTIFY_SOURCE=2 -g  -c yajl/yajl_lex.c -o yajl/yajl_lex.o
gcc -I"/usr/share/R/include" -DNDEBUG -Iyajl/api    -fvisibility=hidden  -fpic  -g -O2 -ffile-prefix-map=/build/r-base-4A2Reg/r-base-4.1.2=. -fstack-protector-strong -Wformat -Werror=format-security -Wdate-time -D_FORTIFY_SOURCE=2 -g  -c yajl/yajl_parser.c -o yajl/yajl_parser.o
gcc -I"/usr/share/R/include" -DNDEBUG -Iyajl/api    -fvisibility=hidden  -fpic  -g -O2 -ffile-prefix-map=/build/r-base-4A2Reg/r-base-4.1.2=. -fstack-protector-strong -Wformat -Werror=format-security -Wdate-time -D_FORTIFY_SOURCE=2 -g  -c yajl/yajl_tree.c -o yajl/yajl_tree.o
ar rcs yajl/libstatyajl.a yajl/yajl.o yajl/yajl_alloc.o yajl/yajl_buf.o yajl/yajl_encode.o yajl/yajl_gen.o yajl/yajl_lex.o yajl/yajl_parser.o yajl/yajl_tree.o
gcc -shared -L/usr/lib/R/lib -Wl,-Bsymbolic-functions -flto=auto -ffat-lto-objects -flto=auto -Wl,-z,relro -o jsonlite.so base64.o collapse_array.o collapse_object.o collapse_pretty.o escape_chars.o integer64_to_na.o is_datelist.o is_recordlist.o is_scalarlist.o modp_numtoa.o null_to_na.o num_to_char.o parse.o prettify.o push_parser.o r-base64.o register.o row_collapse.o transpose_list.o validate.o -Lyajl -lstatyajl -L/usr/lib/R/lib -lR
installing to /home/marek/R/x86_64-pc-linux-gnu-library/4.1/00LOCK-jsonlite/00new/jsonlite/libs
** R
** inst
** byte-compile and prepare package for lazy loading
in method for ‘asJSON’ with signature ‘"AsIs"’: no definition for class “AsIs”
in method for ‘asJSON’ with signature ‘"ITime"’: no definition for class “ITime”
in method for ‘asJSON’ with signature ‘"hms"’: no definition for class “hms”
in method for ‘asJSON’ with signature ‘"json"’: no definition for class “json”
in method for ‘asJSON’ with signature ‘"integer64"’: no definition for class “integer64”
in method for ‘asJSON’ with signature ‘"pairlist"’: no definition for class “pairlist”
in method for ‘asJSON’ with signature ‘"blob"’: no definition for class “blob”
in method for ‘asJSON’ with signature ‘"scalar"’: no definition for class “scalar”
in method for ‘asJSON’ with signature ‘"sf"’: no definition for class “sf”
in method for ‘asJSON’ with signature ‘"sfc"’: no definition for class “sfc”
in method for ‘asJSON’ with signature ‘"vctrs_vctr"’: no definition for class “vctrs_vctr”
** help
*** installing help indices
** building package indices
** installing vignettes
** testing if installed package can be loaded from temporary location
** checking absolute paths in shared objects and dynamic libraries
** testing if installed package can be loaded from final location
** testing if installed package keeps a record of temporary installation path
* DONE (jsonlite)
* installing *source* package ‘rappdirs’ ...
** package ‘rappdirs’ successfully unpacked and MD5 sums checked
** using staged installation
** libs
gcc -I"/usr/share/R/include" -DNDEBUG      -fpic  -g -O2 -ffile-prefix-map=/build/r-base-4A2Reg/r-base-4.1.2=. -fstack-protector-strong -Wformat -Werror=format-security -Wdate-time -D_FORTIFY_SOURCE=2 -g  -c init.c -o init.o
gcc -I"/usr/share/R/include" -DNDEBUG      -fpic  -g -O2 -ffile-prefix-map=/build/r-base-4A2Reg/r-base-4.1.2=. -fstack-protector-strong -Wformat -Werror=format-security -Wdate-time -D_FORTIFY_SOURCE=2 -g  -c win-path.c -o win-path.o
gcc -shared -L/usr/lib/R/lib -Wl,-Bsymbolic-functions -flto=auto -ffat-lto-objects -flto=auto -Wl,-z,relro -o rappdirs.so init.o win-path.o -L/usr/lib/R/lib -lR
installing to /home/marek/R/x86_64-pc-linux-gnu-library/4.1/00LOCK-rappdirs/00new/rappdirs/libs
** R
** byte-compile and prepare package for lazy loading
** help
*** installing help indices
** building package indices
** testing if installed package can be loaded from temporary location
** checking absolute paths in shared objects and dynamic libraries
** testing if installed package can be loaded from final location
** testing if installed package keeps a record of temporary installation path
* DONE (rappdirs)
* installing *source* package ‘rstudioapi’ ...
** package ‘rstudioapi’ successfully unpacked and MD5 sums checked
** using staged installation
** R
** inst
** byte-compile and prepare package for lazy loading
** help
*** installing help indices
*** copying figures
** building package indices
** installing vignettes
** testing if installed package can be loaded from temporary location
** testing if installed package can be loaded from final location
** testing if installed package keeps a record of temporary installation path
* DONE (rstudioapi)
* installing *source* package ‘whisker’ ...
** package ‘whisker’ successfully unpacked and MD5 sums checked
** using staged installation
** R
** inst
** byte-compile and prepare package for lazy loading
** help
*** installing help indices
** building package indices
** testing if installed package can be loaded from temporary location
** testing if installed package can be loaded from final location
** testing if installed package keeps a record of temporary installation path
* DONE (whisker)
* installing *source* package ‘yaml’ ...
** package ‘yaml’ successfully unpacked and MD5 sums checked
** using staged installation
** libs
gcc -I"/usr/share/R/include" -DNDEBUG -I. -DNDEBUG     -fpic  -g -O2 -ffile-prefix-map=/build/r-base-4A2Reg/r-base-4.1.2=. -fstack-protector-strong -Wformat -Werror=format-security -Wdate-time -D_FORTIFY_SOURCE=2 -g  -c api.c -o api.o
gcc -I"/usr/share/R/include" -DNDEBUG -I. -DNDEBUG     -fpic  -g -O2 -ffile-prefix-map=/build/r-base-4A2Reg/r-base-4.1.2=. -fstack-protector-strong -Wformat -Werror=format-security -Wdate-time -D_FORTIFY_SOURCE=2 -g  -c dumper.c -o dumper.o
gcc -I"/usr/share/R/include" -DNDEBUG -I. -DNDEBUG     -fpic  -g -O2 -ffile-prefix-map=/build/r-base-4A2Reg/r-base-4.1.2=. -fstack-protector-strong -Wformat -Werror=format-security -Wdate-time -D_FORTIFY_SOURCE=2 -g  -c emitter.c -o emitter.o
gcc -I"/usr/share/R/include" -DNDEBUG -I. -DNDEBUG     -fpic  -g -O2 -ffile-prefix-map=/build/r-base-4A2Reg/r-base-4.1.2=. -fstack-protector-strong -Wformat -Werror=format-security -Wdate-time -D_FORTIFY_SOURCE=2 -g  -c implicit.c -o implicit.o
gcc -I"/usr/share/R/include" -DNDEBUG -I. -DNDEBUG     -fpic  -g -O2 -ffile-prefix-map=/build/r-base-4A2Reg/r-base-4.1.2=. -fstack-protector-strong -Wformat -Werror=format-security -Wdate-time -D_FORTIFY_SOURCE=2 -g  -c loader.c -o loader.o
gcc -I"/usr/share/R/include" -DNDEBUG -I. -DNDEBUG     -fpic  -g -O2 -ffile-prefix-map=/build/r-base-4A2Reg/r-base-4.1.2=. -fstack-protector-strong -Wformat -Werror=format-security -Wdate-time -D_FORTIFY_SOURCE=2 -g  -c parser.c -o parser.o
gcc -I"/usr/share/R/include" -DNDEBUG -I. -DNDEBUG     -fpic  -g -O2 -ffile-prefix-map=/build/r-base-4A2Reg/r-base-4.1.2=. -fstack-protector-strong -Wformat -Werror=format-security -Wdate-time -D_FORTIFY_SOURCE=2 -g  -c r_emit.c -o r_emit.o
gcc -I"/usr/share/R/include" -DNDEBUG -I. -DNDEBUG     -fpic  -g -O2 -ffile-prefix-map=/build/r-base-4A2Reg/r-base-4.1.2=. -fstack-protector-strong -Wformat -Werror=format-security -Wdate-time -D_FORTIFY_SOURCE=2 -g  -c r_ext.c -o r_ext.o
gcc -I"/usr/share/R/include" -DNDEBUG -I. -DNDEBUG     -fpic  -g -O2 -ffile-prefix-map=/build/r-base-4A2Reg/r-base-4.1.2=. -fstack-protector-strong -Wformat -Werror=format-security -Wdate-time -D_FORTIFY_SOURCE=2 -g  -c r_parse.c -o r_parse.o
gcc -I"/usr/share/R/include" -DNDEBUG -I. -DNDEBUG     -fpic  -g -O2 -ffile-prefix-map=/build/r-base-4A2Reg/r-base-4.1.2=. -fstack-protector-strong -Wformat -Werror=format-security -Wdate-time -D_FORTIFY_SOURCE=2 -g  -c reader.c -o reader.o
gcc -I"/usr/share/R/include" -DNDEBUG -I. -DNDEBUG     -fpic  -g -O2 -ffile-prefix-map=/build/r-base-4A2Reg/r-base-4.1.2=. -fstack-protector-strong -Wformat -Werror=format-security -Wdate-time -D_FORTIFY_SOURCE=2 -g  -c scanner.c -o scanner.o
gcc -I"/usr/share/R/include" -DNDEBUG -I. -DNDEBUG     -fpic  -g -O2 -ffile-prefix-map=/build/r-base-4A2Reg/r-base-4.1.2=. -fstack-protector-strong -Wformat -Werror=format-security -Wdate-time -D_FORTIFY_SOURCE=2 -g  -c writer.c -o writer.o
gcc -shared -L/usr/lib/R/lib -Wl,-Bsymbolic-functions -flto=auto -ffat-lto-objects -flto=auto -Wl,-z,relro -o yaml.so api.o dumper.o emitter.o implicit.o loader.o parser.o r_emit.o r_ext.o r_parse.o reader.o scanner.o writer.o -L/usr/lib/R/lib -lR
installing to /home/marek/R/x86_64-pc-linux-gnu-library/4.1/00LOCK-yaml/00new/yaml/libs
** R
** inst
** byte-compile and prepare package for lazy loading
** help
*** installing help indices
** building package indices
** installing vignettes
** testing if installed package can be loaded from temporary location
** checking absolute paths in shared objects and dynamic libraries
** testing if installed package can be loaded from final location
** testing if installed package keeps a record of temporary installation path
* DONE (yaml)
* installing *source* package ‘prettyunits’ ...
** package ‘prettyunits’ successfully unpacked and MD5 sums checked
** using staged installation
** R
** byte-compile and prepare package for lazy loading
** help
*** installing help indices
** building package indices
** testing if installed package can be loaded from temporary location
** testing if installed package can be loaded from final location
** testing if installed package keeps a record of temporary installation path
* DONE (prettyunits)
* installing *source* package ‘brew’ ...
** package ‘brew’ successfully unpacked and MD5 sums checked
** using staged installation
** R
** inst
** byte-compile and prepare package for lazy loading
** help
*** installing help indices
** building package indices
** testing if installed package can be loaded from temporary location
** testing if installed package can be loaded from final location
** testing if installed package keeps a record of temporary installation path
* DONE (brew)
* installing *source* package ‘commonmark’ ...
** package ‘commonmark’ successfully unpacked and MD5 sums checked
** using staged installation
** libs
gcc -I"/usr/share/R/include" -DNDEBUG -Icmark -I. -DCMARK_GFM_STATIC_DEFINE -DCMARK_GFM_EXTENSIONS_STATIC_DEFINE -DR_NO_REMAP -DSTRICT_R_HEADERS    -fvisibility=hidden -fpic  -g -O2 -ffile-prefix-map=/build/r-base-4A2Reg/r-base-4.1.2=. -fstack-protector-strong -Wformat -Werror=format-security -Wdate-time -D_FORTIFY_SOURCE=2 -g  -c extensions.c -o extensions.o
gcc -I"/usr/share/R/include" -DNDEBUG -Icmark -I. -DCMARK_GFM_STATIC_DEFINE -DCMARK_GFM_EXTENSIONS_STATIC_DEFINE -DR_NO_REMAP -DSTRICT_R_HEADERS    -fvisibility=hidden -fpic  -g -O2 -ffile-prefix-map=/build/r-base-4A2Reg/r-base-4.1.2=. -fstack-protector-strong -Wformat -Werror=format-security -Wdate-time -D_FORTIFY_SOURCE=2 -g  -c init.c -o init.o
gcc -I"/usr/share/R/include" -DNDEBUG -Icmark -I. -DCMARK_GFM_STATIC_DEFINE -DCMARK_GFM_EXTENSIONS_STATIC_DEFINE -DR_NO_REMAP -DSTRICT_R_HEADERS    -fvisibility=hidden -fpic  -g -O2 -ffile-prefix-map=/build/r-base-4A2Reg/r-base-4.1.2=. -fstack-protector-strong -Wformat -Werror=format-security -Wdate-time -D_FORTIFY_SOURCE=2 -g  -c wrapper.c -o wrapper.o
gcc -I"/usr/share/R/include" -DNDEBUG -Icmark -I. -DCMARK_GFM_STATIC_DEFINE -DCMARK_GFM_EXTENSIONS_STATIC_DEFINE -DR_NO_REMAP -DSTRICT_R_HEADERS    -fvisibility=hidden -fpic  -g -O2 -ffile-prefix-map=/build/r-base-4A2Reg/r-base-4.1.2=. -fstack-protector-strong -Wformat -Werror=format-security -Wdate-time -D_FORTIFY_SOURCE=2 -g  -c cmark/cmark.c -o cmark/cmark.o
gcc -I"/usr/share/R/include" -DNDEBUG -Icmark -I. -DCMARK_GFM_STATIC_DEFINE -DCMARK_GFM_EXTENSIONS_STATIC_DEFINE -DR_NO_REMAP -DSTRICT_R_HEADERS    -fvisibility=hidden -fpic  -g -O2 -ffile-prefix-map=/build/r-base-4A2Reg/r-base-4.1.2=. -fstack-protector-strong -Wformat -Werror=format-security -Wdate-time -D_FORTIFY_SOURCE=2 -g  -c cmark/node.c -o cmark/node.o
gcc -I"/usr/share/R/include" -DNDEBUG -Icmark -I. -DCMARK_GFM_STATIC_DEFINE -DCMARK_GFM_EXTENSIONS_STATIC_DEFINE -DR_NO_REMAP -DSTRICT_R_HEADERS    -fvisibility=hidden -fpic  -g -O2 -ffile-prefix-map=/build/r-base-4A2Reg/r-base-4.1.2=. -fstack-protector-strong -Wformat -Werror=format-security -Wdate-time -D_FORTIFY_SOURCE=2 -g  -c cmark/iterator.c -o cmark/iterator.o
gcc -I"/usr/share/R/include" -DNDEBUG -Icmark -I. -DCMARK_GFM_STATIC_DEFINE -DCMARK_GFM_EXTENSIONS_STATIC_DEFINE -DR_NO_REMAP -DSTRICT_R_HEADERS    -fvisibility=hidden -fpic  -g -O2 -ffile-prefix-map=/build/r-base-4A2Reg/r-base-4.1.2=. -fstack-protector-strong -Wformat -Werror=format-security -Wdate-time -D_FORTIFY_SOURCE=2 -g  -c cmark/blocks.c -o cmark/blocks.o
gcc -I"/usr/share/R/include" -DNDEBUG -Icmark -I. -DCMARK_GFM_STATIC_DEFINE -DCMARK_GFM_EXTENSIONS_STATIC_DEFINE -DR_NO_REMAP -DSTRICT_R_HEADERS    -fvisibility=hidden -fpic  -g -O2 -ffile-prefix-map=/build/r-base-4A2Reg/r-base-4.1.2=. -fstack-protector-strong -Wformat -Werror=format-security -Wdate-time -D_FORTIFY_SOURCE=2 -g  -c cmark/inlines.c -o cmark/inlines.o
gcc -I"/usr/share/R/include" -DNDEBUG -Icmark -I. -DCMARK_GFM_STATIC_DEFINE -DCMARK_GFM_EXTENSIONS_STATIC_DEFINE -DR_NO_REMAP -DSTRICT_R_HEADERS    -fvisibility=hidden -fpic  -g -O2 -ffile-prefix-map=/build/r-base-4A2Reg/r-base-4.1.2=. -fstack-protector-strong -Wformat -Werror=format-security -Wdate-time -D_FORTIFY_SOURCE=2 -g  -c cmark/scanners.c -o cmark/scanners.o
gcc -I"/usr/share/R/include" -DNDEBUG -Icmark -I. -DCMARK_GFM_STATIC_DEFINE -DCMARK_GFM_EXTENSIONS_STATIC_DEFINE -DR_NO_REMAP -DSTRICT_R_HEADERS    -fvisibility=hidden -fpic  -g -O2 -ffile-prefix-map=/build/r-base-4A2Reg/r-base-4.1.2=. -fstack-protector-strong -Wformat -Werror=format-security -Wdate-time -D_FORTIFY_SOURCE=2 -g  -c cmark/utf8.c -o cmark/utf8.o
gcc -I"/usr/share/R/include" -DNDEBUG -Icmark -I. -DCMARK_GFM_STATIC_DEFINE -DCMARK_GFM_EXTENSIONS_STATIC_DEFINE -DR_NO_REMAP -DSTRICT_R_HEADERS    -fvisibility=hidden -fpic  -g -O2 -ffile-prefix-map=/build/r-base-4A2Reg/r-base-4.1.2=. -fstack-protector-strong -Wformat -Werror=format-security -Wdate-time -D_FORTIFY_SOURCE=2 -g  -c cmark/buffer.c -o cmark/buffer.o
gcc -I"/usr/share/R/include" -DNDEBUG -Icmark -I. -DCMARK_GFM_STATIC_DEFINE -DCMARK_GFM_EXTENSIONS_STATIC_DEFINE -DR_NO_REMAP -DSTRICT_R_HEADERS    -fvisibility=hidden -fpic  -g -O2 -ffile-prefix-map=/build/r-base-4A2Reg/r-base-4.1.2=. -fstack-protector-strong -Wformat -Werror=format-security -Wdate-time -D_FORTIFY_SOURCE=2 -g  -c cmark/references.c -o cmark/references.o
gcc -I"/usr/share/R/include" -DNDEBUG -Icmark -I. -DCMARK_GFM_STATIC_DEFINE -DCMARK_GFM_EXTENSIONS_STATIC_DEFINE -DR_NO_REMAP -DSTRICT_R_HEADERS    -fvisibility=hidden -fpic  -g -O2 -ffile-prefix-map=/build/r-base-4A2Reg/r-base-4.1.2=. -fstack-protector-strong -Wformat -Werror=format-security -Wdate-time -D_FORTIFY_SOURCE=2 -g  -c cmark/render.c -o cmark/render.o
gcc -I"/usr/share/R/include" -DNDEBUG -Icmark -I. -DCMARK_GFM_STATIC_DEFINE -DCMARK_GFM_EXTENSIONS_STATIC_DEFINE -DR_NO_REMAP -DSTRICT_R_HEADERS    -fvisibility=hidden -fpic  -g -O2 -ffile-prefix-map=/build/r-base-4A2Reg/r-base-4.1.2=. -fstack-protector-strong -Wformat -Werror=format-security -Wdate-time -D_FORTIFY_SOURCE=2 -g  -c cmark/man.c -o cmark/man.o
gcc -I"/usr/share/R/include" -DNDEBUG -Icmark -I. -DCMARK_GFM_STATIC_DEFINE -DCMARK_GFM_EXTENSIONS_STATIC_DEFINE -DR_NO_REMAP -DSTRICT_R_HEADERS    -fvisibility=hidden -fpic  -g -O2 -ffile-prefix-map=/build/r-base-4A2Reg/r-base-4.1.2=. -fstack-protector-strong -Wformat -Werror=format-security -Wdate-time -D_FORTIFY_SOURCE=2 -g  -c cmark/xml.c -o cmark/xml.o
gcc -I"/usr/share/R/include" -DNDEBUG -Icmark -I. -DCMARK_GFM_STATIC_DEFINE -DCMARK_GFM_EXTENSIONS_STATIC_DEFINE -DR_NO_REMAP -DSTRICT_R_HEADERS    -fvisibility=hidden -fpic  -g -O2 -ffile-prefix-map=/build/r-base-4A2Reg/r-base-4.1.2=. -fstack-protector-strong -Wformat -Werror=format-security -Wdate-time -D_FORTIFY_SOURCE=2 -g  -c cmark/html.c -o cmark/html.o
gcc -I"/usr/share/R/include" -DNDEBUG -Icmark -I. -DCMARK_GFM_STATIC_DEFINE -DCMARK_GFM_EXTENSIONS_STATIC_DEFINE -DR_NO_REMAP -DSTRICT_R_HEADERS    -fvisibility=hidden -fpic  -g -O2 -ffile-prefix-map=/build/r-base-4A2Reg/r-base-4.1.2=. -fstack-protector-strong -Wformat -Werror=format-security -Wdate-time -D_FORTIFY_SOURCE=2 -g  -c cmark/commonmark.c -o cmark/commonmark.o
gcc -I"/usr/share/R/include" -DNDEBUG -Icmark -I. -DCMARK_GFM_STATIC_DEFINE -DCMARK_GFM_EXTENSIONS_STATIC_DEFINE -DR_NO_REMAP -DSTRICT_R_HEADERS    -fvisibility=hidden -fpic  -g -O2 -ffile-prefix-map=/build/r-base-4A2Reg/r-base-4.1.2=. -fstack-protector-strong -Wformat -Werror=format-security -Wdate-time -D_FORTIFY_SOURCE=2 -g  -c cmark/latex.c -o cmark/latex.o
gcc -I"/usr/share/R/include" -DNDEBUG -Icmark -I. -DCMARK_GFM_STATIC_DEFINE -DCMARK_GFM_EXTENSIONS_STATIC_DEFINE -DR_NO_REMAP -DSTRICT_R_HEADERS    -fvisibility=hidden -fpic  -g -O2 -ffile-prefix-map=/build/r-base-4A2Reg/r-base-4.1.2=. -fstack-protector-strong -Wformat -Werror=format-security -Wdate-time -D_FORTIFY_SOURCE=2 -g  -c cmark/houdini_href_e.c -o cmark/houdini_href_e.o
gcc -I"/usr/share/R/include" -DNDEBUG -Icmark -I. -DCMARK_GFM_STATIC_DEFINE -DCMARK_GFM_EXTENSIONS_STATIC_DEFINE -DR_NO_REMAP -DSTRICT_R_HEADERS    -fvisibility=hidden -fpic  -g -O2 -ffile-prefix-map=/build/r-base-4A2Reg/r-base-4.1.2=. -fstack-protector-strong -Wformat -Werror=format-security -Wdate-time -D_FORTIFY_SOURCE=2 -g  -c cmark/houdini_html_e.c -o cmark/houdini_html_e.o
gcc -I"/usr/share/R/include" -DNDEBUG -Icmark -I. -DCMARK_GFM_STATIC_DEFINE -DCMARK_GFM_EXTENSIONS_STATIC_DEFINE -DR_NO_REMAP -DSTRICT_R_HEADERS    -fvisibility=hidden -fpic  -g -O2 -ffile-prefix-map=/build/r-base-4A2Reg/r-base-4.1.2=. -fstack-protector-strong -Wformat -Werror=format-security -Wdate-time -D_FORTIFY_SOURCE=2 -g  -c cmark/houdini_html_u.c -o cmark/houdini_html_u.o
gcc -I"/usr/share/R/include" -DNDEBUG -Icmark -I. -DCMARK_GFM_STATIC_DEFINE -DCMARK_GFM_EXTENSIONS_STATIC_DEFINE -DR_NO_REMAP -DSTRICT_R_HEADERS    -fvisibility=hidden -fpic  -g -O2 -ffile-prefix-map=/build/r-base-4A2Reg/r-base-4.1.2=. -fstack-protector-strong -Wformat -Werror=format-security -Wdate-time -D_FORTIFY_SOURCE=2 -g  -c cmark/cmark_ctype.c -o cmark/cmark_ctype.o
gcc -I"/usr/share/R/include" -DNDEBUG -Icmark -I. -DCMARK_GFM_STATIC_DEFINE -DCMARK_GFM_EXTENSIONS_STATIC_DEFINE -DR_NO_REMAP -DSTRICT_R_HEADERS    -fvisibility=hidden -fpic  -g -O2 -ffile-prefix-map=/build/r-base-4A2Reg/r-base-4.1.2=. -fstack-protector-strong -Wformat -Werror=format-security -Wdate-time -D_FORTIFY_SOURCE=2 -g  -c cmark/arena.c -o cmark/arena.o
gcc -I"/usr/share/R/include" -DNDEBUG -Icmark -I. -DCMARK_GFM_STATIC_DEFINE -DCMARK_GFM_EXTENSIONS_STATIC_DEFINE -DR_NO_REMAP -DSTRICT_R_HEADERS    -fvisibility=hidden -fpic  -g -O2 -ffile-prefix-map=/build/r-base-4A2Reg/r-base-4.1.2=. -fstack-protector-strong -Wformat -Werror=format-security -Wdate-time -D_FORTIFY_SOURCE=2 -g  -c cmark/linked_list.c -o cmark/linked_list.o
gcc -I"/usr/share/R/include" -DNDEBUG -Icmark -I. -DCMARK_GFM_STATIC_DEFINE -DCMARK_GFM_EXTENSIONS_STATIC_DEFINE -DR_NO_REMAP -DSTRICT_R_HEADERS    -fvisibility=hidden -fpic  -g -O2 -ffile-prefix-map=/build/r-base-4A2Reg/r-base-4.1.2=. -fstack-protector-strong -Wformat -Werror=format-security -Wdate-time -D_FORTIFY_SOURCE=2 -g  -c cmark/plugin.c -o cmark/plugin.o
gcc -I"/usr/share/R/include" -DNDEBUG -Icmark -I. -DCMARK_GFM_STATIC_DEFINE -DCMARK_GFM_EXTENSIONS_STATIC_DEFINE -DR_NO_REMAP -DSTRICT_R_HEADERS    -fvisibility=hidden -fpic  -g -O2 -ffile-prefix-map=/build/r-base-4A2Reg/r-base-4.1.2=. -fstack-protector-strong -Wformat -Werror=format-security -Wdate-time -D_FORTIFY_SOURCE=2 -g  -c cmark/registry.c -o cmark/registry.o
gcc -I"/usr/share/R/include" -DNDEBUG -Icmark -I. -DCMARK_GFM_STATIC_DEFINE -DCMARK_GFM_EXTENSIONS_STATIC_DEFINE -DR_NO_REMAP -DSTRICT_R_HEADERS    -fvisibility=hidden -fpic  -g -O2 -ffile-prefix-map=/build/r-base-4A2Reg/r-base-4.1.2=. -fstack-protector-strong -Wformat -Werror=format-security -Wdate-time -D_FORTIFY_SOURCE=2 -g  -c cmark/syntax_extension.c -o cmark/syntax_extension.o
gcc -I"/usr/share/R/include" -DNDEBUG -Icmark -I. -DCMARK_GFM_STATIC_DEFINE -DCMARK_GFM_EXTENSIONS_STATIC_DEFINE -DR_NO_REMAP -DSTRICT_R_HEADERS    -fvisibility=hidden -fpic  -g -O2 -ffile-prefix-map=/build/r-base-4A2Reg/r-base-4.1.2=. -fstack-protector-strong -Wformat -Werror=format-security -Wdate-time -D_FORTIFY_SOURCE=2 -g  -c cmark/plaintext.c -o cmark/plaintext.o
gcc -I"/usr/share/R/include" -DNDEBUG -Icmark -I. -DCMARK_GFM_STATIC_DEFINE -DCMARK_GFM_EXTENSIONS_STATIC_DEFINE -DR_NO_REMAP -DSTRICT_R_HEADERS    -fvisibility=hidden -fpic  -g -O2 -ffile-prefix-map=/build/r-base-4A2Reg/r-base-4.1.2=. -fstack-protector-strong -Wformat -Werror=format-security -Wdate-time -D_FORTIFY_SOURCE=2 -g  -c cmark/footnotes.c -o cmark/footnotes.o
gcc -I"/usr/share/R/include" -DNDEBUG -Icmark -I. -DCMARK_GFM_STATIC_DEFINE -DCMARK_GFM_EXTENSIONS_STATIC_DEFINE -DR_NO_REMAP -DSTRICT_R_HEADERS    -fvisibility=hidden -fpic  -g -O2 -ffile-prefix-map=/build/r-base-4A2Reg/r-base-4.1.2=. -fstack-protector-strong -Wformat -Werror=format-security -Wdate-time -D_FORTIFY_SOURCE=2 -g  -c cmark/map.c -o cmark/map.o
gcc -I"/usr/share/R/include" -DNDEBUG -Icmark -I. -DCMARK_GFM_STATIC_DEFINE -DCMARK_GFM_EXTENSIONS_STATIC_DEFINE -DR_NO_REMAP -DSTRICT_R_HEADERS    -fvisibility=hidden -fpic  -g -O2 -ffile-prefix-map=/build/r-base-4A2Reg/r-base-4.1.2=. -fstack-protector-strong -Wformat -Werror=format-security -Wdate-time -D_FORTIFY_SOURCE=2 -g  -c extensions/autolink.c -o extensions/autolink.o
gcc -I"/usr/share/R/include" -DNDEBUG -Icmark -I. -DCMARK_GFM_STATIC_DEFINE -DCMARK_GFM_EXTENSIONS_STATIC_DEFINE -DR_NO_REMAP -DSTRICT_R_HEADERS    -fvisibility=hidden -fpic  -g -O2 -ffile-prefix-map=/build/r-base-4A2Reg/r-base-4.1.2=. -fstack-protector-strong -Wformat -Werror=format-security -Wdate-time -D_FORTIFY_SOURCE=2 -g  -c extensions/core-extensions.c -o extensions/core-extensions.o
gcc -I"/usr/share/R/include" -DNDEBUG -Icmark -I. -DCMARK_GFM_STATIC_DEFINE -DCMARK_GFM_EXTENSIONS_STATIC_DEFINE -DR_NO_REMAP -DSTRICT_R_HEADERS    -fvisibility=hidden -fpic  -g -O2 -ffile-prefix-map=/build/r-base-4A2Reg/r-base-4.1.2=. -fstack-protector-strong -Wformat -Werror=format-security -Wdate-time -D_FORTIFY_SOURCE=2 -g  -c extensions/ext_scanners.c -o extensions/ext_scanners.o
gcc -I"/usr/share/R/include" -DNDEBUG -Icmark -I. -DCMARK_GFM_STATIC_DEFINE -DCMARK_GFM_EXTENSIONS_STATIC_DEFINE -DR_NO_REMAP -DSTRICT_R_HEADERS    -fvisibility=hidden -fpic  -g -O2 -ffile-prefix-map=/build/r-base-4A2Reg/r-base-4.1.2=. -fstack-protector-strong -Wformat -Werror=format-security -Wdate-time -D_FORTIFY_SOURCE=2 -g  -c extensions/strikethrough.c -o extensions/strikethrough.o
gcc -I"/usr/share/R/include" -DNDEBUG -Icmark -I. -DCMARK_GFM_STATIC_DEFINE -DCMARK_GFM_EXTENSIONS_STATIC_DEFINE -DR_NO_REMAP -DSTRICT_R_HEADERS    -fvisibility=hidden -fpic  -g -O2 -ffile-prefix-map=/build/r-base-4A2Reg/r-base-4.1.2=. -fstack-protector-strong -Wformat -Werror=format-security -Wdate-time -D_FORTIFY_SOURCE=2 -g  -c extensions/table.c -o extensions/table.o
gcc -I"/usr/share/R/include" -DNDEBUG -Icmark -I. -DCMARK_GFM_STATIC_DEFINE -DCMARK_GFM_EXTENSIONS_STATIC_DEFINE -DR_NO_REMAP -DSTRICT_R_HEADERS    -fvisibility=hidden -fpic  -g -O2 -ffile-prefix-map=/build/r-base-4A2Reg/r-base-4.1.2=. -fstack-protector-strong -Wformat -Werror=format-security -Wdate-time -D_FORTIFY_SOURCE=2 -g  -c extensions/tagfilter.c -o extensions/tagfilter.o
gcc -I"/usr/share/R/include" -DNDEBUG -Icmark -I. -DCMARK_GFM_STATIC_DEFINE -DCMARK_GFM_EXTENSIONS_STATIC_DEFINE -DR_NO_REMAP -DSTRICT_R_HEADERS    -fvisibility=hidden -fpic  -g -O2 -ffile-prefix-map=/build/r-base-4A2Reg/r-base-4.1.2=. -fstack-protector-strong -Wformat -Werror=format-security -Wdate-time -D_FORTIFY_SOURCE=2 -g  -c extensions/tasklist.c -o extensions/tasklist.o
gcc -shared -L/usr/lib/R/lib -Wl,-Bsymbolic-functions -flto=auto -ffat-lto-objects -flto=auto -Wl,-z,relro -o commonmark.so extensions.o init.o wrapper.o -Lcmark -lstatcmark -L/usr/lib/R/lib -lR
installing to /home/marek/R/x86_64-pc-linux-gnu-library/4.1/00LOCK-commonmark/00new/commonmark/libs
** R
** byte-compile and prepare package for lazy loading
** help
*** installing help indices
** building package indices
** testing if installed package can be loaded from temporary location
** checking absolute paths in shared objects and dynamic libraries
** testing if installed package can be loaded from final location
** testing if installed package keeps a record of temporary installation path
* DONE (commonmark)
* installing *source* package ‘brio’ ...
** package ‘brio’ successfully unpacked and MD5 sums checked
** using staged installation
** libs
gcc -I"/usr/share/R/include" -DNDEBUG      -fpic  -g -O2 -ffile-prefix-map=/build/r-base-4A2Reg/r-base-4.1.2=. -fstack-protector-strong -Wformat -Werror=format-security -Wdate-time -D_FORTIFY_SOURCE=2 -g  -c brio.c -o brio.o
gcc -I"/usr/share/R/include" -DNDEBUG      -fpic  -g -O2 -ffile-prefix-map=/build/r-base-4A2Reg/r-base-4.1.2=. -fstack-protector-strong -Wformat -Werror=format-security -Wdate-time -D_FORTIFY_SOURCE=2 -g  -c file_line_endings.c -o file_line_endings.o
gcc -I"/usr/share/R/include" -DNDEBUG      -fpic  -g -O2 -ffile-prefix-map=/build/r-base-4A2Reg/r-base-4.1.2=. -fstack-protector-strong -Wformat -Werror=format-security -Wdate-time -D_FORTIFY_SOURCE=2 -g  -c init.c -o init.o
gcc -I"/usr/share/R/include" -DNDEBUG      -fpic  -g -O2 -ffile-prefix-map=/build/r-base-4A2Reg/r-base-4.1.2=. -fstack-protector-strong -Wformat -Werror=format-security -Wdate-time -D_FORTIFY_SOURCE=2 -g  -c read_file.c -o read_file.o
gcc -I"/usr/share/R/include" -DNDEBUG      -fpic  -g -O2 -ffile-prefix-map=/build/r-base-4A2Reg/r-base-4.1.2=. -fstack-protector-strong -Wformat -Werror=format-security -Wdate-time -D_FORTIFY_SOURCE=2 -g  -c read_file_raw.c -o read_file_raw.o
gcc -I"/usr/share/R/include" -DNDEBUG      -fpic  -g -O2 -ffile-prefix-map=/build/r-base-4A2Reg/r-base-4.1.2=. -fstack-protector-strong -Wformat -Werror=format-security -Wdate-time -D_FORTIFY_SOURCE=2 -g  -c read_lines.c -o read_lines.o
gcc -I"/usr/share/R/include" -DNDEBUG      -fpic  -g -O2 -ffile-prefix-map=/build/r-base-4A2Reg/r-base-4.1.2=. -fstack-protector-strong -Wformat -Werror=format-security -Wdate-time -D_FORTIFY_SOURCE=2 -g  -c write_file.c -o write_file.o
gcc -I"/usr/share/R/include" -DNDEBUG      -fpic  -g -O2 -ffile-prefix-map=/build/r-base-4A2Reg/r-base-4.1.2=. -fstack-protector-strong -Wformat -Werror=format-security -Wdate-time -D_FORTIFY_SOURCE=2 -g  -c write_file_raw.c -o write_file_raw.o
gcc -I"/usr/share/R/include" -DNDEBUG      -fpic  -g -O2 -ffile-prefix-map=/build/r-base-4A2Reg/r-base-4.1.2=. -fstack-protector-strong -Wformat -Werror=format-security -Wdate-time -D_FORTIFY_SOURCE=2 -g  -c write_lines.c -o write_lines.o
gcc -shared -L/usr/lib/R/lib -Wl,-Bsymbolic-functions -flto=auto -ffat-lto-objects -flto=auto -Wl,-z,relro -o brio.so brio.o file_line_endings.o init.o read_file.o read_file_raw.o read_lines.o write_file.o write_file_raw.o write_lines.o -L/usr/lib/R/lib -lR
installing to /home/marek/R/x86_64-pc-linux-gnu-library/4.1/00LOCK-brio/00new/brio/libs
** R
** byte-compile and prepare package for lazy loading
** help
*** installing help indices
** building package indices
** testing if installed package can be loaded from temporary location
** checking absolute paths in shared objects and dynamic libraries
** testing if installed package can be loaded from final location
** testing if installed package keeps a record of temporary installation path
* DONE (brio)
* installing *source* package ‘evaluate’ ...
** package ‘evaluate’ successfully unpacked and MD5 sums checked
** using staged installation
** R
** byte-compile and prepare package for lazy loading
** help
*** installing help indices
** building package indices
** testing if installed package can be loaded from temporary location
** testing if installed package can be loaded from final location
** testing if installed package keeps a record of temporary installation path
* DONE (evaluate)
* installing *source* package ‘praise’ ...
** package ‘praise’ successfully unpacked and MD5 sums checked
** using staged installation
** R
** inst
** byte-compile and prepare package for lazy loading
** help
*** installing help indices
** building package indices
** testing if installed package can be loaded from temporary location
** testing if installed package can be loaded from final location
** testing if installed package keeps a record of temporary installation path
* DONE (praise)
* installing *source* package ‘ps’ ...
** package ‘ps’ successfully unpacked and MD5 sums checked
** using staged installation
** libs
gcc -g -O2 -ffile-prefix-map=/build/r-base-4A2Reg/r-base-4.1.2=. -fstack-protector-strong -Wformat -Werror=format-security -Wdate-time -D_FORTIFY_SOURCE=2 -g  -Wl,-Bsymbolic-functions -flto=auto -ffat-lto-objects -flto=auto -Wl,-z,relro -Wall px.c -o px
gcc -I"/usr/share/R/include" -DNDEBUG      -fpic  -g -O2 -ffile-prefix-map=/build/r-base-4A2Reg/r-base-4.1.2=. -fstack-protector-strong -Wformat -Werror=format-security -Wdate-time -D_FORTIFY_SOURCE=2 -g  -c init.c -o init.o
gcc -I"/usr/share/R/include" -DNDEBUG      -fpic  -g -O2 -ffile-prefix-map=/build/r-base-4A2Reg/r-base-4.1.2=. -fstack-protector-strong -Wformat -Werror=format-security -Wdate-time -D_FORTIFY_SOURCE=2 -g  -c api-common.c -o api-common.o
gcc -I"/usr/share/R/include" -DNDEBUG      -fpic  -g -O2 -ffile-prefix-map=/build/r-base-4A2Reg/r-base-4.1.2=. -fstack-protector-strong -Wformat -Werror=format-security -Wdate-time -D_FORTIFY_SOURCE=2 -g  -c common.c -o common.o
gcc -I"/usr/share/R/include" -DNDEBUG      -fpic  -g -O2 -ffile-prefix-map=/build/r-base-4A2Reg/r-base-4.1.2=. -fstack-protector-strong -Wformat -Werror=format-security -Wdate-time -D_FORTIFY_SOURCE=2 -g  -c extra.c -o extra.o
gcc -I"/usr/share/R/include" -DNDEBUG      -fpic  -g -O2 -ffile-prefix-map=/build/r-base-4A2Reg/r-base-4.1.2=. -fstack-protector-strong -Wformat -Werror=format-security -Wdate-time -D_FORTIFY_SOURCE=2 -g  -c dummy.c -o dummy.o
gcc -I"/usr/share/R/include" -DNDEBUG      -fpic  -g -O2 -ffile-prefix-map=/build/r-base-4A2Reg/r-base-4.1.2=. -fstack-protector-strong -Wformat -Werror=format-security -Wdate-time -D_FORTIFY_SOURCE=2 -g  -c error-codes.c -o error-codes.o
gcc -I"/usr/share/R/include" -DNDEBUG      -fpic  -g -O2 -ffile-prefix-map=/build/r-base-4A2Reg/r-base-4.1.2=. -fstack-protector-strong -Wformat -Werror=format-security -Wdate-time -D_FORTIFY_SOURCE=2 -g  -c cleancall.c -o cleancall.o
gcc -I"/usr/share/R/include" -DNDEBUG      -fpic  -g -O2 -ffile-prefix-map=/build/r-base-4A2Reg/r-base-4.1.2=. -fstack-protector-strong -Wformat -Werror=format-security -Wdate-time -D_FORTIFY_SOURCE=2 -g  -c posix.c -o posix.o
gcc -I"/usr/share/R/include" -DNDEBUG      -fpic  -g -O2 -ffile-prefix-map=/build/r-base-4A2Reg/r-base-4.1.2=. -fstack-protector-strong -Wformat -Werror=format-security -Wdate-time -D_FORTIFY_SOURCE=2 -g  -c api-posix.c -o api-posix.o
gcc -I"/usr/share/R/include" -DNDEBUG      -fpic  -g -O2 -ffile-prefix-map=/build/r-base-4A2Reg/r-base-4.1.2=. -fstack-protector-strong -Wformat -Werror=format-security -Wdate-time -D_FORTIFY_SOURCE=2 -g  -c linux.c -o linux.o
gcc -I"/usr/share/R/include" -DNDEBUG      -fpic  -g -O2 -ffile-prefix-map=/build/r-base-4A2Reg/r-base-4.1.2=. -fstack-protector-strong -Wformat -Werror=format-security -Wdate-time -D_FORTIFY_SOURCE=2 -g  -c api-linux.c -o api-linux.o
gcc -shared -L/usr/lib/R/lib -Wl,-Bsymbolic-functions -flto=auto -ffat-lto-objects -flto=auto -Wl,-z,relro -o ps.so init.o api-common.o common.o extra.o dummy.o error-codes.o cleancall.o posix.o api-posix.o linux.o api-linux.o -L/usr/lib/R/lib -lR
installing via 'install.libs.R' to /home/marek/R/x86_64-pc-linux-gnu-library/4.1/00LOCK-ps/00new/ps
** R
** inst
** byte-compile and prepare package for lazy loading
** help
*** installing help indices
** building package indices
** testing if installed package can be loaded from temporary location
** checking absolute paths in shared objects and dynamic libraries
** testing if installed package can be loaded from final location
** testing if installed package keeps a record of temporary installation path
* DONE (ps)
* installing *source* package ‘R6’ ...
** package ‘R6’ successfully unpacked and MD5 sums checked
** using staged installation
** R
** byte-compile and prepare package for lazy loading
** help
*** installing help indices
*** copying figures
** building package indices
** testing if installed package can be loaded from temporary location
** testing if installed package can be loaded from final location
** testing if installed package keeps a record of temporary installation path
* DONE (R6)
* installing *source* package ‘gitcreds’ ...
** package ‘gitcreds’ successfully unpacked and MD5 sums checked
** using staged installation
** R
** inst
** byte-compile and prepare package for lazy loading
** help
*** installing help indices
** building package indices
** installing vignettes
** testing if installed package can be loaded from temporary location
** testing if installed package can be loaded from final location
** testing if installed package keeps a record of temporary installation path
* DONE (gitcreds)
* installing *source* package ‘cli’ ...
** package ‘cli’ successfully unpacked and MD5 sums checked
** using staged installation
** libs
gcc -I"/usr/share/R/include" -DNDEBUG -I../inst/include    -fvisibility=hidden -fpic  -g -O2 -ffile-prefix-map=/build/r-base-4A2Reg/r-base-4.1.2=. -fstack-protector-strong -Wformat -Werror=format-security -Wdate-time -D_FORTIFY_SOURCE=2 -g  -c ansi.c -o ansi.o
gcc -I"/usr/share/R/include" -DNDEBUG -I../inst/include    -fvisibility=hidden -fpic  -g -O2 -ffile-prefix-map=/build/r-base-4A2Reg/r-base-4.1.2=. -fstack-protector-strong -Wformat -Werror=format-security -Wdate-time -D_FORTIFY_SOURCE=2 -g  -c cleancall.c -o cleancall.o
gcc -I"/usr/share/R/include" -DNDEBUG -I../inst/include    -fvisibility=hidden -fpic  -g -O2 -ffile-prefix-map=/build/r-base-4A2Reg/r-base-4.1.2=. -fstack-protector-strong -Wformat -Werror=format-security -Wdate-time -D_FORTIFY_SOURCE=2 -g  -c diff.c -o diff.o
gcc -I"/usr/share/R/include" -DNDEBUG -I../inst/include    -fvisibility=hidden -fpic  -g -O2 -ffile-prefix-map=/build/r-base-4A2Reg/r-base-4.1.2=. -fstack-protector-strong -Wformat -Werror=format-security -Wdate-time -D_FORTIFY_SOURCE=2 -g  -c errors.c -o errors.o
gcc -I"/usr/share/R/include" -DNDEBUG -I../inst/include    -fvisibility=hidden -fpic  -g -O2 -ffile-prefix-map=/build/r-base-4A2Reg/r-base-4.1.2=. -fstack-protector-strong -Wformat -Werror=format-security -Wdate-time -D_FORTIFY_SOURCE=2 -g  -c glue.c -o glue.o
gcc -I"/usr/share/R/include" -DNDEBUG -I../inst/include    -fvisibility=hidden -fpic  -g -O2 -ffile-prefix-map=/build/r-base-4A2Reg/r-base-4.1.2=. -fstack-protector-strong -Wformat -Werror=format-security -Wdate-time -D_FORTIFY_SOURCE=2 -g  -c init.c -o init.o
gcc -I"/usr/share/R/include" -DNDEBUG -I../inst/include    -fvisibility=hidden -fpic  -g -O2 -ffile-prefix-map=/build/r-base-4A2Reg/r-base-4.1.2=. -fstack-protector-strong -Wformat -Werror=format-security -Wdate-time -D_FORTIFY_SOURCE=2 -g  -c inst.c -o inst.o
gcc -I"/usr/share/R/include" -DNDEBUG -I../inst/include    -fvisibility=hidden -fpic  -g -O2 -ffile-prefix-map=/build/r-base-4A2Reg/r-base-4.1.2=. -fstack-protector-strong -Wformat -Werror=format-security -Wdate-time -D_FORTIFY_SOURCE=2 -g  -c keypress-unix.c -o keypress-unix.o
gcc -I"/usr/share/R/include" -DNDEBUG -I../inst/include    -fvisibility=hidden -fpic  -g -O2 -ffile-prefix-map=/build/r-base-4A2Reg/r-base-4.1.2=. -fstack-protector-strong -Wformat -Werror=format-security -Wdate-time -D_FORTIFY_SOURCE=2 -g  -c keypress-win.c -o keypress-win.o
gcc -I"/usr/share/R/include" -DNDEBUG -I../inst/include    -fvisibility=hidden -fpic  -g -O2 -ffile-prefix-map=/build/r-base-4A2Reg/r-base-4.1.2=. -fstack-protector-strong -Wformat -Werror=format-security -Wdate-time -D_FORTIFY_SOURCE=2 -g  -c keypress.c -o keypress.o
gcc -I"/usr/share/R/include" -DNDEBUG -I../inst/include    -fvisibility=hidden -fpic  -g -O2 -ffile-prefix-map=/build/r-base-4A2Reg/r-base-4.1.2=. -fstack-protector-strong -Wformat -Werror=format-security -Wdate-time -D_FORTIFY_SOURCE=2 -g  -c md5.c -o md5.o
gcc -I"/usr/share/R/include" -DNDEBUG -I../inst/include    -fvisibility=hidden -fpic  -g -O2 -ffile-prefix-map=/build/r-base-4A2Reg/r-base-4.1.2=. -fstack-protector-strong -Wformat -Werror=format-security -Wdate-time -D_FORTIFY_SOURCE=2 -g  -c progress-altrep.c -o progress-altrep.o
gcc -I"/usr/share/R/include" -DNDEBUG -I../inst/include    -fvisibility=hidden -fpic  -g -O2 -ffile-prefix-map=/build/r-base-4A2Reg/r-base-4.1.2=. -fstack-protector-strong -Wformat -Werror=format-security -Wdate-time -D_FORTIFY_SOURCE=2 -g  -c progress.c -o progress.o
gcc -I"/usr/share/R/include" -DNDEBUG -I../inst/include    -fvisibility=hidden -fpic  -g -O2 -ffile-prefix-map=/build/r-base-4A2Reg/r-base-4.1.2=. -fstack-protector-strong -Wformat -Werror=format-security -Wdate-time -D_FORTIFY_SOURCE=2 -g  -c sha1.c -o sha1.o
gcc -I"/usr/share/R/include" -DNDEBUG -I../inst/include    -fvisibility=hidden -fpic  -g -O2 -ffile-prefix-map=/build/r-base-4A2Reg/r-base-4.1.2=. -fstack-protector-strong -Wformat -Werror=format-security -Wdate-time -D_FORTIFY_SOURCE=2 -g  -c sha256.c -o sha256.o
gcc -I"/usr/share/R/include" -DNDEBUG -I../inst/include    -fvisibility=hidden -fpic  -g -O2 -ffile-prefix-map=/build/r-base-4A2Reg/r-base-4.1.2=. -fstack-protector-strong -Wformat -Werror=format-security -Wdate-time -D_FORTIFY_SOURCE=2 -g  -c thread.c -o thread.o
gcc -I"/usr/share/R/include" -DNDEBUG -I../inst/include    -fvisibility=hidden -fpic  -g -O2 -ffile-prefix-map=/build/r-base-4A2Reg/r-base-4.1.2=. -fstack-protector-strong -Wformat -Werror=format-security -Wdate-time -D_FORTIFY_SOURCE=2 -g  -c tty.c -o tty.o
gcc -I"/usr/share/R/include" -DNDEBUG -I../inst/include    -fvisibility=hidden -fpic  -g -O2 -ffile-prefix-map=/build/r-base-4A2Reg/r-base-4.1.2=. -fstack-protector-strong -Wformat -Werror=format-security -Wdate-time -D_FORTIFY_SOURCE=2 -g  -c utf8.c -o utf8.o
gcc -I"/usr/share/R/include" -DNDEBUG -I../inst/include    -fvisibility=hidden -fpic  -g -O2 -ffile-prefix-map=/build/r-base-4A2Reg/r-base-4.1.2=. -fstack-protector-strong -Wformat -Werror=format-security -Wdate-time -D_FORTIFY_SOURCE=2 -g  -c utils.c -o utils.o
gcc -I"/usr/share/R/include" -DNDEBUG -I../inst/include    -fvisibility=hidden -fpic  -g -O2 -ffile-prefix-map=/build/r-base-4A2Reg/r-base-4.1.2=. -fstack-protector-strong -Wformat -Werror=format-security -Wdate-time -D_FORTIFY_SOURCE=2 -g  -c vt.c -o vt.o
gcc -I"/usr/share/R/include" -DNDEBUG -I../inst/include    -fvisibility=hidden -fpic  -g -O2 -ffile-prefix-map=/build/r-base-4A2Reg/r-base-4.1.2=. -fstack-protector-strong -Wformat -Werror=format-security -Wdate-time -D_FORTIFY_SOURCE=2 -g  -c vtparse.c -o vtparse.o
gcc -I"/usr/share/R/include" -DNDEBUG -I../inst/include    -fvisibility=hidden -fpic  -g -O2 -ffile-prefix-map=/build/r-base-4A2Reg/r-base-4.1.2=. -fstack-protector-strong -Wformat -Werror=format-security -Wdate-time -D_FORTIFY_SOURCE=2 -g  -c vtparse_table.c -o vtparse_table.o
gcc -I"/usr/share/R/include" -DNDEBUG -I../inst/include    -fvisibility=hidden -fpic  -g -O2 -ffile-prefix-map=/build/r-base-4A2Reg/r-base-4.1.2=. -fstack-protector-strong -Wformat -Werror=format-security -Wdate-time -D_FORTIFY_SOURCE=2 -g  -c win-utf8.c -o win-utf8.o
gcc -I"/usr/share/R/include" -DNDEBUG -I../inst/include    -fvisibility=hidden -fpic  -g -O2 -ffile-prefix-map=/build/r-base-4A2Reg/r-base-4.1.2=. -fstack-protector-strong -Wformat -Werror=format-security -Wdate-time -D_FORTIFY_SOURCE=2 -g  -c winfiles.c -o winfiles.o
gcc -I"/usr/share/R/include" -DNDEBUG -I../inst/include    -fvisibility=hidden -fpic  -g -O2 -ffile-prefix-map=/build/r-base-4A2Reg/r-base-4.1.2=. -fstack-protector-strong -Wformat -Werror=format-security -Wdate-time -D_FORTIFY_SOURCE=2 -g  -c xxhash.c -o xxhash.o
gcc -I"/usr/share/R/include" -DNDEBUG -I../inst/include    -fvisibility=hidden -fpic  -g -O2 -ffile-prefix-map=/build/r-base-4A2Reg/r-base-4.1.2=. -fstack-protector-strong -Wformat -Werror=format-security -Wdate-time -D_FORTIFY_SOURCE=2 -g  -c xxhash2.c -o xxhash2.o
gcc -shared -L/usr/lib/R/lib -Wl,-Bsymbolic-functions -flto=auto -ffat-lto-objects -flto=auto -Wl,-z,relro -o cli.so ansi.o cleancall.o diff.o errors.o glue.o init.o inst.o keypress-unix.o keypress-win.o keypress.o md5.o progress-altrep.o progress.o sha1.o sha256.o thread.o tty.o utf8.o utils.o vt.o vtparse.o vtparse_table.o win-utf8.o winfiles.o xxhash.o xxhash2.o -lpthread -L/usr/lib/R/lib -lR
installing to /home/marek/R/x86_64-pc-linux-gnu-library/4.1/00LOCK-cli/00new/cli/libs
** R
** exec
** inst
** byte-compile and prepare package for lazy loading
** help
*** installing help indices
*** copying figures
** building package indices
** testing if installed package can be loaded from temporary location
** checking absolute paths in shared objects and dynamic libraries
** testing if installed package can be loaded from final location
** testing if installed package keeps a record of temporary installation path
* DONE (cli)
* installing *source* package ‘fs’ ...
** package ‘fs’ successfully unpacked and MD5 sums checked
** using staged installation
Package libuv was not found in the pkg-config search path.
Perhaps you should add the directory containing `libuv.pc'
to the PKG_CONFIG_PATH environment variable
No package 'libuv' found
Using PKG_CFLAGS=
Using PKG_LIBS=-luv
--------------------------- [CONFIGURE] --------------------------------
Configuration failed because libuv was not found. Try installing:
 * deb: libuv1-dev (Debian, Ubuntu, etc)
 * rpm: libuv-devel (Fedora, EPEL)
 * brew: libuv (OSX)
Alternatively set environment variable USE_BUNDLED_LIBUV=1 to build a static
version of libuv that is included with this package.
-------------------------- [ERROR MESSAGE] ---------------------------
<stdin>:1:10: fatal error: uv.h: No such file or directory
compilation terminated.
--------------------------------------------------------------------
ERROR: configuration failed for package ‘fs’
* removing ‘/home/marek/R/x86_64-pc-linux-gnu-library/4.1/fs’
* installing *source* package ‘pak’ ...
** package ‘pak’ successfully unpacked and MD5 sums checked
** using staged installation
** Running ./configure
** libs
Current platform: x86_64-pc-linux-gnu 
Build platform:   
Target platform:   

Compiling R6 

Compiling cli 
make[1]: Entering directory '/tmp/RtmprsYR2k/R.INSTALL13ad40096958/pak/src/library/cli/src'
gcc -I"/usr/share/R/include" -DNDEBUG -I../inst/include    -fvisibility=hidden -fpic  -g -O2 -ffile-prefix-map=/build/r-base-4A2Reg/r-base-4.1.2=. -fstack-protector-strong -Wformat -Werror=format-security -Wdate-time -D_FORTIFY_SOURCE=2 -g  -c ansi.c -o ansi.o
gcc -I"/usr/share/R/include" -DNDEBUG -I../inst/include    -fvisibility=hidden -fpic  -g -O2 -ffile-prefix-map=/build/r-base-4A2Reg/r-base-4.1.2=. -fstack-protector-strong -Wformat -Werror=format-security -Wdate-time -D_FORTIFY_SOURCE=2 -g  -c cleancall.c -o cleancall.o
gcc -I"/usr/share/R/include" -DNDEBUG -I../inst/include    -fvisibility=hidden -fpic  -g -O2 -ffile-prefix-map=/build/r-base-4A2Reg/r-base-4.1.2=. -fstack-protector-strong -Wformat -Werror=format-security -Wdate-time -D_FORTIFY_SOURCE=2 -g  -c diff.c -o diff.o
gcc -I"/usr/share/R/include" -DNDEBUG -I../inst/include    -fvisibility=hidden -fpic  -g -O2 -ffile-prefix-map=/build/r-base-4A2Reg/r-base-4.1.2=. -fstack-protector-strong -Wformat -Werror=format-security -Wdate-time -D_FORTIFY_SOURCE=2 -g  -c errors.c -o errors.o
gcc -I"/usr/share/R/include" -DNDEBUG -I../inst/include    -fvisibility=hidden -fpic  -g -O2 -ffile-prefix-map=/build/r-base-4A2Reg/r-base-4.1.2=. -fstack-protector-strong -Wformat -Werror=format-security -Wdate-time -D_FORTIFY_SOURCE=2 -g  -c glue.c -o glue.o
gcc -I"/usr/share/R/include" -DNDEBUG -I../inst/include    -fvisibility=hidden -fpic  -g -O2 -ffile-prefix-map=/build/r-base-4A2Reg/r-base-4.1.2=. -fstack-protector-strong -Wformat -Werror=format-security -Wdate-time -D_FORTIFY_SOURCE=2 -g  -c init.c -o init.o
gcc -I"/usr/share/R/include" -DNDEBUG -I../inst/include    -fvisibility=hidden -fpic  -g -O2 -ffile-prefix-map=/build/r-base-4A2Reg/r-base-4.1.2=. -fstack-protector-strong -Wformat -Werror=format-security -Wdate-time -D_FORTIFY_SOURCE=2 -g  -c inst.c -o inst.o
gcc -I"/usr/share/R/include" -DNDEBUG -I../inst/include    -fvisibility=hidden -fpic  -g -O2 -ffile-prefix-map=/build/r-base-4A2Reg/r-base-4.1.2=. -fstack-protector-strong -Wformat -Werror=format-security -Wdate-time -D_FORTIFY_SOURCE=2 -g  -c keypress-unix.c -o keypress-unix.o
gcc -I"/usr/share/R/include" -DNDEBUG -I../inst/include    -fvisibility=hidden -fpic  -g -O2 -ffile-prefix-map=/build/r-base-4A2Reg/r-base-4.1.2=. -fstack-protector-strong -Wformat -Werror=format-security -Wdate-time -D_FORTIFY_SOURCE=2 -g  -c keypress-win.c -o keypress-win.o
gcc -I"/usr/share/R/include" -DNDEBUG -I../inst/include    -fvisibility=hidden -fpic  -g -O2 -ffile-prefix-map=/build/r-base-4A2Reg/r-base-4.1.2=. -fstack-protector-strong -Wformat -Werror=format-security -Wdate-time -D_FORTIFY_SOURCE=2 -g  -c keypress.c -o keypress.o
gcc -I"/usr/share/R/include" -DNDEBUG -I../inst/include    -fvisibility=hidden -fpic  -g -O2 -ffile-prefix-map=/build/r-base-4A2Reg/r-base-4.1.2=. -fstack-protector-strong -Wformat -Werror=format-security -Wdate-time -D_FORTIFY_SOURCE=2 -g  -c md5.c -o md5.o
gcc -I"/usr/share/R/include" -DNDEBUG -I../inst/include    -fvisibility=hidden -fpic  -g -O2 -ffile-prefix-map=/build/r-base-4A2Reg/r-base-4.1.2=. -fstack-protector-strong -Wformat -Werror=format-security -Wdate-time -D_FORTIFY_SOURCE=2 -g  -c progress-altrep.c -o progress-altrep.o
gcc -I"/usr/share/R/include" -DNDEBUG -I../inst/include    -fvisibility=hidden -fpic  -g -O2 -ffile-prefix-map=/build/r-base-4A2Reg/r-base-4.1.2=. -fstack-protector-strong -Wformat -Werror=format-security -Wdate-time -D_FORTIFY_SOURCE=2 -g  -c progress.c -o progress.o
gcc -I"/usr/share/R/include" -DNDEBUG -I../inst/include    -fvisibility=hidden -fpic  -g -O2 -ffile-prefix-map=/build/r-base-4A2Reg/r-base-4.1.2=. -fstack-protector-strong -Wformat -Werror=format-security -Wdate-time -D_FORTIFY_SOURCE=2 -g  -c sha1.c -o sha1.o
gcc -I"/usr/share/R/include" -DNDEBUG -I../inst/include    -fvisibility=hidden -fpic  -g -O2 -ffile-prefix-map=/build/r-base-4A2Reg/r-base-4.1.2=. -fstack-protector-strong -Wformat -Werror=format-security -Wdate-time -D_FORTIFY_SOURCE=2 -g  -c sha256.c -o sha256.o
gcc -I"/usr/share/R/include" -DNDEBUG -I../inst/include    -fvisibility=hidden -fpic  -g -O2 -ffile-prefix-map=/build/r-base-4A2Reg/r-base-4.1.2=. -fstack-protector-strong -Wformat -Werror=format-security -Wdate-time -D_FORTIFY_SOURCE=2 -g  -c thread.c -o thread.o
gcc -I"/usr/share/R/include" -DNDEBUG -I../inst/include    -fvisibility=hidden -fpic  -g -O2 -ffile-prefix-map=/build/r-base-4A2Reg/r-base-4.1.2=. -fstack-protector-strong -Wformat -Werror=format-security -Wdate-time -D_FORTIFY_SOURCE=2 -g  -c tty.c -o tty.o
gcc -I"/usr/share/R/include" -DNDEBUG -I../inst/include    -fvisibility=hidden -fpic  -g -O2 -ffile-prefix-map=/build/r-base-4A2Reg/r-base-4.1.2=. -fstack-protector-strong -Wformat -Werror=format-security -Wdate-time -D_FORTIFY_SOURCE=2 -g  -c utf8.c -o utf8.o
gcc -I"/usr/share/R/include" -DNDEBUG -I../inst/include    -fvisibility=hidden -fpic  -g -O2 -ffile-prefix-map=/build/r-base-4A2Reg/r-base-4.1.2=. -fstack-protector-strong -Wformat -Werror=format-security -Wdate-time -D_FORTIFY_SOURCE=2 -g  -c utils.c -o utils.o
gcc -I"/usr/share/R/include" -DNDEBUG -I../inst/include    -fvisibility=hidden -fpic  -g -O2 -ffile-prefix-map=/build/r-base-4A2Reg/r-base-4.1.2=. -fstack-protector-strong -Wformat -Werror=format-security -Wdate-time -D_FORTIFY_SOURCE=2 -g  -c vt.c -o vt.o
gcc -I"/usr/share/R/include" -DNDEBUG -I../inst/include    -fvisibility=hidden -fpic  -g -O2 -ffile-prefix-map=/build/r-base-4A2Reg/r-base-4.1.2=. -fstack-protector-strong -Wformat -Werror=format-security -Wdate-time -D_FORTIFY_SOURCE=2 -g  -c vtparse.c -o vtparse.o
gcc -I"/usr/share/R/include" -DNDEBUG -I../inst/include    -fvisibility=hidden -fpic  -g -O2 -ffile-prefix-map=/build/r-base-4A2Reg/r-base-4.1.2=. -fstack-protector-strong -Wformat -Werror=format-security -Wdate-time -D_FORTIFY_SOURCE=2 -g  -c vtparse_table.c -o vtparse_table.o
gcc -I"/usr/share/R/include" -DNDEBUG -I../inst/include    -fvisibility=hidden -fpic  -g -O2 -ffile-prefix-map=/build/r-base-4A2Reg/r-base-4.1.2=. -fstack-protector-strong -Wformat -Werror=format-security -Wdate-time -D_FORTIFY_SOURCE=2 -g  -c win-utf8.c -o win-utf8.o
gcc -I"/usr/share/R/include" -DNDEBUG -I../inst/include    -fvisibility=hidden -fpic  -g -O2 -ffile-prefix-map=/build/r-base-4A2Reg/r-base-4.1.2=. -fstack-protector-strong -Wformat -Werror=format-security -Wdate-time -D_FORTIFY_SOURCE=2 -g  -c winfiles.c -o winfiles.o
gcc -I"/usr/share/R/include" -DNDEBUG -I../inst/include    -fvisibility=hidden -fpic  -g -O2 -ffile-prefix-map=/build/r-base-4A2Reg/r-base-4.1.2=. -fstack-protector-strong -Wformat -Werror=format-security -Wdate-time -D_FORTIFY_SOURCE=2 -g  -c xxhash.c -o xxhash.o
gcc -I"/usr/share/R/include" -DNDEBUG -I../inst/include    -fvisibility=hidden -fpic  -g -O2 -ffile-prefix-map=/build/r-base-4A2Reg/r-base-4.1.2=. -fstack-protector-strong -Wformat -Werror=format-security -Wdate-time -D_FORTIFY_SOURCE=2 -g  -c xxhash2.c -o xxhash2.o
gcc -shared -L/usr/lib/R/lib -Wl,-Bsymbolic-functions -flto=auto -ffat-lto-objects -flto=auto -Wl,-z,relro -o cli.so ansi.o cleancall.o diff.o errors.o glue.o init.o inst.o keypress-unix.o keypress-win.o keypress.o md5.o progress-altrep.o progress.o sha1.o sha256.o thread.o tty.o utf8.o utils.o vt.o vtparse.o vtparse_table.o win-utf8.o winfiles.o xxhash.o xxhash2.o -lpthread -L/usr/lib/R/lib -lR
make[1]: Leaving directory '/tmp/RtmprsYR2k/R.INSTALL13ad40096958/pak/src/library/cli/src'
installing to /home/marek/R/x86_64-pc-linux-gnu-library/4.1/00LOCK-pak/00new/pak/library/cli/libs

Compiling curl 
Package libcurl was not found in the pkg-config search path.
Perhaps you should add the directory containing `libcurl.pc'
to the PKG_CONFIG_PATH environment variable
No package 'libcurl' found
Package libcurl was not found in the pkg-config search path.
Perhaps you should add the directory containing `libcurl.pc'
to the PKG_CONFIG_PATH environment variable
No package 'libcurl' found
Using PKG_CFLAGS=
Using PKG_LIBS=-lcurl
--------------------------- [ANTICONF] --------------------------------
Configuration failed because libcurl was not found. Try installing:
 * deb: libcurl4-openssl-dev (Debian, Ubuntu, etc)
 * rpm: libcurl-devel (Fedora, CentOS, RHEL)
If libcurl is already installed, check that 'pkg-config' is in your
PATH and PKG_CONFIG_PATH contains a libcurl.pc file. If pkg-config
is unavailable you can set INCLUDE_DIR and LIB_DIR manually via:
R CMD INSTALL --configure-vars='INCLUDE_DIR=... LIB_DIR=...'
-------------------------- [ERROR MESSAGE] ---------------------------
<stdin>:1:10: fatal error: curl/curl.h: No such file or directory
compilation terminated.
--------------------------------------------------------------------
ERROR: configuration failed for package ‘curl’
Error in install_one(pkg, lib = lib) : FAILED
Calls: install_embedded_main -> install_all -> install_one
Execution halted
installing via 'install.libs.R' to /home/marek/R/x86_64-pc-linux-gnu-library/4.1/00LOCK-pak/00new/pak
Error in eval(ei, envir) : Compilation failed.
* removing ‘/home/marek/R/x86_64-pc-linux-gnu-library/4.1/pak’
* installing *source* package ‘rlang’ ...
** package ‘rlang’ successfully unpacked and MD5 sums checked
** using staged installation
** libs
gcc -I"/usr/share/R/include" -DNDEBUG -I./rlang/    -fvisibility=hidden -fpic  -g -O2 -ffile-prefix-map=/build/r-base-4A2Reg/r-base-4.1.2=. -fstack-protector-strong -Wformat -Werror=format-security -Wdate-time -D_FORTIFY_SOURCE=2 -g  -c capture.c -o capture.o
gcc -I"/usr/share/R/include" -DNDEBUG -I./rlang/    -fvisibility=hidden -fpic  -g -O2 -ffile-prefix-map=/build/r-base-4A2Reg/r-base-4.1.2=. -fstack-protector-strong -Wformat -Werror=format-security -Wdate-time -D_FORTIFY_SOURCE=2 -g  -c internal.c -o internal.o
gcc -I"/usr/share/R/include" -DNDEBUG -I./rlang/    -fvisibility=hidden -fpic  -g -O2 -ffile-prefix-map=/build/r-base-4A2Reg/r-base-4.1.2=. -fstack-protector-strong -Wformat -Werror=format-security -Wdate-time -D_FORTIFY_SOURCE=2 -g  -c rlang.c -o rlang.o
gcc -I"/usr/share/R/include" -DNDEBUG -I./rlang/    -fvisibility=hidden -fpic  -g -O2 -ffile-prefix-map=/build/r-base-4A2Reg/r-base-4.1.2=. -fstack-protector-strong -Wformat -Werror=format-security -Wdate-time -D_FORTIFY_SOURCE=2 -g  -c version.c -o version.o
gcc -shared -L/usr/lib/R/lib -Wl,-Bsymbolic-functions -flto=auto -ffat-lto-objects -flto=auto -Wl,-z,relro -o rlang.so capture.o internal.o rlang.o version.o -L/usr/lib/R/lib -lR
installing to /home/marek/R/x86_64-pc-linux-gnu-library/4.1/00LOCK-rlang/00new/rlang/libs
** R
** inst
** byte-compile and prepare package for lazy loading
** help
*** installing help indices
*** copying figures
** building package indices
** testing if installed package can be loaded from temporary location
** checking absolute paths in shared objects and dynamic libraries
** testing if installed package can be loaded from final location
** testing if installed package keeps a record of temporary installation path
* DONE (rlang)
* installing *source* package ‘withr’ ...
** package ‘withr’ successfully unpacked and MD5 sums checked
** using staged installation
** R
** inst
** byte-compile and prepare package for lazy loading
** help
*** installing help indices
*** copying figures
** building package indices
** installing vignettes
** testing if installed package can be loaded from temporary location
** testing if installed package can be loaded from final location
** testing if installed package keeps a record of temporary installation path
* DONE (withr)
* installing *source* package ‘DEoptim’ ...
** package ‘DEoptim’ successfully unpacked and MD5 sums checked
** using staged installation
** libs
gcc -I"/usr/share/R/include" -DNDEBUG      -fpic  -g -O2 -ffile-prefix-map=/build/r-base-4A2Reg/r-base-4.1.2=. -fstack-protector-strong -Wformat -Werror=format-security -Wdate-time -D_FORTIFY_SOURCE=2 -g  -c DEoptim_init.c -o DEoptim_init.o
gcc -I"/usr/share/R/include" -DNDEBUG      -fpic  -g -O2 -ffile-prefix-map=/build/r-base-4A2Reg/r-base-4.1.2=. -fstack-protector-strong -Wformat -Werror=format-security -Wdate-time -D_FORTIFY_SOURCE=2 -g  -c de4_0.c -o de4_0.o
gcc -I"/usr/share/R/include" -DNDEBUG      -fpic  -g -O2 -ffile-prefix-map=/build/r-base-4A2Reg/r-base-4.1.2=. -fstack-protector-strong -Wformat -Werror=format-security -Wdate-time -D_FORTIFY_SOURCE=2 -g  -c evaluate.c -o evaluate.o
gcc -I"/usr/share/R/include" -DNDEBUG      -fpic  -g -O2 -ffile-prefix-map=/build/r-base-4A2Reg/r-base-4.1.2=. -fstack-protector-strong -Wformat -Werror=format-security -Wdate-time -D_FORTIFY_SOURCE=2 -g  -c get_element.c -o get_element.o
gcc -shared -L/usr/lib/R/lib -Wl,-Bsymbolic-functions -flto=auto -ffat-lto-objects -flto=auto -Wl,-z,relro -o DEoptim.so DEoptim_init.o de4_0.o evaluate.o get_element.o -L/usr/lib/R/lib -lR
installing to /home/marek/R/x86_64-pc-linux-gnu-library/4.1/00LOCK-DEoptim/00new/DEoptim/libs
** R
** data
** demo
** inst
** byte-compile and prepare package for lazy loading
** help
*** installing help indices
** building package indices
** testing if installed package can be loaded from temporary location
** checking absolute paths in shared objects and dynamic libraries
** testing if installed package can be loaded from final location
** testing if installed package keeps a record of temporary installation path
* DONE (DEoptim)
* installing *source* package ‘rprojroot’ ...
** package ‘rprojroot’ successfully unpacked and MD5 sums checked
** using staged installation
** R
** inst
** byte-compile and prepare package for lazy loading
** help
*** installing help indices
*** copying figures
** building package indices
** installing vignettes
** testing if installed package can be loaded from temporary location
** testing if installed package can be loaded from final location
** testing if installed package keeps a record of temporary installation path
* DONE (rprojroot)
* installing *source* package ‘askpass’ ...
** package ‘askpass’ successfully unpacked and MD5 sums checked
** using staged installation
** libs
gcc -I"/usr/share/R/include" -DNDEBUG      -fpic  -g -O2 -ffile-prefix-map=/build/r-base-4A2Reg/r-base-4.1.2=. -fstack-protector-strong -Wformat -Werror=format-security -Wdate-time -D_FORTIFY_SOURCE=2 -g  -c askpass.c -o askpass.o
gcc -shared -L/usr/lib/R/lib -Wl,-Bsymbolic-functions -flto=auto -ffat-lto-objects -flto=auto -Wl,-z,relro -o askpass.so askpass.o -L/usr/lib/R/lib -lR
installing to /home/marek/R/x86_64-pc-linux-gnu-library/4.1/00LOCK-askpass/00new/askpass/libs
** R
** inst
** byte-compile and prepare package for lazy loading
** help
*** installing help indices
** building package indices
** testing if installed package can be loaded from temporary location
** checking absolute paths in shared objects and dynamic libraries
** testing if installed package can be loaded from final location
** testing if installed package keeps a record of temporary installation path
* DONE (askpass)
* installing *source* package ‘zip’ ...
** package ‘zip’ successfully unpacked and MD5 sums checked
** using staged installation
** libs
gcc -g -O2 -ffile-prefix-map=/build/r-base-4A2Reg/r-base-4.1.2=. -fstack-protector-strong -Wformat -Werror=format-security -Wdate-time -D_FORTIFY_SOURCE=2 -g  -Imbedtls/include -Imbedtls/library -DMBEDTLS_CONFIG_FILE='"zip_mbedtls_config.h"' miniz.c zip.c crypto.c unixutils.c mbedtls/library/aes.c mbedtls/library/sha1.c mbedtls/library/md.c mbedtls/library/pkcs5.c mbedtls/library/platform.c mbedtls/library/platform_util.c tools/cmdzip.c -o tools/cmdzip
gcc -g -O2 -ffile-prefix-map=/build/r-base-4A2Reg/r-base-4.1.2=. -fstack-protector-strong -Wformat -Werror=format-security -Wdate-time -D_FORTIFY_SOURCE=2 -g  -Imbedtls/include -Imbedtls/library -DMBEDTLS_CONFIG_FILE='"zip_mbedtls_config.h"' miniz.c zip.c crypto.c unixutils.c mbedtls/library/aes.c mbedtls/library/sha1.c mbedtls/library/md.c mbedtls/library/pkcs5.c mbedtls/library/platform.c mbedtls/library/platform_util.c tools/cmdunzip.c -o tools/cmdunzip
gcc -I"/usr/share/R/include" -DNDEBUG -Imbedtls/include -Imbedtls/library -DMBEDTLS_CONFIG_FILE='"zip_mbedtls_config.h"' -I'/home/marek/R/x86_64-pc-linux-gnu-library/4.1/cli/include'   -fvisibility=hidden -fpic  -g -O2 -ffile-prefix-map=/build/r-base-4A2Reg/r-base-4.1.2=. -fstack-protector-strong -Wformat -Werror=format-security -Wdate-time -D_FORTIFY_SOURCE=2 -g  -c init.c -o init.o
gcc -I"/usr/share/R/include" -DNDEBUG -Imbedtls/include -Imbedtls/library -DMBEDTLS_CONFIG_FILE='"zip_mbedtls_config.h"' -I'/home/marek/R/x86_64-pc-linux-gnu-library/4.1/cli/include'   -fvisibility=hidden -fpic  -g -O2 -ffile-prefix-map=/build/r-base-4A2Reg/r-base-4.1.2=. -fstack-protector-strong -Wformat -Werror=format-security -Wdate-time -D_FORTIFY_SOURCE=2 -g  -c miniz.c -o miniz.o
gcc -I"/usr/share/R/include" -DNDEBUG -Imbedtls/include -Imbedtls/library -DMBEDTLS_CONFIG_FILE='"zip_mbedtls_config.h"' -I'/home/marek/R/x86_64-pc-linux-gnu-library/4.1/cli/include'   -fvisibility=hidden -fpic  -g -O2 -ffile-prefix-map=/build/r-base-4A2Reg/r-base-4.1.2=. -fstack-protector-strong -Wformat -Werror=format-security -Wdate-time -D_FORTIFY_SOURCE=2 -g  -c rzip.c -o rzip.o
gcc -I"/usr/share/R/include" -DNDEBUG -Imbedtls/include -Imbedtls/library -DMBEDTLS_CONFIG_FILE='"zip_mbedtls_config.h"' -I'/home/marek/R/x86_64-pc-linux-gnu-library/4.1/cli/include'   -fvisibility=hidden -fpic  -g -O2 -ffile-prefix-map=/build/r-base-4A2Reg/r-base-4.1.2=. -fstack-protector-strong -Wformat -Werror=format-security -Wdate-time -D_FORTIFY_SOURCE=2 -g  -c zip.c -o zip.o
gcc -I"/usr/share/R/include" -DNDEBUG -Imbedtls/include -Imbedtls/library -DMBEDTLS_CONFIG_FILE='"zip_mbedtls_config.h"' -I'/home/marek/R/x86_64-pc-linux-gnu-library/4.1/cli/include'   -fvisibility=hidden -fpic  -g -O2 -ffile-prefix-map=/build/r-base-4A2Reg/r-base-4.1.2=. -fstack-protector-strong -Wformat -Werror=format-security -Wdate-time -D_FORTIFY_SOURCE=2 -g  -c crypto.c -o crypto.o
gcc -I"/usr/share/R/include" -DNDEBUG -Imbedtls/include -Imbedtls/library -DMBEDTLS_CONFIG_FILE='"zip_mbedtls_config.h"' -I'/home/marek/R/x86_64-pc-linux-gnu-library/4.1/cli/include'   -fvisibility=hidden -fpic  -g -O2 -ffile-prefix-map=/build/r-base-4A2Reg/r-base-4.1.2=. -fstack-protector-strong -Wformat -Werror=format-security -Wdate-time -D_FORTIFY_SOURCE=2 -g  -c unixutils.c -o unixutils.o
gcc -I"/usr/share/R/include" -DNDEBUG -Imbedtls/include -Imbedtls/library -DMBEDTLS_CONFIG_FILE='"zip_mbedtls_config.h"' -I'/home/marek/R/x86_64-pc-linux-gnu-library/4.1/cli/include'   -fvisibility=hidden -fpic  -g -O2 -ffile-prefix-map=/build/r-base-4A2Reg/r-base-4.1.2=. -fstack-protector-strong -Wformat -Werror=format-security -Wdate-time -D_FORTIFY_SOURCE=2 -g  -c errors.c -o errors.o
gcc -I"/usr/share/R/include" -DNDEBUG -Imbedtls/include -Imbedtls/library -DMBEDTLS_CONFIG_FILE='"zip_mbedtls_config.h"' -I'/home/marek/R/x86_64-pc-linux-gnu-library/4.1/cli/include'   -fvisibility=hidden -fpic  -g -O2 -ffile-prefix-map=/build/r-base-4A2Reg/r-base-4.1.2=. -fstack-protector-strong -Wformat -Werror=format-security -Wdate-time -D_FORTIFY_SOURCE=2 -g  -c cleancall.c -o cleancall.o
gcc -I"/usr/share/R/include" -DNDEBUG -Imbedtls/include -Imbedtls/library -DMBEDTLS_CONFIG_FILE='"zip_mbedtls_config.h"' -I'/home/marek/R/x86_64-pc-linux-gnu-library/4.1/cli/include'   -fvisibility=hidden -fpic  -g -O2 -ffile-prefix-map=/build/r-base-4A2Reg/r-base-4.1.2=. -fstack-protector-strong -Wformat -Werror=format-security -Wdate-time -D_FORTIFY_SOURCE=2 -g  -c cmdunzip_lib.c -o cmdunzip_lib.o
gcc -I"/usr/share/R/include" -DNDEBUG -Imbedtls/include -Imbedtls/library -DMBEDTLS_CONFIG_FILE='"zip_mbedtls_config.h"' -I'/home/marek/R/x86_64-pc-linux-gnu-library/4.1/cli/include'   -fvisibility=hidden -fpic  -g -O2 -ffile-prefix-map=/build/r-base-4A2Reg/r-base-4.1.2=. -fstack-protector-strong -Wformat -Werror=format-security -Wdate-time -D_FORTIFY_SOURCE=2 -g  -c mbedtls/library/aes.c -o mbedtls/library/aes.o
gcc -I"/usr/share/R/include" -DNDEBUG -Imbedtls/include -Imbedtls/library -DMBEDTLS_CONFIG_FILE='"zip_mbedtls_config.h"' -I'/home/marek/R/x86_64-pc-linux-gnu-library/4.1/cli/include'   -fvisibility=hidden -fpic  -g -O2 -ffile-prefix-map=/build/r-base-4A2Reg/r-base-4.1.2=. -fstack-protector-strong -Wformat -Werror=format-security -Wdate-time -D_FORTIFY_SOURCE=2 -g  -c mbedtls/library/sha1.c -o mbedtls/library/sha1.o
gcc -I"/usr/share/R/include" -DNDEBUG -Imbedtls/include -Imbedtls/library -DMBEDTLS_CONFIG_FILE='"zip_mbedtls_config.h"' -I'/home/marek/R/x86_64-pc-linux-gnu-library/4.1/cli/include'   -fvisibility=hidden -fpic  -g -O2 -ffile-prefix-map=/build/r-base-4A2Reg/r-base-4.1.2=. -fstack-protector-strong -Wformat -Werror=format-security -Wdate-time -D_FORTIFY_SOURCE=2 -g  -c mbedtls/library/md.c -o mbedtls/library/md.o
gcc -I"/usr/share/R/include" -DNDEBUG -Imbedtls/include -Imbedtls/library -DMBEDTLS_CONFIG_FILE='"zip_mbedtls_config.h"' -I'/home/marek/R/x86_64-pc-linux-gnu-library/4.1/cli/include'   -fvisibility=hidden -fpic  -g -O2 -ffile-prefix-map=/build/r-base-4A2Reg/r-base-4.1.2=. -fstack-protector-strong -Wformat -Werror=format-security -Wdate-time -D_FORTIFY_SOURCE=2 -g  -c mbedtls/library/pkcs5.c -o mbedtls/library/pkcs5.o
gcc -I"/usr/share/R/include" -DNDEBUG -Imbedtls/include -Imbedtls/library -DMBEDTLS_CONFIG_FILE='"zip_mbedtls_config.h"' -I'/home/marek/R/x86_64-pc-linux-gnu-library/4.1/cli/include'   -fvisibility=hidden -fpic  -g -O2 -ffile-prefix-map=/build/r-base-4A2Reg/r-base-4.1.2=. -fstack-protector-strong -Wformat -Werror=format-security -Wdate-time -D_FORTIFY_SOURCE=2 -g  -c mbedtls/library/platform.c -o mbedtls/library/platform.o
gcc -I"/usr/share/R/include" -DNDEBUG -Imbedtls/include -Imbedtls/library -DMBEDTLS_CONFIG_FILE='"zip_mbedtls_config.h"' -I'/home/marek/R/x86_64-pc-linux-gnu-library/4.1/cli/include'   -fvisibility=hidden -fpic  -g -O2 -ffile-prefix-map=/build/r-base-4A2Reg/r-base-4.1.2=. -fstack-protector-strong -Wformat -Werror=format-security -Wdate-time -D_FORTIFY_SOURCE=2 -g  -c mbedtls/library/platform_util.c -o mbedtls/library/platform_util.o
gcc -shared -L/usr/lib/R/lib -Wl,-Bsymbolic-functions -flto=auto -ffat-lto-objects -flto=auto -Wl,-z,relro -o zip.so init.o miniz.o rzip.o zip.o crypto.o unixutils.o errors.o cleancall.o cmdunzip_lib.o mbedtls/library/aes.o mbedtls/library/sha1.o mbedtls/library/md.o mbedtls/library/pkcs5.o mbedtls/library/platform.o mbedtls/library/platform_util.o -lpthread -L/usr/lib/R/lib -lR
installing via 'install.libs.R' to /home/marek/R/x86_64-pc-linux-gnu-library/4.1/00LOCK-zip/00new/zip
** R
** inst
** byte-compile and prepare package for lazy loading
** help
*** installing help indices
** building package indices
** testing if installed package can be loaded from temporary location
** checking absolute paths in shared objects and dynamic libraries
** testing if installed package can be loaded from final location
** testing if installed package keeps a record of temporary installation path
* DONE (zip)
* installing *source* package ‘later’ ...
** package ‘later’ successfully unpacked and MD5 sums checked
** using staged installation
Running configure script
-latomic linker flag not needed.
** libs
g++ -std=gnu++14 -I"/usr/share/R/include" -DNDEBUG -pthread -DSTRICT_R_HEADERS -DRCPP_NO_MODULES  -I'/home/marek/R/x86_64-pc-linux-gnu-library/4.1/Rcpp/include'    -fpic  -g -O2 -ffile-prefix-map=/build/r-base-4A2Reg/r-base-4.1.2=. -fstack-protector-strong -Wformat -Werror=format-security -Wdate-time -D_FORTIFY_SOURCE=2 -g  -c RcppExports.cpp -o RcppExports.o
g++ -std=gnu++14 -I"/usr/share/R/include" -DNDEBUG -pthread -DSTRICT_R_HEADERS -DRCPP_NO_MODULES  -I'/home/marek/R/x86_64-pc-linux-gnu-library/4.1/Rcpp/include'    -fpic  -g -O2 -ffile-prefix-map=/build/r-base-4A2Reg/r-base-4.1.2=. -fstack-protector-strong -Wformat -Werror=format-security -Wdate-time -D_FORTIFY_SOURCE=2 -g  -c callback_registry.cpp -o callback_registry.o
g++ -std=gnu++14 -I"/usr/share/R/include" -DNDEBUG -pthread -DSTRICT_R_HEADERS -DRCPP_NO_MODULES  -I'/home/marek/R/x86_64-pc-linux-gnu-library/4.1/Rcpp/include'    -fpic  -g -O2 -ffile-prefix-map=/build/r-base-4A2Reg/r-base-4.1.2=. -fstack-protector-strong -Wformat -Werror=format-security -Wdate-time -D_FORTIFY_SOURCE=2 -g  -c debug.cpp -o debug.o
g++ -std=gnu++14 -I"/usr/share/R/include" -DNDEBUG -pthread -DSTRICT_R_HEADERS -DRCPP_NO_MODULES  -I'/home/marek/R/x86_64-pc-linux-gnu-library/4.1/Rcpp/include'    -fpic  -g -O2 -ffile-prefix-map=/build/r-base-4A2Reg/r-base-4.1.2=. -fstack-protector-strong -Wformat -Werror=format-security -Wdate-time -D_FORTIFY_SOURCE=2 -g  -c fd.cpp -o fd.o
gcc -I"/usr/share/R/include" -DNDEBUG -pthread -DSTRICT_R_HEADERS -DRCPP_NO_MODULES  -I'/home/marek/R/x86_64-pc-linux-gnu-library/4.1/Rcpp/include'    -fpic  -g -O2 -ffile-prefix-map=/build/r-base-4A2Reg/r-base-4.1.2=. -fstack-protector-strong -Wformat -Werror=format-security -Wdate-time -D_FORTIFY_SOURCE=2 -g  -c init.c -o init.o
g++ -std=gnu++14 -I"/usr/share/R/include" -DNDEBUG -pthread -DSTRICT_R_HEADERS -DRCPP_NO_MODULES  -I'/home/marek/R/x86_64-pc-linux-gnu-library/4.1/Rcpp/include'    -fpic  -g -O2 -ffile-prefix-map=/build/r-base-4A2Reg/r-base-4.1.2=. -fstack-protector-strong -Wformat -Werror=format-security -Wdate-time -D_FORTIFY_SOURCE=2 -g  -c later.cpp -o later.o
g++ -std=gnu++14 -I"/usr/share/R/include" -DNDEBUG -pthread -DSTRICT_R_HEADERS -DRCPP_NO_MODULES  -I'/home/marek/R/x86_64-pc-linux-gnu-library/4.1/Rcpp/include'    -fpic  -g -O2 -ffile-prefix-map=/build/r-base-4A2Reg/r-base-4.1.2=. -fstack-protector-strong -Wformat -Werror=format-security -Wdate-time -D_FORTIFY_SOURCE=2 -g  -c later_posix.cpp -o later_posix.o
g++ -std=gnu++14 -I"/usr/share/R/include" -DNDEBUG -pthread -DSTRICT_R_HEADERS -DRCPP_NO_MODULES  -I'/home/marek/R/x86_64-pc-linux-gnu-library/4.1/Rcpp/include'    -fpic  -g -O2 -ffile-prefix-map=/build/r-base-4A2Reg/r-base-4.1.2=. -fstack-protector-strong -Wformat -Werror=format-security -Wdate-time -D_FORTIFY_SOURCE=2 -g  -c later_win32.cpp -o later_win32.o
g++ -std=gnu++14 -I"/usr/share/R/include" -DNDEBUG -pthread -DSTRICT_R_HEADERS -DRCPP_NO_MODULES  -I'/home/marek/R/x86_64-pc-linux-gnu-library/4.1/Rcpp/include'    -fpic  -g -O2 -ffile-prefix-map=/build/r-base-4A2Reg/r-base-4.1.2=. -fstack-protector-strong -Wformat -Werror=format-security -Wdate-time -D_FORTIFY_SOURCE=2 -g  -c timer_posix.cpp -o timer_posix.o
g++ -std=gnu++14 -I"/usr/share/R/include" -DNDEBUG -pthread -DSTRICT_R_HEADERS -DRCPP_NO_MODULES  -I'/home/marek/R/x86_64-pc-linux-gnu-library/4.1/Rcpp/include'    -fpic  -g -O2 -ffile-prefix-map=/build/r-base-4A2Reg/r-base-4.1.2=. -fstack-protector-strong -Wformat -Werror=format-security -Wdate-time -D_FORTIFY_SOURCE=2 -g  -c timestamp_unix.cpp -o timestamp_unix.o
g++ -std=gnu++14 -I"/usr/share/R/include" -DNDEBUG -pthread -DSTRICT_R_HEADERS -DRCPP_NO_MODULES  -I'/home/marek/R/x86_64-pc-linux-gnu-library/4.1/Rcpp/include'    -fpic  -g -O2 -ffile-prefix-map=/build/r-base-4A2Reg/r-base-4.1.2=. -fstack-protector-strong -Wformat -Werror=format-security -Wdate-time -D_FORTIFY_SOURCE=2 -g  -c timestamp_win32.cpp -o timestamp_win32.o
gcc -I"/usr/share/R/include" -DNDEBUG -pthread -DSTRICT_R_HEADERS -DRCPP_NO_MODULES  -I'/home/marek/R/x86_64-pc-linux-gnu-library/4.1/Rcpp/include'    -fpic  -g -O2 -ffile-prefix-map=/build/r-base-4A2Reg/r-base-4.1.2=. -fstack-protector-strong -Wformat -Werror=format-security -Wdate-time -D_FORTIFY_SOURCE=2 -g  -c tinycthread.c -o tinycthread.o
gcc -I"/usr/share/R/include" -DNDEBUG -pthread -DSTRICT_R_HEADERS -DRCPP_NO_MODULES  -I'/home/marek/R/x86_64-pc-linux-gnu-library/4.1/Rcpp/include'    -fpic  -g -O2 -ffile-prefix-map=/build/r-base-4A2Reg/r-base-4.1.2=. -fstack-protector-strong -Wformat -Werror=format-security -Wdate-time -D_FORTIFY_SOURCE=2 -g  -c wref.c -o wref.o
g++ -std=gnu++14 -shared -L/usr/lib/R/lib -Wl,-Bsymbolic-functions -flto=auto -ffat-lto-objects -flto=auto -Wl,-z,relro -o later.so RcppExports.o callback_registry.o debug.o fd.o init.o later.o later_posix.o later_win32.o timer_posix.o timestamp_unix.o timestamp_win32.o tinycthread.o wref.o -pthread -L/usr/lib/R/lib -lR
installing to /home/marek/R/x86_64-pc-linux-gnu-library/4.1/00LOCK-later/00new/later/libs
** R
** inst
** byte-compile and prepare package for lazy loading
** help
*** installing help indices
** building package indices
** installing vignettes
** testing if installed package can be loaded from temporary location
** checking absolute paths in shared objects and dynamic libraries
** testing if installed package can be loaded from final location
** testing if installed package keeps a record of temporary installation path
* DONE (later)
* installing *source* package ‘tinytex’ ...
** package ‘tinytex’ successfully unpacked and MD5 sums checked
** using staged installation
** R
** inst
** byte-compile and prepare package for lazy loading
** help
*** installing help indices
** building package indices
** testing if installed package can be loaded from temporary location
** testing if installed package can be loaded from final location
** testing if installed package keeps a record of temporary installation path
* DONE (tinytex)
* installing *source* package ‘highr’ ...
** package ‘highr’ successfully unpacked and MD5 sums checked
** using staged installation
** R
** inst
** byte-compile and prepare package for lazy loading
** help
*** installing help indices
** building package indices
** installing vignettes
** testing if installed package can be loaded from temporary location
** testing if installed package can be loaded from final location
** testing if installed package keeps a record of temporary installation path
* DONE (highr)
* installing *source* package ‘diffobj’ ...
** package ‘diffobj’ successfully unpacked and MD5 sums checked
** using staged installation
** libs
gcc -I"/usr/share/R/include" -DNDEBUG      -fpic  -g -O2 -ffile-prefix-map=/build/r-base-4A2Reg/r-base-4.1.2=. -fstack-protector-strong -Wformat -Werror=format-security -Wdate-time -D_FORTIFY_SOURCE=2 -g  -c diff.c -o diff.o
gcc -I"/usr/share/R/include" -DNDEBUG      -fpic  -g -O2 -ffile-prefix-map=/build/r-base-4A2Reg/r-base-4.1.2=. -fstack-protector-strong -Wformat -Werror=format-security -Wdate-time -D_FORTIFY_SOURCE=2 -g  -c diffobj.c -o diffobj.o
gcc -I"/usr/share/R/include" -DNDEBUG      -fpic  -g -O2 -ffile-prefix-map=/build/r-base-4A2Reg/r-base-4.1.2=. -fstack-protector-strong -Wformat -Werror=format-security -Wdate-time -D_FORTIFY_SOURCE=2 -g  -c init.c -o init.o
gcc -shared -L/usr/lib/R/lib -Wl,-Bsymbolic-functions -flto=auto -ffat-lto-objects -flto=auto -Wl,-z,relro -o diffobj.so diff.o diffobj.o init.o -L/usr/lib/R/lib -lR
installing to /home/marek/R/x86_64-pc-linux-gnu-library/4.1/00LOCK-diffobj/00new/diffobj/libs
** R
** inst
** byte-compile and prepare package for lazy loading
** help
*** installing help indices
** building package indices
** installing vignettes
** testing if installed package can be loaded from temporary location
** checking absolute paths in shared objects and dynamic libraries
** testing if installed package can be loaded from final location
** testing if installed package keeps a record of temporary installation path
* DONE (diffobj)
* installing *source* package ‘cachem’ ...
** package ‘cachem’ successfully unpacked and MD5 sums checked
** using staged installation
** libs
gcc -I"/usr/share/R/include" -DNDEBUG      -fpic  -g -O2 -ffile-prefix-map=/build/r-base-4A2Reg/r-base-4.1.2=. -fstack-protector-strong -Wformat -Werror=format-security -Wdate-time -D_FORTIFY_SOURCE=2 -g  -c cache.c -o cache.o
gcc -I"/usr/share/R/include" -DNDEBUG      -fpic  -g -O2 -ffile-prefix-map=/build/r-base-4A2Reg/r-base-4.1.2=. -fstack-protector-strong -Wformat -Werror=format-security -Wdate-time -D_FORTIFY_SOURCE=2 -g  -c init.c -o init.o
gcc -shared -L/usr/lib/R/lib -Wl,-Bsymbolic-functions -flto=auto -ffat-lto-objects -flto=auto -Wl,-z,relro -o cachem.so cache.o init.o -L/usr/lib/R/lib -lR
installing to /home/marek/R/x86_64-pc-linux-gnu-library/4.1/00LOCK-cachem/00new/cachem/libs
** R
** byte-compile and prepare package for lazy loading
** help
*** installing help indices
** building package indices
** testing if installed package can be loaded from temporary location
** checking absolute paths in shared objects and dynamic libraries
** testing if installed package can be loaded from final location
** testing if installed package keeps a record of temporary installation path
* DONE (cachem)
* installing *source* package ‘htmltools’ ...
** package ‘htmltools’ successfully unpacked and MD5 sums checked
** using staged installation
** libs
gcc -I"/usr/share/R/include" -DNDEBUG      -fpic  -g -O2 -ffile-prefix-map=/build/r-base-4A2Reg/r-base-4.1.2=. -fstack-protector-strong -Wformat -Werror=format-security -Wdate-time -D_FORTIFY_SOURCE=2 -g  -c init.c -o init.o
gcc -I"/usr/share/R/include" -DNDEBUG      -fpic  -g -O2 -ffile-prefix-map=/build/r-base-4A2Reg/r-base-4.1.2=. -fstack-protector-strong -Wformat -Werror=format-security -Wdate-time -D_FORTIFY_SOURCE=2 -g  -c template.c -o template.o
gcc -shared -L/usr/lib/R/lib -Wl,-Bsymbolic-functions -flto=auto -ffat-lto-objects -flto=auto -Wl,-z,relro -o htmltools.so init.o template.o -L/usr/lib/R/lib -lR
installing to /home/marek/R/x86_64-pc-linux-gnu-library/4.1/00LOCK-htmltools/00new/htmltools/libs
** R
** inst
** byte-compile and prepare package for lazy loading
** help
*** installing help indices
*** copying figures
** building package indices
** testing if installed package can be loaded from temporary location
** checking absolute paths in shared objects and dynamic libraries
** testing if installed package can be loaded from final location
** testing if installed package keeps a record of temporary installation path
* DONE (htmltools)
* installing *source* package ‘processx’ ...
** package ‘processx’ successfully unpacked and MD5 sums checked
** using staged installation
** libs
gcc -g -O2 -ffile-prefix-map=/build/r-base-4A2Reg/r-base-4.1.2=. -fstack-protector-strong -Wformat -Werror=format-security -Wdate-time -D_FORTIFY_SOURCE=2 -g  -Wl,-Bsymbolic-functions -flto=auto -ffat-lto-objects -flto=auto -Wl,-z,relro -Wall tools/px.c -o tools/px
gcc -g -O2 -ffile-prefix-map=/build/r-base-4A2Reg/r-base-4.1.2=. -fstack-protector-strong -Wformat -Werror=format-security -Wdate-time -D_FORTIFY_SOURCE=2 -g  -Wl,-Bsymbolic-functions -flto=auto -ffat-lto-objects -flto=auto -Wl,-z,relro -I../inst/include -Wall tools/sock.c -o tools/sock
gcc -g -O2 -ffile-prefix-map=/build/r-base-4A2Reg/r-base-4.1.2=. -fstack-protector-strong -Wformat -Werror=format-security -Wdate-time -D_FORTIFY_SOURCE=2 -g  -Wl,-Bsymbolic-functions -flto=auto -ffat-lto-objects -flto=auto -Wl,-z,relro supervisor/supervisor.c \
      supervisor/utils.c -o supervisor/supervisor
gcc -I"/usr/share/R/include" -DNDEBUG      -fpic  -g -O2 -ffile-prefix-map=/build/r-base-4A2Reg/r-base-4.1.2=. -fstack-protector-strong -Wformat -Werror=format-security -Wdate-time -D_FORTIFY_SOURCE=2 -g  -c base64.c -o base64.o
gcc -I"/usr/share/R/include" -DNDEBUG      -fpic  -g -O2 -ffile-prefix-map=/build/r-base-4A2Reg/r-base-4.1.2=. -fstack-protector-strong -Wformat -Werror=format-security -Wdate-time -D_FORTIFY_SOURCE=2 -g  -c client.c -o client.o
gcc -I"/usr/share/R/include" -DNDEBUG      -fpic  -g -O2 -ffile-prefix-map=/build/r-base-4A2Reg/r-base-4.1.2=. -fstack-protector-strong -Wformat -Werror=format-security -Wdate-time -D_FORTIFY_SOURCE=2 -g  -c errors.c -o errors.o
gcc -shared -L"/usr/lib/R/lib" -Wl,-Bsymbolic-functions -flto=auto -ffat-lto-objects -flto=auto -Wl,-z,relro -o client.so base64.o client.o errors.o  \
	 -L"/usr/lib/R/lib" -lR
gcc -I"/usr/share/R/include" -DNDEBUG      -fpic  -g -O2 -ffile-prefix-map=/build/r-base-4A2Reg/r-base-4.1.2=. -fstack-protector-strong -Wformat -Werror=format-security -Wdate-time -D_FORTIFY_SOURCE=2 -g  -c init.c -o init.o
gcc -I"/usr/share/R/include" -DNDEBUG      -fpic  -g -O2 -ffile-prefix-map=/build/r-base-4A2Reg/r-base-4.1.2=. -fstack-protector-strong -Wformat -Werror=format-security -Wdate-time -D_FORTIFY_SOURCE=2 -g  -c poll.c -o poll.o
gcc -I"/usr/share/R/include" -DNDEBUG      -fpic  -g -O2 -ffile-prefix-map=/build/r-base-4A2Reg/r-base-4.1.2=. -fstack-protector-strong -Wformat -Werror=format-security -Wdate-time -D_FORTIFY_SOURCE=2 -g  -c processx-connection.c -o processx-connection.o
gcc -I"/usr/share/R/include" -DNDEBUG      -fpic  -g -O2 -ffile-prefix-map=/build/r-base-4A2Reg/r-base-4.1.2=. -fstack-protector-strong -Wformat -Werror=format-security -Wdate-time -D_FORTIFY_SOURCE=2 -g  -c processx-vector.c -o processx-vector.o
gcc -I"/usr/share/R/include" -DNDEBUG      -fpic  -g -O2 -ffile-prefix-map=/build/r-base-4A2Reg/r-base-4.1.2=. -fstack-protector-strong -Wformat -Werror=format-security -Wdate-time -D_FORTIFY_SOURCE=2 -g  -c create-time.c -o create-time.o
gcc -I"/usr/share/R/include" -DNDEBUG      -fpic  -g -O2 -ffile-prefix-map=/build/r-base-4A2Reg/r-base-4.1.2=. -fstack-protector-strong -Wformat -Werror=format-security -Wdate-time -D_FORTIFY_SOURCE=2 -g  -c unix/childlist.c -o unix/childlist.o
gcc -I"/usr/share/R/include" -DNDEBUG      -fpic  -g -O2 -ffile-prefix-map=/build/r-base-4A2Reg/r-base-4.1.2=. -fstack-protector-strong -Wformat -Werror=format-security -Wdate-time -D_FORTIFY_SOURCE=2 -g  -c unix/connection.c -o unix/connection.o
gcc -I"/usr/share/R/include" -DNDEBUG      -fpic  -g -O2 -ffile-prefix-map=/build/r-base-4A2Reg/r-base-4.1.2=. -fstack-protector-strong -Wformat -Werror=format-security -Wdate-time -D_FORTIFY_SOURCE=2 -g  -c unix/processx.c -o unix/processx.o
gcc -I"/usr/share/R/include" -DNDEBUG      -fpic  -g -O2 -ffile-prefix-map=/build/r-base-4A2Reg/r-base-4.1.2=. -fstack-protector-strong -Wformat -Werror=format-security -Wdate-time -D_FORTIFY_SOURCE=2 -g  -c unix/sigchld.c -o unix/sigchld.o
gcc -I"/usr/share/R/include" -DNDEBUG      -fpic  -g -O2 -ffile-prefix-map=/build/r-base-4A2Reg/r-base-4.1.2=. -fstack-protector-strong -Wformat -Werror=format-security -Wdate-time -D_FORTIFY_SOURCE=2 -g  -c unix/utils.c -o unix/utils.o
gcc -I"/usr/share/R/include" -DNDEBUG      -fpic  -g -O2 -ffile-prefix-map=/build/r-base-4A2Reg/r-base-4.1.2=. -fstack-protector-strong -Wformat -Werror=format-security -Wdate-time -D_FORTIFY_SOURCE=2 -g  -c unix/named_pipe.c -o unix/named_pipe.o
gcc -I"/usr/share/R/include" -DNDEBUG      -fpic  -g -O2 -ffile-prefix-map=/build/r-base-4A2Reg/r-base-4.1.2=. -fstack-protector-strong -Wformat -Werror=format-security -Wdate-time -D_FORTIFY_SOURCE=2 -g  -c cleancall.c -o cleancall.o
gcc -shared -L/usr/lib/R/lib -Wl,-Bsymbolic-functions -flto=auto -ffat-lto-objects -flto=auto -Wl,-z,relro -o processx.so init.o poll.o errors.o processx-connection.o processx-vector.o create-time.o base64.o unix/childlist.o unix/connection.o unix/processx.o unix/sigchld.o unix/utils.o unix/named_pipe.o cleancall.o -L/usr/lib/R/lib -lR
installing via 'install.libs.R' to /home/marek/R/x86_64-pc-linux-gnu-library/4.1/00LOCK-processx/00new/processx
** R
** inst
** byte-compile and prepare package for lazy loading
** help
*** installing help indices
*** copying figures
** building package indices
** testing if installed package can be loaded from temporary location
** checking absolute paths in shared objects and dynamic libraries
** testing if installed package can be loaded from final location
** testing if installed package keeps a record of temporary installation path
* DONE (processx)
* installing *source* package ‘xml2’ ...
** package ‘xml2’ successfully unpacked and MD5 sums checked
** using staged installation
Found pkg-config cflags and libs!
Using PKG_CFLAGS=-I/usr/include/libxml2
Using PKG_LIBS=-lxml2
** libs
g++ -std=gnu++14 -I"/usr/share/R/include" -DNDEBUG -I../inst/include -I/usr/include/libxml2 -DUCHAR_TYPE=wchar_t -DU_SHOW_CPLUSPLUS_API=0 -DSTRICT_R_HEADERS -DR_NO_REMAP    -fvisibility=hidden -fpic  -g -O2 -ffile-prefix-map=/build/r-base-4A2Reg/r-base-4.1.2=. -fstack-protector-strong -Wformat -Werror=format-security -Wdate-time -D_FORTIFY_SOURCE=2 -g  -c connection.cpp -o connection.o
gcc -I"/usr/share/R/include" -DNDEBUG -I../inst/include -I/usr/include/libxml2 -DUCHAR_TYPE=wchar_t -DU_SHOW_CPLUSPLUS_API=0 -DSTRICT_R_HEADERS -DR_NO_REMAP    -fvisibility=hidden -fpic  -g -O2 -ffile-prefix-map=/build/r-base-4A2Reg/r-base-4.1.2=. -fstack-protector-strong -Wformat -Werror=format-security -Wdate-time -D_FORTIFY_SOURCE=2 -g  -c init.c -o init.o
g++ -std=gnu++14 -I"/usr/share/R/include" -DNDEBUG -I../inst/include -I/usr/include/libxml2 -DUCHAR_TYPE=wchar_t -DU_SHOW_CPLUSPLUS_API=0 -DSTRICT_R_HEADERS -DR_NO_REMAP    -fvisibility=hidden -fpic  -g -O2 -ffile-prefix-map=/build/r-base-4A2Reg/r-base-4.1.2=. -fstack-protector-strong -Wformat -Werror=format-security -Wdate-time -D_FORTIFY_SOURCE=2 -g  -c xml2_doc.cpp -o xml2_doc.o
gcc -I"/usr/share/R/include" -DNDEBUG -I../inst/include -I/usr/include/libxml2 -DUCHAR_TYPE=wchar_t -DU_SHOW_CPLUSPLUS_API=0 -DSTRICT_R_HEADERS -DR_NO_REMAP    -fvisibility=hidden -fpic  -g -O2 -ffile-prefix-map=/build/r-base-4A2Reg/r-base-4.1.2=. -fstack-protector-strong -Wformat -Werror=format-security -Wdate-time -D_FORTIFY_SOURCE=2 -g  -c xml2_init.c -o xml2_init.o
g++ -std=gnu++14 -I"/usr/share/R/include" -DNDEBUG -I../inst/include -I/usr/include/libxml2 -DUCHAR_TYPE=wchar_t -DU_SHOW_CPLUSPLUS_API=0 -DSTRICT_R_HEADERS -DR_NO_REMAP    -fvisibility=hidden -fpic  -g -O2 -ffile-prefix-map=/build/r-base-4A2Reg/r-base-4.1.2=. -fstack-protector-strong -Wformat -Werror=format-security -Wdate-time -D_FORTIFY_SOURCE=2 -g  -c xml2_namespace.cpp -o xml2_namespace.o
g++ -std=gnu++14 -I"/usr/share/R/include" -DNDEBUG -I../inst/include -I/usr/include/libxml2 -DUCHAR_TYPE=wchar_t -DU_SHOW_CPLUSPLUS_API=0 -DSTRICT_R_HEADERS -DR_NO_REMAP    -fvisibility=hidden -fpic  -g -O2 -ffile-prefix-map=/build/r-base-4A2Reg/r-base-4.1.2=. -fstack-protector-strong -Wformat -Werror=format-security -Wdate-time -D_FORTIFY_SOURCE=2 -g  -c xml2_node.cpp -o xml2_node.o
g++ -std=gnu++14 -I"/usr/share/R/include" -DNDEBUG -I../inst/include -I/usr/include/libxml2 -DUCHAR_TYPE=wchar_t -DU_SHOW_CPLUSPLUS_API=0 -DSTRICT_R_HEADERS -DR_NO_REMAP    -fvisibility=hidden -fpic  -g -O2 -ffile-prefix-map=/build/r-base-4A2Reg/r-base-4.1.2=. -fstack-protector-strong -Wformat -Werror=format-security -Wdate-time -D_FORTIFY_SOURCE=2 -g  -c xml2_output.cpp -o xml2_output.o
g++ -std=gnu++14 -I"/usr/share/R/include" -DNDEBUG -I../inst/include -I/usr/include/libxml2 -DUCHAR_TYPE=wchar_t -DU_SHOW_CPLUSPLUS_API=0 -DSTRICT_R_HEADERS -DR_NO_REMAP    -fvisibility=hidden -fpic  -g -O2 -ffile-prefix-map=/build/r-base-4A2Reg/r-base-4.1.2=. -fstack-protector-strong -Wformat -Werror=format-security -Wdate-time -D_FORTIFY_SOURCE=2 -g  -c xml2_schema.cpp -o xml2_schema.o
g++ -std=gnu++14 -I"/usr/share/R/include" -DNDEBUG -I../inst/include -I/usr/include/libxml2 -DUCHAR_TYPE=wchar_t -DU_SHOW_CPLUSPLUS_API=0 -DSTRICT_R_HEADERS -DR_NO_REMAP    -fvisibility=hidden -fpic  -g -O2 -ffile-prefix-map=/build/r-base-4A2Reg/r-base-4.1.2=. -fstack-protector-strong -Wformat -Werror=format-security -Wdate-time -D_FORTIFY_SOURCE=2 -g  -c xml2_url.cpp -o xml2_url.o
g++ -std=gnu++14 -I"/usr/share/R/include" -DNDEBUG -I../inst/include -I/usr/include/libxml2 -DUCHAR_TYPE=wchar_t -DU_SHOW_CPLUSPLUS_API=0 -DSTRICT_R_HEADERS -DR_NO_REMAP    -fvisibility=hidden -fpic  -g -O2 -ffile-prefix-map=/build/r-base-4A2Reg/r-base-4.1.2=. -fstack-protector-strong -Wformat -Werror=format-security -Wdate-time -D_FORTIFY_SOURCE=2 -g  -c xml2_xpath.cpp -o xml2_xpath.o
g++ -std=gnu++14 -shared -L/usr/lib/R/lib -Wl,-Bsymbolic-functions -flto=auto -ffat-lto-objects -flto=auto -Wl,-z,relro -o xml2.so connection.o init.o xml2_doc.o xml2_init.o xml2_namespace.o xml2_node.o xml2_output.o xml2_schema.o xml2_url.o xml2_xpath.o -lxml2 -L/usr/lib/R/lib -lR
installing to /home/marek/R/x86_64-pc-linux-gnu-library/4.1/00LOCK-xml2/00new/xml2/libs
** R
** inst
** byte-compile and prepare package for lazy loading
** help
*** installing help indices
*** copying figures
** building package indices
** installing vignettes
** testing if installed package can be loaded from temporary location
** checking absolute paths in shared objects and dynamic libraries
** testing if installed package can be loaded from final location
** testing if installed package keeps a record of temporary installation path
* DONE (xml2)
* installing *source* package ‘desc’ ...
** package ‘desc’ successfully unpacked and MD5 sums checked
** using staged installation
** R
** inst
** byte-compile and prepare package for lazy loading
** help
*** installing help indices
** building package indices
** testing if installed package can be loaded from temporary location
** testing if installed package can be loaded from final location
** testing if installed package keeps a record of temporary installation path
* DONE (desc)
* installing *source* package ‘ellipsis’ ...
** package ‘ellipsis’ successfully unpacked and MD5 sums checked
** using staged installation
** R
** byte-compile and prepare package for lazy loading
** help
*** installing help indices
** building package indices
** testing if installed package can be loaded from temporary location
** testing if installed package can be loaded from final location
** testing if installed package keeps a record of temporary installation path
* DONE (ellipsis)
* installing *source* package ‘lifecycle’ ...
** package ‘lifecycle’ successfully unpacked and MD5 sums checked
** using staged installation
** R
** inst
** byte-compile and prepare package for lazy loading
** help
*** installing help indices
*** copying figures
** building package indices
** installing vignettes
** testing if installed package can be loaded from temporary location
** testing if installed package can be loaded from final location
** testing if installed package keeps a record of temporary installation path
* DONE (lifecycle)
ERROR: dependency ‘curl’ is not available for package ‘rversions’
* removing ‘/home/marek/R/x86_64-pc-linux-gnu-library/4.1/rversions’
* installing *source* package ‘sessioninfo’ ...
** package ‘sessioninfo’ successfully unpacked and MD5 sums checked
** using staged installation
** R
** byte-compile and prepare package for lazy loading
** help
*** installing help indices
*** copying figures
** building package indices
** testing if installed package can be loaded from temporary location
** testing if installed package can be loaded from final location
** testing if installed package keeps a record of temporary installation path
* DONE (sessioninfo)
* installing *source* package ‘ape’ ...
** package ‘ape’ successfully unpacked and MD5 sums checked
** using staged installation
** libs
gcc -I"/usr/share/R/include" -DNDEBUG  -I'/home/marek/R/x86_64-pc-linux-gnu-library/4.1/Rcpp/include'    -fpic  -g -O2 -ffile-prefix-map=/build/r-base-4A2Reg/r-base-4.1.2=. -fstack-protector-strong -Wformat -Werror=format-security -Wdate-time -D_FORTIFY_SOURCE=2 -g  -c BIONJ.c -o BIONJ.o
gcc -I"/usr/share/R/include" -DNDEBUG  -I'/home/marek/R/x86_64-pc-linux-gnu-library/4.1/Rcpp/include'    -fpic  -g -O2 -ffile-prefix-map=/build/r-base-4A2Reg/r-base-4.1.2=. -fstack-protector-strong -Wformat -Werror=format-security -Wdate-time -D_FORTIFY_SOURCE=2 -g  -c NNI.c -o NNI.o
g++ -std=gnu++14 -I"/usr/share/R/include" -DNDEBUG  -I'/home/marek/R/x86_64-pc-linux-gnu-library/4.1/Rcpp/include'    -fpic  -g -O2 -ffile-prefix-map=/build/r-base-4A2Reg/r-base-4.1.2=. -fstack-protector-strong -Wformat -Werror=format-security -Wdate-time -D_FORTIFY_SOURCE=2 -g  -c RcppExports.cpp -o RcppExports.o
gcc -I"/usr/share/R/include" -DNDEBUG  -I'/home/marek/R/x86_64-pc-linux-gnu-library/4.1/Rcpp/include'    -fpic  -g -O2 -ffile-prefix-map=/build/r-base-4A2Reg/r-base-4.1.2=. -fstack-protector-strong -Wformat -Werror=format-security -Wdate-time -D_FORTIFY_SOURCE=2 -g  -c SPR.c -o SPR.o
gcc -I"/usr/share/R/include" -DNDEBUG  -I'/home/marek/R/x86_64-pc-linux-gnu-library/4.1/Rcpp/include'    -fpic  -g -O2 -ffile-prefix-map=/build/r-base-4A2Reg/r-base-4.1.2=. -fstack-protector-strong -Wformat -Werror=format-security -Wdate-time -D_FORTIFY_SOURCE=2 -g  -c additive.c -o additive.o
gcc -I"/usr/share/R/include" -DNDEBUG  -I'/home/marek/R/x86_64-pc-linux-gnu-library/4.1/Rcpp/include'    -fpic  -g -O2 -ffile-prefix-map=/build/r-base-4A2Reg/r-base-4.1.2=. -fstack-protector-strong -Wformat -Werror=format-security -Wdate-time -D_FORTIFY_SOURCE=2 -g  -c ape.c -o ape.o
gcc -I"/usr/share/R/include" -DNDEBUG  -I'/home/marek/R/x86_64-pc-linux-gnu-library/4.1/Rcpp/include'    -fpic  -g -O2 -ffile-prefix-map=/build/r-base-4A2Reg/r-base-4.1.2=. -fstack-protector-strong -Wformat -Werror=format-security -Wdate-time -D_FORTIFY_SOURCE=2 -g  -c bNNI.c -o bNNI.o
gcc -I"/usr/share/R/include" -DNDEBUG  -I'/home/marek/R/x86_64-pc-linux-gnu-library/4.1/Rcpp/include'    -fpic  -g -O2 -ffile-prefix-map=/build/r-base-4A2Reg/r-base-4.1.2=. -fstack-protector-strong -Wformat -Werror=format-security -Wdate-time -D_FORTIFY_SOURCE=2 -g  -c bionjs.c -o bionjs.o
gcc -I"/usr/share/R/include" -DNDEBUG  -I'/home/marek/R/x86_64-pc-linux-gnu-library/4.1/Rcpp/include'    -fpic  -g -O2 -ffile-prefix-map=/build/r-base-4A2Reg/r-base-4.1.2=. -fstack-protector-strong -Wformat -Werror=format-security -Wdate-time -D_FORTIFY_SOURCE=2 -g  -c bipartition.c -o bipartition.o
gcc -I"/usr/share/R/include" -DNDEBUG  -I'/home/marek/R/x86_64-pc-linux-gnu-library/4.1/Rcpp/include'    -fpic  -g -O2 -ffile-prefix-map=/build/r-base-4A2Reg/r-base-4.1.2=. -fstack-protector-strong -Wformat -Werror=format-security -Wdate-time -D_FORTIFY_SOURCE=2 -g  -c bitsplits.c -o bitsplits.o
gcc -I"/usr/share/R/include" -DNDEBUG  -I'/home/marek/R/x86_64-pc-linux-gnu-library/4.1/Rcpp/include'    -fpic  -g -O2 -ffile-prefix-map=/build/r-base-4A2Reg/r-base-4.1.2=. -fstack-protector-strong -Wformat -Werror=format-security -Wdate-time -D_FORTIFY_SOURCE=2 -g  -c delta_plot.c -o delta_plot.o
gcc -I"/usr/share/R/include" -DNDEBUG  -I'/home/marek/R/x86_64-pc-linux-gnu-library/4.1/Rcpp/include'    -fpic  -g -O2 -ffile-prefix-map=/build/r-base-4A2Reg/r-base-4.1.2=. -fstack-protector-strong -Wformat -Werror=format-security -Wdate-time -D_FORTIFY_SOURCE=2 -g  -c dist_dna.c -o dist_dna.o
gcc -I"/usr/share/R/include" -DNDEBUG  -I'/home/marek/R/x86_64-pc-linux-gnu-library/4.1/Rcpp/include'    -fpic  -g -O2 -ffile-prefix-map=/build/r-base-4A2Reg/r-base-4.1.2=. -fstack-protector-strong -Wformat -Werror=format-security -Wdate-time -D_FORTIFY_SOURCE=2 -g  -c dist_nodes.c -o dist_nodes.o
gcc -I"/usr/share/R/include" -DNDEBUG  -I'/home/marek/R/x86_64-pc-linux-gnu-library/4.1/Rcpp/include'    -fpic  -g -O2 -ffile-prefix-map=/build/r-base-4A2Reg/r-base-4.1.2=. -fstack-protector-strong -Wformat -Werror=format-security -Wdate-time -D_FORTIFY_SOURCE=2 -g  -c ewLasso.c -o ewLasso.o
gcc -I"/usr/share/R/include" -DNDEBUG  -I'/home/marek/R/x86_64-pc-linux-gnu-library/4.1/Rcpp/include'    -fpic  -g -O2 -ffile-prefix-map=/build/r-base-4A2Reg/r-base-4.1.2=. -fstack-protector-strong -Wformat -Werror=format-security -Wdate-time -D_FORTIFY_SOURCE=2 -g  -c heap.c -o heap.o
gcc -I"/usr/share/R/include" -DNDEBUG  -I'/home/marek/R/x86_64-pc-linux-gnu-library/4.1/Rcpp/include'    -fpic  -g -O2 -ffile-prefix-map=/build/r-base-4A2Reg/r-base-4.1.2=. -fstack-protector-strong -Wformat -Werror=format-security -Wdate-time -D_FORTIFY_SOURCE=2 -g  -c mat_expo.c -o mat_expo.o
gcc -I"/usr/share/R/include" -DNDEBUG  -I'/home/marek/R/x86_64-pc-linux-gnu-library/4.1/Rcpp/include'    -fpic  -g -O2 -ffile-prefix-map=/build/r-base-4A2Reg/r-base-4.1.2=. -fstack-protector-strong -Wformat -Werror=format-security -Wdate-time -D_FORTIFY_SOURCE=2 -g  -c me.c -o me.o
gcc -I"/usr/share/R/include" -DNDEBUG  -I'/home/marek/R/x86_64-pc-linux-gnu-library/4.1/Rcpp/include'    -fpic  -g -O2 -ffile-prefix-map=/build/r-base-4A2Reg/r-base-4.1.2=. -fstack-protector-strong -Wformat -Werror=format-security -Wdate-time -D_FORTIFY_SOURCE=2 -g  -c me_balanced.c -o me_balanced.o
gcc -I"/usr/share/R/include" -DNDEBUG  -I'/home/marek/R/x86_64-pc-linux-gnu-library/4.1/Rcpp/include'    -fpic  -g -O2 -ffile-prefix-map=/build/r-base-4A2Reg/r-base-4.1.2=. -fstack-protector-strong -Wformat -Werror=format-security -Wdate-time -D_FORTIFY_SOURCE=2 -g  -c me_ols.c -o me_ols.o
gcc -I"/usr/share/R/include" -DNDEBUG  -I'/home/marek/R/x86_64-pc-linux-gnu-library/4.1/Rcpp/include'    -fpic  -g -O2 -ffile-prefix-map=/build/r-base-4A2Reg/r-base-4.1.2=. -fstack-protector-strong -Wformat -Werror=format-security -Wdate-time -D_FORTIFY_SOURCE=2 -g  -c mvr.c -o mvr.o
gcc -I"/usr/share/R/include" -DNDEBUG  -I'/home/marek/R/x86_64-pc-linux-gnu-library/4.1/Rcpp/include'    -fpic  -g -O2 -ffile-prefix-map=/build/r-base-4A2Reg/r-base-4.1.2=. -fstack-protector-strong -Wformat -Werror=format-security -Wdate-time -D_FORTIFY_SOURCE=2 -g  -c mvrs.c -o mvrs.o
gcc -I"/usr/share/R/include" -DNDEBUG  -I'/home/marek/R/x86_64-pc-linux-gnu-library/4.1/Rcpp/include'    -fpic  -g -O2 -ffile-prefix-map=/build/r-base-4A2Reg/r-base-4.1.2=. -fstack-protector-strong -Wformat -Werror=format-security -Wdate-time -D_FORTIFY_SOURCE=2 -g  -c nj.c -o nj.o
gcc -I"/usr/share/R/include" -DNDEBUG  -I'/home/marek/R/x86_64-pc-linux-gnu-library/4.1/Rcpp/include'    -fpic  -g -O2 -ffile-prefix-map=/build/r-base-4A2Reg/r-base-4.1.2=. -fstack-protector-strong -Wformat -Werror=format-security -Wdate-time -D_FORTIFY_SOURCE=2 -g  -c njs.c -o njs.o
gcc -I"/usr/share/R/include" -DNDEBUG  -I'/home/marek/R/x86_64-pc-linux-gnu-library/4.1/Rcpp/include'    -fpic  -g -O2 -ffile-prefix-map=/build/r-base-4A2Reg/r-base-4.1.2=. -fstack-protector-strong -Wformat -Werror=format-security -Wdate-time -D_FORTIFY_SOURCE=2 -g  -c pic.c -o pic.o
gcc -I"/usr/share/R/include" -DNDEBUG  -I'/home/marek/R/x86_64-pc-linux-gnu-library/4.1/Rcpp/include'    -fpic  -g -O2 -ffile-prefix-map=/build/r-base-4A2Reg/r-base-4.1.2=. -fstack-protector-strong -Wformat -Werror=format-security -Wdate-time -D_FORTIFY_SOURCE=2 -g  -c plot_phylo.c -o plot_phylo.o
g++ -std=gnu++14 -I"/usr/share/R/include" -DNDEBUG  -I'/home/marek/R/x86_64-pc-linux-gnu-library/4.1/Rcpp/include'    -fpic  -g -O2 -ffile-prefix-map=/build/r-base-4A2Reg/r-base-4.1.2=. -fstack-protector-strong -Wformat -Werror=format-security -Wdate-time -D_FORTIFY_SOURCE=2 -g  -c prop_part.cpp -o prop_part.o
gcc -I"/usr/share/R/include" -DNDEBUG  -I'/home/marek/R/x86_64-pc-linux-gnu-library/4.1/Rcpp/include'    -fpic  -g -O2 -ffile-prefix-map=/build/r-base-4A2Reg/r-base-4.1.2=. -fstack-protector-strong -Wformat -Werror=format-security -Wdate-time -D_FORTIFY_SOURCE=2 -g  -c rTrait.c -o rTrait.o
gcc -I"/usr/share/R/include" -DNDEBUG  -I'/home/marek/R/x86_64-pc-linux-gnu-library/4.1/Rcpp/include'    -fpic  -g -O2 -ffile-prefix-map=/build/r-base-4A2Reg/r-base-4.1.2=. -fstack-protector-strong -Wformat -Werror=format-security -Wdate-time -D_FORTIFY_SOURCE=2 -g  -c read_dna.c -o read_dna.o
g++ -std=gnu++14 -I"/usr/share/R/include" -DNDEBUG  -I'/home/marek/R/x86_64-pc-linux-gnu-library/4.1/Rcpp/include'    -fpic  -g -O2 -ffile-prefix-map=/build/r-base-4A2Reg/r-base-4.1.2=. -fstack-protector-strong -Wformat -Werror=format-security -Wdate-time -D_FORTIFY_SOURCE=2 -g  -c reorder_Rcpp.cpp -o reorder_Rcpp.o
gcc -I"/usr/share/R/include" -DNDEBUG  -I'/home/marek/R/x86_64-pc-linux-gnu-library/4.1/Rcpp/include'    -fpic  -g -O2 -ffile-prefix-map=/build/r-base-4A2Reg/r-base-4.1.2=. -fstack-protector-strong -Wformat -Werror=format-security -Wdate-time -D_FORTIFY_SOURCE=2 -g  -c reorder_phylo.c -o reorder_phylo.o
gcc -I"/usr/share/R/include" -DNDEBUG  -I'/home/marek/R/x86_64-pc-linux-gnu-library/4.1/Rcpp/include'    -fpic  -g -O2 -ffile-prefix-map=/build/r-base-4A2Reg/r-base-4.1.2=. -fstack-protector-strong -Wformat -Werror=format-security -Wdate-time -D_FORTIFY_SOURCE=2 -g  -c treePop.c -o treePop.o
gcc -I"/usr/share/R/include" -DNDEBUG  -I'/home/marek/R/x86_64-pc-linux-gnu-library/4.1/Rcpp/include'    -fpic  -g -O2 -ffile-prefix-map=/build/r-base-4A2Reg/r-base-4.1.2=. -fstack-protector-strong -Wformat -Werror=format-security -Wdate-time -D_FORTIFY_SOURCE=2 -g  -c tree_build.c -o tree_build.o
gcc -I"/usr/share/R/include" -DNDEBUG  -I'/home/marek/R/x86_64-pc-linux-gnu-library/4.1/Rcpp/include'    -fpic  -g -O2 -ffile-prefix-map=/build/r-base-4A2Reg/r-base-4.1.2=. -fstack-protector-strong -Wformat -Werror=format-security -Wdate-time -D_FORTIFY_SOURCE=2 -g  -c tree_phylo.c -o tree_phylo.o
gcc -I"/usr/share/R/include" -DNDEBUG  -I'/home/marek/R/x86_64-pc-linux-gnu-library/4.1/Rcpp/include'    -fpic  -g -O2 -ffile-prefix-map=/build/r-base-4A2Reg/r-base-4.1.2=. -fstack-protector-strong -Wformat -Werror=format-security -Wdate-time -D_FORTIFY_SOURCE=2 -g  -c triangMtd.c -o triangMtd.o
gcc -I"/usr/share/R/include" -DNDEBUG  -I'/home/marek/R/x86_64-pc-linux-gnu-library/4.1/Rcpp/include'    -fpic  -g -O2 -ffile-prefix-map=/build/r-base-4A2Reg/r-base-4.1.2=. -fstack-protector-strong -Wformat -Werror=format-security -Wdate-time -D_FORTIFY_SOURCE=2 -g  -c triangMtds.c -o triangMtds.o
gcc -I"/usr/share/R/include" -DNDEBUG  -I'/home/marek/R/x86_64-pc-linux-gnu-library/4.1/Rcpp/include'    -fpic  -g -O2 -ffile-prefix-map=/build/r-base-4A2Reg/r-base-4.1.2=. -fstack-protector-strong -Wformat -Werror=format-security -Wdate-time -D_FORTIFY_SOURCE=2 -g  -c ultrametric.c -o ultrametric.o
g++ -std=gnu++14 -shared -L/usr/lib/R/lib -Wl,-Bsymbolic-functions -flto=auto -ffat-lto-objects -flto=auto -Wl,-z,relro -o ape.so BIONJ.o NNI.o RcppExports.o SPR.o additive.o ape.o bNNI.o bionjs.o bipartition.o bitsplits.o delta_plot.o dist_dna.o dist_nodes.o ewLasso.o heap.o mat_expo.o me.o me_balanced.o me_ols.o mvr.o mvrs.o nj.o njs.o pic.o plot_phylo.o prop_part.o rTrait.o read_dna.o reorder_Rcpp.o reorder_phylo.o treePop.o tree_build.o tree_phylo.o triangMtd.o triangMtds.o ultrametric.o -llapack -lblas -lgfortran -lm -lquadmath -L/usr/lib/R/lib -lR
installing to /home/marek/R/x86_64-pc-linux-gnu-library/4.1/00LOCK-ape/00new/ape/libs
** R
** data
** inst
** byte-compile and prepare package for lazy loading
** help
*** installing help indices
** building package indices
** installing vignettes
** testing if installed package can be loaded from temporary location
** checking absolute paths in shared objects and dynamic libraries
** testing if installed package can be loaded from final location
** testing if installed package keeps a record of temporary installation path
* DONE (ape)
* installing *source* package ‘here’ ...
** package ‘here’ successfully unpacked and MD5 sums checked
** using staged installation
** R
** inst
** byte-compile and prepare package for lazy loading
** help
*** installing help indices
*** copying figures
** building package indices
** installing vignettes
** testing if installed package can be loaded from temporary location
** testing if installed package can be loaded from final location
** testing if installed package keeps a record of temporary installation path
* DONE (here)
* installing *source* package ‘promises’ ...
** package ‘promises’ successfully unpacked and MD5 sums checked
** using staged installation
** R
** inst
** byte-compile and prepare package for lazy loading
** help
*** installing help indices
*** copying figures
** building package indices
** installing vignettes
** testing if installed package can be loaded from temporary location
** testing if installed package can be loaded from final location
** testing if installed package keeps a record of temporary installation path
* DONE (promises)
* installing *source* package ‘jquerylib’ ...
** package ‘jquerylib’ successfully unpacked and MD5 sums checked
** using staged installation
** R
** inst
** byte-compile and prepare package for lazy loading
** help
*** installing help indices
** building package indices
** testing if installed package can be loaded from temporary location
** testing if installed package can be loaded from final location
** testing if installed package keeps a record of temporary installation path
* DONE (jquerylib)
ERROR: dependency ‘fs’ is not available for package ‘sass’
* removing ‘/home/marek/R/x86_64-pc-linux-gnu-library/4.1/sass’
* installing *source* package ‘systemfonts’ ...
** package ‘systemfonts’ successfully unpacked and MD5 sums checked
** using staged installation
Package fontconfig was not found in the pkg-config search path.
Perhaps you should add the directory containing `fontconfig.pc'
to the PKG_CONFIG_PATH environment variable
No package 'fontconfig' found
Package freetype2 was not found in the pkg-config search path.
Perhaps you should add the directory containing `freetype2.pc'
to the PKG_CONFIG_PATH environment variable
No package 'freetype2' found
Using PKG_CFLAGS=
Using PKG_LIBS=-lfontconfig -lfreetype
--------------------------- [ANTICONF] --------------------------------
Configuration failed to find the fontconfig freetype2 library. Try installing:
 * deb: libfontconfig1-dev (Debian, Ubuntu, etc)
 * rpm: fontconfig-devel (Fedora, EPEL)
 * csw: fontconfig_dev (Solaris)
 * apk: harfbuzz-dev fribidi-dev (Alpine)
 * brew: freetype (OSX)
If fontconfig freetype2 is already installed, check that 'pkg-config' is in your
PATH and PKG_CONFIG_PATH contains a fontconfig freetype2.pc file. If pkg-config
is unavailable you can set INCLUDE_DIR and LIB_DIR manually via:
R CMD INSTALL --configure-vars='INCLUDE_DIR=... LIB_DIR=...'
-------------------------- [ERROR MESSAGE] ---------------------------
<stdin>:1:10: fatal error: fontconfig/fontconfig.h: No such file or directory
compilation terminated.
--------------------------------------------------------------------
ERROR: configuration failed for package ‘systemfonts’
* removing ‘/home/marek/R/x86_64-pc-linux-gnu-library/4.1/systemfonts’
* installing *source* package ‘purrr’ ...
** package ‘purrr’ successfully unpacked and MD5 sums checked
** using staged installation
** libs
gcc -I"/usr/share/R/include" -DNDEBUG  -I'/home/marek/R/x86_64-pc-linux-gnu-library/4.1/cli/include'   -fvisibility=hidden -fpic  -g -O2 -ffile-prefix-map=/build/r-base-4A2Reg/r-base-4.1.2=. -fstack-protector-strong -Wformat -Werror=format-security -Wdate-time -D_FORTIFY_SOURCE=2 -g  -c backports.c -o backports.o
gcc -I"/usr/share/R/include" -DNDEBUG  -I'/home/marek/R/x86_64-pc-linux-gnu-library/4.1/cli/include'   -fvisibility=hidden -fpic  -g -O2 -ffile-prefix-map=/build/r-base-4A2Reg/r-base-4.1.2=. -fstack-protector-strong -Wformat -Werror=format-security -Wdate-time -D_FORTIFY_SOURCE=2 -g  -c cleancall.c -o cleancall.o
gcc -I"/usr/share/R/include" -DNDEBUG  -I'/home/marek/R/x86_64-pc-linux-gnu-library/4.1/cli/include'   -fvisibility=hidden -fpic  -g -O2 -ffile-prefix-map=/build/r-base-4A2Reg/r-base-4.1.2=. -fstack-protector-strong -Wformat -Werror=format-security -Wdate-time -D_FORTIFY_SOURCE=2 -g  -c coerce.c -o coerce.o
gcc -I"/usr/share/R/include" -DNDEBUG  -I'/home/marek/R/x86_64-pc-linux-gnu-library/4.1/cli/include'   -fvisibility=hidden -fpic  -g -O2 -ffile-prefix-map=/build/r-base-4A2Reg/r-base-4.1.2=. -fstack-protector-strong -Wformat -Werror=format-security -Wdate-time -D_FORTIFY_SOURCE=2 -g  -c conditions.c -o conditions.o
gcc -I"/usr/share/R/include" -DNDEBUG  -I'/home/marek/R/x86_64-pc-linux-gnu-library/4.1/cli/include'   -fvisibility=hidden -fpic  -g -O2 -ffile-prefix-map=/build/r-base-4A2Reg/r-base-4.1.2=. -fstack-protector-strong -Wformat -Werror=format-security -Wdate-time -D_FORTIFY_SOURCE=2 -g  -c every-some-none.c -o every-some-none.o
gcc -I"/usr/share/R/include" -DNDEBUG  -I'/home/marek/R/x86_64-pc-linux-gnu-library/4.1/cli/include'   -fvisibility=hidden -fpic  -g -O2 -ffile-prefix-map=/build/r-base-4A2Reg/r-base-4.1.2=. -fstack-protector-strong -Wformat -Werror=format-security -Wdate-time -D_FORTIFY_SOURCE=2 -g  -c flatten.c -o flatten.o
gcc -I"/usr/share/R/include" -DNDEBUG  -I'/home/marek/R/x86_64-pc-linux-gnu-library/4.1/cli/include'   -fvisibility=hidden -fpic  -g -O2 -ffile-prefix-map=/build/r-base-4A2Reg/r-base-4.1.2=. -fstack-protector-strong -Wformat -Werror=format-security -Wdate-time -D_FORTIFY_SOURCE=2 -g  -c init.c -o init.o
gcc -I"/usr/share/R/include" -DNDEBUG  -I'/home/marek/R/x86_64-pc-linux-gnu-library/4.1/cli/include'   -fvisibility=hidden -fpic  -g -O2 -ffile-prefix-map=/build/r-base-4A2Reg/r-base-4.1.2=. -fstack-protector-strong -Wformat -Werror=format-security -Wdate-time -D_FORTIFY_SOURCE=2 -g  -c map.c -o map.o
gcc -I"/usr/share/R/include" -DNDEBUG  -I'/home/marek/R/x86_64-pc-linux-gnu-library/4.1/cli/include'   -fvisibility=hidden -fpic  -g -O2 -ffile-prefix-map=/build/r-base-4A2Reg/r-base-4.1.2=. -fstack-protector-strong -Wformat -Werror=format-security -Wdate-time -D_FORTIFY_SOURCE=2 -g  -c pluck.c -o pluck.o
gcc -I"/usr/share/R/include" -DNDEBUG  -I'/home/marek/R/x86_64-pc-linux-gnu-library/4.1/cli/include'   -fvisibility=hidden -fpic  -g -O2 -ffile-prefix-map=/build/r-base-4A2Reg/r-base-4.1.2=. -fstack-protector-strong -Wformat -Werror=format-security -Wdate-time -D_FORTIFY_SOURCE=2 -g  -c transpose.c -o transpose.o
gcc -I"/usr/share/R/include" -DNDEBUG  -I'/home/marek/R/x86_64-pc-linux-gnu-library/4.1/cli/include'   -fvisibility=hidden -fpic  -g -O2 -ffile-prefix-map=/build/r-base-4A2Reg/r-base-4.1.2=. -fstack-protector-strong -Wformat -Werror=format-security -Wdate-time -D_FORTIFY_SOURCE=2 -g  -c utils.c -o utils.o
gcc -shared -L/usr/lib/R/lib -Wl,-Bsymbolic-functions -flto=auto -ffat-lto-objects -flto=auto -Wl,-z,relro -o purrr.so backports.o cleancall.o coerce.o conditions.o every-some-none.o flatten.o init.o map.o pluck.o transpose.o utils.o -L/usr/lib/R/lib -lR
installing to /home/marek/R/x86_64-pc-linux-gnu-library/4.1/00LOCK-purrr/00new/purrr/libs
** R
** inst
** byte-compile and prepare package for lazy loading
** help
*** installing help indices
*** copying figures
** building package indices
** installing vignettes
** testing if installed package can be loaded from temporary location
** checking absolute paths in shared objects and dynamic libraries
** testing if installed package can be loaded from final location
** testing if installed package keeps a record of temporary installation path
* DONE (purrr)
* installing *source* package ‘callr’ ...
** package ‘callr’ successfully unpacked and MD5 sums checked
** using staged installation
** R
** inst
** byte-compile and prepare package for lazy loading
** help
*** installing help indices
*** copying figures
** building package indices
** testing if installed package can be loaded from temporary location
** testing if installed package can be loaded from final location
** testing if installed package keeps a record of temporary installation path
* DONE (callr)
* installing *source* package ‘fontawesome’ ...
** package ‘fontawesome’ successfully unpacked and MD5 sums checked
** using staged installation
** R
** inst
** byte-compile and prepare package for lazy loading
** help
*** installing help indices
*** copying figures
** building package indices
** testing if installed package can be loaded from temporary location
** testing if installed package can be loaded from final location
** testing if installed package keeps a record of temporary installation path
* DONE (fontawesome)
* installing *source* package ‘openssl’ ...
** package ‘openssl’ successfully unpacked and MD5 sums checked
** using staged installation
Using PKG_CFLAGS=
--------------------------- [ANTICONF] --------------------------------
Configuration failed because openssl was not found. Try installing:
 * deb: libssl-dev (Debian, Ubuntu, etc)
 * rpm: openssl-devel (Fedora, CentOS, RHEL)
 * csw: libssl_dev (Solaris)
 * brew: openssl (Mac OSX)
If openssl is already installed, check that 'pkg-config' is in your
PATH and PKG_CONFIG_PATH contains a openssl.pc file. If pkg-config
is unavailable you can set INCLUDE_DIR and LIB_DIR manually via:
R CMD INSTALL --configure-vars='INCLUDE_DIR=... LIB_DIR=...'
-------------------------- [ERROR MESSAGE] ---------------------------
tools/version.c:1:10: fatal error: openssl/opensslv.h: No such file or directory
    1 | #include <openssl/opensslv.h>
      |          ^~~~~~~~~~~~~~~~~~~~
compilation terminated.
--------------------------------------------------------------------
ERROR: configuration failed for package ‘openssl’
* removing ‘/home/marek/R/x86_64-pc-linux-gnu-library/4.1/openssl’
* installing *source* package ‘xopen’ ...
** package ‘xopen’ successfully unpacked and MD5 sums checked
** using staged installation
** R
** inst
** byte-compile and prepare package for lazy loading
** help
*** installing help indices
** building package indices
** testing if installed package can be loaded from temporary location
** testing if installed package can be loaded from final location
** testing if installed package keeps a record of temporary installation path
* DONE (xopen)
* installing *source* package ‘knitr’ ...
** package ‘knitr’ successfully unpacked and MD5 sums checked
** using staged installation
** R
** inst
** byte-compile and prepare package for lazy loading
** help
*** installing help indices
** building package indices
** installing vignettes
** testing if installed package can be loaded from temporary location
** testing if installed package can be loaded from final location
** testing if installed package keeps a record of temporary installation path
* DONE (knitr)
* installing *source* package ‘waldo’ ...
** package ‘waldo’ successfully unpacked and MD5 sums checked
** using staged installation
** R
** byte-compile and prepare package for lazy loading
** help
*** installing help indices
*** copying figures
** building package indices
** testing if installed package can be loaded from temporary location
** testing if installed package can be loaded from final location
** testing if installed package keeps a record of temporary installation path
* DONE (waldo)
* installing *source* package ‘memoise’ ...
** package ‘memoise’ successfully unpacked and MD5 sums checked
** using staged installation
** R
** byte-compile and prepare package for lazy loading
** help
*** installing help indices
** building package indices
** testing if installed package can be loaded from temporary location
** testing if installed package can be loaded from final location
** testing if installed package keeps a record of temporary installation path
* DONE (memoise)
ERROR: dependency ‘curl’ is not available for package ‘urlchecker’
* removing ‘/home/marek/R/x86_64-pc-linux-gnu-library/4.1/urlchecker’
* installing *source* package ‘phytools’ ...
** package ‘phytools’ successfully unpacked and MD5 sums checked
** using staged installation
** R
** data
** inst
** byte-compile and prepare package for lazy loading
** help
*** installing help indices
** building package indices
** testing if installed package can be loaded from temporary location
** testing if installed package can be loaded from final location
** testing if installed package keeps a record of temporary installation path
* DONE (phytools)
ERROR: dependencies ‘openssl’, ‘curl’ are not available for package ‘credentials’
* removing ‘/home/marek/R/x86_64-pc-linux-gnu-library/4.1/credentials’
* installing *source* package ‘httpuv’ ...
** package ‘httpuv’ successfully unpacked and MD5 sums checked
** using staged installation
** Using bundled copy of libuv
** PKG_CFLAGS=-Ilibuv/include
** PKG_LIBS=./libuv/.libs/libuv.b
** libs
g++ -std=gnu++14 -I"/usr/share/R/include" -DNDEBUG -Ilibuv/include -pthread -I'/home/marek/R/x86_64-pc-linux-gnu-library/4.1/later/include' -I'/home/marek/R/x86_64-pc-linux-gnu-library/4.1/Rcpp/include'   -fvisibility=hidden -DSTRICT_R_HEADERS -fpic  -g -O2 -ffile-prefix-map=/build/r-base-4A2Reg/r-base-4.1.2=. -fstack-protector-strong -Wformat -Werror=format-security -Wdate-time -D_FORTIFY_SOURCE=2 -g  -c RcppExports.cpp -o RcppExports.o
g++ -std=gnu++14 -I"/usr/share/R/include" -DNDEBUG -Ilibuv/include -pthread -I'/home/marek/R/x86_64-pc-linux-gnu-library/4.1/later/include' -I'/home/marek/R/x86_64-pc-linux-gnu-library/4.1/Rcpp/include'   -fvisibility=hidden -DSTRICT_R_HEADERS -fpic  -g -O2 -ffile-prefix-map=/build/r-base-4A2Reg/r-base-4.1.2=. -fstack-protector-strong -Wformat -Werror=format-security -Wdate-time -D_FORTIFY_SOURCE=2 -g  -c callback.cpp -o callback.o
g++ -std=gnu++14 -I"/usr/share/R/include" -DNDEBUG -Ilibuv/include -pthread -I'/home/marek/R/x86_64-pc-linux-gnu-library/4.1/later/include' -I'/home/marek/R/x86_64-pc-linux-gnu-library/4.1/Rcpp/include'   -fvisibility=hidden -DSTRICT_R_HEADERS -fpic  -g -O2 -ffile-prefix-map=/build/r-base-4A2Reg/r-base-4.1.2=. -fstack-protector-strong -Wformat -Werror=format-security -Wdate-time -D_FORTIFY_SOURCE=2 -g  -c callbackqueue.cpp -o callbackqueue.o
g++ -std=gnu++14 -I"/usr/share/R/include" -DNDEBUG -Ilibuv/include -pthread -I'/home/marek/R/x86_64-pc-linux-gnu-library/4.1/later/include' -I'/home/marek/R/x86_64-pc-linux-gnu-library/4.1/Rcpp/include'   -fvisibility=hidden -DSTRICT_R_HEADERS -fpic  -g -O2 -ffile-prefix-map=/build/r-base-4A2Reg/r-base-4.1.2=. -fstack-protector-strong -Wformat -Werror=format-security -Wdate-time -D_FORTIFY_SOURCE=2 -g  -c filedatasource-unix.cpp -o filedatasource-unix.o
g++ -std=gnu++14 -I"/usr/share/R/include" -DNDEBUG -Ilibuv/include -pthread -I'/home/marek/R/x86_64-pc-linux-gnu-library/4.1/later/include' -I'/home/marek/R/x86_64-pc-linux-gnu-library/4.1/Rcpp/include'   -fvisibility=hidden -DSTRICT_R_HEADERS -fpic  -g -O2 -ffile-prefix-map=/build/r-base-4A2Reg/r-base-4.1.2=. -fstack-protector-strong -Wformat -Werror=format-security -Wdate-time -D_FORTIFY_SOURCE=2 -g  -c filedatasource-win.cpp -o filedatasource-win.o
g++ -std=gnu++14 -I"/usr/share/R/include" -DNDEBUG -Ilibuv/include -pthread -I'/home/marek/R/x86_64-pc-linux-gnu-library/4.1/later/include' -I'/home/marek/R/x86_64-pc-linux-gnu-library/4.1/Rcpp/include'   -fvisibility=hidden -DSTRICT_R_HEADERS -fpic  -g -O2 -ffile-prefix-map=/build/r-base-4A2Reg/r-base-4.1.2=. -fstack-protector-strong -Wformat -Werror=format-security -Wdate-time -D_FORTIFY_SOURCE=2 -g  -c fs.cpp -o fs.o
g++ -std=gnu++14 -I"/usr/share/R/include" -DNDEBUG -Ilibuv/include -pthread -I'/home/marek/R/x86_64-pc-linux-gnu-library/4.1/later/include' -I'/home/marek/R/x86_64-pc-linux-gnu-library/4.1/Rcpp/include'   -fvisibility=hidden -DSTRICT_R_HEADERS -fpic  -g -O2 -ffile-prefix-map=/build/r-base-4A2Reg/r-base-4.1.2=. -fstack-protector-strong -Wformat -Werror=format-security -Wdate-time -D_FORTIFY_SOURCE=2 -g  -c gzipdatasource.cpp -o gzipdatasource.o
g++ -std=gnu++14 -I"/usr/share/R/include" -DNDEBUG -Ilibuv/include -pthread -I'/home/marek/R/x86_64-pc-linux-gnu-library/4.1/later/include' -I'/home/marek/R/x86_64-pc-linux-gnu-library/4.1/Rcpp/include'   -fvisibility=hidden -DSTRICT_R_HEADERS -fpic  -g -O2 -ffile-prefix-map=/build/r-base-4A2Reg/r-base-4.1.2=. -fstack-protector-strong -Wformat -Werror=format-security -Wdate-time -D_FORTIFY_SOURCE=2 -g  -c http.cpp -o http.o
g++ -std=gnu++14 -I"/usr/share/R/include" -DNDEBUG -Ilibuv/include -pthread -I'/home/marek/R/x86_64-pc-linux-gnu-library/4.1/later/include' -I'/home/marek/R/x86_64-pc-linux-gnu-library/4.1/Rcpp/include'   -fvisibility=hidden -DSTRICT_R_HEADERS -fpic  -g -O2 -ffile-prefix-map=/build/r-base-4A2Reg/r-base-4.1.2=. -fstack-protector-strong -Wformat -Werror=format-security -Wdate-time -D_FORTIFY_SOURCE=2 -g  -c httprequest.cpp -o httprequest.o
g++ -std=gnu++14 -I"/usr/share/R/include" -DNDEBUG -Ilibuv/include -pthread -I'/home/marek/R/x86_64-pc-linux-gnu-library/4.1/later/include' -I'/home/marek/R/x86_64-pc-linux-gnu-library/4.1/Rcpp/include'   -fvisibility=hidden -DSTRICT_R_HEADERS -fpic  -g -O2 -ffile-prefix-map=/build/r-base-4A2Reg/r-base-4.1.2=. -fstack-protector-strong -Wformat -Werror=format-security -Wdate-time -D_FORTIFY_SOURCE=2 -g  -c httpresponse.cpp -o httpresponse.o
g++ -std=gnu++14 -I"/usr/share/R/include" -DNDEBUG -Ilibuv/include -pthread -I'/home/marek/R/x86_64-pc-linux-gnu-library/4.1/later/include' -I'/home/marek/R/x86_64-pc-linux-gnu-library/4.1/Rcpp/include'   -fvisibility=hidden -DSTRICT_R_HEADERS -fpic  -g -O2 -ffile-prefix-map=/build/r-base-4A2Reg/r-base-4.1.2=. -fstack-protector-strong -Wformat -Werror=format-security -Wdate-time -D_FORTIFY_SOURCE=2 -g  -c httpuv.cpp -o httpuv.o
gcc -I"/usr/share/R/include" -DNDEBUG -Ilibuv/include -pthread -I'/home/marek/R/x86_64-pc-linux-gnu-library/4.1/later/include' -I'/home/marek/R/x86_64-pc-linux-gnu-library/4.1/Rcpp/include'   -fvisibility=hidden -DSTRICT_R_HEADERS -fpic  -g -O2 -ffile-prefix-map=/build/r-base-4A2Reg/r-base-4.1.2=. -fstack-protector-strong -Wformat -Werror=format-security -Wdate-time -D_FORTIFY_SOURCE=2 -g  -c md5.c -o md5.o
g++ -std=gnu++14 -I"/usr/share/R/include" -DNDEBUG -Ilibuv/include -pthread -I'/home/marek/R/x86_64-pc-linux-gnu-library/4.1/later/include' -I'/home/marek/R/x86_64-pc-linux-gnu-library/4.1/Rcpp/include'   -fvisibility=hidden -DSTRICT_R_HEADERS -fpic  -g -O2 -ffile-prefix-map=/build/r-base-4A2Reg/r-base-4.1.2=. -fstack-protector-strong -Wformat -Werror=format-security -Wdate-time -D_FORTIFY_SOURCE=2 -g  -c mime.cpp -o mime.o
g++ -std=gnu++14 -I"/usr/share/R/include" -DNDEBUG -Ilibuv/include -pthread -I'/home/marek/R/x86_64-pc-linux-gnu-library/4.1/later/include' -I'/home/marek/R/x86_64-pc-linux-gnu-library/4.1/Rcpp/include'   -fvisibility=hidden -DSTRICT_R_HEADERS -fpic  -g -O2 -ffile-prefix-map=/build/r-base-4A2Reg/r-base-4.1.2=. -fstack-protector-strong -Wformat -Werror=format-security -Wdate-time -D_FORTIFY_SOURCE=2 -g  -c socket.cpp -o socket.o
g++ -std=gnu++14 -I"/usr/share/R/include" -DNDEBUG -Ilibuv/include -pthread -I'/home/marek/R/x86_64-pc-linux-gnu-library/4.1/later/include' -I'/home/marek/R/x86_64-pc-linux-gnu-library/4.1/Rcpp/include'   -fvisibility=hidden -DSTRICT_R_HEADERS -fpic  -g -O2 -ffile-prefix-map=/build/r-base-4A2Reg/r-base-4.1.2=. -fstack-protector-strong -Wformat -Werror=format-security -Wdate-time -D_FORTIFY_SOURCE=2 -g  -c staticpath.cpp -o staticpath.o
g++ -std=gnu++14 -I"/usr/share/R/include" -DNDEBUG -Ilibuv/include -pthread -I'/home/marek/R/x86_64-pc-linux-gnu-library/4.1/later/include' -I'/home/marek/R/x86_64-pc-linux-gnu-library/4.1/Rcpp/include'   -fvisibility=hidden -DSTRICT_R_HEADERS -fpic  -g -O2 -ffile-prefix-map=/build/r-base-4A2Reg/r-base-4.1.2=. -fstack-protector-strong -Wformat -Werror=format-security -Wdate-time -D_FORTIFY_SOURCE=2 -g  -c thread.cpp -o thread.o
g++ -std=gnu++14 -I"/usr/share/R/include" -DNDEBUG -Ilibuv/include -pthread -I'/home/marek/R/x86_64-pc-linux-gnu-library/4.1/later/include' -I'/home/marek/R/x86_64-pc-linux-gnu-library/4.1/Rcpp/include'   -fvisibility=hidden -DSTRICT_R_HEADERS -fpic  -g -O2 -ffile-prefix-map=/build/r-base-4A2Reg/r-base-4.1.2=. -fstack-protector-strong -Wformat -Werror=format-security -Wdate-time -D_FORTIFY_SOURCE=2 -g  -c timegm.cpp -o timegm.o
g++ -std=gnu++14 -I"/usr/share/R/include" -DNDEBUG -Ilibuv/include -pthread -I'/home/marek/R/x86_64-pc-linux-gnu-library/4.1/later/include' -I'/home/marek/R/x86_64-pc-linux-gnu-library/4.1/Rcpp/include'   -fvisibility=hidden -DSTRICT_R_HEADERS -fpic  -g -O2 -ffile-prefix-map=/build/r-base-4A2Reg/r-base-4.1.2=. -fstack-protector-strong -Wformat -Werror=format-security -Wdate-time -D_FORTIFY_SOURCE=2 -g  -c utils.cpp -o utils.o
g++ -std=gnu++14 -I"/usr/share/R/include" -DNDEBUG -Ilibuv/include -pthread -I'/home/marek/R/x86_64-pc-linux-gnu-library/4.1/later/include' -I'/home/marek/R/x86_64-pc-linux-gnu-library/4.1/Rcpp/include'   -fvisibility=hidden -DSTRICT_R_HEADERS -fpic  -g -O2 -ffile-prefix-map=/build/r-base-4A2Reg/r-base-4.1.2=. -fstack-protector-strong -Wformat -Werror=format-security -Wdate-time -D_FORTIFY_SOURCE=2 -g  -c uvutil.cpp -o uvutil.o
g++ -std=gnu++14 -I"/usr/share/R/include" -DNDEBUG -Ilibuv/include -pthread -I'/home/marek/R/x86_64-pc-linux-gnu-library/4.1/later/include' -I'/home/marek/R/x86_64-pc-linux-gnu-library/4.1/Rcpp/include'   -fvisibility=hidden -DSTRICT_R_HEADERS -fpic  -g -O2 -ffile-prefix-map=/build/r-base-4A2Reg/r-base-4.1.2=. -fstack-protector-strong -Wformat -Werror=format-security -Wdate-time -D_FORTIFY_SOURCE=2 -g  -c webapplication.cpp -o webapplication.o
g++ -std=gnu++14 -I"/usr/share/R/include" -DNDEBUG -Ilibuv/include -pthread -I'/home/marek/R/x86_64-pc-linux-gnu-library/4.1/later/include' -I'/home/marek/R/x86_64-pc-linux-gnu-library/4.1/Rcpp/include'   -fvisibility=hidden -DSTRICT_R_HEADERS -fpic  -g -O2 -ffile-prefix-map=/build/r-base-4A2Reg/r-base-4.1.2=. -fstack-protector-strong -Wformat -Werror=format-security -Wdate-time -D_FORTIFY_SOURCE=2 -g  -c websockets-base.cpp -o websockets-base.o
g++ -std=gnu++14 -I"/usr/share/R/include" -DNDEBUG -Ilibuv/include -pthread -I'/home/marek/R/x86_64-pc-linux-gnu-library/4.1/later/include' -I'/home/marek/R/x86_64-pc-linux-gnu-library/4.1/Rcpp/include'   -fvisibility=hidden -DSTRICT_R_HEADERS -fpic  -g -O2 -ffile-prefix-map=/build/r-base-4A2Reg/r-base-4.1.2=. -fstack-protector-strong -Wformat -Werror=format-security -Wdate-time -D_FORTIFY_SOURCE=2 -g  -c websockets-hixie76.cpp -o websockets-hixie76.o
g++ -std=gnu++14 -I"/usr/share/R/include" -DNDEBUG -Ilibuv/include -pthread -I'/home/marek/R/x86_64-pc-linux-gnu-library/4.1/later/include' -I'/home/marek/R/x86_64-pc-linux-gnu-library/4.1/Rcpp/include'   -fvisibility=hidden -DSTRICT_R_HEADERS -fpic  -g -O2 -ffile-prefix-map=/build/r-base-4A2Reg/r-base-4.1.2=. -fstack-protector-strong -Wformat -Werror=format-security -Wdate-time -D_FORTIFY_SOURCE=2 -g  -c websockets-hybi03.cpp -o websockets-hybi03.o
g++ -std=gnu++14 -I"/usr/share/R/include" -DNDEBUG -Ilibuv/include -pthread -I'/home/marek/R/x86_64-pc-linux-gnu-library/4.1/later/include' -I'/home/marek/R/x86_64-pc-linux-gnu-library/4.1/Rcpp/include'   -fvisibility=hidden -DSTRICT_R_HEADERS -fpic  -g -O2 -ffile-prefix-map=/build/r-base-4A2Reg/r-base-4.1.2=. -fstack-protector-strong -Wformat -Werror=format-security -Wdate-time -D_FORTIFY_SOURCE=2 -g  -c websockets-ietf.cpp -o websockets-ietf.o
g++ -std=gnu++14 -I"/usr/share/R/include" -DNDEBUG -Ilibuv/include -pthread -I'/home/marek/R/x86_64-pc-linux-gnu-library/4.1/later/include' -I'/home/marek/R/x86_64-pc-linux-gnu-library/4.1/Rcpp/include'   -fvisibility=hidden -DSTRICT_R_HEADERS -fpic  -g -O2 -ffile-prefix-map=/build/r-base-4A2Reg/r-base-4.1.2=. -fstack-protector-strong -Wformat -Werror=format-security -Wdate-time -D_FORTIFY_SOURCE=2 -g  -c websockets.cpp -o websockets.o
g++ -std=gnu++14 -I"/usr/share/R/include" -DNDEBUG -Ilibuv/include -pthread -I'/home/marek/R/x86_64-pc-linux-gnu-library/4.1/later/include' -I'/home/marek/R/x86_64-pc-linux-gnu-library/4.1/Rcpp/include'   -fvisibility=hidden -DSTRICT_R_HEADERS -fpic  -g -O2 -ffile-prefix-map=/build/r-base-4A2Reg/r-base-4.1.2=. -fstack-protector-strong -Wformat -Werror=format-security -Wdate-time -D_FORTIFY_SOURCE=2 -g  -c winutils.cpp -o winutils.o
cp -p -f libuv/m4/lt_obsolete.m4 libuv/m4/lt~obsolete.m4
cd libuv; \
touch aclocal.m4 configure.ac Makefile.am m4/*.m4; \
touch -r aclocal.m4 configure Makefile.in; \
chmod +x configure; \
CC="gcc" CFLAGS="-g -O2 -ffile-prefix-map=/build/r-base-4A2Reg/r-base-4.1.2=. -fstack-protector-strong -Wformat -Werror=format-security -Wdate-time -D_FORTIFY_SOURCE=2 -g  -fpic -fvisibility=hidden -DNDEBUG" CPPFLAGS="" AR="ar" RANLIB="ranlib" LDFLAGS="-Wl,-Bsymbolic-functions -flto=auto -ffat-lto-objects -flto=auto -Wl,-z,relro" ./configure lt_cv_apple_cc_single_mod=no "--quiet"
make --directory=libuv \
	HAVE_DTRACE=0
make[1]: Entering directory '/tmp/Rtmp63oSdf/R.INSTALL1fecd7df1a1/httpuv/src/libuv'
  CC       src/libuv_la-fs-poll.lo
  CC       src/libuv_la-idna.lo
  CC       src/libuv_la-inet.lo
  CC       src/libuv_la-random.lo
  CC       src/libuv_la-strscpy.lo
  CC       src/libuv_la-threadpool.lo
  CC       src/libuv_la-timer.lo
  CC       src/libuv_la-uv-data-getter-setters.lo
  CC       src/libuv_la-uv-common.lo
  CC       src/libuv_la-version.lo
  CC       src/unix/libuv_la-async.lo
  CC       src/unix/libuv_la-core.lo
  CC       src/unix/libuv_la-dl.lo
  CC       src/unix/libuv_la-fs.lo
  CC       src/unix/libuv_la-getaddrinfo.lo
  CC       src/unix/libuv_la-getnameinfo.lo
  CC       src/unix/libuv_la-loop-watcher.lo
  CC       src/unix/libuv_la-loop.lo
  CC       src/unix/libuv_la-pipe.lo
  CC       src/unix/libuv_la-poll.lo
  CC       src/unix/libuv_la-process.lo
  CC       src/unix/libuv_la-random-devurandom.lo
  CC       src/unix/libuv_la-signal.lo
  CC       src/unix/libuv_la-stream.lo
  CC       src/unix/libuv_la-tcp.lo
  CC       src/unix/libuv_la-thread.lo
src/unix/thread.c: In function ‘uv__thread_stack_size’:
src/unix/thread.c:195:24: warning: comparison of integer expressions of different signedness: ‘rlim_t’ {aka ‘long unsigned int’} and ‘long int’ [-Wsign-compare]
  195 |       if (lim.rlim_cur >= PTHREAD_STACK_MIN)
      |                        ^~
src/unix/thread.c: In function ‘uv_thread_create_ex’:
src/unix/thread.c:243:20: warning: comparison of integer expressions of different signedness: ‘size_t’ {aka ‘long unsigned int’} and ‘long int’ [-Wsign-compare]
  243 |     if (stack_size < PTHREAD_STACK_MIN)
      |                    ^
  CC       src/unix/libuv_la-tty.lo
  CC       src/unix/libuv_la-udp.lo
  CC       src/unix/libuv_la-linux-core.lo
  CC       src/unix/libuv_la-linux-inotify.lo
  CC       src/unix/libuv_la-linux-syscalls.lo
  CC       src/unix/libuv_la-procfs-exepath.lo
  CC       src/unix/libuv_la-proctitle.lo
  CC       src/unix/libuv_la-random-getrandom.lo
  CC       src/unix/libuv_la-random-sysctl-linux.lo
  CC       src/unix/libuv_la-epoll.lo
  CCLD     libuv.la
ar: `u' modifier ignored since `D' is the default (see `U')
make[1]: Leaving directory '/tmp/Rtmp63oSdf/R.INSTALL1fecd7df1a1/httpuv/src/libuv'
gcc -I"/usr/share/R/include" -DNDEBUG -Ilibuv/include -pthread -I'/home/marek/R/x86_64-pc-linux-gnu-library/4.1/later/include' -I'/home/marek/R/x86_64-pc-linux-gnu-library/4.1/Rcpp/include'   -fvisibility=hidden -DSTRICT_R_HEADERS -fpic  -g -O2 -ffile-prefix-map=/build/r-base-4A2Reg/r-base-4.1.2=. -fstack-protector-strong -Wformat -Werror=format-security -Wdate-time -D_FORTIFY_SOURCE=2 -g  -c http-parser/http_parser.c -o http-parser/http_parser.o
gcc -I"/usr/share/R/include" -DNDEBUG -Ilibuv/include -pthread -I'/home/marek/R/x86_64-pc-linux-gnu-library/4.1/later/include' -I'/home/marek/R/x86_64-pc-linux-gnu-library/4.1/Rcpp/include'   -fvisibility=hidden -DSTRICT_R_HEADERS -fpic  -g -O2 -ffile-prefix-map=/build/r-base-4A2Reg/r-base-4.1.2=. -fstack-protector-strong -Wformat -Werror=format-security -Wdate-time -D_FORTIFY_SOURCE=2 -g  -c sha1/sha1.c -o sha1/sha1.o
g++ -std=gnu++14 -I"/usr/share/R/include" -DNDEBUG -Ilibuv/include -pthread -I'/home/marek/R/x86_64-pc-linux-gnu-library/4.1/later/include' -I'/home/marek/R/x86_64-pc-linux-gnu-library/4.1/Rcpp/include'   -fvisibility=hidden -DSTRICT_R_HEADERS -fpic  -g -O2 -ffile-prefix-map=/build/r-base-4A2Reg/r-base-4.1.2=. -fstack-protector-strong -Wformat -Werror=format-security -Wdate-time -D_FORTIFY_SOURCE=2 -g  -c base64/base64.cpp -o base64/base64.o
g++ -std=gnu++14 -shared -L/usr/lib/R/lib -Wl,-Bsymbolic-functions -flto=auto -ffat-lto-objects -flto=auto -Wl,-z,relro -o httpuv.so RcppExports.o callback.o callbackqueue.o filedatasource-unix.o filedatasource-win.o fs.o gzipdatasource.o http.o httprequest.o httpresponse.o httpuv.o md5.o mime.o socket.o staticpath.o thread.o timegm.o utils.o uvutil.o webapplication.o websockets-base.o websockets-hixie76.o websockets-hybi03.o websockets-ietf.o websockets.o winutils.o ./libuv/.libs/libuv.b ./http-parser/http_parser.o ./sha1/sha1.o ./base64/base64.o -pthread -L/usr/lib/R/lib -lR
installing to /home/marek/R/x86_64-pc-linux-gnu-library/4.1/00LOCK-httpuv/00new/httpuv/libs
** R
** demo
** inst
** byte-compile and prepare package for lazy loading
** help
*** installing help indices
** building package indices
** testing if installed package can be loaded from temporary location
** checking absolute paths in shared objects and dynamic libraries
** testing if installed package can be loaded from final location
** testing if installed package keeps a record of temporary installation path
* DONE (httpuv)
ERROR: dependency ‘systemfonts’ is not available for package ‘textshaping’
* removing ‘/home/marek/R/x86_64-pc-linux-gnu-library/4.1/textshaping’
ERROR: dependency ‘sass’ is not available for package ‘bslib’
* removing ‘/home/marek/R/x86_64-pc-linux-gnu-library/4.1/bslib’
* installing *source* package ‘downlit’ ...
** package ‘downlit’ successfully unpacked and MD5 sums checked
** using staged installation
** R
** inst
** byte-compile and prepare package for lazy loading
** help
*** installing help indices
** building package indices
** testing if installed package can be loaded from temporary location
** testing if installed package can be loaded from final location
** testing if installed package keeps a record of temporary installation path
* DONE (downlit)
ERROR: dependencies ‘curl’, ‘openssl’ are not available for package ‘httr2’
* removing ‘/home/marek/R/x86_64-pc-linux-gnu-library/4.1/httr2’
* installing *source* package ‘pkgbuild’ ...
** package ‘pkgbuild’ successfully unpacked and MD5 sums checked
** using staged installation
** R
** byte-compile and prepare package for lazy loading
** help
*** installing help indices
** building package indices
** testing if installed package can be loaded from temporary location
** testing if installed package can be loaded from final location
** testing if installed package keeps a record of temporary installation path
* DONE (pkgbuild)
ERROR: dependencies ‘credentials’, ‘openssl’ are not available for package ‘gert’
* removing ‘/home/marek/R/x86_64-pc-linux-gnu-library/4.1/gert’
ERROR: dependency ‘httr2’ is not available for package ‘gh’
* removing ‘/home/marek/R/x86_64-pc-linux-gnu-library/4.1/gh’
ERROR: dependency ‘bslib’ is not available for package ‘shiny’
* removing ‘/home/marek/R/x86_64-pc-linux-gnu-library/4.1/shiny’
ERROR: dependencies ‘systemfonts’, ‘textshaping’ are not available for package ‘ragg’
* removing ‘/home/marek/R/x86_64-pc-linux-gnu-library/4.1/ragg’
ERROR: dependency ‘bslib’ is not available for package ‘rmarkdown’
* removing ‘/home/marek/R/x86_64-pc-linux-gnu-library/4.1/rmarkdown’
ERROR: dependency ‘fs’ is not available for package ‘pkgload’
* removing ‘/home/marek/R/x86_64-pc-linux-gnu-library/4.1/pkgload’
ERROR: dependency ‘curl’ is not available for package ‘rcmdcheck’
* removing ‘/home/marek/R/x86_64-pc-linux-gnu-library/4.1/rcmdcheck’
ERROR: dependency ‘rmarkdown’ is not available for package ‘htmlwidgets’
* removing ‘/home/marek/R/x86_64-pc-linux-gnu-library/4.1/htmlwidgets’
ERROR: dependencies ‘curl’, ‘fs’, ‘gert’, ‘gh’ are not available for package ‘usethis’
* removing ‘/home/marek/R/x86_64-pc-linux-gnu-library/4.1/usethis’
ERROR: dependency ‘shiny’ is not available for package ‘miniUI’
* removing ‘/home/marek/R/x86_64-pc-linux-gnu-library/4.1/miniUI’
ERROR: dependencies ‘bslib’, ‘fs’, ‘httr2’, ‘openssl’, ‘ragg’, ‘rmarkdown’ are not available for package ‘pkgdown’
* removing ‘/home/marek/R/x86_64-pc-linux-gnu-library/4.1/pkgdown’
ERROR: dependency ‘pkgload’ is not available for package ‘roxygen2’
* removing ‘/home/marek/R/x86_64-pc-linux-gnu-library/4.1/roxygen2’
ERROR: dependency ‘pkgload’ is not available for package ‘testthat’
* removing ‘/home/marek/R/x86_64-pc-linux-gnu-library/4.1/testthat’
ERROR: dependency ‘htmlwidgets’ is not available for package ‘profvis’
* removing ‘/home/marek/R/x86_64-pc-linux-gnu-library/4.1/profvis’
ERROR: dependencies ‘usethis’, ‘fs’, ‘miniUI’, ‘pak’, ‘pkgdown’, ‘pkgload’, ‘profvis’, ‘rcmdcheck’, ‘roxygen2’, ‘rversions’, ‘testthat’, ‘urlchecker’ are not available for package ‘devtools’
* removing ‘/home/marek/R/x86_64-pc-linux-gnu-library/4.1/devtools’

The downloaded source packages are in
	‘/tmp/RtmpkWUzaN/downloaded_packages’
There were 27 warnings (use warnings() to see them)
> devtools::load_all("MacroPhyloMaker")
Error in loadNamespace(x) : there is no package called ‘devtools’
