=== Genus extraction log: Hagensia | 2026-04-12 19:04:34 ===

┌──────────┐
│ Settings │
└──────────┘
resolve_polytomies: FALSE
force_positive_lengths: FALSE
clean: genus_species
nonmono: prune_extras
outgroup: sister_one
seed: 42

┌──────────┐
│ Input │
└──────────┘
tips_in: 1170
Ingroup (genus=Hagensia) identified: 4 tips
Genus monophyly: TRUE
Outgroup (sister_one): Euponera_wroughtonii_EX2723_BLF1562-13--1 (min distance=0.070868)

┌──────────┐
│ Output │
└──────────┘
ingroup_out: 4
tips_out (final tree): 3
Wrote tree: /home/marek/ant-megatree/working_code/package/project/published/ponerinae/extracted_genera/Hagensia/extract_Hagensia_20260412-190434_with_outgroup.tre
Wrote renames TSV: /home/marek/ant-megatree/working_code/package/project/published/ponerinae/extracted_genera/Hagensia/extract_Hagensia_20260412-190434_renamed.tsv
