=== Genus extraction log: Dacetinops | 2026-04-12 19:05:27 ===

┌──────────┐
│ Settings │
└──────────┘
resolve_polytomies: FALSE
force_positive_lengths: FALSE
clean: genus_species
nonmono: prune_extras
outgroup: sister_one
seed: 42

┌──────────┐
│ Input │
└──────────┘
tips_in: 155
Ingroup (genus=Dacetinops) identified: 2 tips
Genus monophyly: TRUE
Outgroup (sister_one): Indomyrma_dasypyx (min distance=88.954700)

┌──────────┐
│ Output │
└──────────┘
ingroup_out: 2
tips_out (final tree): 3
Wrote tree: /home/marek/ant-megatree/working_code/package/project/published/crematogastrini/blaimer2022/extracted_genera/Dacetinops/extract_Dacetinops_20260412-190527_with_outgroup.tre
Wrote renames TSV: /home/marek/ant-megatree/working_code/package/project/published/crematogastrini/blaimer2022/extracted_genera/Dacetinops/extract_Dacetinops_20260412-190527_renamed.tsv
