=== Genus extraction log: Hypoponera | 2026-04-12 19:04:34 ===

┌──────────┐
│ Settings │
└──────────┘
resolve_polytomies: FALSE
force_positive_lengths: FALSE
clean: genus_species
nonmono: prune_extras
outgroup: sister_one
seed: 42

┌──────────┐
│ Input │
└──────────┘
tips_in: 1170
Ingroup (genus=Hypoponera) identified: 317 tips
Genus monophyly: TRUE
Outgroup (sister_one): Psalidomyrmex_reichenspergeri_EX2350_CASENT0639782 (min distance=0.137893)

┌──────────┐
│ Output │
└──────────┘
ingroup_out: 317
tips_out (final tree): 70
Wrote tree: /home/marek/ant-megatree/working_code/package/project/published/ponerinae/extracted_genera/Hypoponera/extract_Hypoponera_20260412-190434_with_outgroup.tre
Wrote renames TSV: /home/marek/ant-megatree/working_code/package/project/published/ponerinae/extracted_genera/Hypoponera/extract_Hypoponera_20260412-190434_renamed.tsv
