=== Genus extraction log: Pseudomyrmex | 2025-10-24 19:19:10 ===

┌────────────────────┐
│ Preprocessing tree │
└────────────────────┘
Polytomies resolved randomly; zero/NA edge lengths set to small positive values.

┌───────────────────────────────────────────┐
│ Ingroup label cleaning (focal genus only) │
└───────────────────────────────────────────┘
Detected 139 ingroup tip(s) in raw tree.
Kept 139 ingroup tip(s) after cleaning (raw → canonical):
  KEEP: Pseudomyrmex_filiformis
  KEEP: Pseudomyrmex_psw155 → Pseudomyrmex_psw
  KEEP: Pseudomyrmex_psw158 → Pseudomyrmex_psw
  KEEP: Pseudomyrmex_termitarius
  KEEP: Pseudomyrmex_denticollis
  KEEP: Pseudomyrmex_tenuis
  KEEP: Pseudomyrmex_boopis
  KEEP: Pseudomyrmex_psw165 → Pseudomyrmex_psw
  KEEP: Pseudomyrmex_beccarii
  KEEP: Pseudomyrmex_sericeus_cf → Pseudomyrmex_sericeus
  KEEP: Pseudomyrmex_sericeus
  KEEP: Pseudomyrmex_ita
  KEEP: Pseudomyrmex_lisus
  KEEP: Pseudomyrmex_crudelis
  KEEP: Pseudomyrmex_ferox
  KEEP: Pseudomyrmex_eculeus
  KEEP: Pseudomyrmex_rubiginosus
  KEEP: Pseudomyrmex_fortis
  KEEP: Pseudomyrmex_longior
  KEEP: Pseudomyrmex_cordiae
  KEEP: Pseudomyrmex_godmani
  KEEP: Pseudomyrmex_niger
  KEEP: Pseudomyrmex_cladoicus_nr → Pseudomyrmex_cladoicus
  KEEP: Pseudomyrmex_nigropilosus
  KEEP: Pseudomyrmex_major
  KEEP: Pseudomyrmex_maculatus
  KEEP: Pseudomyrmex_venustus
  KEEP: Pseudomyrmex_opaciceps
  KEEP: Pseudomyrmex_gracilis
  KEEP: Pseudomyrmex_hospitalis
  KEEP: Pseudomyrmex_gracilis_cf → Pseudomyrmex_gracilis
  KEEP: Pseudomyrmex_santschii
  KEEP: Pseudomyrmex_psw034 → Pseudomyrmex_psw
  KEEP: Pseudomyrmex_unicolor
  KEEP: Pseudomyrmex_faber
  KEEP: Pseudomyrmex_psw037 → Pseudomyrmex_psw
  KEEP: Pseudomyrmex_psw049 → Pseudomyrmex_psw
  KEEP: Pseudomyrmex_atripes
  KEEP: Pseudomyrmex_pupa
  KEEP: Pseudomyrmex_laevigatus
  KEEP: Pseudomyrmex_psw036 → Pseudomyrmex_psw
  KEEP: Pseudomyrmex_osurus
  KEEP: Pseudomyrmex_tenuissimus
  KEEP: Pseudomyrmex_psw045 → Pseudomyrmex_psw
  KEEP: Pseudomyrmex_spiculus
  KEEP: Pseudomyrmex_spiculus_nr → Pseudomyrmex_spiculus
  KEEP: Pseudomyrmex_psw040 → Pseudomyrmex_psw
  KEEP: Pseudomyrmex_rufomedius
  KEEP: Pseudomyrmex_psw044 → Pseudomyrmex_psw
  KEEP: Pseudomyrmex_psw043 → Pseudomyrmex_psw
  KEEP: Pseudomyrmex_fervidus
  KEEP: Pseudomyrmex_salvini
  KEEP: Pseudomyrmex_apache
  KEEP: Pseudomyrmex_championi_nr → Pseudomyrmex_championi
  KEEP: Pseudomyrmex_championi
  KEEP: Pseudomyrmex_elongatulus
  KEEP: Pseudomyrmex_psw041 → Pseudomyrmex_psw
  KEEP: Pseudomyrmex_psw003 → Pseudomyrmex_psw
  KEEP: Pseudomyrmex_psw053 → Pseudomyrmex_psw
  KEEP: Pseudomyrmex_tachigaliae
  KEEP: Pseudomyrmex_malignus
  KEEP: Pseudomyrmex_penetrator
  KEEP: Pseudomyrmex_insuavis
  KEEP: Pseudomyrmex_concolor
  KEEP: Pseudomyrmex_kuenckeli
  KEEP: Pseudomyrmex_longus
  KEEP: Pseudomyrmex_lynceus
  KEEP: Pseudomyrmex_phyllophilus
  KEEP: Pseudomyrmex_psw051 → Pseudomyrmex_psw
  KEEP: Pseudomyrmex_pallens_cf → Pseudomyrmex_pallens
  KEEP: Pseudomyrmex_pallens
  KEEP: Pseudomyrmex_subater
  KEEP: Pseudomyrmex_duckei
  KEEP: Pseudomyrmex_psw052 → Pseudomyrmex_psw
  KEEP: Pseudomyrmex_psw023 → Pseudomyrmex_psw
  KEEP: Pseudomyrmex_viduus
  KEEP: Pseudomyrmex_triplaridis
  KEEP: Pseudomyrmex_mordax
  KEEP: Pseudomyrmex_triplarinus
  KEEP: Pseudomyrmex_dendroicus
  KEEP: Pseudomyrmex_ultrix
  KEEP: Pseudomyrmex_schuppi
  KEEP: Pseudomyrmex_oculatus
  KEEP: Pseudomyrmex_cretus
  KEEP: Pseudomyrmex_curacaensis
  KEEP: Pseudomyrmex_cubaensis
  KEEP: Pseudomyrmex_caeciliae
  KEEP: Pseudomyrmex_eduardi
  KEEP: Pseudomyrmex_elongatus
  KEEP: Pseudomyrmex_urbanus
  KEEP: Pseudomyrmex_haytianus
  KEEP: Pseudomyrmex_psw001 → Pseudomyrmex_psw
  KEEP: Pseudomyrmex_goeldii
  KEEP: Pseudomyrmex_laevifrons
  KEEP: Pseudomyrmex_perboscii
  KEEP: Pseudomyrmex_nigrocinctus
  KEEP: Pseudomyrmex_particeps
  KEEP: Pseudomyrmex_psw002 → Pseudomyrmex_psw
  KEEP: Pseudomyrmex_psw054 → Pseudomyrmex_psw
  KEEP: Pseudomyrmex_peperi
  KEEP: Pseudomyrmex_spinicola
  KEEP: Pseudomyrmex_satanicus
  KEEP: Pseudomyrmex_veneficus
  KEEP: Pseudomyrmex_mixtecus
  KEEP: Pseudomyrmex_ferrugineus
  KEEP: Pseudomyrmex_janzeni
  KEEP: Pseudomyrmex_flavicornis
  KEEP: Pseudomyrmex_depressus
  KEEP: Pseudomyrmex_oki
  KEEP: Pseudomyrmex_gebellii
  KEEP: Pseudomyrmex_pazosi
  KEEP: Pseudomyrmex_simplex
  KEEP: Pseudomyrmex_euryblemma
  KEEP: Pseudomyrmex_lizeri
  KEEP: Pseudomyrmex_laevivertex
  KEEP: Pseudomyrmex_simplex_cf → Pseudomyrmex_simplex
  KEEP: Pseudomyrmex_ejectus
  KEEP: Pseudomyrmex_psw013 → Pseudomyrmex_psw
  KEEP: Pseudomyrmex_psw014 → Pseudomyrmex_psw
  KEEP: Pseudomyrmex_ethicus
  KEEP: Pseudomyrmex_psw015 → Pseudomyrmex_psw
  KEEP: Pseudomyrmex_peruvianus_nr → Pseudomyrmex_peruvianus
  KEEP: Pseudomyrmex_psw157 → Pseudomyrmex_psw
  KEEP: Pseudomyrmex_seminole
  KEEP: Pseudomyrmex_pallidus
  KEEP: Pseudomyrmex_psw006 → Pseudomyrmex_psw
  KEEP: Pseudomyrmex_psw005 → Pseudomyrmex_psw
  KEEP: Pseudomyrmex_holmgreni
  KEEP: Pseudomyrmex_psw065 → Pseudomyrmex_psw
  KEEP: Pseudomyrmex_inquilinus
  KEEP: Pseudomyrmex_psw062 → Pseudomyrmex_psw
  KEEP: Pseudomyrmex_flavidulus
  KEEP: Pseudomyrmex_psw064 → Pseudomyrmex_psw
  KEEP: Pseudomyrmex_cocae_cf → Pseudomyrmex_cocae
  KEEP: Pseudomyrmex_acanthobius
  KEEP: Pseudomyrmex_psw063 → Pseudomyrmex_psw
  KEEP: Pseudomyrmex_rufiventris
  KEEP: Pseudomyrmex_psw061 → Pseudomyrmex_psw
  KEEP: Pseudomyrmex_psw019 → Pseudomyrmex_psw
Non-target genera were not modified or dropped at this step.

┌──────────────────────────────────┐
│ Species de-duplication (ingroup) │
└──────────────────────────────────┘
Detected 7 ingroup species with duplicate tips.
Species Pseudomyrmex_championi: monophyletic; retain Pseudomyrmex_championi (min crown depth -0.000800); drop 0 duplicate(s).
Species Pseudomyrmex_gracilis: non-monophyletic; retain Pseudomyrmex_gracilis (min total patristic distance 0.000000); drop 0 duplicate(s).
Species Pseudomyrmex_pallens: monophyletic; retain Pseudomyrmex_pallens (min crown depth -0.002252); drop 0 duplicate(s).
Species Pseudomyrmex_psw: non-monophyletic; retain Pseudomyrmex_psw (min total patristic distance 0.000000); drop 0 duplicate(s).
Species Pseudomyrmex_sericeus: non-monophyletic; retain Pseudomyrmex_sericeus (min total patristic distance 0.000000); drop 0 duplicate(s).
Species Pseudomyrmex_simplex: non-monophyletic; retain Pseudomyrmex_simplex (min total patristic distance 0.000000); drop 0 duplicate(s).
Species Pseudomyrmex_spiculus: monophyletic; retain Pseudomyrmex_spiculus (min crown depth -0.002134); drop 0 duplicate(s).

┌──────────────────────────┐
│ Genus tip identification │
└──────────────────────────┘
Ingroup tips available after cleaning & de-duplication: 139
Genus monophyly: TRUE
Genus MRCA node: 292

┌─────────────────────┐
│ Retained genus tips │
└─────────────────────┘
  KEEP: Pseudomyrmex_acanthobius
  KEEP: Pseudomyrmex_apache
  KEEP: Pseudomyrmex_atripes
  KEEP: Pseudomyrmex_beccarii
  KEEP: Pseudomyrmex_boopis
  KEEP: Pseudomyrmex_caeciliae
  KEEP: Pseudomyrmex_championi
  KEEP: Pseudomyrmex_championi
  KEEP: Pseudomyrmex_cladoicus
  KEEP: Pseudomyrmex_cocae
  KEEP: Pseudomyrmex_concolor
  KEEP: Pseudomyrmex_cordiae
  KEEP: Pseudomyrmex_cretus
  KEEP: Pseudomyrmex_crudelis
  KEEP: Pseudomyrmex_cubaensis
  KEEP: Pseudomyrmex_curacaensis
  KEEP: Pseudomyrmex_dendroicus
  KEEP: Pseudomyrmex_denticollis
  KEEP: Pseudomyrmex_depressus
  KEEP: Pseudomyrmex_duckei
  KEEP: Pseudomyrmex_eculeus
  KEEP: Pseudomyrmex_eduardi
  KEEP: Pseudomyrmex_ejectus
  KEEP: Pseudomyrmex_elongatulus
  KEEP: Pseudomyrmex_elongatus
  KEEP: Pseudomyrmex_ethicus
  KEEP: Pseudomyrmex_euryblemma
  KEEP: Pseudomyrmex_faber
  KEEP: Pseudomyrmex_ferox
  KEEP: Pseudomyrmex_ferrugineus
  KEEP: Pseudomyrmex_fervidus
  KEEP: Pseudomyrmex_filiformis
  KEEP: Pseudomyrmex_flavicornis
  KEEP: Pseudomyrmex_flavidulus
  KEEP: Pseudomyrmex_fortis
  KEEP: Pseudomyrmex_gebellii
  KEEP: Pseudomyrmex_godmani
  KEEP: Pseudomyrmex_goeldii
  KEEP: Pseudomyrmex_gracilis
  KEEP: Pseudomyrmex_gracilis
  KEEP: Pseudomyrmex_haytianus
  KEEP: Pseudomyrmex_holmgreni
  KEEP: Pseudomyrmex_hospitalis
  KEEP: Pseudomyrmex_inquilinus
  KEEP: Pseudomyrmex_insuavis
  KEEP: Pseudomyrmex_ita
  KEEP: Pseudomyrmex_janzeni
  KEEP: Pseudomyrmex_kuenckeli
  KEEP: Pseudomyrmex_laevifrons
  KEEP: Pseudomyrmex_laevigatus
  KEEP: Pseudomyrmex_laevivertex
  KEEP: Pseudomyrmex_lisus
  KEEP: Pseudomyrmex_lizeri
  KEEP: Pseudomyrmex_longior
  KEEP: Pseudomyrmex_longus
  KEEP: Pseudomyrmex_lynceus
  KEEP: Pseudomyrmex_maculatus
  KEEP: Pseudomyrmex_major
  KEEP: Pseudomyrmex_malignus
  KEEP: Pseudomyrmex_mixtecus
  KEEP: Pseudomyrmex_mordax
  KEEP: Pseudomyrmex_niger
  KEEP: Pseudomyrmex_nigrocinctus
  KEEP: Pseudomyrmex_nigropilosus
  KEEP: Pseudomyrmex_oculatus
  KEEP: Pseudomyrmex_oki
  KEEP: Pseudomyrmex_opaciceps
  KEEP: Pseudomyrmex_osurus
  KEEP: Pseudomyrmex_pallens
  KEEP: Pseudomyrmex_pallens
  KEEP: Pseudomyrmex_pallidus
  KEEP: Pseudomyrmex_particeps
  KEEP: Pseudomyrmex_pazosi
  KEEP: Pseudomyrmex_penetrator
  KEEP: Pseudomyrmex_peperi
  KEEP: Pseudomyrmex_perboscii
  KEEP: Pseudomyrmex_peruvianus
  KEEP: Pseudomyrmex_phyllophilus
  KEEP: Pseudomyrmex_psw
  KEEP: Pseudomyrmex_psw
  KEEP: Pseudomyrmex_psw
  KEEP: Pseudomyrmex_psw
  KEEP: Pseudomyrmex_psw
  KEEP: Pseudomyrmex_psw
  KEEP: Pseudomyrmex_psw
  KEEP: Pseudomyrmex_psw
  KEEP: Pseudomyrmex_psw
  KEEP: Pseudomyrmex_psw
  KEEP: Pseudomyrmex_psw
  KEEP: Pseudomyrmex_psw
  KEEP: Pseudomyrmex_psw
  KEEP: Pseudomyrmex_psw
  KEEP: Pseudomyrmex_psw
  KEEP: Pseudomyrmex_psw
  KEEP: Pseudomyrmex_psw
  KEEP: Pseudomyrmex_psw
  KEEP: Pseudomyrmex_psw
  KEEP: Pseudomyrmex_psw
  KEEP: Pseudomyrmex_psw
  KEEP: Pseudomyrmex_psw
  KEEP: Pseudomyrmex_psw
  KEEP: Pseudomyrmex_psw
  KEEP: Pseudomyrmex_psw
  KEEP: Pseudomyrmex_psw
  KEEP: Pseudomyrmex_psw
  KEEP: Pseudomyrmex_psw
  KEEP: Pseudomyrmex_psw
  KEEP: Pseudomyrmex_psw
  KEEP: Pseudomyrmex_psw
  KEEP: Pseudomyrmex_psw
  KEEP: Pseudomyrmex_pupa
  KEEP: Pseudomyrmex_rubiginosus
  KEEP: Pseudomyrmex_rufiventris
  KEEP: Pseudomyrmex_rufomedius
  KEEP: Pseudomyrmex_salvini
  KEEP: Pseudomyrmex_santschii
  KEEP: Pseudomyrmex_satanicus
  KEEP: Pseudomyrmex_schuppi
  KEEP: Pseudomyrmex_seminole
  KEEP: Pseudomyrmex_sericeus
  KEEP: Pseudomyrmex_sericeus
  KEEP: Pseudomyrmex_simplex
  KEEP: Pseudomyrmex_simplex
  KEEP: Pseudomyrmex_spiculus
  KEEP: Pseudomyrmex_spiculus
  KEEP: Pseudomyrmex_spinicola
  KEEP: Pseudomyrmex_subater
  KEEP: Pseudomyrmex_tachigaliae
  KEEP: Pseudomyrmex_tenuis
  KEEP: Pseudomyrmex_tenuissimus
  KEEP: Pseudomyrmex_termitarius
  KEEP: Pseudomyrmex_triplaridis
  KEEP: Pseudomyrmex_triplarinus
  KEEP: Pseudomyrmex_ultrix
  KEEP: Pseudomyrmex_unicolor
  KEEP: Pseudomyrmex_urbanus
  KEEP: Pseudomyrmex_veneficus
  KEEP: Pseudomyrmex_venustus
  KEEP: Pseudomyrmex_viduus
Total retained genus tips: 139

┌────────────────────┐
│ Outgroup selection │
└────────────────────┘
Selected outgroup: Myrcidris_epicharis (min distance 0.094671).

┌──────────┐
│ Output │
└──────────┘
Wrote tree: ./Pseudomyrmex_with_outgroup.tre
Outgroup in output: Myrcidris_epicharis
Genus tips in output: 103
