=== Genus extraction log: Vitsika | 2026-04-11 11:40:12 ===

┌──────────┐
│ Settings │
└──────────┘
resolve_polytomies: FALSE
force_positive_lengths: FALSE
clean: genus_species
nonmono: prune_extras
outgroup: sister_one
seed: 42

┌──────────┐
│ Input │
└──────────┘
tips_in: 1183
Ingroup (genus=Vitsika) identified: 16 tips
Genus monophyly: TRUE
Outgroup (sister_one): Malagidris_dulcis (min distance=24.443827)

┌──────────┐
│ Output │
└──────────┘
ingroup_out: 16
tips_out (final tree): 17
Wrote tree: /home/marek/ant-megatree/working_code/package/project/published/mami-madagascar/camacho2024/extracted_genera/Vitsika/extract_Vitsika_20260411-114012_with_outgroup.tre
Wrote renames TSV: /home/marek/ant-megatree/working_code/package/project/published/mami-madagascar/camacho2024/extracted_genera/Vitsika/extract_Vitsika_20260411-114012_renamed.tsv
