=== Genus extraction log: clade | 2026-04-11 12:03:39 ===

┌──────────┐
│ Settings │
└──────────┘
resolve_polytomies: TRUE
force_positive_lengths: TRUE
clean: none
nonmono: prune_extras
outgroup: sister_one
seed: 42

┌──────────┐
│ Input │
└──────────┘
tips_in: 45
Preprocess: polytomies=TRUE, positive_lengths=TRUE
Ingroup (MRCA of anchors) size: 38
Outgroup (sister_one): 'Brachymyrmex_cf._aphidicola_EXRP168' (min distance=171.327992)

┌──────────┐
│ Output │
└──────────┘
ingroup_out: 38
tips_out (final tree): 39
Wrote tree: /home/marek/ant-megatree/working_code/package/project/published/myrmelachista/probst2024/extract_mrca_Myrmelachista_hoffmanni_EXRP103-Myrmelachista_lauropacifica_EXRP74_20260411-120339_with_outgroup.tre
