=== Genus extraction log: Myopias | 2026-04-12 19:04:35 ===

┌──────────┐
│ Settings │
└──────────┘
resolve_polytomies: FALSE
force_positive_lengths: FALSE
clean: genus_species
nonmono: prune_extras
outgroup: sister_one
seed: 42

┌──────────┐
│ Input │
└──────────┘
tips_in: 1170
Ingroup (genus=Myopias) identified: 27 tips
Genus monophyly: TRUE
Outgroup (sister_one): Leptogenys_titan_D2457_CASENT0815021 (min distance=0.115005)

┌──────────┐
│ Output │
└──────────┘
ingroup_out: 27
tips_out (final tree): 13
Wrote tree: /home/marek/ant-megatree/working_code/package/project/published/ponerinae/extracted_genera/Myopias/extract_Myopias_20260412-190435_with_outgroup.tre
Wrote renames TSV: /home/marek/ant-megatree/working_code/package/project/published/ponerinae/extracted_genera/Myopias/extract_Myopias_20260412-190435_renamed.tsv
