=== Genus extraction log: clade | 2026-04-09 14:39:17 ===

┌──────────┐
│ Settings │
└──────────┘
resolve_polytomies: TRUE
force_positive_lengths: TRUE
clean: none
nonmono: prune_extras
outgroup: sister_one
seed: 42

┌──────────┐
│ Input │
└──────────┘
tips_in: 53
Preprocess: polytomies=TRUE, positive_lengths=TRUE
Ingroup (MRCA of anchors) size: 50
Outgroup (sister_one): Apomyrma_CF02 (min distance=213.326320)

┌──────────┐
│ Output │
└──────────┘
ingroup_out: 50
tips_out (final tree): 51
Wrote tree: /home/marek/ant-megatree/working_code/package/project/published/amblyoponinae/ward2016/extract_mrca_Concoctio_concenta-Stigmatomma_GA01_20260409-143917_with_outgroup.tre
