=== Genus extraction log: clade | 2026-04-04 19:29:25 ===

┌──────────┐
│ Settings │
└──────────┘
resolve_polytomies: TRUE
force_positive_lengths: TRUE
clean: none
nonmono: prune_extras
outgroup: sister_one
seed: 42

┌──────────┐
│ Input │
└──────────┘
tips_in: 185
Preprocess: polytomies=TRUE, positive_lengths=TRUE
Ingroup (MRCA of anchors) size: 167
Outgroup (sister_one): Forelius_damiani_D3046 (min distance=66.087900)

┌──────────┐
│ Output │
└──────────┘
ingroup_out: 167
tips_out (final tree): 168
Wrote tree: /home/marek/ant-megatree/working_code/package/project/published/dorymyrmex/oberski2025/extract_mrca_Dorymyrmex_ebeninus_D1537-Dorymyrmex_ce01_D2967_20260404-192925_with_outgroup.tre
