=== Genus extraction log: Brachyponera | 2026-04-12 19:04:33 ===

┌──────────┐
│ Settings │
└──────────┘
resolve_polytomies: FALSE
force_positive_lengths: FALSE
clean: genus_species
nonmono: prune_extras
outgroup: sister_one
seed: 42

┌──────────┐
│ Input │
└──────────┘
tips_in: 1170
Ingroup (genus=Brachyponera) identified: 10 tips
Genus monophyly: TRUE
Outgroup (sister_one): Anochetus_filicornis_D2823_CASENT0842733 (min distance=0.028484)

┌──────────┐
│ Output │
└──────────┘
ingroup_out: 10
tips_out (final tree): 8
Wrote tree: /home/marek/ant-megatree/working_code/package/project/published/ponerinae/extracted_genera/Brachyponera/extract_Brachyponera_20260412-190433_with_outgroup.tre
Wrote renames TSV: /home/marek/ant-megatree/working_code/package/project/published/ponerinae/extracted_genera/Brachyponera/extract_Brachyponera_20260412-190433_renamed.tsv
