=== Genus extraction log: clade | 2026-04-04 17:10:52 ===

┌──────────┐
│ Settings │
└──────────┘
resolve_polytomies: TRUE
force_positive_lengths: TRUE
clean: none
nonmono: prune_extras
outgroup: sister_one
seed: 42

┌──────────┐
│ Input │
└──────────┘
tips_in: 127
Preprocess: polytomies=TRUE, positive_lengths=TRUE
Ingroup (MRCA of anchors) size: 124
Outgroup (sister_one): Lasius_californicus (min distance=133.962410)

┌──────────┐
│ Output │
└──────────┘
ingroup_out: 124
tips_out (final tree): 125
Wrote tree: /home/marek/ant-megatree/working_code/package/project/published/prenolepis/matos-maravi2018/extract_mrca_Zatania_albimaculata-Nylanderia_NYLA026_20260404-171052_with_outgroup.tre
