=== Genus extraction log: Wadeura | 2026-04-12 19:04:37 ===

┌──────────┐
│ Settings │
└──────────┘
resolve_polytomies: FALSE
force_positive_lengths: FALSE
clean: genus_species
nonmono: prune_extras
outgroup: sister_one
seed: 42

┌──────────┐
│ Input │
└──────────┘
tips_in: 1170
Ingroup (genus=Wadeura) identified: 3 tips
Genus monophyly: TRUE
Outgroup (sister_one): Parvaponera_darwinii_EX1610_CASENT0637361 (min distance=0.092562)

┌──────────┐
│ Output │
└──────────┘
ingroup_out: 3
tips_out (final tree): 4
Wrote tree: /home/marek/ant-megatree/working_code/package/project/published/ponerinae/extracted_genera/Wadeura/extract_Wadeura_20260412-190437_with_outgroup.tre
Wrote renames TSV: /home/marek/ant-megatree/working_code/package/project/published/ponerinae/extracted_genera/Wadeura/extract_Wadeura_20260412-190437_renamed.tsv
