=== Genus extraction log: clade | 2026-05-29 21:17:13 ===

┌──────────┐
│ Settings │
└──────────┘
resolve_polytomies: TRUE
force_positive_lengths: TRUE
clean: none
nonmono: prune_extras
outgroup: sister_one
seed: 42

┌──────────┐
│ Input │
└──────────┘
tips_in: 1746
Preprocess: polytomies=TRUE, positive_lengths=TRUE
Ingroup (MRCA of anchors) size: 25
Outgroup (sister_one): Syllophopsis_ferodens (min distance=134.327781)

┌──────────┐
│ Output │
└──────────┘
ingroup_out: 25
tips_out (final tree): 26
Wrote tree: /home/marek/new-ant-megatree/macro-phylo-maker-project/project/published/formicidae/nelsen2018/extract_mrca_Monomorium_chnodes-Monomorium_junodi_20260529-211713_with_outgroup.tre
