=== Genus extraction log: Euponera | 2026-04-12 19:04:34 ===

┌──────────┐
│ Settings │
└──────────┘
resolve_polytomies: FALSE
force_positive_lengths: FALSE
clean: genus_species
nonmono: prune_extras
outgroup: sister_one
seed: 42

┌──────────┐
│ Input │
└──────────┘
tips_in: 1170
Ingroup (genus=Euponera) identified: 23 tips
Genus monophyly: FALSE
Pruned non-genus tips inside MRCA (prune_extras).
Outgroup (sister_one): Mesoponera_caffraria_D2106_CASENT0882094 (min distance=0.078408)

┌──────────┐
│ Output │
└──────────┘
ingroup_out: 20
tips_out (final tree): 21
Wrote tree: /home/marek/ant-megatree/working_code/package/project/published/ponerinae/extracted_genera/Euponera/extract_Euponera_20260412-190434_with_outgroup.tre
Wrote renames TSV: /home/marek/ant-megatree/working_code/package/project/published/ponerinae/extracted_genera/Euponera/extract_Euponera_20260412-190434_renamed.tsv
