Traceback (most recent call last):
  File "/home/marek/new-ant-megatree/macro-phylo-maker-project/project/results/grafted/temp/fsub_Groupe_4/chronosta.py", line 232, in <module>
    partial_mats, tips = read_trees()
                         ~~~~~~~~~~^^
  File "/home/marek/new-ant-megatree/macro-phylo-maker-project/project/results/grafted/temp/fsub_Groupe_4/chronosta.py", line 63, in read_trees
    pairs = {(a.name, b.name): t.distance(a, b)
                               ~~~~~~~~~~^^^^^^
  File "/home/marek/anaconda3/lib/python3.13/site-packages/Bio/Phylo/BaseTree.py", line 497, in distance
    return mrca.distance(target1) + mrca.distance(target2)
                                    ~~~~~~~~~~~~~^^^^^^^^^
  File "/home/marek/anaconda3/lib/python3.13/site-packages/Bio/Phylo/BaseTree.py", line 493, in distance
    for n in self.get_path(target1)
             ~~~~~~~~~~~~~^^^^^^^^^
  File "/home/marek/anaconda3/lib/python3.13/site-packages/Bio/Phylo/BaseTree.py", line 402, in get_path
    if not check_in_path(self.root):
           ~~~~~~~~~~~~~^^^^^^^^^^^
  File "/home/marek/anaconda3/lib/python3.13/site-packages/Bio/Phylo/BaseTree.py", line 397, in check_in_path
    if check_in_path(child):
       ~~~~~~~~~~~~~^^^^^^^
  File "/home/marek/anaconda3/lib/python3.13/site-packages/Bio/Phylo/BaseTree.py", line 397, in check_in_path
    if check_in_path(child):
       ~~~~~~~~~~~~~^^^^^^^
  File "/home/marek/anaconda3/lib/python3.13/site-packages/Bio/Phylo/BaseTree.py", line 397, in check_in_path
    if check_in_path(child):
       ~~~~~~~~~~~~~^^^^^^^
  [Previous line repeated 24 more times]
  File "/home/marek/anaconda3/lib/python3.13/site-packages/Bio/Phylo/BaseTree.py", line 394, in check_in_path
    elif v.is_terminal():
         ~~~~~~~~~~~~~^^
  File "/home/marek/anaconda3/lib/python3.13/site-packages/Bio/Phylo/BaseTree.py", line 1053, in is_terminal
    def is_terminal(self):
    
KeyboardInterrupt
