=== Genus extraction log: Cryptopone | 2026-04-12 19:04:33 ===

┌──────────┐
│ Settings │
└──────────┘
resolve_polytomies: FALSE
force_positive_lengths: FALSE
clean: genus_species
nonmono: prune_extras
outgroup: sister_one
seed: 42

┌──────────┐
│ Input │
└──────────┘
tips_in: 1170
Ingroup (genus=Cryptopone) identified: 19 tips
Genus monophyly: FALSE
Pruned non-genus tips inside MRCA (prune_extras).
Outgroup (sister_one): Ectomomyrmex_javanus_D2075_CASENT0882083 (min distance=0.105891)

┌──────────┐
│ Output │
└──────────┘
ingroup_out: 12
tips_out (final tree): 13
Wrote tree: /home/marek/ant-megatree/working_code/package/project/published/ponerinae/extracted_genera/Cryptopone/extract_Cryptopone_20260412-190433_with_outgroup.tre
Wrote renames TSV: /home/marek/ant-megatree/working_code/package/project/published/ponerinae/extracted_genera/Cryptopone/extract_Cryptopone_20260412-190433_renamed.tsv
