=== Genus extraction log: clade | 2026-05-29 21:17:13 ===

┌──────────┐
│ Settings │
└──────────┘
resolve_polytomies: TRUE
force_positive_lengths: TRUE
clean: none
nonmono: prune_extras
outgroup: sister_one
seed: 42

┌──────────┐
│ Input │
└──────────┘
tips_in: 1746
Preprocess: polytomies=TRUE, positive_lengths=TRUE
Ingroup (MRCA of anchors) size: 19
Outgroup (sister_one): Austromorium_flavigaster (min distance=116.588820)

┌──────────┐
│ Output │
└──────────┘
ingroup_out: 19
tips_out (final tree): 20
Wrote tree: /home/marek/new-ant-megatree/macro-phylo-maker-project/project/published/formicidae/nelsen2018/extract_mrca_Chelaner_decuria-Chelaner_bicornis_20260529-211713_with_outgroup.tre
