=== Genus extraction log: clade | 2026-05-29 21:17:13 ===

┌──────────┐
│ Settings │
└──────────┘
resolve_polytomies: TRUE
force_positive_lengths: TRUE
clean: none
nonmono: prune_extras
outgroup: sister_one
seed: 42

┌──────────┐
│ Input │
└──────────┘
tips_in: 1746
Preprocess: polytomies=TRUE, positive_lengths=TRUE
Ingroup (MRCA of anchors) size: 6
Outgroup (sister_one): Liometopum_luctuosum (min distance=101.918510)

┌──────────┐
│ Output │
└──────────┘
ingroup_out: 6
tips_out (final tree): 7
Wrote tree: /home/marek/new-ant-megatree/macro-phylo-maker-project/project/published/formicidae/nelsen2018/extract_mrca_Tapinoma_opacum-Tapinoma_nigerrimum_20260529-211713_with_outgroup.tre
