=== Genus extraction log: Phrynoponera | 2026-04-12 19:04:36 ===

┌──────────┐
│ Settings │
└──────────┘
resolve_polytomies: FALSE
force_positive_lengths: FALSE
clean: genus_species
nonmono: prune_extras
outgroup: sister_one
seed: 42

┌──────────┐
│ Input │
└──────────┘
tips_in: 1170
Ingroup (genus=Phrynoponera) identified: 5 tips
Genus monophyly: TRUE
Outgroup (sister_one): Streblognathus_peetersi_D2408_CASENT0258947 (min distance=0.081852)

┌──────────┐
│ Output │
└──────────┘
ingroup_out: 5
tips_out (final tree): 6
Wrote tree: /home/marek/ant-megatree/working_code/package/project/published/ponerinae/extracted_genera/Phrynoponera/extract_Phrynoponera_20260412-190436_with_outgroup.tre
Wrote renames TSV: /home/marek/ant-megatree/working_code/package/project/published/ponerinae/extracted_genera/Phrynoponera/extract_Phrynoponera_20260412-190436_renamed.tsv
