=== Genus extraction log: Echinopla | 2026-04-10 12:18:48 ===

┌──────────┐
│ Settings │
└──────────┘
resolve_polytomies: FALSE
force_positive_lengths: FALSE
clean: genus_species
nonmono: prune_extras
outgroup: sister_one
seed: 42

┌──────────┐
│ Input │
└──────────┘
tips_in: 221
Ingroup (genus=Echinopla) identified: 2 tips
Genus monophyly: TRUE
Outgroup (sister_one): Overbeckia_my01_D2498 (min distance=0.278025)

┌──────────┐
│ Output │
└──────────┘
ingroup_out: 2
tips_out (final tree): 3
Wrote tree: /home/marek/ant-megatree/working_code/package/project/published/camponotini/ward2025/extracted_genera/Echinopla/extract_Echinopla_20260410-121848_with_outgroup.tre
Wrote renames TSV: /home/marek/ant-megatree/working_code/package/project/published/camponotini/ward2025/extracted_genera/Echinopla/extract_Echinopla_20260410-121848_renamed.tsv
