=== Genus extraction log: clade | 2026-07-08 14:33:38 ===

┌──────────┐
│ Settings │
└──────────┘
resolve_polytomies: TRUE
force_positive_lengths: TRUE
clean: none
nonmono: prune_extras
outgroup: sister_one
seed: 42

┌──────────┐
│ Input │
└──────────┘
tips_in: 130
Preprocess: polytomies=TRUE, positive_lengths=TRUE
Ingroup (MRCA of anchors) size: 126
Outgroup (sister_one): Syscia_MY_M176 (min distance=0.106248)

┌──────────┐
│ Output │
└──────────┘
ingroup_out: 126
tips_out (final tree): 127
Wrote tree: /home/marek/macro-phylo-maker-project/project/published/syscia/longino2021/extract_mrca_Syscia_JTL060_EX1872-Syscia_transisthmica_EX1867_20260708-143338_with_outgroup.tre
