=== Genus extraction log: Tetraponera | 2026-04-11 11:53:29 ===

┌──────────┐
│ Settings │
└──────────┘
resolve_polytomies: FALSE
force_positive_lengths: FALSE
clean: genus_species
nonmono: prune_extras
outgroup: sister_one
seed: 42

┌──────────┐
│ Input │
└──────────┘
tips_in: 1435
Ingroup (genus=Tetraponera) identified: 46 tips
Genus monophyly: TRUE
Outgroup (sister_one): Pseudomyrmex_boopis (min distance=109.935850)

┌──────────┐
│ Output │
└──────────┘
ingroup_out: 46
tips_out (final tree): 47
Wrote tree: /home/marek/ant-megatree/working_code/package/project/published/formicidae/nelsen2023/extracted_genera/Tetraponera/extract_Tetraponera_20260411-115329_with_outgroup.tre
Wrote renames TSV: /home/marek/ant-megatree/working_code/package/project/published/formicidae/nelsen2023/extracted_genera/Tetraponera/extract_Tetraponera_20260411-115329_renamed.tsv
