=== Genus extraction log: Anochetus | 2026-04-12 19:04:31 ===

┌──────────┐
│ Settings │
└──────────┘
resolve_polytomies: FALSE
force_positive_lengths: FALSE
clean: genus_species
nonmono: prune_extras
outgroup: sister_one
seed: 42

┌──────────┐
│ Input │
└──────────┘
tips_in: 1170
Ingroup (genus=Anochetus) identified: 102 tips
Genus monophyly: FALSE
Pruned non-genus tips inside MRCA (prune_extras).
Outgroup (sister_one): Neoponera_bucki_EX2455_DZUP549431 (min distance=0.109970)

┌──────────┐
│ Output │
└──────────┘
ingroup_out: 62
tips_out (final tree): 63
Wrote tree: /home/marek/ant-megatree/working_code/package/project/published/ponerinae/extracted_genera/Anochetus/extract_Anochetus_20260412-190431_with_outgroup.tre
Wrote renames TSV: /home/marek/ant-megatree/working_code/package/project/published/ponerinae/extracted_genera/Anochetus/extract_Anochetus_20260412-190431_renamed.tsv
