=== Genus extraction log: Holcoponera | 2026-04-12 19:00:53 ===

┌──────────┐
│ Settings │
└──────────┘
resolve_polytomies: FALSE
force_positive_lengths: FALSE
clean: genus_species
nonmono: prune_extras
outgroup: sister_one
seed: 42

┌──────────┐
│ Input │
└──────────┘
tips_in: 150
Ingroup (genus=Holcoponera) identified: 20 tips
Genus monophyly: TRUE
Outgroup (sister_one): Alfaria_minuta_GAB122 (min distance=0.117910)

┌──────────┐
│ Output │
└──────────┘
ingroup_out: 20
tips_out (final tree): 21
Wrote tree: /home/marek/ant-megatree/working_code/package/project/published/ectatomminae/extracted_genera/Holcoponera/extract_Holcoponera_20260412-190053_with_outgroup.tre
Wrote renames TSV: /home/marek/ant-megatree/working_code/package/project/published/ectatomminae/extracted_genera/Holcoponera/extract_Holcoponera_20260412-190053_renamed.tsv
