=== Genus extraction log: Odontoponera | 2026-04-12 19:04:35 ===

┌──────────┐
│ Settings │
└──────────┘
resolve_polytomies: FALSE
force_positive_lengths: FALSE
clean: genus_species
nonmono: prune_extras
outgroup: sister_one
seed: 42

┌──────────┐
│ Input │
└──────────┘
tips_in: 1170
Ingroup (genus=Odontoponera) identified: 4 tips
Genus monophyly: TRUE
Outgroup (sister_one): Mesoponera_ambigua_EX2326_CASENT0629612 (min distance=0.111053)

┌──────────┐
│ Output │
└──────────┘
ingroup_out: 4
tips_out (final tree): 3
Wrote tree: /home/marek/ant-megatree/working_code/package/project/published/ponerinae/extracted_genera/Odontoponera/extract_Odontoponera_20260412-190435_with_outgroup.tre
Wrote renames TSV: /home/marek/ant-megatree/working_code/package/project/published/ponerinae/extracted_genera/Odontoponera/extract_Odontoponera_20260412-190435_renamed.tsv
