=== Genus extraction log: Parasyscia | 2026-04-10 12:46:21 ===

┌──────────┐
│ Settings │
└──────────┘
resolve_polytomies: FALSE
force_positive_lengths: FALSE
clean: genus_species
nonmono: prune_extras
outgroup: sister_one
seed: 42

┌──────────┐
│ Input │
└──────────┘
tips_in: 154
Ingroup (genus=Parasyscia) identified: 8 tips
Genus monophyly: TRUE
Outgroup (sister_one): Zasphinctus_trux_M136 (min distance=104.974530)

┌──────────┐
│ Output │
└──────────┘
ingroup_out: 8
tips_out (final tree): 9
Wrote tree: /home/marek/ant-megatree/working_code/package/project/published/dorylinae/extracted_genera/Parasyscia/extract_Parasyscia_20260410-124621_with_outgroup.tre
Wrote renames TSV: /home/marek/ant-megatree/working_code/package/project/published/dorylinae/extracted_genera/Parasyscia/extract_Parasyscia_20260410-124621_renamed.tsv
