=== Genus extraction log: clade | 2026-04-13 14:02:22 ===

┌──────────┐
│ Settings │
└──────────┘
resolve_polytomies: TRUE
force_positive_lengths: TRUE
clean: none
nonmono: prune_extras
outgroup: sister_one
seed: 42

┌──────────┐
│ Input │
└──────────┘
tips_in: 15
Preprocess: polytomies=TRUE, positive_lengths=TRUE
Ingroup (MRCA of anchors) size: 10
Outgroup (sister_one): Mycetosoritis_explicata_534 (min distance=31.268368)

┌──────────┐
│ Output │
└──────────┘
ingroup_out: 10
tips_out (final tree): 11
Wrote tree: /home/marek/ant-megatree/working_code/package/project/published/sericomyrmex/jesovnik2017/extract_mrca_Sericomyrmex_saramama_938_1526_PE-Sericomyrmex_saussurei_921_1524_PE_20260413-140222_with_outgroup.tre
