=== Genus extraction log: Dorylus | 2026-04-10 12:46:21 ===

┌──────────┐
│ Settings │
└──────────┘
resolve_polytomies: FALSE
force_positive_lengths: FALSE
clean: genus_species
nonmono: prune_extras
outgroup: sister_one
seed: 42

┌──────────┐
│ Input │
└──────────┘
tips_in: 154
Ingroup (genus=Dorylus) identified: 14 tips
Genus monophyly: TRUE
Outgroup (sister_one): Aenictogiton_UG_M189 (min distance=88.759320)

┌──────────┐
│ Output │
└──────────┘
ingroup_out: 14
tips_out (final tree): 14
Wrote tree: /home/marek/ant-megatree/working_code/package/project/published/dorylinae/extracted_genera/Dorylus/extract_Dorylus_20260410-124621_with_outgroup.tre
Wrote renames TSV: /home/marek/ant-megatree/working_code/package/project/published/dorylinae/extracted_genera/Dorylus/extract_Dorylus_20260410-124621_renamed.tsv
