=== Genus extraction log: Aenictus | 2026-04-10 12:46:21 ===

┌──────────┐
│ Settings │
└──────────┘
resolve_polytomies: FALSE
force_positive_lengths: FALSE
clean: genus_species
nonmono: prune_extras
outgroup: sister_one
seed: 42

┌──────────┐
│ Input │
└──────────┘
tips_in: 154
Ingroup (genus=Aenictus) identified: 18 tips
Genus monophyly: TRUE
Outgroup (sister_one): Dorylus_cf_fulvus_M149 (min distance=115.429260)

┌──────────┐
│ Output │
└──────────┘
ingroup_out: 18
tips_out (final tree): 19
Wrote tree: /home/marek/ant-megatree/working_code/package/project/published/dorylinae/extracted_genera/Aenictus/extract_Aenictus_20260410-124621_with_outgroup.tre
Wrote renames TSV: /home/marek/ant-megatree/working_code/package/project/published/dorylinae/extracted_genera/Aenictus/extract_Aenictus_20260410-124621_renamed.tsv
