=== Genus extraction log: Pachycondyla | 2026-04-12 19:04:36 ===

┌──────────┐
│ Settings │
└──────────┘
resolve_polytomies: FALSE
force_positive_lengths: FALSE
clean: genus_species
nonmono: prune_extras
outgroup: sister_one
seed: 42

┌──────────┐
│ Input │
└──────────┘
tips_in: 1170
Ingroup (genus=Pachycondyla) identified: 8 tips
Genus monophyly: TRUE
Outgroup (sister_one): Dinoponera_longipes_EX1643_CASENT0004663 (min distance=0.073957)

┌──────────┐
│ Output │
└──────────┘
ingroup_out: 8
tips_out (final tree): 9
Wrote tree: /home/marek/ant-megatree/working_code/package/project/published/ponerinae/extracted_genera/Pachycondyla/extract_Pachycondyla_20260412-190436_with_outgroup.tre
Wrote renames TSV: /home/marek/ant-megatree/working_code/package/project/published/ponerinae/extracted_genera/Pachycondyla/extract_Pachycondyla_20260412-190436_renamed.tsv
