=== Genus extraction log: Diacamma | 2026-04-12 19:04:33 ===

┌──────────┐
│ Settings │
└──────────┘
resolve_polytomies: FALSE
force_positive_lengths: FALSE
clean: genus_species
nonmono: prune_extras
outgroup: sister_one
seed: 42

┌──────────┐
│ Input │
└──────────┘
tips_in: 1170
Ingroup (genus=Diacamma) identified: 11 tips
Genus monophyly: TRUE
Outgroup (sister_one): Austroponera_castanea_EX2322_CASENT0618835 (min distance=0.127517)

┌──────────┐
│ Output │
└──────────┘
ingroup_out: 11
tips_out (final tree): 11
Wrote tree: /home/marek/ant-megatree/working_code/package/project/published/ponerinae/extracted_genera/Diacamma/extract_Diacamma_20260412-190433_with_outgroup.tre
Wrote renames TSV: /home/marek/ant-megatree/working_code/package/project/published/ponerinae/extracted_genera/Diacamma/extract_Diacamma_20260412-190433_renamed.tsv
