=== Genus extraction log: Lasius | 2025-10-30 14:40:03 ===

┌────────────────────┐
│ Preprocessing tree │
└────────────────────┘
Polytomies resolved randomly; zero/NA edge lengths set to small positive values.

┌───────────────────────────────────────────┐
│ Ingroup label cleaning (focal genus only) │
└───────────────────────────────────────────┘
Detected 21 ingroup tip(s) in raw tree.
Kept 21 ingroup tip(s) after cleaning (raw → canonical):
  KEEP: Lasius_brunneus
  KEEP: Lasius_turcicus
  KEEP: Lasius_fuliginosus
  KEEP: Lasius_spathepus
  KEEP: Lasius_emarginatus
  KEEP: Lasius_platythorax
  KEEP: Lasius_psammophilus
  KEEP: Lasius_niger
  KEEP: Lasius_nr_americanus → Lasius_americanus
  KEEP: Lasius_nearcticus
  KEEP: Lasius_sonobei
  KEEP: Lasius_brevicornis
  KEEP: Lasius_flavus
  KEEP: Lasius_myops
  KEEP: Lasius_nr_atopus → Lasius_atopus
  KEEP: Lasius_pallitarsis
  KEEP: Lasius_nr_subumbratus → Lasius_subumbratus
  KEEP: Lasius_sabularum
  KEEP: Lasius_carniolicus
  KEEP: Lasius_californicus
  KEEP: Lasius_latipes
Non-target genera were not modified or dropped at this step.

┌──────────────────────────────────┐
│ Species de-duplication (ingroup) │
└──────────────────────────────────┘
No intraspecific duplicates detected within ingroup.

┌──────────────────────────┐
│ Genus tip identification │
└──────────────────────────┘
Ingroup tips available after cleaning & de-duplication: 21
Genus monophyly: TRUE
Genus MRCA node: 61

┌─────────────────────┐
│ Retained genus tips │
└─────────────────────┘
  KEEP: Lasius_americanus
  KEEP: Lasius_atopus
  KEEP: Lasius_brevicornis
  KEEP: Lasius_brunneus
  KEEP: Lasius_californicus
  KEEP: Lasius_carniolicus
  KEEP: Lasius_emarginatus
  KEEP: Lasius_flavus
  KEEP: Lasius_fuliginosus
  KEEP: Lasius_latipes
  KEEP: Lasius_myops
  KEEP: Lasius_nearcticus
  KEEP: Lasius_niger
  KEEP: Lasius_pallitarsis
  KEEP: Lasius_platythorax
  KEEP: Lasius_psammophilus
  KEEP: Lasius_sabularum
  KEEP: Lasius_sonobei
  KEEP: Lasius_spathepus
  KEEP: Lasius_subumbratus
  KEEP: Lasius_turcicus
Total retained genus tips: 21

┌────────────────────┐
│ Outgroup selection │
└────────────────────┘
Selected outgroup: Myrmecocystus_mexicanus (min distance 0.013759).

┌──────────┐
│ Output │
└──────────┘
Wrote tree: ./Lasius_with_outgroup.tre
Outgroup in output: Myrmecocystus_mexicanus
Genus tips in output: 22
