=== Genus extraction log: Acanthoponera | 2026-04-12 19:00:53 ===

┌──────────┐
│ Settings │
└──────────┘
resolve_polytomies: FALSE
force_positive_lengths: FALSE
clean: genus_species
nonmono: prune_extras
outgroup: sister_one
seed: 42

┌──────────┐
│ Input │
└──────────┘
tips_in: 150
Ingroup (genus=Acanthoponera) identified: 4 tips
Genus monophyly: TRUE
Outgroup (sister_one): Heteroponera_brounii_GPC08 (min distance=0.071583)

┌──────────┐
│ Output │
└──────────┘
ingroup_out: 4
tips_out (final tree): 5
Wrote tree: /home/marek/ant-megatree/working_code/package/project/published/ectatomminae/extracted_genera/Acanthoponera/extract_Acanthoponera_20260412-190053_with_outgroup.tre
Wrote renames TSV: /home/marek/ant-megatree/working_code/package/project/published/ectatomminae/extracted_genera/Acanthoponera/extract_Acanthoponera_20260412-190053_renamed.tsv
