=== Genus extraction log: Cardiocondyla | 2026-04-11 11:53:30 ===

┌──────────┐
│ Settings │
└──────────┘
resolve_polytomies: FALSE
force_positive_lengths: FALSE
clean: genus_species
nonmono: prune_extras
outgroup: sister_one
seed: 42

┌──────────┐
│ Input │
└──────────┘
tips_in: 1435
Ingroup (genus=Cardiocondyla) identified: 9 tips
Genus monophyly: TRUE
Outgroup (sister_one): Nesomyrmex_echinatinodis (min distance=150.594660)

┌──────────┐
│ Output │
└──────────┘
ingroup_out: 9
tips_out (final tree): 10
Wrote tree: /home/marek/ant-megatree/working_code/package/project/published/formicidae/nelsen2023/extracted_genera/Cardiocondyla/extract_Cardiocondyla_20260411-115330_with_outgroup.tre
Wrote renames TSV: /home/marek/ant-megatree/working_code/package/project/published/formicidae/nelsen2023/extracted_genera/Cardiocondyla/extract_Cardiocondyla_20260411-115330_renamed.tsv
