=== Genus extraction log: Myrmica | 2026-04-11 11:53:30 ===

┌──────────┐
│ Settings │
└──────────┘
resolve_polytomies: FALSE
force_positive_lengths: FALSE
clean: genus_species
nonmono: prune_extras
outgroup: sister_one
seed: 42

┌──────────┐
│ Input │
└──────────┘
tips_in: 1435
Ingroup (genus=Myrmica) identified: 37 tips
Genus monophyly: TRUE
Outgroup (sister_one): Manica_bradleyi (min distance=92.352538)

┌──────────┐
│ Output │
└──────────┘
ingroup_out: 37
tips_out (final tree): 38
Wrote tree: /home/marek/ant-megatree/working_code/package/project/published/formicidae/nelsen2023/extracted_genera/Myrmica/extract_Myrmica_20260411-115330_with_outgroup.tre
Wrote renames TSV: /home/marek/ant-megatree/working_code/package/project/published/formicidae/nelsen2023/extracted_genera/Myrmica/extract_Myrmica_20260411-115330_renamed.tsv
