=== Genus extraction log: clade | 2026-04-08 15:53:41 ===

┌──────────┐
│ Settings │
└──────────┘
resolve_polytomies: TRUE
force_positive_lengths: TRUE
clean: none
nonmono: prune_extras
outgroup: sister_one
seed: 42

┌──────────┐
│ Input │
└──────────┘
tips_in: 112
Preprocess: polytomies=TRUE, positive_lengths=TRUE
Ingroup (MRCA of anchors) size: 103
Outgroup (sister_one): Leptothorax_calderoni_P070 (min distance=93.988197)

┌──────────┐
│ Output │
└──────────┘
ingroup_out: 103
tips_out (final tree): 104
Wrote tree: /home/marek/ant-megatree/working_code/package/project/published/temnothorax/prebus2017/extract_mrca_Temnothorax_nitens_P017-Temnothorax_mpala_P010_20260408-155341_with_outgroup.tre
