=== Genus extraction log: clade | 2026-05-30 14:23:40 ===

┌──────────┐
│ Settings │
└──────────┘
resolve_polytomies: TRUE
force_positive_lengths: TRUE
clean: none
nonmono: prune_extras
outgroup: sister_one
seed: 42

┌──────────┐
│ Input │
└──────────┘
tips_in: 73
Preprocess: polytomies=TRUE, positive_lengths=TRUE
Ingroup (MRCA of anchors) size: 50
Outgroup (sister_one): Amoimyrmex_silvestrii_3851_PR (min distance=0.364258)

┌──────────┐
│ Output │
└──────────┘
ingroup_out: 50
tips_out (final tree): 51
Wrote tree: /home/marek/new-ant-megatree/macro-phylo-maker-project/project/published/atta/barrera2021/extract_mrca_Acromyrmex_versicolor_1474_US-Atta_opaciceps_10720_BR-BA_20260530-142340_with_outgroup.tre
