=== Genus extraction log: clade | 2026-05-30 14:26:41 ===

┌──────────┐
│ Settings │
└──────────┘
resolve_polytomies: TRUE
force_positive_lengths: TRUE
clean: none
nonmono: prune_extras
outgroup: sister_one
seed: 42

┌──────────┐
│ Input │
└──────────┘
tips_in: 73
Preprocess: polytomies=TRUE, positive_lengths=TRUE
Ingroup (MRCA of anchors) size: 52
Outgroup (sister_one): Trachymyrmex_arizonensis_5368_US (min distance=0.378214)

┌──────────┐
│ Output │
└──────────┘
ingroup_out: 52
tips_out (final tree): 53
Wrote tree: /home/marek/new-ant-megatree/macro-phylo-maker-project/project/published/atta/barrera2021/extract_mrca_Amoimyrmex_silvestrii_3851_PR-Atta_opaciceps_10720_BR-BA_20260530-142641_with_outgroup.tre
