=== Genus extraction log: Myrmicaria | 2026-04-11 11:53:31 ===

┌──────────┐
│ Settings │
└──────────┘
resolve_polytomies: FALSE
force_positive_lengths: FALSE
clean: genus_species
nonmono: prune_extras
outgroup: sister_one
seed: 42

┌──────────┐
│ Input │
└──────────┘
tips_in: 1435
Ingroup (genus=Myrmicaria) identified: 3 tips
Genus monophyly: TRUE
Outgroup (sister_one): Monomorium_hanneli (min distance=120.977000)

┌──────────┐
│ Output │
└──────────┘
ingroup_out: 3
tips_out (final tree): 4
Wrote tree: /home/marek/ant-megatree/working_code/package/project/published/formicidae/nelsen2023/extracted_genera/Myrmicaria/extract_Myrmicaria_20260411-115331_with_outgroup.tre
Wrote renames TSV: /home/marek/ant-megatree/working_code/package/project/published/formicidae/nelsen2023/extracted_genera/Myrmicaria/extract_Myrmicaria_20260411-115331_renamed.tsv
