=== Genus extraction log: Psalidomyrmex | 2026-04-12 19:04:36 ===

┌──────────┐
│ Settings │
└──────────┘
resolve_polytomies: FALSE
force_positive_lengths: FALSE
clean: genus_species
nonmono: prune_extras
outgroup: sister_one
seed: 42

┌──────────┐
│ Input │
└──────────┘
tips_in: 1170
Ingroup (genus=Psalidomyrmex) identified: 4 tips
Genus monophyly: TRUE
Outgroup (sister_one): Loboponera_vigilans_D2477_CASENT0250061 (min distance=0.098691)

┌──────────┐
│ Output │
└──────────┘
ingroup_out: 4
tips_out (final tree): 5
Wrote tree: /home/marek/ant-megatree/working_code/package/project/published/ponerinae/extracted_genera/Psalidomyrmex/extract_Psalidomyrmex_20260412-190436_with_outgroup.tre
Wrote renames TSV: /home/marek/ant-megatree/working_code/package/project/published/ponerinae/extracted_genera/Psalidomyrmex/extract_Psalidomyrmex_20260412-190436_renamed.tsv
