=== Genus extraction log: Pseudoponera | 2026-04-12 19:04:37 ===

┌──────────┐
│ Settings │
└──────────┘
resolve_polytomies: FALSE
force_positive_lengths: FALSE
clean: genus_species
nonmono: prune_extras
outgroup: sister_one
seed: 42

┌──────────┐
│ Input │
└──────────┘
tips_in: 1170
Ingroup (genus=Pseudoponera) identified: 6 tips
Genus monophyly: FALSE
Pruned non-genus tips inside MRCA (prune_extras).
Outgroup (sister_one): Emeryopone_melaina_EX2663_CASENT0717670 (min distance=0.127048)

┌──────────┐
│ Output │
└──────────┘
ingroup_out: 6
tips_out (final tree): 7
Wrote tree: /home/marek/ant-megatree/working_code/package/project/published/ponerinae/extracted_genera/Pseudoponera/extract_Pseudoponera_20260412-190437_with_outgroup.tre
Wrote renames TSV: /home/marek/ant-megatree/working_code/package/project/published/ponerinae/extracted_genera/Pseudoponera/extract_Pseudoponera_20260412-190437_renamed.tsv
