=== Genus extraction log: clade | 2026-04-04 16:50:22 ===

┌──────────┐
│ Settings │
└──────────┘
resolve_polytomies: TRUE
force_positive_lengths: TRUE
clean: none
nonmono: prune_extras
outgroup: sister_one
seed: 42

┌──────────┐
│ Input │
└──────────┘
tips_in: 25
Preprocess: polytomies=TRUE, positive_lengths=TRUE
Ingroup (MRCA of anchors) size: 23
Outgroup (sister_one): Agraulomyrmex_TZ01 (min distance=93.032380)

┌──────────┐
│ Output │
└──────────┘
ingroup_out: 23
tips_out (final tree): 24
Wrote tree: /home/marek/ant-megatree/working_code/package/project/published/acropyga/blaimer2016/extract_mrca_Acropyga_donisthorpei_ACR86-Acropyga_arnoldi_ACR22_20260404-165022_with_outgroup.tre
