=== Genus extraction log: Lathidris | 2026-04-10 12:18:48 ===

┌──────────┐
│ Settings │
└──────────┘
resolve_polytomies: FALSE
force_positive_lengths: FALSE
clean: genus_species
nonmono: prune_extras
outgroup: sister_one
seed: 42

┌──────────┐
│ Input │
└──────────┘
tips_in: 221
Ingroup (genus=Lathidris) identified: 3 tips
Genus monophyly: TRUE
Outgroup (sister_one): Camponotus_ephippiatus_D2024 (min distance=0.662721)

┌──────────┐
│ Output │
└──────────┘
ingroup_out: 3
tips_out (final tree): 4
Wrote tree: /home/marek/ant-megatree/working_code/package/project/published/camponotini/ward2025/extracted_genera/Lathidris/extract_Lathidris_20260410-121848_with_outgroup.tre
Wrote renames TSV: /home/marek/ant-megatree/working_code/package/project/published/camponotini/ward2025/extracted_genera/Lathidris/extract_Lathidris_20260410-121848_renamed.tsv
