=== Genus extraction log: Simopelta | 2026-04-12 19:04:37 ===

┌──────────┐
│ Settings │
└──────────┘
resolve_polytomies: FALSE
force_positive_lengths: FALSE
clean: genus_species
nonmono: prune_extras
outgroup: sister_one
seed: 42

┌──────────┐
│ Input │
└──────────┘
tips_in: 1170
Ingroup (genus=Simopelta) identified: 18 tips
Genus monophyly: TRUE
Outgroup (sister_one): Neoponera_aenescens_EX2288_CASENT0649098 (min distance=0.140272)

┌──────────┐
│ Output │
└──────────┘
ingroup_out: 18
tips_out (final tree): 14
Wrote tree: /home/marek/ant-megatree/working_code/package/project/published/ponerinae/extracted_genera/Simopelta/extract_Simopelta_20260412-190437_with_outgroup.tre
Wrote renames TSV: /home/marek/ant-megatree/working_code/package/project/published/ponerinae/extracted_genera/Simopelta/extract_Simopelta_20260412-190437_renamed.tsv
