=== Genus extraction log: Odontomachus | 2026-04-12 19:04:35 ===

┌──────────┐
│ Settings │
└──────────┘
resolve_polytomies: FALSE
force_positive_lengths: FALSE
clean: genus_species
nonmono: prune_extras
outgroup: sister_one
seed: 42

┌──────────┐
│ Input │
└──────────┘
tips_in: 1170
Ingroup (genus=Odontomachus) identified: 50 tips
Genus monophyly: TRUE
Outgroup (sister_one): Anochetus_altisquamis_EX2914_CASENT0381057 (min distance=0.062958)

┌──────────┐
│ Output │
└──────────┘
ingroup_out: 50
tips_out (final tree): 44
Wrote tree: /home/marek/ant-megatree/working_code/package/project/published/ponerinae/extracted_genera/Odontomachus/extract_Odontomachus_20260412-190435_with_outgroup.tre
Wrote renames TSV: /home/marek/ant-megatree/working_code/package/project/published/ponerinae/extracted_genera/Odontomachus/extract_Odontomachus_20260412-190435_renamed.tsv
