=== Genus extraction log: Myrmica | 2026-01-12 14:22:12 ===

┌────────────────────┐
│ Preprocessing tree │
└────────────────────┘
Polytomies resolved randomly; zero/NA edge lengths set to small positive values.

┌───────────────────────────────────────────┐
│ Ingroup label cleaning (focal genus only) │
└───────────────────────────────────────────┘
Detected 98 ingroup tip(s) in raw tree.
Kept 98 ingroup tip(s) after cleaning (raw → canonical):
  KEEP: 'Myrmica wheeleri' → Myrmica_wheeleri
  KEEP: 'Myrmica rupestris' → Myrmica_rupestris
  KEEP: 'Myrmica dshungarica' → Myrmica_dshungarica
  KEEP: 'Myrmica aimonissabaudiae' → Myrmica_aimonissabaudiae
  KEEP: 'Myrmica rugosa' → Myrmica_rugosa
  KEEP: 'Myrmica wittmeri' → Myrmica_wittmeri
  KEEP: 'Myrmica kotokui' → Myrmica_kotokui
  KEEP: 'Myrmica kotokui 2' → Myrmica_kotokui
  KEEP: 'Myrmica arisana' → Myrmica_arisana
  KEEP: 'Myrmica rubra microgyne' → Myrmica_rubra
  KEEP: 'Myrmica rubra' → Myrmica_rubra
  KEEP: 'Myrmica ruginodis' → Myrmica_ruginodis
  KEEP: 'Myrmica ruginodis 2' → Myrmica_ruginodis
  KEEP: 'Myrmica luteola' → Myrmica_luteola
  KEEP: 'Myrmica weberi' → Myrmica_weberi
  KEEP: 'Myrmica indica' → Myrmica_indica
  KEEP: 'Myrmica indica 2' → Myrmica_indica
  KEEP: 'Myrmica angulata' → Myrmica_angulata
  KEEP: 'Myrmica n.sp.2' → Myrmica_n
  KEEP: 'Myrmica schoedli' → Myrmica_schoedli
  KEEP: 'Myrmica formosae' → Myrmica_formosae
  KEEP: 'Myrmica serica' → Myrmica_serica
  KEEP: 'Myrmica yamanei' → Myrmica_yamanei
  KEEP: 'Myrmica yamanei 2' → Myrmica_yamanei
  KEEP: 'Myrmica alaskensis' → Myrmica_alaskensis
  KEEP: 'Myrmica quebecensis' → Myrmica_quebecensis
  KEEP: 'Myrmica arnoldii' → Myrmica_arnoldii
  KEEP: 'Myrmica incompleta' → Myrmica_incompleta
  KEEP: 'Myrmica punctiventris' → Myrmica_punctiventris
  KEEP: 'Myrmica semiparasitica' → Myrmica_semiparasitica
  KEEP: 'Myrmica punctinops' → Myrmica_punctinops
  KEEP: 'Myrmica rugiventris' → Myrmica_rugiventris
  KEEP: 'Myrmica bergi' → Myrmica_bergi
  KEEP: 'Myrmica salina' → Myrmica_salina
  KEEP: 'Myrmica karavajevi' → Myrmica_karavajevi
  KEEP: 'Myrmica karavajevi 2' → Myrmica_karavajevi
  KEEP: 'Myrmica rugulosa 3' → Myrmica_rugulosa
  KEEP: 'Myrmica rugulosa' → Myrmica_rugulosa
  KEEP: 'Myrmica rugulosa 2' → Myrmica_rugulosa
  KEEP: 'Myrmica tobiasi' → Myrmica_tobiasi
  KEEP: 'Myrmica georgica' → Myrmica_georgica
  KEEP: 'Myrmica constricta' → Myrmica_constricta
  KEEP: 'Myrmica tulinae' → Myrmica_tulinae
  KEEP: 'Myrmica hellenica' → Myrmica_hellenica
  KEEP: 'Myrmica n.sp.3' → Myrmica_n
  KEEP: 'Myrmica laurae' → Myrmica_laurae
  KEEP: 'Myrmica vandeli' → Myrmica_vandeli
  KEEP: 'Myrmica aloba' → Myrmica_aloba
  KEEP: 'Myrmica aloba 2' → Myrmica_aloba
  KEEP: 'Myrmica scabrinodis' → Myrmica_scabrinodis
  KEEP: 'Myrmica scabrinodis 2' → Myrmica_scabrinodis
  KEEP: 'Myrmica spinosior' → Myrmica_spinosior
  KEEP: 'Myrmica hirsuta' → Myrmica_hirsuta
  KEEP: 'Myrmica sabuleti' → Myrmica_sabuleti
  KEEP: 'Myrmica crassirugis' → Myrmica_crassirugis
  KEEP: 'Myrmica crassirugis 2' → Myrmica_crassirugis
  KEEP: 'Myrmica discontinua' → Myrmica_discontinua
  KEEP: 'Myrmica monticola' → Myrmica_monticola
  KEEP: 'Myrmica tahoensis' → Myrmica_tahoensis
  KEEP: 'Myrmica nearctica 2' → Myrmica_nearctica
  KEEP: 'Myrmica lobifrons' → Myrmica_lobifrons
  KEEP: 'Myrmica detritinodis' → Myrmica_detritinodis
  KEEP: 'Myrmica fracticornis' → Myrmica_fracticornis
  KEEP: 'Myrmica n.sp.AC' → Myrmica_n
  KEEP: 'Myrmica americana' → Myrmica_americana
  KEEP: 'Myrmica americana 2' → Myrmica_americana
  KEEP: 'Myrmica n.sp.5' → Myrmica_n
  KEEP: 'Myrmica n.sp.4' → Myrmica_n
  KEEP: 'Myrmica brevispinosa' → Myrmica_brevispinosa
  KEEP: 'Myrmica nearctica' → Myrmica_nearctica
  KEEP: 'Myrmica n.sp.6' → Myrmica_n
  KEEP: 'Myrmica striolagaster' → Myrmica_striolagaster
  KEEP: 'Myrmica lacustris' → Myrmica_lacustris
  KEEP: 'Myrmica siciliana' → Myrmica_siciliana
  KEEP: 'Myrmica schencki' → Myrmica_schencki
  KEEP: 'Myrmica schencki 2' → Myrmica_schencki
  KEEP: 'Myrmica pisarskii 2' → Myrmica_pisarskii
  KEEP: 'Myrmica kasczenkoi' → Myrmica_kasczenkoi
  KEEP: 'Myrmica pisarskii' → Myrmica_pisarskii
  KEEP: 'Myrmica xavieri' → Myrmica_xavieri
  KEEP: 'Myrmica sulcinodis' → Myrmica_sulcinodis
  KEEP: 'Myrmica sulcinodis 2' → Myrmica_sulcinodis
  KEEP: 'Myrmica divergens' → Myrmica_divergens
  KEEP: 'Myrmica anatolica' → Myrmica_anatolica
  KEEP: 'Myrmica lobicornis' → Myrmica_lobicornis
  KEEP: 'Myrmica wesmaeli' → Myrmica_wesmaeli
  KEEP: 'Myrmica taediosa' → Myrmica_taediosa
  KEEP: 'Myrmica excelsa' → Myrmica_excelsa
  KEEP: 'Myrmica taediosa 2' → Myrmica_taediosa
  KEEP: 'Myrmica jessensis' → Myrmica_jessensis
  KEEP: 'Myrmica kirghisorum' → Myrmica_kirghisorum
  KEEP: 'Myrmica saposhnikovi' → Myrmica_saposhnikovi
  KEEP: 'Myrmica lobulicornis' → Myrmica_lobulicornis
  KEEP: 'Myrmica forcipata' → Myrmica_forcipata
  KEEP: 'Myrmica forcipata 2' → Myrmica_forcipata
  KEEP: 'Myrmica eidmanni' → Myrmica_eidmanni
  KEEP: 'Myrmica angulinodis' → Myrmica_angulinodis
  KEEP: 'Myrmica angulinodis 2' → Myrmica_angulinodis
Non-target genera were not modified or dropped at this step.

┌──────────────────────────────────┐
│ Species de-duplication (ingroup) │
└──────────────────────────────────┘
Detected 19 ingroup species with duplicate tips.
Species Myrmica_aloba: monophyletic; retain Myrmica_aloba (min crown depth -1.000000); drop 0 duplicate(s).
Species Myrmica_americana: monophyletic; retain Myrmica_americana (min crown depth -1.000000); drop 0 duplicate(s).
Species Myrmica_angulinodis: monophyletic; retain Myrmica_angulinodis (min crown depth -1.000000); drop 0 duplicate(s).
Species Myrmica_crassirugis: monophyletic; retain Myrmica_crassirugis (min crown depth -1.000000); drop 0 duplicate(s).
Species Myrmica_forcipata: monophyletic; retain Myrmica_forcipata (min crown depth -1.000000); drop 0 duplicate(s).
Species Myrmica_indica: monophyletic; retain Myrmica_indica (min crown depth -1.000000); drop 0 duplicate(s).
Species Myrmica_karavajevi: monophyletic; retain Myrmica_karavajevi (min crown depth -1.000000); drop 0 duplicate(s).
Species Myrmica_kotokui: monophyletic; retain Myrmica_kotokui (min crown depth -1.000000); drop 0 duplicate(s).
Species Myrmica_n: non-monophyletic; retain Myrmica_n (min total patristic distance 0.000000); drop 0 duplicate(s).
Species Myrmica_nearctica: non-monophyletic; retain Myrmica_nearctica (min total patristic distance 0.000000); drop 0 duplicate(s).
Species Myrmica_pisarskii: non-monophyletic; retain Myrmica_pisarskii (min total patristic distance 0.000000); drop 0 duplicate(s).
Species Myrmica_rubra: monophyletic; retain Myrmica_rubra (min crown depth -1.000000); drop 0 duplicate(s).
Species Myrmica_ruginodis: monophyletic; retain Myrmica_ruginodis (min crown depth -1.000000); drop 0 duplicate(s).
Species Myrmica_rugulosa: monophyletic; retain Myrmica_rugulosa (min crown depth -2.000000); drop 0 duplicate(s).
Species Myrmica_scabrinodis: monophyletic; retain Myrmica_scabrinodis (min crown depth -1.000000); drop 0 duplicate(s).
Species Myrmica_schencki: monophyletic; retain Myrmica_schencki (min crown depth -1.000000); drop 0 duplicate(s).
Species Myrmica_sulcinodis: monophyletic; retain Myrmica_sulcinodis (min crown depth -1.000000); drop 0 duplicate(s).
Species Myrmica_taediosa: non-monophyletic; retain Myrmica_taediosa (min total patristic distance 0.000000); drop 0 duplicate(s).
Species Myrmica_yamanei: monophyletic; retain Myrmica_yamanei (min crown depth -1.000000); drop 0 duplicate(s).

┌──────────────────────────┐
│ Genus tip identification │
└──────────────────────────┘
Ingroup tips available after cleaning & de-duplication: 98
Genus monophyly: FALSE
Non-monophyletic genus and nonmono='error' → aborting.
