=== Genus extraction log: Ponera | 2026-04-12 19:04:36 ===

┌──────────┐
│ Settings │
└──────────┘
resolve_polytomies: FALSE
force_positive_lengths: FALSE
clean: genus_species
nonmono: prune_extras
outgroup: sister_one
seed: 42

┌──────────┐
│ Input │
└──────────┘
tips_in: 1170
Ingroup (genus=Ponera) identified: 27 tips
Genus monophyly: TRUE
Outgroup (sister_one): Austroponera_castanea_EX2322_CASENT0618835 (min distance=0.131005)

┌──────────┐
│ Output │
└──────────┘
ingroup_out: 27
tips_out (final tree): 20
Wrote tree: /home/marek/ant-megatree/working_code/package/project/published/ponerinae/extracted_genera/Ponera/extract_Ponera_20260412-190436_with_outgroup.tre
Wrote renames TSV: /home/marek/ant-megatree/working_code/package/project/published/ponerinae/extracted_genera/Ponera/extract_Ponera_20260412-190436_renamed.tsv
