=== Genus extraction log: Nesomyrmex | 2026-04-12 19:05:27 ===

┌──────────┐
│ Settings │
└──────────┘
resolve_polytomies: FALSE
force_positive_lengths: FALSE
clean: genus_species
nonmono: prune_extras
outgroup: sister_one
seed: 42

┌──────────┐
│ Input │
└──────────┘
tips_in: 155
Ingroup (genus=Nesomyrmex) identified: 5 tips
Genus monophyly: TRUE
Outgroup (sister_one): Xenomyrmex_floridanus (min distance=125.701275)

┌──────────┐
│ Output │
└──────────┘
ingroup_out: 5
tips_out (final tree): 6
Wrote tree: /home/marek/ant-megatree/working_code/package/project/published/crematogastrini/blaimer2022/extracted_genera/Nesomyrmex/extract_Nesomyrmex_20260412-190527_with_outgroup.tre
Wrote renames TSV: /home/marek/ant-megatree/working_code/package/project/published/crematogastrini/blaimer2022/extracted_genera/Nesomyrmex/extract_Nesomyrmex_20260412-190527_renamed.tsv
