=== Genus extraction log: clade | 2026-04-04 16:58:09 ===

┌──────────┐
│ Settings │
└──────────┘
resolve_polytomies: TRUE
force_positive_lengths: TRUE
clean: none
nonmono: prune_extras
outgroup: sister_one
seed: 42

┌──────────┐
│ Input │
└──────────┘
tips_in: 176
Preprocess: polytomies=TRUE, positive_lengths=TRUE
Ingroup (MRCA of anchors) size: 43
Outgroup (sister_one): Adelomyrmex_longinoi_EX316 (min distance=2.049408)

┌──────────┐
│ Output │
└──────────┘
ingroup_out: 43
tips_out (final tree): 44
Wrote tree: /home/marek/ant-megatree/working_code/package/project/published/myrmicini/prebus2025/extract_mrca_Manica_hunteri_OR_S_Mattheiu_Lake_P861-Pogonomyrmex_maricopa_P882_20260404-165809_with_outgroup.tre
