=== Genus extraction log: Lordomyrma | 2026-04-12 19:05:27 ===

┌──────────┐
│ Settings │
└──────────┘
resolve_polytomies: FALSE
force_positive_lengths: FALSE
clean: genus_species
nonmono: prune_extras
outgroup: sister_one
seed: 42

┌──────────┐
│ Input │
└──────────┘
tips_in: 155
Ingroup (genus=Lordomyrma) identified: 12 tips
Genus monophyly: FALSE
Pruned non-genus tips inside MRCA (prune_extras).
Outgroup (sister_one): Poecilomyrma_myrmecodiae (min distance=128.284620)

┌──────────┐
│ Output │
└──────────┘
ingroup_out: 12
tips_out (final tree): 13
Wrote tree: /home/marek/ant-megatree/working_code/package/project/published/crematogastrini/blaimer2022/extracted_genera/Lordomyrma/extract_Lordomyrma_20260412-190527_with_outgroup.tre
Wrote renames TSV: /home/marek/ant-megatree/working_code/package/project/published/crematogastrini/blaimer2022/extracted_genera/Lordomyrma/extract_Lordomyrma_20260412-190527_renamed.tsv
