=== Genus extraction log: Strumigenys | 2025-10-25 16:07:18 ===

┌────────────────────┐
│ Preprocessing tree │
└────────────────────┘
Polytomies resolved randomly; zero/NA edge lengths set to small positive values.

┌───────────────────────────────────────────┐
│ Ingroup label cleaning (focal genus only) │
└───────────────────────────────────────────┘
Detected 115 ingroup tip(s) in raw tree.
Kept 115 ingroup tip(s) after cleaning (raw → canonical):
  KEEP: Strumigenys_victrix
  KEEP: Strumigenys_symmetrix
  KEEP: Strumigenys_themis
  KEEP: Strumigenys_disjuncta
  KEEP: Strumigenys_microthrix
  KEEP: Strumigenys_cassicuspis
  KEEP: Strumigenys_cincinnata
  KEEP: Strumigenys_glenognatha
  KEEP: Strumigenys_beebei
  KEEP: Strumigenys_probatrix
  KEEP: Strumigenys_azteca
  KEEP: Strumigenys_rogata
  KEEP: Strumigenys_longinoi
  KEEP: Strumigenys_margaritae
  KEEP: Strumigenys_alberti
  KEEP: Strumigenys_nigrescens
  KEEP: Strumigenys_epinotalis
  KEEP: Strumigenys_depressiceps
  KEEP: Strumigenys_lalassa
  KEEP: 'Strumigenys_brevicornis_complex' → Strumigenys_brevicornis
  KEEP: Strumigenys_denticulata
  KEEP: Strumigenys_gundlachi
  KEEP: Strumigenys_subedentata
  KEEP: Strumigenys_perparva
  KEEP: Strumigenys_louisianae
  KEEP: Strumigenys_lanuginosa
  KEEP: Strumigenys_marginiventris
  KEEP: Strumigenys_elongata
  KEEP: Strumigenys_tococae
  KEEP: Strumigenys_cordovensis
  KEEP: Strumigenys_biolleyi
  KEEP: Strumigenys_laticeps
  KEEP: Strumigenys_marchosias
  KEEP: Strumigenys_anorbicula
  KEEP: Strumigenys_mormo
  KEEP: Strumigenys_tathula
  KEEP: Strumigenys_erynnes
  KEEP: Strumigenys_geoterra
  KEEP: Strumigenys_serrula
  KEEP: Strumigenys_lujae
  KEEP: Strumigenys_cacaoensis
  KEEP: Strumigenys_paranax
  KEEP: Strumigenys_dextra
  KEEP: Strumigenys_petiolata
  KEEP: Strumigenys_ettillax
  KEEP: Strumigenys_spathoda
  KEEP: Strumigenys_sibyna
  KEEP: Strumigenys_tetraphanes
  KEEP: Strumigenys_irrorata
  KEEP: Strumigenys_bibiolona
  KEEP: Strumigenys_dora
  KEEP: Strumigenys_lucomo
  KEEP: Strumigenys_cabira
  KEEP: Strumigenys_grandidieri
  KEEP: Strumigenys_chilo
  KEEP: Strumigenys_coveri
  KEEP: Strumigenys_dexis
  KEEP: Strumigenys_epulo
  KEEP: Strumigenys_lexex
  KEEP: Strumigenys_langrandi
  KEEP: Strumigenys_apios
  KEEP: Strumigenys_dicomas
  KEEP: Strumigenys_milae
  KEEP: Strumigenys_sphera
  KEEP: Strumigenys_hilaris
  KEEP: Strumigenys_norax
  KEEP: Strumigenys_tacta
  KEEP: Strumigenys_khakaura
  KEEP: Strumigenys_tetragnatha
  KEEP: Strumigenys_sistrura
  KEEP: Strumigenys_ravidura
  KEEP: Strumigenys_tigrilla
  KEEP: Strumigenys_maxillaris
  KEEP: Strumigenys_ninda
  KEEP: Strumigenys_synkara
  KEEP: Strumigenys_minkara
  KEEP: Strumigenys_truncatidens
  KEEP: Strumigenys_hensekta
  KEEP: Strumigenys_sharra
  KEEP: Strumigenys_cavinasis
  KEEP: Strumigenys_serket
  KEEP: Strumigenys_exiguaevitae
  KEEP: Strumigenys_seti
  KEEP: Strumigenys_mitis
  KEEP: Strumigenys_nepalensis
  KEEP: Strumigenys_kichijo
  KEEP: Strumigenys_canina
  KEEP: Strumigenys_rostrata
  KEEP: Strumigenys_arizonica
  KEEP: Strumigenys_bunki
  KEEP: Strumigenys_mirifica
  KEEP: Strumigenys_gloriosa
  KEEP: Strumigenys_rotogenys
  KEEP: Strumigenys_kraepelini
  KEEP: Strumigenys_exilirhina
  KEEP: Strumigenys_arrogantia
  KEEP: Strumigenys_aechme
  KEEP: Strumigenys_sublaminata
  KEEP: Strumigenys_amnesia
  KEEP: Strumigenys_kumadori
  KEEP: Strumigenys_mjoebergi
  KEEP: Strumigenys_godeffroyi
  KEEP: Strumigenys_rofocala
  KEEP: Strumigenys_ekasura
  KEEP: Strumigenys_nidifex
  KEEP: Strumigenys_opaca
  KEEP: Strumigenys_minax
  KEEP: Strumigenys_buleru
  KEEP: Strumigenys_anetes
  KEEP: Strumigenys_orthanetes
  KEEP: Strumigenys_radix
  KEEP: Strumigenys_semicompta
  KEEP: Strumigenys_ortholex
  KEEP: Strumigenys_hoplites
  KEEP: Strumigenys_ferocior
Non-target genera were not modified or dropped at this step.

┌──────────────────────────────────┐
│ Species de-duplication (ingroup) │
└──────────────────────────────────┘
No intraspecific duplicates detected within ingroup.

┌──────────────────────────┐
│ Genus tip identification │
└──────────────────────────┘
Ingroup tips available after cleaning & de-duplication: 124
Genus monophyly: TRUE
Genus MRCA node: 141

┌─────────────────────┐
│ Retained genus tips │
└─────────────────────┘
  KEEP: Strumigenys_aechme
  KEEP: Strumigenys_alberti
  KEEP: Strumigenys_amnesia
  KEEP: Strumigenys_anetes
  KEEP: Strumigenys_anorbicula
  KEEP: Strumigenys_apios
  KEEP: Strumigenys_arizonica
  KEEP: Strumigenys_arrogantia
  KEEP: Strumigenys_azteca
  KEEP: Strumigenys_beebei
  KEEP: Strumigenys_bibiolona
  KEEP: Strumigenys_biolleyi
  KEEP: Strumigenys_brevicornis
  KEEP: Strumigenys_buleru
  KEEP: Strumigenys_bunki
  KEEP: Strumigenys_cabira
  KEEP: Strumigenys_cacaoensis
  KEEP: Strumigenys_canina
  KEEP: Strumigenys_cassicuspis
  KEEP: Strumigenys_cavinasis
  KEEP: Strumigenys_chilo
  KEEP: Strumigenys_cincinnata
  KEEP: Strumigenys_cordovensis
  KEEP: Strumigenys_coveri
  KEEP: Strumigenys_DBB001
  KEEP: Strumigenys_DBB003
  KEEP: Strumigenys_DBB025
  KEEP: Strumigenys_DBB032
  KEEP: Strumigenys_DBB045
  KEEP: Strumigenys_DBB087
  KEEP: Strumigenys_DBB121
  KEEP: Strumigenys_DBB144
  KEEP: Strumigenys_DBB145
  KEEP: Strumigenys_denticulata
  KEEP: Strumigenys_depressiceps
  KEEP: Strumigenys_dexis
  KEEP: Strumigenys_dextra
  KEEP: Strumigenys_dicomas
  KEEP: Strumigenys_disjuncta
  KEEP: Strumigenys_dora
  KEEP: Strumigenys_ekasura
  KEEP: Strumigenys_elongata
  KEEP: Strumigenys_epinotalis
  KEEP: Strumigenys_epulo
  KEEP: Strumigenys_erynnes
  KEEP: Strumigenys_ettillax
  KEEP: Strumigenys_exiguaevitae
  KEEP: Strumigenys_exilirhina
  KEEP: Strumigenys_ferocior
  KEEP: Strumigenys_geoterra
  KEEP: Strumigenys_glenognatha
  KEEP: Strumigenys_gloriosa
  KEEP: Strumigenys_godeffroyi
  KEEP: Strumigenys_grandidieri
  KEEP: Strumigenys_gundlachi
  KEEP: Strumigenys_hensekta
  KEEP: Strumigenys_hilaris
  KEEP: Strumigenys_hoplites
  KEEP: Strumigenys_irrorata
  KEEP: Strumigenys_khakaura
  KEEP: Strumigenys_kichijo
  KEEP: Strumigenys_kraepelini
  KEEP: Strumigenys_kumadori
  KEEP: Strumigenys_lalassa
  KEEP: Strumigenys_langrandi
  KEEP: Strumigenys_lanuginosa
  KEEP: Strumigenys_laticeps
  KEEP: Strumigenys_lexex
  KEEP: Strumigenys_longinoi
  KEEP: Strumigenys_louisianae
  KEEP: Strumigenys_lucomo
  KEEP: Strumigenys_lujae
  KEEP: Strumigenys_marchosias
  KEEP: Strumigenys_margaritae
  KEEP: Strumigenys_marginiventris
  KEEP: Strumigenys_maxillaris
  KEEP: Strumigenys_microthrix
  KEEP: Strumigenys_milae
  KEEP: Strumigenys_minax
  KEEP: Strumigenys_minkara
  KEEP: Strumigenys_mirifica
  KEEP: Strumigenys_mitis
  KEEP: Strumigenys_mjoebergi
  KEEP: Strumigenys_mormo
  KEEP: Strumigenys_nepalensis
  KEEP: Strumigenys_nidifex
  KEEP: Strumigenys_nigrescens
  KEEP: Strumigenys_ninda
  KEEP: Strumigenys_norax
  KEEP: Strumigenys_opaca
  KEEP: Strumigenys_orthanetes
  KEEP: Strumigenys_ortholex
  KEEP: Strumigenys_paranax
  KEEP: Strumigenys_perparva
  KEEP: Strumigenys_petiolata
  KEEP: Strumigenys_probatrix
  KEEP: Strumigenys_radix
  KEEP: Strumigenys_ravidura
  KEEP: Strumigenys_rofocala
  KEEP: Strumigenys_rogata
  KEEP: Strumigenys_rostrata
  KEEP: Strumigenys_rotogenys
  KEEP: Strumigenys_semicompta
  KEEP: Strumigenys_serket
  KEEP: Strumigenys_serrula
  KEEP: Strumigenys_seti
  KEEP: Strumigenys_sharra
  KEEP: Strumigenys_sibyna
  KEEP: Strumigenys_sistrura
  KEEP: Strumigenys_spathoda
  KEEP: Strumigenys_sphera
  KEEP: Strumigenys_subedentata
  KEEP: Strumigenys_sublaminata
  KEEP: Strumigenys_symmetrix
  KEEP: Strumigenys_synkara
  KEEP: Strumigenys_tacta
  KEEP: Strumigenys_tathula
  KEEP: Strumigenys_tetragnatha
  KEEP: Strumigenys_tetraphanes
  KEEP: Strumigenys_themis
  KEEP: Strumigenys_tigrilla
  KEEP: Strumigenys_tococae
  KEEP: Strumigenys_truncatidens
  KEEP: Strumigenys_victrix
Total retained genus tips: 124

┌────────────────────┐
│ Outgroup selection │
└────────────────────┘
Selected outgroup: Pilotrochus_besmerus (only candidate).

┌──────────┐
│ Output │
└──────────┘
Wrote tree: ./Strumigenys_with_outgroup.tre
Outgroup in output: Pilotrochus_besmerus
Genus tips in output: 125
