=== Genus extraction log: clade | 2026-04-13 10:23:16 ===

┌──────────┐
│ Settings │
└──────────┘
resolve_polytomies: TRUE
force_positive_lengths: TRUE
clean: none
nonmono: prune_extras
outgroup: sister_one
seed: 42

┌──────────┐
│ Input │
└──────────┘
tips_in: 1183
Preprocess: polytomies=TRUE, positive_lengths=TRUE
Ingroup (MRCA of anchors) size: 9
Outgroup (sister_one): Stigmatomma_sakalava (min distance=116.186249)

┌──────────┐
│ Output │
└──────────┘
ingroup_out: 9
tips_out (final tree): 10
Wrote tree: /home/marek/ant-megatree/working_code/package/project/published/mami-madagascar/camacho2024/extracted_genera/Adetomyrma/extract_mrca_Adetomyrma_aureocuprea-Adetomyrma_goblin_20260413-102316_with_outgroup.tre
