=== Genus extraction log: Centromyrmex | 2026-04-12 19:04:33 ===

┌──────────┐
│ Settings │
└──────────┘
resolve_polytomies: FALSE
force_positive_lengths: FALSE
clean: genus_species
nonmono: prune_extras
outgroup: sister_one
seed: 42

┌──────────┐
│ Input │
└──────────┘
tips_in: 1170
Ingroup (genus=Centromyrmex) identified: 7 tips
Genus monophyly: TRUE
Outgroup (sister_one): Psalidomyrmex_reichenspergeri_EX2350_CASENT0639782 (min distance=0.130365)

┌──────────┐
│ Output │
└──────────┘
ingroup_out: 7
tips_out (final tree): 8
Wrote tree: /home/marek/ant-megatree/working_code/package/project/published/ponerinae/extracted_genera/Centromyrmex/extract_Centromyrmex_20260412-190433_with_outgroup.tre
Wrote renames TSV: /home/marek/ant-megatree/working_code/package/project/published/ponerinae/extracted_genera/Centromyrmex/extract_Centromyrmex_20260412-190433_renamed.tsv
