=== Genus extraction log: Ophthalmopone | 2026-04-12 19:04:36 ===

┌──────────┐
│ Settings │
└──────────┘
resolve_polytomies: FALSE
force_positive_lengths: FALSE
clean: genus_species
nonmono: prune_extras
outgroup: sister_one
seed: 42

┌──────────┐
│ Input │
└──────────┘
tips_in: 1170
Ingroup (genus=Ophthalmopone) identified: 2 tips
Genus monophyly: TRUE
Outgroup (sister_one): Megaponera_analis_EX2365_CASENT0618987 (min distance=0.054744)

┌──────────┐
│ Output │
└──────────┘
ingroup_out: 2
tips_out (final tree): 3
Wrote tree: /home/marek/ant-megatree/working_code/package/project/published/ponerinae/extracted_genera/Ophthalmopone/extract_Ophthalmopone_20260412-190436_with_outgroup.tre
Wrote renames TSV: /home/marek/ant-megatree/working_code/package/project/published/ponerinae/extracted_genera/Ophthalmopone/extract_Ophthalmopone_20260412-190436_renamed.tsv
