=== Genus extraction log: Platythyrea | 2026-04-12 19:04:36 ===

┌──────────┐
│ Settings │
└──────────┘
resolve_polytomies: FALSE
force_positive_lengths: FALSE
clean: genus_species
nonmono: prune_extras
outgroup: sister_one
seed: 42

┌──────────┐
│ Input │
└──────────┘
tips_in: 1170
Ingroup (genus=Platythyrea) identified: 28 tips
Genus monophyly: TRUE
Outgroup (sister_one): Hagensia_havilandi_marleyi_D2452_CASENT0888244 (min distance=0.231144)

┌──────────┐
│ Output │
└──────────┘
ingroup_out: 28
tips_out (final tree): 25
Wrote tree: /home/marek/ant-megatree/working_code/package/project/published/ponerinae/extracted_genera/Platythyrea/extract_Platythyrea_20260412-190436_with_outgroup.tre
Wrote renames TSV: /home/marek/ant-megatree/working_code/package/project/published/ponerinae/extracted_genera/Platythyrea/extract_Platythyrea_20260412-190436_renamed.tsv
