=== Genus extraction log: Dorymyrmex | 2025-11-09 17:46:55 ===

┌────────────────────┐
│ Preprocessing tree │
└────────────────────┘
Polytomies resolved randomly; zero/NA edge lengths set to small positive values.

┌───────────────────────────────────────────┐
│ Ingroup label cleaning (focal genus only) │
└───────────────────────────────────────────┘
Detected 167 ingroup tip(s) in raw tree.
Kept 167 ingroup tip(s) after cleaning (raw → canonical):
  KEEP: Dorymyrmex_ebeninus_D1537 → Dorymyrmex_ebeninus
  KEEP: Dorymyrmex_planidens_D0547 → Dorymyrmex_planidens
  KEEP: Dorymyrmex_flavescens_D2997 → Dorymyrmex_flavescens
  KEEP: Dorymyrmex_ensifer_D1539 → Dorymyrmex_ensifer
  KEEP: Dorymyrmex_morenoi_D2996 → Dorymyrmex_morenoi
  KEEP: Dorymyrmex_exsanguis_D2919 → Dorymyrmex_exsanguis
  KEEP: Dorymyrmex_exsanguis_D1538 → Dorymyrmex_exsanguis
  KEEP: Dorymyrmex_sp_D3000 → Dorymyrmex_sp
  KEEP: Dorymyrmex_ar01_D2920 → Dorymyrmex_ar
  KEEP: Dorymyrmex_ar01_D2921 → Dorymyrmex_ar
  KEEP: Dorymyrmex_hunti_D2999 → Dorymyrmex_hunti
  KEEP: Dorymyrmex_goetschi_D2543 → Dorymyrmex_goetschi
  KEEP: Dorymyrmex_goetschi_D2545 → Dorymyrmex_goetschi
  KEEP: Dorymyrmex_goetschi_D2998 → Dorymyrmex_goetschi
  KEEP: Dorymyrmex_tener_cf_D3021 → Dorymyrmex_tener
  KEEP: Dorymyrmex_richteri_D1536 → Dorymyrmex_richteri
  KEEP: Dorymyrmex_richteri_D3014 → Dorymyrmex_richteri
  KEEP: Dorymyrmex_tener_D2544 → Dorymyrmex_tener
  KEEP: Dorymyrmex_tener_D3015 → Dorymyrmex_tener
  KEEP: Dorymyrmex_tener_D2966 → Dorymyrmex_tener
  KEEP: Dorymyrmex_breviscapis_D3001 → Dorymyrmex_breviscapis
  KEEP: Dorymyrmex_ar02_D2923 → Dorymyrmex_ar
  KEEP: Dorymyrmex_ar02_D2924 → Dorymyrmex_ar
  KEEP: Dorymyrmex_mg01_D2922 → Dorymyrmex_mg
  KEEP: Dorymyrmex_pr02_D2946 → Dorymyrmex_pr
  KEEP: Dorymyrmex_pr02_D2945 → Dorymyrmex_pr
  KEEP: Dorymyrmex_pyramicus_garbei_nr_D3009 → Dorymyrmex_pyramicus
  KEEP: Dorymyrmex_wolffhuegeli_D3005 → Dorymyrmex_wolffhuegeli
  KEEP: Dorymyrmex_pr01_cf_D2971 → Dorymyrmex_pr
  KEEP: Dorymyrmex_pr01_cf_D2948 → Dorymyrmex_pr
  KEEP: Dorymyrmex_pr01_cf_D2951 → Dorymyrmex_pr
  KEEP: Dorymyrmex_pr01_D2940 → Dorymyrmex_pr
  KEEP: Dorymyrmex_pr01_D1974 → Dorymyrmex_pr
  KEEP: Dorymyrmex_pr01_D1972 → Dorymyrmex_pr
  KEEP: Dorymyrmex_paranensis_cf_D2935 → Dorymyrmex_paranensis
  KEEP: Dorymyrmex_pyramicus_D2913 → Dorymyrmex_pyramicus
  KEEP: Dorymyrmex_pyramicus_D2914 → Dorymyrmex_pyramicus
  KEEP: Dorymyrmex_paranensis_cf_D2939 → Dorymyrmex_paranensis
  KEEP: Dorymyrmex_paranensis_cf_D2933 → Dorymyrmex_paranensis
  KEEP: Dorymyrmex_mt01_D2960 → Dorymyrmex_mt
  KEEP: Dorymyrmex_mt01_D2959 → Dorymyrmex_mt
  KEEP: Dorymyrmex_paranensis_D2936 → Dorymyrmex_paranensis
  KEEP: Dorymyrmex_paranensis_D2934 → Dorymyrmex_paranensis
  KEEP: Dorymyrmex_paranensis_D2938 → Dorymyrmex_paranensis
  KEEP: Dorymyrmex_paranensis_D2937 → Dorymyrmex_paranensis
  KEEP: Dorymyrmex_ms01_D2962 → Dorymyrmex_ms
  KEEP: Dorymyrmex_ms01_D2984 → Dorymyrmex_ms
  KEEP: Dorymyrmex_ms01_D2983 → Dorymyrmex_ms
  KEEP: Dorymyrmex_jto03_D2152 → Dorymyrmex_jto
  KEEP: Dorymyrmex_amazonicus_D2987 → Dorymyrmex_amazonicus
  KEEP: Dorymyrmex_jto03_D2911 → Dorymyrmex_jto
  KEEP: Dorymyrmex_thoracicus_cf_D2916 → Dorymyrmex_thoracicus
  KEEP: Dorymyrmex_thoracicus_cf_D2915 → Dorymyrmex_thoracicus
  KEEP: Dorymyrmex_thoracicus_cf_D3013 → Dorymyrmex_thoracicus
  KEEP: Dorymyrmex_thoracicus_cf_D3012 → Dorymyrmex_thoracicus
  KEEP: Dorymyrmex_thoracicus_cf_D3011 → Dorymyrmex_thoracicus
  KEEP: Dorymyrmex_ur01_D3008 → Dorymyrmex_ur
  KEEP: Dorymyrmex_thoracicus_D2942 → Dorymyrmex_thoracicus
  KEEP: Dorymyrmex_thoracicus_D2943 → Dorymyrmex_thoracicus
  KEEP: Dorymyrmex_brunneus_D2928 → Dorymyrmex_brunneus
  KEEP: Dorymyrmex_brunneus_D2976 → Dorymyrmex_brunneus
  KEEP: Dorymyrmex_brunneus_D2926 → Dorymyrmex_brunneus
  KEEP: Dorymyrmex_brunneus_D2977 → Dorymyrmex_brunneus
  KEEP: Dorymyrmex_brunneus_D2990 → Dorymyrmex_brunneus
  KEEP: Dorymyrmex_brunneus_D2944 → Dorymyrmex_brunneus
  KEEP: Dorymyrmex_brunneus_D2989 → Dorymyrmex_brunneus
  KEEP: Dorymyrmex_brunneus_D2985 → Dorymyrmex_brunneus
  KEEP: Dorymyrmex_brunneus_D2988 → Dorymyrmex_brunneus
  KEEP: Dorymyrmex_pr03_D2981 → Dorymyrmex_pr
  KEEP: Dorymyrmex_pr03_D2982 → Dorymyrmex_pr
  KEEP: Dorymyrmex_pr03_D1973 → Dorymyrmex_pr
  KEEP: Dorymyrmex_pr03_D2979 → Dorymyrmex_pr
  KEEP: Dorymyrmex_pr03_D2978 → Dorymyrmex_pr
  KEEP: Dorymyrmex_pe01_D3007 → Dorymyrmex_pe
  KEEP: Dorymyrmex_ca02_D1789 → Dorymyrmex_ca
  KEEP: Dorymyrmex_bc02_D1745 → Dorymyrmex_bc
  KEEP: Dorymyrmex_bc02_D1746 → Dorymyrmex_bc
  KEEP: Dorymyrmex_insanus_D2547 → Dorymyrmex_insanus
  KEEP: Dorymyrmex_ca01_D1740 → Dorymyrmex_ca
  KEEP: Dorymyrmex_ca01_D1799 → Dorymyrmex_ca
  KEEP: Dorymyrmex_az01_D1532 → Dorymyrmex_az
  KEEP: Dorymyrmex_bc01_D1743 → Dorymyrmex_bc
  KEEP: Dorymyrmex_bc01_D1741 → Dorymyrmex_bc
  KEEP: Dorymyrmex_tx02_D1797 → Dorymyrmex_tx
  KEEP: Dorymyrmex_tx01_D1744 → Dorymyrmex_tx
  KEEP: Dorymyrmex_tx01_D1795 → Dorymyrmex_tx
  KEEP: Dorymyrmex_tx01_D1794 → Dorymyrmex_tx
  KEEP: Dorymyrmex_hn01_D2994 → Dorymyrmex_hn
  KEEP: Dorymyrmex_hn01_D1535 → Dorymyrmex_hn
  KEEP: Dorymyrmex_flavopectus_D3054 → Dorymyrmex_flavopectus
  KEEP: Dorymyrmex_elegans_D1530 → Dorymyrmex_elegans
  KEEP: Dorymyrmex_bureni_D1969 → Dorymyrmex_bureni
  KEEP: Dorymyrmex_bureni_D1968 → Dorymyrmex_bureni
  KEEP: Dorymyrmex_bureni_D1971 → Dorymyrmex_bureni
  KEEP: Dorymyrmex_bureni_D1970 → Dorymyrmex_bureni
  KEEP: Dorymyrmex_bicolor_D1762 → Dorymyrmex_bicolor
  KEEP: Dorymyrmex_paiute_D1792 → Dorymyrmex_paiute
  KEEP: Dorymyrmex_paiute_D1748 → Dorymyrmex_paiute
  KEEP: Dorymyrmex_bicolor_D1803 → Dorymyrmex_bicolor
  KEEP: Dorymyrmex_bicolor_D0295 → Dorymyrmex_bicolor
  KEEP: Dorymyrmex_bicolor_D1805 → Dorymyrmex_bicolor
  KEEP: Dorymyrmex_sp_D2546 → Dorymyrmex_sp
  KEEP: Dorymyrmex_sp_D2548 → Dorymyrmex_sp
  KEEP: Dorymyrmex_reginicula_D1534 → Dorymyrmex_reginicula
  KEEP: Dorymyrmex_bicolor_cf_D2609 → Dorymyrmex_bicolor
  KEEP: Dorymyrmex_bicolor_D1796 → Dorymyrmex_bicolor
  KEEP: Dorymyrmex_ca03_D1739 → Dorymyrmex_ca
  KEEP: Dorymyrmex_bicolor_D3052 → Dorymyrmex_bicolor
  KEEP: Dorymyrmex_mx01_D1736 → Dorymyrmex_mx
  KEEP: Dorymyrmex_insanus_D1800 → Dorymyrmex_insanus
  KEEP: Dorymyrmex_insanus_D2991 → Dorymyrmex_insanus
  KEEP: Dorymyrmex_insanus_D1771 → Dorymyrmex_insanus
  KEEP: Dorymyrmex_insanus_D1773 → Dorymyrmex_insanus
  KEEP: Dorymyrmex_insanus_D1774 → Dorymyrmex_insanus
  KEEP: Dorymyrmex_smithi_cf_D3053 → Dorymyrmex_smithi
  KEEP: Dorymyrmex_smithi_D1533 → Dorymyrmex_smithi
  KEEP: Dorymyrmex_bicolor_D2608 → Dorymyrmex_bicolor
  KEEP: Dorymyrmex_bicolor_D1753 → Dorymyrmex_bicolor
  KEEP: Dorymyrmex_bicolor_D2611 → Dorymyrmex_bicolor
  KEEP: Dorymyrmex_insanus_D1749 → Dorymyrmex_insanus
  KEEP: Dorymyrmex_goeldii_fumigatus_D2956 → Dorymyrmex_goeldii
  KEEP: Dorymyrmex_alw03_D2931 → Dorymyrmex_alw
  KEEP: Dorymyrmex_jto05_D2154 → Dorymyrmex_jto
  KEEP: Dorymyrmex_goeldii_D2952 → Dorymyrmex_goeldii
  KEEP: Dorymyrmex_goeldii_D2958 → Dorymyrmex_goeldii
  KEEP: Dorymyrmex_jto02_D2929 → Dorymyrmex_jto
  KEEP: Dorymyrmex_jto02_D2932 → Dorymyrmex_jto
  KEEP: Dorymyrmex_br01_D2955 → Dorymyrmex_br
  KEEP: Dorymyrmex_br01_D2957 → Dorymyrmex_br
  KEEP: Dorymyrmex_goeldii_nr_D2930 → Dorymyrmex_goeldii
  KEEP: Dorymyrmex_goeldii_nr_D2953 → Dorymyrmex_goeldii
  KEEP: Dorymyrmex_jto04_D2153 → Dorymyrmex_jto
  KEEP: Dorymyrmex_spurius_D2925 → Dorymyrmex_spurius
  KEEP: Dorymyrmex_biconis_D3017 → Dorymyrmex_biconis
  KEEP: Dorymyrmex_antillanus_D2542 → Dorymyrmex_antillanus
  KEEP: Dorymyrmex_antillanus_D3004 → Dorymyrmex_antillanus
  KEEP: Dorymyrmex_antillanus_D2541 → Dorymyrmex_antillanus
  KEEP: Dorymyrmex_pyramicus_D2992 → Dorymyrmex_pyramicus
  KEEP: Dorymyrmex_antillanus_D3050 → Dorymyrmex_antillanus
  KEEP: Dorymyrmex_antillanus_D3051 → Dorymyrmex_antillanus
  KEEP: Dorymyrmex_jheringi_D2947 → Dorymyrmex_jheringi
  KEEP: Dorymyrmex_biconis_D3006 → Dorymyrmex_biconis
  KEEP: Dorymyrmex_biconis_D3003 → Dorymyrmex_biconis
  KEEP: Dorymyrmex_biconis_D1738 → Dorymyrmex_biconis
  KEEP: Dorymyrmex_biconis_D3016 → Dorymyrmex_biconis
  KEEP: Dorymyrmex_biconis_D3020 → Dorymyrmex_biconis
  KEEP: Dorymyrmex_biconis_D2995 → Dorymyrmex_biconis
  KEEP: Dorymyrmex_pyramicus_cf_D3002 → Dorymyrmex_pyramicus
  KEEP: Dorymyrmex_pyramicus_guyanensis_D1778 → Dorymyrmex_pyramicus
  KEEP: Dorymyrmex_pyramicus_guyanensis_D1779 → Dorymyrmex_pyramicus
  KEEP: Dorymyrmex_amazonicus_D2912 → Dorymyrmex_amazonicus
  KEEP: Dorymyrmex_amazonicus_D2993 → Dorymyrmex_amazonicus
  KEEP: Dorymyrmex_pyramicus_guyanensis_D2949 → Dorymyrmex_pyramicus
  KEEP: Dorymyrmex_pyramicus_guyanensis_D1760 → Dorymyrmex_pyramicus
  KEEP: Dorymyrmex_pyramicus_guyanensis_D1759 → Dorymyrmex_pyramicus
  KEEP: Dorymyrmex_pyramicus_guyanensis_D1758 → Dorymyrmex_pyramicus
  KEEP: Dorymyrmex_mg02_D2968 → Dorymyrmex_mg
  KEEP: Dorymyrmex_mg02_D2917 → Dorymyrmex_mg
  KEEP: Dorymyrmex_mg03_D2972 → Dorymyrmex_mg
  KEEP: Dorymyrmex_mg03_D2970 → Dorymyrmex_mg
  KEEP: Dorymyrmex_mg03_D2918 → Dorymyrmex_mg
  KEEP: Dorymyrmex_mg03_D2950 → Dorymyrmex_mg
  KEEP: Dorymyrmex_ce01_D2973 → Dorymyrmex_ce
  KEEP: Dorymyrmex_ce01_D2974 → Dorymyrmex_ce
  KEEP: Dorymyrmex_ce01_D2964 → Dorymyrmex_ce
  KEEP: Dorymyrmex_ce01_D2963 → Dorymyrmex_ce
  KEEP: Dorymyrmex_ce01_D2967 → Dorymyrmex_ce
Non-target genera were not modified or dropped at this step.

┌──────────────────────────────────┐
│ Species de-duplication (ingroup) │
└──────────────────────────────────┘
Detected 30 ingroup species with duplicate tips.
Species Dorymyrmex_amazonicus: non-monophyletic; retain Dorymyrmex_amazonicus (min total patristic distance 0.000000); drop 0 duplicate(s).
Species Dorymyrmex_antillanus: non-monophyletic; retain Dorymyrmex_antillanus (min total patristic distance 0.000000); drop 0 duplicate(s).
Species Dorymyrmex_ar: non-monophyletic; retain Dorymyrmex_ar (min total patristic distance 0.000000); drop 0 duplicate(s).
Species Dorymyrmex_bc: non-monophyletic; retain Dorymyrmex_bc (min total patristic distance 0.000000); drop 0 duplicate(s).
Species Dorymyrmex_bicolor: non-monophyletic; retain Dorymyrmex_bicolor (min total patristic distance 0.000000); drop 0 duplicate(s).
Species Dorymyrmex_biconis: non-monophyletic; retain Dorymyrmex_biconis (min total patristic distance 0.000000); drop 0 duplicate(s).
Species Dorymyrmex_br: monophyletic; retain Dorymyrmex_br (min crown depth -0.015721); drop 0 duplicate(s).
Species Dorymyrmex_brunneus: monophyletic; retain Dorymyrmex_brunneus (min crown depth -0.001689); drop 0 duplicate(s).
Species Dorymyrmex_bureni: monophyletic; retain Dorymyrmex_bureni (min crown depth -0.004762); drop 0 duplicate(s).
Species Dorymyrmex_ca: non-monophyletic; retain Dorymyrmex_ca (min total patristic distance 0.000000); drop 0 duplicate(s).
Species Dorymyrmex_ce: monophyletic; retain Dorymyrmex_ce (min crown depth -0.006192); drop 0 duplicate(s).
Species Dorymyrmex_exsanguis: monophyletic; retain Dorymyrmex_exsanguis (min crown depth -0.007687); drop 0 duplicate(s).
Species Dorymyrmex_goeldii: non-monophyletic; retain Dorymyrmex_goeldii (min total patristic distance 0.000000); drop 0 duplicate(s).
Species Dorymyrmex_goetschi: monophyletic; retain Dorymyrmex_goetschi (min crown depth -0.002225); drop 0 duplicate(s).
Species Dorymyrmex_hn: monophyletic; retain Dorymyrmex_hn (min crown depth -0.001380); drop 0 duplicate(s).
Species Dorymyrmex_insanus: non-monophyletic; retain Dorymyrmex_insanus (min total patristic distance 0.000000); drop 0 duplicate(s).
Species Dorymyrmex_jto: non-monophyletic; retain Dorymyrmex_jto (min total patristic distance 0.000000); drop 0 duplicate(s).
Species Dorymyrmex_mg: non-monophyletic; retain Dorymyrmex_mg (min total patristic distance 0.000000); drop 0 duplicate(s).
Species Dorymyrmex_ms: monophyletic; retain Dorymyrmex_ms (min crown depth -0.004675); drop 0 duplicate(s).
Species Dorymyrmex_mt: monophyletic; retain Dorymyrmex_mt (min crown depth -0.010978); drop 0 duplicate(s).
Species Dorymyrmex_paiute: monophyletic; retain Dorymyrmex_paiute (min crown depth -0.001272); drop 0 duplicate(s).
Species Dorymyrmex_paranensis: non-monophyletic; retain Dorymyrmex_paranensis (min total patristic distance 0.000000); drop 0 duplicate(s).
Species Dorymyrmex_pr: non-monophyletic; retain Dorymyrmex_pr (min total patristic distance 0.000000); drop 0 duplicate(s).
Species Dorymyrmex_pyramicus: non-monophyletic; retain Dorymyrmex_pyramicus (min total patristic distance 0.000000); drop 0 duplicate(s).
Species Dorymyrmex_richteri: monophyletic; retain Dorymyrmex_richteri (min crown depth -0.009084); drop 0 duplicate(s).
Species Dorymyrmex_smithi: monophyletic; retain Dorymyrmex_smithi (min crown depth -0.010087); drop 0 duplicate(s).
Species Dorymyrmex_sp: non-monophyletic; retain Dorymyrmex_sp (min total patristic distance 0.000000); drop 0 duplicate(s).
Species Dorymyrmex_tener: non-monophyletic; retain Dorymyrmex_tener (min total patristic distance 0.000000); drop 0 duplicate(s).
Species Dorymyrmex_thoracicus: non-monophyletic; retain Dorymyrmex_thoracicus (min total patristic distance 0.000000); drop 0 duplicate(s).
Species Dorymyrmex_tx: non-monophyletic; retain Dorymyrmex_tx (min total patristic distance 0.000000); drop 0 duplicate(s).

┌──────────────────────────┐
│ Genus tip identification │
└──────────────────────────┘
Ingroup tips available after cleaning & de-duplication: 167
Genus monophyly: TRUE
Genus MRCA node: 204

┌─────────────────────┐
│ Retained genus tips │
└─────────────────────┘
  KEEP: Dorymyrmex_alw
  KEEP: Dorymyrmex_amazonicus
  KEEP: Dorymyrmex_amazonicus
  KEEP: Dorymyrmex_amazonicus
  KEEP: Dorymyrmex_antillanus
  KEEP: Dorymyrmex_antillanus
  KEEP: Dorymyrmex_antillanus
  KEEP: Dorymyrmex_antillanus
  KEEP: Dorymyrmex_antillanus
  KEEP: Dorymyrmex_ar
  KEEP: Dorymyrmex_ar
  KEEP: Dorymyrmex_ar
  KEEP: Dorymyrmex_ar
  KEEP: Dorymyrmex_az
  KEEP: Dorymyrmex_bc
  KEEP: Dorymyrmex_bc
  KEEP: Dorymyrmex_bc
  KEEP: Dorymyrmex_bc
  KEEP: Dorymyrmex_bicolor
  KEEP: Dorymyrmex_bicolor
  KEEP: Dorymyrmex_bicolor
  KEEP: Dorymyrmex_bicolor
  KEEP: Dorymyrmex_bicolor
  KEEP: Dorymyrmex_bicolor
  KEEP: Dorymyrmex_bicolor
  KEEP: Dorymyrmex_bicolor
  KEEP: Dorymyrmex_bicolor
  KEEP: Dorymyrmex_bicolor
  KEEP: Dorymyrmex_biconis
  KEEP: Dorymyrmex_biconis
  KEEP: Dorymyrmex_biconis
  KEEP: Dorymyrmex_biconis
  KEEP: Dorymyrmex_biconis
  KEEP: Dorymyrmex_biconis
  KEEP: Dorymyrmex_biconis
  KEEP: Dorymyrmex_br
  KEEP: Dorymyrmex_br
  KEEP: Dorymyrmex_breviscapis
  KEEP: Dorymyrmex_brunneus
  KEEP: Dorymyrmex_brunneus
  KEEP: Dorymyrmex_brunneus
  KEEP: Dorymyrmex_brunneus
  KEEP: Dorymyrmex_brunneus
  KEEP: Dorymyrmex_brunneus
  KEEP: Dorymyrmex_brunneus
  KEEP: Dorymyrmex_brunneus
  KEEP: Dorymyrmex_brunneus
  KEEP: Dorymyrmex_bureni
  KEEP: Dorymyrmex_bureni
  KEEP: Dorymyrmex_bureni
  KEEP: Dorymyrmex_bureni
  KEEP: Dorymyrmex_ca
  KEEP: Dorymyrmex_ca
  KEEP: Dorymyrmex_ca
  KEEP: Dorymyrmex_ca
  KEEP: Dorymyrmex_ce
  KEEP: Dorymyrmex_ce
  KEEP: Dorymyrmex_ce
  KEEP: Dorymyrmex_ce
  KEEP: Dorymyrmex_ce
  KEEP: Dorymyrmex_ebeninus
  KEEP: Dorymyrmex_elegans
  KEEP: Dorymyrmex_ensifer
  KEEP: Dorymyrmex_exsanguis
  KEEP: Dorymyrmex_exsanguis
  KEEP: Dorymyrmex_flavescens
  KEEP: Dorymyrmex_flavopectus
  KEEP: Dorymyrmex_goeldii
  KEEP: Dorymyrmex_goeldii
  KEEP: Dorymyrmex_goeldii
  KEEP: Dorymyrmex_goeldii
  KEEP: Dorymyrmex_goeldii
  KEEP: Dorymyrmex_goetschi
  KEEP: Dorymyrmex_goetschi
  KEEP: Dorymyrmex_goetschi
  KEEP: Dorymyrmex_hn
  KEEP: Dorymyrmex_hn
  KEEP: Dorymyrmex_hunti
  KEEP: Dorymyrmex_insanus
  KEEP: Dorymyrmex_insanus
  KEEP: Dorymyrmex_insanus
  KEEP: Dorymyrmex_insanus
  KEEP: Dorymyrmex_insanus
  KEEP: Dorymyrmex_insanus
  KEEP: Dorymyrmex_insanus
  KEEP: Dorymyrmex_jheringi
  KEEP: Dorymyrmex_jto
  KEEP: Dorymyrmex_jto
  KEEP: Dorymyrmex_jto
  KEEP: Dorymyrmex_jto
  KEEP: Dorymyrmex_jto
  KEEP: Dorymyrmex_jto
  KEEP: Dorymyrmex_mg
  KEEP: Dorymyrmex_mg
  KEEP: Dorymyrmex_mg
  KEEP: Dorymyrmex_mg
  KEEP: Dorymyrmex_mg
  KEEP: Dorymyrmex_mg
  KEEP: Dorymyrmex_mg
  KEEP: Dorymyrmex_morenoi
  KEEP: Dorymyrmex_ms
  KEEP: Dorymyrmex_ms
  KEEP: Dorymyrmex_ms
  KEEP: Dorymyrmex_mt
  KEEP: Dorymyrmex_mt
  KEEP: Dorymyrmex_mx
  KEEP: Dorymyrmex_paiute
  KEEP: Dorymyrmex_paiute
  KEEP: Dorymyrmex_paranensis
  KEEP: Dorymyrmex_paranensis
  KEEP: Dorymyrmex_paranensis
  KEEP: Dorymyrmex_paranensis
  KEEP: Dorymyrmex_paranensis
  KEEP: Dorymyrmex_paranensis
  KEEP: Dorymyrmex_paranensis
  KEEP: Dorymyrmex_pe
  KEEP: Dorymyrmex_planidens
  KEEP: Dorymyrmex_pr
  KEEP: Dorymyrmex_pr
  KEEP: Dorymyrmex_pr
  KEEP: Dorymyrmex_pr
  KEEP: Dorymyrmex_pr
  KEEP: Dorymyrmex_pr
  KEEP: Dorymyrmex_pr
  KEEP: Dorymyrmex_pr
  KEEP: Dorymyrmex_pr
  KEEP: Dorymyrmex_pr
  KEEP: Dorymyrmex_pr
  KEEP: Dorymyrmex_pr
  KEEP: Dorymyrmex_pr
  KEEP: Dorymyrmex_pyramicus
  KEEP: Dorymyrmex_pyramicus
  KEEP: Dorymyrmex_pyramicus
  KEEP: Dorymyrmex_pyramicus
  KEEP: Dorymyrmex_pyramicus
  KEEP: Dorymyrmex_pyramicus
  KEEP: Dorymyrmex_pyramicus
  KEEP: Dorymyrmex_pyramicus
  KEEP: Dorymyrmex_pyramicus
  KEEP: Dorymyrmex_pyramicus
  KEEP: Dorymyrmex_pyramicus
  KEEP: Dorymyrmex_reginicula
  KEEP: Dorymyrmex_richteri
  KEEP: Dorymyrmex_richteri
  KEEP: Dorymyrmex_smithi
  KEEP: Dorymyrmex_smithi
  KEEP: Dorymyrmex_sp
  KEEP: Dorymyrmex_sp
  KEEP: Dorymyrmex_sp
  KEEP: Dorymyrmex_spurius
  KEEP: Dorymyrmex_tener
  KEEP: Dorymyrmex_tener
  KEEP: Dorymyrmex_tener
  KEEP: Dorymyrmex_tener
  KEEP: Dorymyrmex_thoracicus
  KEEP: Dorymyrmex_thoracicus
  KEEP: Dorymyrmex_thoracicus
  KEEP: Dorymyrmex_thoracicus
  KEEP: Dorymyrmex_thoracicus
  KEEP: Dorymyrmex_thoracicus
  KEEP: Dorymyrmex_thoracicus
  KEEP: Dorymyrmex_tx
  KEEP: Dorymyrmex_tx
  KEEP: Dorymyrmex_tx
  KEEP: Dorymyrmex_tx
  KEEP: Dorymyrmex_ur
  KEEP: Dorymyrmex_wolffhuegeli
Total retained genus tips: 167

┌────────────────────┐
│ Outgroup selection │
└────────────────────┘
Selected outgroup: Forelius_damiani_D3046 (min distance 0.105997).

┌──────────┐
│ Output │
└──────────┘
Wrote tree: ./Dorymyrmex_with_outgroup.tre
Outgroup in output: Forelius_damiani_D3046
Genus tips in output: 49
