=== Genus extraction log: Belonopelta | 2026-04-12 19:04:32 ===

┌──────────┐
│ Settings │
└──────────┘
resolve_polytomies: FALSE
force_positive_lengths: FALSE
clean: genus_species
nonmono: prune_extras
outgroup: sister_one
seed: 42

┌──────────┐
│ Input │
└──────────┘
tips_in: 1170
Ingroup (genus=Belonopelta) identified: 5 tips
Genus monophyly: TRUE
Outgroup (sister_one): Thaumatomyrmex_mandibularis_EX2304_CASENT0649091 (min distance=0.125444)

┌──────────┐
│ Output │
└──────────┘
ingroup_out: 5
tips_out (final tree): 4
Wrote tree: /home/marek/ant-megatree/working_code/package/project/published/ponerinae/extracted_genera/Belonopelta/extract_Belonopelta_20260412-190432_with_outgroup.tre
Wrote renames TSV: /home/marek/ant-megatree/working_code/package/project/published/ponerinae/extracted_genera/Belonopelta/extract_Belonopelta_20260412-190432_renamed.tsv
