=== Genus extraction log: Neoponera | 2026-04-12 19:04:35 ===

┌──────────┐
│ Settings │
└──────────┘
resolve_polytomies: FALSE
force_positive_lengths: FALSE
clean: genus_species
nonmono: prune_extras
outgroup: sister_one
seed: 42

┌──────────┐
│ Input │
└──────────┘
tips_in: 1170
Ingroup (genus=Neoponera) identified: 82 tips
Genus monophyly: FALSE
Pruned non-genus tips inside MRCA (prune_extras).
Outgroup (sister_one): Platythyrea_arnoldi_D2118_CASENT0842276 (min distance=0.238651)

┌──────────┐
│ Output │
└──────────┘
ingroup_out: 58
tips_out (final tree): 59
Wrote tree: /home/marek/ant-megatree/working_code/package/project/published/ponerinae/extracted_genera/Neoponera/extract_Neoponera_20260412-190435_with_outgroup.tre
Wrote renames TSV: /home/marek/ant-megatree/working_code/package/project/published/ponerinae/extracted_genera/Neoponera/extract_Neoponera_20260412-190435_renamed.tsv
