=== Genus extraction log: Loboponera | 2026-04-12 19:04:35 ===

┌──────────┐
│ Settings │
└──────────┘
resolve_polytomies: FALSE
force_positive_lengths: FALSE
clean: genus_species
nonmono: prune_extras
outgroup: sister_one
seed: 42

┌──────────┐
│ Input │
└──────────┘
tips_in: 1170
Ingroup (genus=Loboponera) identified: 3 tips
Genus monophyly: FALSE
Pruned non-genus tips inside MRCA (prune_extras).
Outgroup (sister_one): Psalidomyrmex_reichenspergeri_EX2350_CASENT0639782 (min distance=0.098691)

┌──────────┐
│ Output │
└──────────┘
ingroup_out: 3
tips_out (final tree): 4
Wrote tree: /home/marek/ant-megatree/working_code/package/project/published/ponerinae/extracted_genera/Loboponera/extract_Loboponera_20260412-190435_with_outgroup.tre
Wrote renames TSV: /home/marek/ant-megatree/working_code/package/project/published/ponerinae/extracted_genera/Loboponera/extract_Loboponera_20260412-190435_renamed.tsv
