=== Genus extraction log: Mayaponera | 2026-04-12 19:04:35 ===

┌──────────┐
│ Settings │
└──────────┘
resolve_polytomies: FALSE
force_positive_lengths: FALSE
clean: genus_species
nonmono: prune_extras
outgroup: sister_one
seed: 42

┌──────────┐
│ Input │
└──────────┘
tips_in: 1170
Ingroup (genus=Mayaponera) identified: 5 tips
Genus monophyly: TRUE
Outgroup (sister_one): Neoponera_aenescens_EX2288_CASENT0649098 (min distance=0.091829)

┌──────────┐
│ Output │
└──────────┘
ingroup_out: 5
tips_out (final tree): 6
Wrote tree: /home/marek/ant-megatree/working_code/package/project/published/ponerinae/extracted_genera/Mayaponera/extract_Mayaponera_20260412-190435_with_outgroup.tre
Wrote renames TSV: /home/marek/ant-megatree/working_code/package/project/published/ponerinae/extracted_genera/Mayaponera/extract_Mayaponera_20260412-190435_renamed.tsv
