=== Genus extraction log: clade | 2026-04-04 17:30:38 ===

┌──────────┐
│ Settings │
└──────────┘
resolve_polytomies: TRUE
force_positive_lengths: TRUE
clean: none
nonmono: prune_extras
outgroup: sister_one
seed: 42

┌──────────┐
│ Input │
└──────────┘
tips_in: 29
Preprocess: polytomies=TRUE, positive_lengths=TRUE
Ingroup (MRCA of anchors) size: 23
Outgroup (sister_one): Pseudomyrmex_perboscii_D0116 (min distance=40.422970)

┌──────────┐
│ Output │
└──────────┘
ingroup_out: 23
tips_out (final tree): 24
Wrote tree: /home/marek/ant-megatree/working_code/package/project/published/pseudomyrmex/ward2017/extract_mrca_Pseudomyrmex_particeps_D1307-Pseudomyrmex_janzeni_D0620_20260404-173038_with_outgroup.tre
