=== Genus extraction log: Typhlomyrmex | 2026-04-12 19:00:53 ===

┌──────────┐
│ Settings │
└──────────┘
resolve_polytomies: FALSE
force_positive_lengths: FALSE
clean: genus_species
nonmono: prune_extras
outgroup: sister_one
seed: 42

┌──────────┐
│ Input │
└──────────┘
tips_in: 150
Ingroup (genus=Typhlomyrmex) identified: 5 tips
Genus monophyly: TRUE
Outgroup (sister_one): Gnamptogenys_volcano_EX1409 (min distance=0.093967)

┌──────────┐
│ Output │
└──────────┘
ingroup_out: 5
tips_out (final tree): 6
Wrote tree: /home/marek/ant-megatree/working_code/package/project/published/ectatomminae/extracted_genera/Typhlomyrmex/extract_Typhlomyrmex_20260412-190053_with_outgroup.tre
Wrote renames TSV: /home/marek/ant-megatree/working_code/package/project/published/ectatomminae/extracted_genera/Typhlomyrmex/extract_Typhlomyrmex_20260412-190053_renamed.tsv
