=== Genus extraction log: Lophomyrmex | 2026-04-12 19:05:27 ===

┌──────────┐
│ Settings │
└──────────┘
resolve_polytomies: FALSE
force_positive_lengths: FALSE
clean: genus_species
nonmono: prune_extras
outgroup: sister_one
seed: 42

┌──────────┐
│ Input │
└──────────┘
tips_in: 155
Ingroup (genus=Lophomyrmex) identified: 2 tips
Genus monophyly: TRUE
Outgroup (sister_one): Recurvidris_MM01 (min distance=124.687950)

┌──────────┐
│ Output │
└──────────┘
ingroup_out: 2
tips_out (final tree): 3
Wrote tree: /home/marek/ant-megatree/working_code/package/project/published/crematogastrini/blaimer2022/extracted_genera/Lophomyrmex/extract_Lophomyrmex_20260412-190527_with_outgroup.tre
Wrote renames TSV: /home/marek/ant-megatree/working_code/package/project/published/crematogastrini/blaimer2022/extracted_genera/Lophomyrmex/extract_Lophomyrmex_20260412-190527_renamed.tsv
