=== Genus extraction log: clade | 2026-04-18 15:14:51 ===

┌──────────┐
│ Settings │
└──────────┘
resolve_polytomies: TRUE
force_positive_lengths: TRUE
clean: none
nonmono: prune_extras
outgroup: sister_one
seed: 42

┌──────────┐
│ Input │
└──────────┘
tips_in: 1183
Preprocess: polytomies=TRUE, positive_lengths=TRUE
Ingroup (MRCA of anchors) size: 109
Outgroup (sister_one): Pheidole_fervens (min distance=136.547399)

┌──────────┐
│ Output │
└──────────┘
ingroup_out: 109
tips_out (final tree): 110
Wrote tree: /home/marek/ant-megatree/working_code/package/project/published/mami-madagascar/camacho2024/extract_mrca_Pheidole_diakritos-Pheidole_andapa_20260418-151451_with_outgroup.tre
