=== Genus extraction log: clade | 2026-04-04 14:16:56 ===

┌──────────┐
│ Settings │
└──────────┘
resolve_polytomies: TRUE
force_positive_lengths: TRUE
clean: none
nonmono: prune_extras
outgroup: sister_one
seed: 42

┌──────────┐
│ Input │
└──────────┘
tips_in: 276
Preprocess: polytomies=TRUE, positive_lengths=TRUE
Ingroup (MRCA of anchors) size: 208
Outgroup (sister_one): Acanthognathus_ocellatus_EX826 (min distance=1.373670)

┌──────────┐
│ Output │
└──────────┘
ingroup_out: 208
tips_out (final tree): 209
Wrote tree: /home/marek/ant-megatree/working_code/package/project/published/attini/schultz2024/extract_mrca_Mycocepurus_obsoletus_7308-Trachymyrmex_opulentus_8122_20260404-141656_with_outgroup.tre
