=== Genus extraction log: clade | 2026-04-04 13:34:21 ===

┌──────────┐
│ Settings │
└──────────┘
resolve_polytomies: TRUE
force_positive_lengths: TRUE
clean: none
nonmono: prune_extras
outgroup: sister_one
seed: 42

┌──────────┐
│ Input │
└──────────┘
tips_in: 132
Preprocess: polytomies=TRUE, positive_lengths=TRUE
Ingroup (MRCA of anchors) size: 124
Outgroup (sister_one): Recurvidris_TH01 (min distance=143.405720)

┌──────────┐
│ Output │
└──────────┘
ingroup_out: 124
tips_out (final tree): 125
Wrote tree: /home/marek/ant-megatree/working_code/package/project/published/crematogaster/blaimer2012/extract_mrca_Crematogaster_emeryi-Crematogaster_hova_complex_20260404-133421_with_outgroup.tre
