=== Genus extraction log: Nylanderia | 2025-10-30 14:36:03 ===

┌────────────────────┐
│ Preprocessing tree │
└────────────────────┘
Polytomies resolved randomly; zero/NA edge lengths set to small positive values.

┌───────────────────────────────────────────┐
│ Ingroup label cleaning (focal genus only) │
└───────────────────────────────────────────┘
Detected 129 ingroup tip(s) in raw tree.
Kept 129 ingroup tip(s) after cleaning (raw → canonical):
  KEEP: Nylanderia_ems01_M25 → Nylanderia_ems
  KEEP: Nylanderia_sp8_Ny230 → Nylanderia_sp
  KEEP: Nylanderia_nuggeti_Ny209 → Nylanderia_nuggeti
  KEEP: Nylanderia_sp1_Ny220 → Nylanderia_sp
  KEEP: Nylanderia_sp11_Ny222 → Nylanderia_sp
  KEEP: Nylanderia_sp9_Ny231 → Nylanderia_sp
  KEEP: Nylanderia_sp1_Vanuatu_Ny233 → Nylanderia_sp
  KEEP: Nylanderia_sp5_Ny227 → Nylanderia_sp
  KEEP: Nylanderia_picta_M35 → Nylanderia_picta
  KEEP: Nylanderia_flavipes_Ny137 → Nylanderia_flavipes
  KEEP: Nylanderia_flavipes_Ny107 → Nylanderia_flavipes
  KEEP: Nylanderia_flavipes_M53 → Nylanderia_flavipes
  KEEP: Nylanderia_emmae_SRR2184179 → Nylanderia_emmae
  KEEP: Nylanderia_hystrix_SRR2184159 → Nylanderia_hystrix
  KEEP: Nylanderia_terricola_M37 → Nylanderia_terricola
  KEEP: Nylanderia_faisonensis_M27 → Nylanderia_faisonensis
  KEEP: Nylanderia_arenivaga_M18 → Nylanderia_arenivaga
  KEEP: Nylanderia_wojciki_M39 → Nylanderia_wojciki
  KEEP: Nylanderia_parvula_M21 → Nylanderia_parvula
  KEEP: Nylanderia_parvula_M34 → Nylanderia_parvula
  KEEP: Nylanderia_sp12_Ny223 → Nylanderia_sp
  KEEP: Nylanderia_sp_06_M22 → Nylanderia_sp
  KEEP: Nylanderia_boltoni_M19 → Nylanderia_boltoni
  KEEP: Nylanderia_natalensis_M32 → Nylanderia_natalensis
  KEEP: Nylanderia_natalensis_M31 → Nylanderia_natalensis
  KEEP: Nylanderia_natalensis_M29 → Nylanderia_natalensis
  KEEP: Nylanderia_natalensis_M30 → Nylanderia_natalensis
  KEEP: Nylanderia_usambarica_M38 → Nylanderia_usambarica
  KEEP: Nylanderia_jaegerskioeldi_M36 → Nylanderia_jaegerskioeldi
  KEEP: Nylanderia_jaegerskioeldi_M57 → Nylanderia_jaegerskioeldi
  KEEP: Nylanderia_jaegerskioeldi_M59 → Nylanderia_jaegerskioeldi
  KEEP: Nylanderia_jaegerskioeldi_M61 → Nylanderia_jaegerskioeldi
  KEEP: Nylanderia_jaegerskioeldi_M62 → Nylanderia_jaegerskioeldi
  KEEP: Nylanderia_dodo_SRR2184158 → Nylanderia_dodo
  KEEP: Nylanderia_sp_07_M60 → Nylanderia_sp
  KEEP: Nylanderia_sp_M23 → Nylanderia_sp
  KEEP: Nylanderia_sp6_Ny228 → Nylanderia_sp
  KEEP: Nylanderia_sp_02_M69 → Nylanderia_sp
  KEEP: Nylanderia_bourbonica_Ny121 → Nylanderia_bourbonica
  KEEP: Nylanderia_sp2_Ny224 → Nylanderia_sp
  KEEP: Nylanderia_glabrior_Ny207 → Nylanderia_glabrior
  KEEP: Nylanderia_glabrior_Ny206 → Nylanderia_glabrior
  KEEP: Nylanderia_glabrior_Ny208 → Nylanderia_glabrior
  KEEP: Nylanderia_sp_Ny174 → Nylanderia_sp
  KEEP: Nylanderia_sp_01_M68 → Nylanderia_sp
  KEEP: Nylanderia_sp_03_M70 → Nylanderia_sp
  KEEP: Nylanderia_sp3_Ny225 → Nylanderia_sp
  KEEP: Nylanderia_cf_glabrior_M48 → Nylanderia_glabrior
  KEEP: Nylanderia_cf_vitiensis_M52 → Nylanderia_vitiensis
  KEEP: Nylanderia_sp_Ny189 → Nylanderia_sp
  KEEP: Nylanderia_cf_vitiensis_M51 → Nylanderia_vitiensis
  KEEP: Nylanderia_sp_05_M75 → Nylanderia_sp
  KEEP: Nylanderia_sp_05_M45 → Nylanderia_sp
  KEEP: Nylanderia_sp_05_M46 → Nylanderia_sp
  KEEP: Nylanderia_sp_05_M20 → Nylanderia_sp
  KEEP: Nylanderia_sp_05_M43 → Nylanderia_sp
  KEEP: Nylanderia_sp_05_M44 → Nylanderia_sp
  KEEP: Nylanderia_obscura_Ny216 → Nylanderia_obscura
  KEEP: Nylanderia_sp10_Ny221 → Nylanderia_sp
  KEEP: Nylanderia_vaga_M50 → Nylanderia_vaga
  KEEP: Nylanderia_cf_vaga_Ny204 → Nylanderia_vaga
  KEEP: Nylanderia_vaga_M65 → Nylanderia_vaga
  KEEP: Nylanderia_bourbonica_M66 → Nylanderia_bourbonica
  KEEP: Nylanderia_bourbonica_Ny200 → Nylanderia_bourbonica
  KEEP: Nylanderia_bourbonica_M24 → Nylanderia_bourbonica
  KEEP: Nylanderia_cf_bourbonica_Ny165 → Nylanderia_bourbonica
  KEEP: Nylanderia_bourbonica_Ny201 → Nylanderia_bourbonica
  KEEP: Nylanderia_bourbonica_Ny203 → Nylanderia_bourbonica
  KEEP: Nylanderia_bourbonica_M40 → Nylanderia_bourbonica
  KEEP: Nylanderia_bourbonica_M77 → Nylanderia_bourbonica
  KEEP: Nylanderia_bourbonica_M41 → Nylanderia_bourbonica
  KEEP: Nylanderia_bourbonica_M81 → Nylanderia_bourbonica
  KEEP: Nylanderia_bourbonica_M83 → Nylanderia_bourbonica
  KEEP: Nylanderia_bourbonica_M82 → Nylanderia_bourbonica
  KEEP: Nylanderia_bourbonica_M42 → Nylanderia_bourbonica
  KEEP: Nylanderia_bourbonica_M84 → Nylanderia_bourbonica
  KEEP: Nylanderia_microps_M14 → Nylanderia_microps
  KEEP: Nylanderia_semitincta_M17 → Nylanderia_semitincta
  KEEP: Nylanderia_semitincta_M91 → Nylanderia_semitincta
  KEEP: Nylanderia_caerula_M06 → Nylanderia_caerula
  KEEP: Nylanderia_fuscaspecula_M10 → Nylanderia_fuscaspecula
  KEEP: Nylanderia_disatra_M07 → Nylanderia_disatra
  KEEP: Nylanderia_disatra_M08 → Nylanderia_disatra
  KEEP: Nylanderia_cf_guatemalensis_Ny167 → Nylanderia_guatemalensis
  KEEP: Nylanderia_sp_Ny194 → Nylanderia_sp
  KEEP: Nylanderia_sp_M85 → Nylanderia_sp
  KEEP: Nylanderia_cf_fulva_Ny124 → Nylanderia_fulva
  KEEP: Nylanderia_lucayana_M89 → Nylanderia_lucayana
  KEEP: Nylanderia_cf_fulva_Ny123 → Nylanderia_fulva
  KEEP: Nylanderia_lucayana_M88 → Nylanderia_lucayana
  KEEP: Nylanderia_metacista_M13 → Nylanderia_metacista
  KEEP: Nylanderia_bibadia_M11 → Nylanderia_bibadia
  KEEP: Nylanderia_bibadia_M01 → Nylanderia_bibadia
  KEEP: Nylanderia_bibadia_M12 → Nylanderia_bibadia
  KEEP: Nylanderia_pini_M15 → Nylanderia_pini
  KEEP: Nylanderia_pini_M16 → Nylanderia_pini
  KEEP: Nylanderia_esperanza_M09 → Nylanderia_esperanza
  KEEP: Nylanderia_caerula_M05 → Nylanderia_caerula
  KEEP: Nylanderia_caerula_M02 → Nylanderia_caerula
  KEEP: Nylanderia_caerula_M03 → Nylanderia_caerula
  KEEP: Nylanderia_caerula_M04 → Nylanderia_caerula
  KEEP: Nylanderia_myops_M106 → Nylanderia_myops
  KEEP: Nylanderia_cf_steinheili_M102 → Nylanderia_steinheili
  KEEP: Nylanderia_coveri_M90 → Nylanderia_coveri
  KEEP: Nylanderia_steinheili_M56 → Nylanderia_steinheili
  KEEP: Nylanderia_sp_M101 → Nylanderia_sp
  KEEP: Nylanderia_steinheili_M100 → Nylanderia_steinheili
  KEEP: Nylanderia_steinheili_M64 → Nylanderia_steinheili
  KEEP: Nylanderia_steinheili_M105 → Nylanderia_steinheili
  KEEP: Nylanderia_sp_M95 → Nylanderia_sp
  KEEP: Nylanderia_sp_Ny193 → Nylanderia_sp
  KEEP: Nylanderia_cf_fulva_M58 → Nylanderia_fulva
  KEEP: Nylanderia_pubens_M87 → Nylanderia_pubens
  KEEP: Nylanderia_cf_fulva_M86 → Nylanderia_fulva
  KEEP: Nylanderia_fulva_Ny191 → Nylanderia_fulva
  KEEP: Nylanderia_fulva_M55 → Nylanderia_fulva
  KEEP: Nylanderia_fulva_M67 → Nylanderia_fulva
  KEEP: Nylanderia_fulva_M54 → Nylanderia_fulva
  KEEP: Nylanderia_fulva_M74 → Nylanderia_fulva
  KEEP: Nylanderia_sp_Ny188 → Nylanderia_sp
  KEEP: Nylanderia_guatemalensis_M92 → Nylanderia_guatemalensis
  KEEP: Nylanderia_guatemalensis_M93 → Nylanderia_guatemalensis
  KEEP: Nylanderia_guatemalensis_M98 → Nylanderia_guatemalensis
  KEEP: Nylanderia_guatemalensis_M99 → Nylanderia_guatemalensis
  KEEP: Nylanderia_guatemalensis_M104 → Nylanderia_guatemalensis
  KEEP: Nylanderia_guatemalensis_M103 → Nylanderia_guatemalensis
  KEEP: Nylanderia_guatemalensis_M94 → Nylanderia_guatemalensis
  KEEP: Nylanderia_guatemalensis_M96 → Nylanderia_guatemalensis
  KEEP: Nylanderia_guatemalensis_M97 → Nylanderia_guatemalensis
Non-target genera were not modified or dropped at this step.

┌──────────────────────────────────┐
│ Species de-duplication (ingroup) │
└──────────────────────────────────┘
Detected 18 ingroup species with duplicate tips.
Species Nylanderia_bibadia: monophyletic; retain Nylanderia_bibadia (min crown depth -0.000532); drop 0 duplicate(s).
Species Nylanderia_bourbonica: non-monophyletic; retain Nylanderia_bourbonica (min total patristic distance 0.000000); drop 0 duplicate(s).
Species Nylanderia_caerula: non-monophyletic; retain Nylanderia_caerula (min total patristic distance 0.000000); drop 0 duplicate(s).
Species Nylanderia_disatra: monophyletic; retain Nylanderia_disatra (min crown depth -0.000243); drop 0 duplicate(s).
Species Nylanderia_flavipes: monophyletic; retain Nylanderia_flavipes (min crown depth -0.014632); drop 0 duplicate(s).
Species Nylanderia_fulva: non-monophyletic; retain Nylanderia_fulva (min total patristic distance 0.000000); drop 0 duplicate(s).
Species Nylanderia_glabrior: non-monophyletic; retain Nylanderia_glabrior (min total patristic distance 0.000000); drop 0 duplicate(s).
Species Nylanderia_guatemalensis: non-monophyletic; retain Nylanderia_guatemalensis (min total patristic distance 0.000000); drop 0 duplicate(s).
Species Nylanderia_jaegerskioeldi: monophyletic; retain Nylanderia_jaegerskioeldi (min crown depth -0.006619); drop 0 duplicate(s).
Species Nylanderia_lucayana: non-monophyletic; retain Nylanderia_lucayana (min total patristic distance 0.000000); drop 0 duplicate(s).
Species Nylanderia_natalensis: monophyletic; retain Nylanderia_natalensis (min crown depth -0.002823); drop 0 duplicate(s).
Species Nylanderia_parvula: monophyletic; retain Nylanderia_parvula (min crown depth -0.002367); drop 0 duplicate(s).
Species Nylanderia_pini: monophyletic; retain Nylanderia_pini (min crown depth -0.000643); drop 0 duplicate(s).
Species Nylanderia_semitincta: monophyletic; retain Nylanderia_semitincta (min crown depth -0.000570); drop 0 duplicate(s).
Species Nylanderia_sp: non-monophyletic; retain Nylanderia_sp (min total patristic distance 0.000000); drop 0 duplicate(s).
Species Nylanderia_steinheili: non-monophyletic; retain Nylanderia_steinheili (min total patristic distance 0.000000); drop 0 duplicate(s).
Species Nylanderia_vaga: monophyletic; retain Nylanderia_vaga (min crown depth -0.001415); drop 0 duplicate(s).
Species Nylanderia_vitiensis: non-monophyletic; retain Nylanderia_vitiensis (min total patristic distance 0.000000); drop 0 duplicate(s).

┌──────────────────────────┐
│ Genus tip identification │
└──────────────────────────┘
Ingroup tips available after cleaning & de-duplication: 164
Genus monophyly: TRUE
Genus MRCA node: 167

┌─────────────────────┐
│ Retained genus tips │
└─────────────────────┘
  KEEP: Nylanderia_arenivaga
  KEEP: Nylanderia_Arg1_Ny113
  KEEP: Nylanderia_Aus1_Ny114
  KEEP: Nylanderia_Aus2_Ny115
  KEEP: Nylanderia_Aus3_Ny116
  KEEP: Nylanderia_Aus3_Ny182
  KEEP: Nylanderia_bibadia
  KEEP: Nylanderia_bibadia
  KEEP: Nylanderia_bibadia
  KEEP: Nylanderia_boltoni
  KEEP: Nylanderia_bourbonica
  KEEP: Nylanderia_bourbonica
  KEEP: Nylanderia_bourbonica
  KEEP: Nylanderia_bourbonica
  KEEP: Nylanderia_bourbonica
  KEEP: Nylanderia_bourbonica
  KEEP: Nylanderia_bourbonica
  KEEP: Nylanderia_bourbonica
  KEEP: Nylanderia_bourbonica
  KEEP: Nylanderia_bourbonica
  KEEP: Nylanderia_bourbonica
  KEEP: Nylanderia_bourbonica
  KEEP: Nylanderia_bourbonica
  KEEP: Nylanderia_bourbonica
  KEEP: Nylanderia_bourbonica
  KEEP: Nylanderia_Bra1_Ny122
  KEEP: Nylanderia_caerula
  KEEP: Nylanderia_caerula
  KEEP: Nylanderia_caerula
  KEEP: Nylanderia_caerula
  KEEP: Nylanderia_caerula
  KEEP: Nylanderia_Col1_Ny127
  KEEP: Nylanderia_Col2_Ny128
  KEEP: Nylanderia_coveri
  KEEP: Nylanderia_CR1_Ny129
  KEEP: Nylanderia_CR2_Ny130
  KEEP: Nylanderia_Cub1_Ny131
  KEEP: Nylanderia_disatra
  KEEP: Nylanderia_disatra
  KEEP: Nylanderia_dodo
  KEEP: Nylanderia_Ecu2_Ny133
  KEEP: Nylanderia_emmae
  KEEP: Nylanderia_ems
  KEEP: Nylanderia_esperanza
  KEEP: Nylanderia_faisonensis
  KEEP: Nylanderia_FG1_Ny108
  KEEP: Nylanderia_FG2_Ny109
  KEEP: Nylanderia_FG3_Ny111
  KEEP: Nylanderia_FG4_Ny110
  KEEP: Nylanderia_FG5_Ny112
  KEEP: Nylanderia_FG5_Ny187
  KEEP: Nylanderia_Fij1_Ny135
  KEEP: Nylanderia_Fij2_Ny136
  KEEP: Nylanderia_flavipes
  KEEP: Nylanderia_flavipes
  KEEP: Nylanderia_flavipes
  KEEP: Nylanderia_fulva
  KEEP: Nylanderia_fulva
  KEEP: Nylanderia_fulva
  KEEP: Nylanderia_fulva
  KEEP: Nylanderia_fulva
  KEEP: Nylanderia_fulva
  KEEP: Nylanderia_fulva
  KEEP: Nylanderia_fulva
  KEEP: Nylanderia_fulva
  KEEP: Nylanderia_fuscaspecula
  KEEP: Nylanderia_glabrior
  KEEP: Nylanderia_glabrior
  KEEP: Nylanderia_glabrior
  KEEP: Nylanderia_glabrior
  KEEP: Nylanderia_guatemalensis
  KEEP: Nylanderia_guatemalensis
  KEEP: Nylanderia_guatemalensis
  KEEP: Nylanderia_guatemalensis
  KEEP: Nylanderia_guatemalensis
  KEEP: Nylanderia_guatemalensis
  KEEP: Nylanderia_guatemalensis
  KEEP: Nylanderia_guatemalensis
  KEEP: Nylanderia_guatemalensis
  KEEP: Nylanderia_guatemalensis
  KEEP: Nylanderia_hystrix
  KEEP: Nylanderia_jaegerskioeldi
  KEEP: Nylanderia_jaegerskioeldi
  KEEP: Nylanderia_jaegerskioeldi
  KEEP: Nylanderia_jaegerskioeldi
  KEEP: Nylanderia_jaegerskioeldi
  KEEP: Nylanderia_lucayana
  KEEP: Nylanderia_lucayana
  KEEP: Nylanderia_Mal1_Ny145
  KEEP: Nylanderia_Mal1_Ny185
  KEEP: Nylanderia_Mal2_Ny146
  KEEP: Nylanderia_Mal3_Ny147
  KEEP: Nylanderia_Mal4_Ny148
  KEEP: Nylanderia_Mal5_Ny149
  KEEP: Nylanderia_Mal6_Ny150
  KEEP: Nylanderia_metacista
  KEEP: Nylanderia_Mex1_Ny151
  KEEP: Nylanderia_MG01_M28
  KEEP: Nylanderia_MG01_SRR2184160
  KEEP: Nylanderia_microps
  KEEP: Nylanderia_myops
  KEEP: Nylanderia_natalensis
  KEEP: Nylanderia_natalensis
  KEEP: Nylanderia_natalensis
  KEEP: Nylanderia_natalensis
  KEEP: Nylanderia_nuggeti
  KEEP: Nylanderia_obscura
  KEEP: Nylanderia_parvula
  KEEP: Nylanderia_parvula
  KEEP: Nylanderia_Per1_Ny153
  KEEP: Nylanderia_Per2_Ny154
  KEEP: Nylanderia_Per3_Ny155
  KEEP: Nylanderia_picta
  KEEP: Nylanderia_pini
  KEEP: Nylanderia_pini
  KEEP: Nylanderia_pubens
  KEEP: Nylanderia_semitincta
  KEEP: Nylanderia_semitincta
  KEEP: Nylanderia_sp
  KEEP: Nylanderia_sp
  KEEP: Nylanderia_sp
  KEEP: Nylanderia_sp
  KEEP: Nylanderia_sp
  KEEP: Nylanderia_sp
  KEEP: Nylanderia_sp
  KEEP: Nylanderia_sp
  KEEP: Nylanderia_sp
  KEEP: Nylanderia_sp
  KEEP: Nylanderia_sp
  KEEP: Nylanderia_sp
  KEEP: Nylanderia_sp
  KEEP: Nylanderia_sp
  KEEP: Nylanderia_sp
  KEEP: Nylanderia_sp
  KEEP: Nylanderia_sp
  KEEP: Nylanderia_sp
  KEEP: Nylanderia_sp
  KEEP: Nylanderia_sp
  KEEP: Nylanderia_sp
  KEEP: Nylanderia_sp
  KEEP: Nylanderia_sp
  KEEP: Nylanderia_sp
  KEEP: Nylanderia_sp
  KEEP: Nylanderia_sp
  KEEP: Nylanderia_sp
  KEEP: Nylanderia_sp
  KEEP: Nylanderia_sp
  KEEP: Nylanderia_sp
  KEEP: Nylanderia_sp
  KEEP: Nylanderia_steinheili
  KEEP: Nylanderia_steinheili
  KEEP: Nylanderia_steinheili
  KEEP: Nylanderia_steinheili
  KEEP: Nylanderia_steinheili
  KEEP: Nylanderia_terricola
  KEEP: Nylanderia_usambarica
  KEEP: Nylanderia_vaga
  KEEP: Nylanderia_vaga
  KEEP: Nylanderia_vaga
  KEEP: Nylanderia_Ven3_Ny160
  KEEP: Nylanderia_Ven4_Ny161
  KEEP: Nylanderia_vitiensis
  KEEP: Nylanderia_vitiensis
  KEEP: Nylanderia_wojciki
Total retained genus tips: 164

┌────────────────────┐
│ Outgroup selection │
└────────────────────┘
Selected outgroup: Paratrechina_longicornis_Ny072 (only candidate).

┌──────────┐
│ Output │
└──────────┘
Wrote tree: ./Nylanderia_with_outgroup.tre
Outgroup in output: Paratrechina_longicornis_Ny072
Genus tips in output: 74
