=== Genus extraction log: Eutetramorium | 2026-04-20 14:42:51 ===

┌──────────┐
│ Settings │
└──────────┘
resolve_polytomies: TRUE
force_positive_lengths: TRUE
clean: genus_species
nonmono: prune_extras
outgroup: sister_one
seed: 42

┌──────────┐
│ Input │
└──────────┘
tips_in: 1183
Preprocess: polytomies=TRUE, positive_lengths=TRUE
Ingroup (genus=Eutetramorium) identified: 3 tips
Genus monophyly: TRUE
Outgroup (sister_one): Vitsika_labes (min distance=40.953448)

┌──────────┐
│ Output │
└──────────┘
ingroup_out: 3
tips_out (final tree): 4
Wrote tree: /home/marek/ant-megatree/working_code/package/project/published/mami-madagascar/camacho2024/extract_Eutetramorium_20260420-144251_with_outgroup.tre
Wrote renames TSV: /home/marek/ant-megatree/working_code/package/project/published/mami-madagascar/camacho2024/extract_Eutetramorium_20260420-144251_renamed.tsv
