=== Genus extraction log: Linepithema | 2026-04-11 11:53:29 ===

┌──────────┐
│ Settings │
└──────────┘
resolve_polytomies: FALSE
force_positive_lengths: FALSE
clean: genus_species
nonmono: prune_extras
outgroup: sister_one
seed: 42

┌──────────┐
│ Input │
└──────────┘
tips_in: 1435
Ingroup (genus=Linepithema) identified: 14 tips
Genus monophyly: TRUE
Outgroup (sister_one): Iridomyrmex_sanguineus (min distance=118.253768)

┌──────────┐
│ Output │
└──────────┘
ingroup_out: 14
tips_out (final tree): 15
Wrote tree: /home/marek/ant-megatree/working_code/package/project/published/formicidae/nelsen2023/extracted_genera/Linepithema/extract_Linepithema_20260411-115329_with_outgroup.tre
Wrote renames TSV: /home/marek/ant-megatree/working_code/package/project/published/formicidae/nelsen2023/extracted_genera/Linepithema/extract_Linepithema_20260411-115329_renamed.tsv
