=== Genus extraction log: clade | 2026-04-11 12:04:41 ===

┌──────────┐
│ Settings │
└──────────┘
resolve_polytomies: TRUE
force_positive_lengths: TRUE
clean: none
nonmono: prune_extras
outgroup: sister_one
seed: 42

┌──────────┐
│ Input │
└──────────┘
tips_in: 1435
Preprocess: polytomies=TRUE, positive_lengths=TRUE
Ingroup (MRCA of anchors) size: 30
Outgroup (sister_one): Apomyrma_stygia (min distance=226.240370)

┌──────────┐
│ Output │
└──────────┘
ingroup_out: 30
tips_out (final tree): 31
Wrote tree: /home/marek/ant-megatree/working_code/package/project/published/formicidae/nelsen2023/extract_mrca_Onychomyrmex_hedleyi-Mystrium_mirror_20260411-120441_with_outgroup.tre
