=== Genus extraction log: Neivamyrmex | 2026-04-10 12:46:21 ===

┌──────────┐
│ Settings │
└──────────┘
resolve_polytomies: FALSE
force_positive_lengths: FALSE
clean: genus_species
nonmono: prune_extras
outgroup: sister_one
seed: 42

┌──────────┐
│ Input │
└──────────┘
tips_in: 154
Ingroup (genus=Neivamyrmex) identified: 16 tips
Genus monophyly: TRUE
Outgroup (sister_one): Cheliomyrmex_cf_andicola_M174 (min distance=55.006263)

┌──────────┐
│ Output │
└──────────┘
ingroup_out: 16
tips_out (final tree): 17
Wrote tree: /home/marek/ant-megatree/working_code/package/project/published/dorylinae/extracted_genera/Neivamyrmex/extract_Neivamyrmex_20260410-124621_with_outgroup.tre
Wrote renames TSV: /home/marek/ant-megatree/working_code/package/project/published/dorylinae/extracted_genera/Neivamyrmex/extract_Neivamyrmex_20260410-124621_renamed.tsv
