=== Genus extraction log: Austroponera | 2026-04-12 19:04:32 ===

┌──────────┐
│ Settings │
└──────────┘
resolve_polytomies: FALSE
force_positive_lengths: FALSE
clean: genus_species
nonmono: prune_extras
outgroup: sister_one
seed: 42

┌──────────┐
│ Input │
└──────────┘
tips_in: 1170
Ingroup (genus=Austroponera) identified: 2 tips
Genus monophyly: FALSE
Pruned non-genus tips inside MRCA (prune_extras).
Outgroup (sister_one): Pseudoponera_gilloglyi_EX2262_CASENT0648531 (min distance=0.101908)

┌──────────┐
│ Output │
└──────────┘
ingroup_out: 2
tips_out (final tree): 3
Wrote tree: /home/marek/ant-megatree/working_code/package/project/published/ponerinae/extracted_genera/Austroponera/extract_Austroponera_20260412-190432_with_outgroup.tre
Wrote renames TSV: /home/marek/ant-megatree/working_code/package/project/published/ponerinae/extracted_genera/Austroponera/extract_Austroponera_20260412-190432_renamed.tsv
