Traceback (most recent call last):
  File "/home/marek/new-ant-megatree/macro-phylo-maker-project/project/results/grafted/temp/fsub_Groupe_1/chronosta.py", line 232, in <module>
    partial_mats, tips = read_trees()
                         ~~~~~~~~~~^^
  File "/home/marek/new-ant-megatree/macro-phylo-maker-project/project/results/grafted/temp/fsub_Groupe_1/chronosta.py", line 63, in read_trees
    pairs = {(a.name, b.name): t.distance(a, b)
                               ~~~~~~~~~~^^^^^^
  File "/home/marek/anaconda3/lib/python3.13/site-packages/Bio/Phylo/BaseTree.py", line 497, in distance
    return mrca.distance(target1) + mrca.distance(target2)
           ~~~~~~~~~~~~~^^^^^^^^^
  File "/home/marek/anaconda3/lib/python3.13/site-packages/Bio/Phylo/BaseTree.py", line 493, in distance
    for n in self.get_path(target1)
             ~~~~~~~~~~~~~^^^^^^^^^
  File "/home/marek/anaconda3/lib/python3.13/site-packages/Bio/Phylo/BaseTree.py", line 402, in get_path
    if not check_in_path(self.root):
           ~~~~~~~~~~~~~^^^^^^^^^^^
  File "/home/marek/anaconda3/lib/python3.13/site-packages/Bio/Phylo/BaseTree.py", line 397, in check_in_path
    if check_in_path(child):
       ~~~~~~~~~~~~~^^^^^^^
  File "/home/marek/anaconda3/lib/python3.13/site-packages/Bio/Phylo/BaseTree.py", line 397, in check_in_path
    if check_in_path(child):
       ~~~~~~~~~~~~~^^^^^^^
  File "/home/marek/anaconda3/lib/python3.13/site-packages/Bio/Phylo/BaseTree.py", line 397, in check_in_path
    if check_in_path(child):
       ~~~~~~~~~~~~~^^^^^^^
  [Previous line repeated 7 more times]
  File "/home/marek/anaconda3/lib/python3.13/site-packages/Bio/Phylo/BaseTree.py", line 396, in check_in_path
    for child in v:
                 ^
  File "/home/marek/anaconda3/lib/python3.13/site-packages/Bio/Phylo/BaseTree.py", line 1070, in __iter__
    return iter(self.clades)
KeyboardInterrupt
