=== Genus extraction log: Emeryopone | 2026-04-12 19:04:33 ===

┌──────────┐
│ Settings │
└──────────┘
resolve_polytomies: FALSE
force_positive_lengths: FALSE
clean: genus_species
nonmono: prune_extras
outgroup: sister_one
seed: 42

┌──────────┐
│ Input │
└──────────┘
tips_in: 1170
Ingroup (genus=Emeryopone) identified: 3 tips
Genus monophyly: TRUE
Outgroup (sister_one): Austroponera_castanea_EX2322_CASENT0618835 (min distance=0.120181)

┌──────────┐
│ Output │
└──────────┘
ingroup_out: 3
tips_out (final tree): 4
Wrote tree: /home/marek/ant-megatree/working_code/package/project/published/ponerinae/extracted_genera/Emeryopone/extract_Emeryopone_20260412-190433_with_outgroup.tre
Wrote renames TSV: /home/marek/ant-megatree/working_code/package/project/published/ponerinae/extracted_genera/Emeryopone/extract_Emeryopone_20260412-190433_renamed.tsv
