=== Genus extraction log: clade | 2026-04-04 18:11:41 ===

┌──────────┐
│ Settings │
└──────────┘
resolve_polytomies: TRUE
force_positive_lengths: TRUE
clean: none
nonmono: prune_extras
outgroup: sister_one
seed: 42

┌──────────┐
│ Input │
└──────────┘
tips_in: 158
Preprocess: polytomies=TRUE, positive_lengths=TRUE
Ingroup (MRCA of anchors) size: 150
Outgroup (sister_one): Iberoformica_subrufa_D1135 (min distance=0.590456)

┌──────────┐
│ Output │
└──────────┘
ingroup_out: 150
tips_out (final tree): 151
Wrote tree: /home/marek/ant-megatree/working_code/package/project/published/formica/borowiec2021/extract_mrca_Formica_gagates_F0120-Formica_nevadensis_F0079_20260404-181141_with_outgroup.tre
