=== Genus grafting log: CladeGraft | 2026-04-10 19:48:52 ===

┌───────────┐
│ load plan │
└───────────┘
Plan rows: 47

┌──────────────────────────────┐
│ assemble donors & placements │
└──────────────────────────────┘
Row 1: Input_tree_type = phylogram
Row 2: Input_tree_type = phylogram
Row 3: Input_tree_type = chronogram
Row 4: Input_tree_type = chronogram
Row 5: Input_tree_type = chronogram
Row 6: Input_tree_type = chronogram
Row 7: Input_tree_type = chronogram
Row 8: Input_tree_type = chronogram
Row 9: Input_tree_type = chronogram
Row 10: Input_tree_type = chronogram
Row 11: Input_tree_type = chronogram
Row 12: Input_tree_type = phylogram
Row 13: Input_tree_type = phylogram
Row 14: Input_tree_type = chronogram
Row 15: Input_tree_type = chronogram
Row 16: Input_tree_type = chronogram
Row 17: Input_tree_type = chronogram
Row 18: Input_tree_type = chronogram
Row 19: Input_tree_type = chronogram
Row 20: Input_tree_type = phylogram
Row 21: Input_tree_type = chronogram
Row 22: Input_tree_type = chronogram
Row 23: Input_tree_type = chronogram
Row 24: Input_tree_type = phylogram
Row 25: Input_tree_type = chronogram
Row 26: Input_tree_type = phylogram
Row 27: Input_tree_type = chronogram
Row 28: Input_tree_type = chronogram
Row 29: Input_tree_type = chronogram
Row 30: Input_tree_type = phylogram
[skip row 30] Missing MRCA or file path
Row 31: Input_tree_type = phylogram
[skip row 31] Missing MRCA or file path
Row 32: Input_tree_type = phylogram
[skip row 32] Missing MRCA or file path
Row 33: Input_tree_type = chronogram
Row 34: Input_tree_type = phylogram
Row 35: Input_tree_type = chronogram
Row 36: Input_tree_type = chronogram
Row 37: Input_tree_type = chronogram
Row 38: Input_tree_type = chronogram
Row 39: Input_tree_type = phylogram
[skip row 39] Missing MRCA or file path
Row 40: Input_tree_type = chronogram
Row 41: Input_tree_type = chronogram
Row 42: Input_tree_type = phylogram
[skip row 42] Missing MRCA or file path
Row 43: Input_tree_type = phylogram
[skip row 43] Missing MRCA or file path
Row 44: Input_tree_type = phylogram
[skip row 44] Missing MRCA or file path
Row 45: Input_tree_type = chronogram
[skip row 45] Missing MRCA or file path
Row 46: Input_tree_type = phylogram
[skip row 46] Missing MRCA or file path
Row 47: Input_tree_type = chronogram
Donors ready: 38 (skipped: 9)

┌────────────────┐
│ load backbones │
└────────────────┘
Backbones: 1

┌───────────────────┐
│ graft many clades │
└───────────────────┘
Reusing cached donor template: /home/marek/ant-megatree/working_code/package/project/published/ponerinae/extract_mrca_Anochetus_afr01_EX2929_CASENT0845774-Platythyrea_arnoldi_D2118_CASENT0842276_20260311-154558_with_outgroup.template.rds
Reusing cached donor template: /home/marek/ant-megatree/working_code/package/project/published/crematogastrini/blaimer2022/extract_mrca_Rostromyrmex_pasohensis-Atopomyrmex_cryptoceroides_20260404-132251_with_outgroup.template.rds
Reusing cached donor template: /home/marek/ant-megatree/working_code/package/project/published/camponotini/ward2025/extracted_genera/Calomyrmex/extract_Calomyrmex_20260410-123025_with_outgroup.template.rds
Reusing cached donor template: /home/marek/ant-megatree/working_code/package/project/published/camponotini/ward2025/extracted_genera/Colobopsis/extract_Colobopsis_20260410-123025_with_outgroup.template.rds
Reusing cached donor template: /home/marek/ant-megatree/working_code/package/project/published/camponotini/ward2025/extracted_genera/Camponotus/extract_Camponotus_20260410-123025_with_outgroup.template.rds
Reusing cached donor template: /home/marek/ant-megatree/working_code/package/project/published/camponotini/ward2025/extracted_genera/Echinopla/extract_Echinopla_20260410-123025_with_outgroup.template.rds
Reusing cached donor template: /home/marek/ant-megatree/working_code/package/project/published/camponotini/ward2025/extracted_genera/Overbeckia/extract_Overbeckia_20260410-123025_with_outgroup.template.rds
Reusing cached donor template: /home/marek/ant-megatree/working_code/package/project/published/camponotini/ward2025/extracted_genera/Opisthopsis/extract_Opisthopsis_20260410-123025_with_outgroup.template.rds
Reusing cached donor template: /home/marek/ant-megatree/working_code/package/project/published/camponotini/ward2025/extracted_genera/Lathidris/extract_Lathidris_20260410-123026_with_outgroup.template.rds
Reusing cached donor template: /home/marek/ant-megatree/working_code/package/project/published/polyrhachis/mezger2016/Polyrhachis_with_outgroup.template.rds
Reusing cached donor template: /home/marek/ant-megatree/working_code/package/project/published/cephalotes/price2022/Cephalotes_with_outgroup.template.rds
Reusing cached donor template: /home/marek/ant-megatree/working_code/package/project/published/crematogaster/blaimer2012/extract_mrca_Crematogaster_emeryi-Crematogaster_hova_complex_20260404-133421_with_outgroup.template.rds
Reusing cached donor template: /home/marek/ant-megatree/working_code/package/project/published/crematogaster/ward2022/extract_mrca_Crematogaster_scutellaris_BBX611-Crematogaster_ashmeadi_D1839_20260404-134141_with_outgroup.template.rds
Reusing cached donor template: /home/marek/ant-megatree/working_code/package/project/published/dorymyrmex/oberski2025/extract_mrca_Dorymyrmex_ebeninus_D1537-Dorymyrmex_ce01_D2967_20260404-192925_with_outgroup.template.rds
Reusing cached donor template: /home/marek/ant-megatree/working_code/package/project/published/dorymyrmex/oberski2025/extract_mrca_Forelius_damiani_D3046-Forelius_brasiliensis_D3042_20260404-192925_with_outgroup.template.rds
Reusing cached donor template: /home/marek/ant-megatree/working_code/package/project/published/dorymyrmex/oberski2025/extract_mrca_Leptomyrmex_relictus_D1200-Leptomyrmex_unicolor_D3033_20260404-192925_with_outgroup.template.rds
Reusing cached donor template: /home/marek/ant-megatree/working_code/package/project/published/formica/borowiec2021/extract_mrca_Formica_gagates_F0120-Formica_nevadensis_F0079_20260404-181141_with_outgroup.template.rds
Reusing cached donor template: /home/marek/ant-megatree/working_code/package/project/published/lasius/boudinot2022/Lasius_with_outgroup.template.rds
Reusing cached donor template: /home/marek/ant-megatree/working_code/package/project/published/myrmecia/mera-rodriguez2023/extract_mrca_Myrmecia_flammicollis_11550-Myrmecia_inquilina_13405_20260409-145529_with_outgroup.template.rds
Reusing cached donor template: /home/marek/ant-megatree/working_code/package/project/published/myrmicini/prebus2025/extract_mrca_Manica_hunteri_OR_S_Mattheiu_Lake_P861-Pogonomyrmex_maricopa_P882_20260404-165809_with_outgroup.template.rds
Reusing cached donor template: /home/marek/ant-megatree/working_code/package/project/published/prenolepis/matos-maravi2018/extract_mrca_Zatania_albimaculata-Nylanderia_NYLA026_20260404-171052_with_outgroup.template.rds
Reusing cached donor template: /home/marek/ant-megatree/working_code/package/project/published/nylanderia/williams2022/Nylanderia_with_outgroup.template.rds
Reusing cached donor template: /home/marek/ant-megatree/working_code/package/project/published/pheidole/economo2019/extract_mrca_Pheidole_fimbriata_CASENT0283061-Pheidole_allarmata_CASENT0283450_20260404-164232_with_outgroup.template.rds
Reusing cached donor template: /home/marek/ant-megatree/working_code/package/project/published/pseudomyrmex/chomicki2015/Pseudomyrmex_with_outgroup.template.rds
Reusing cached donor template: /home/marek/ant-megatree/working_code/package/project/published/pseudomyrmex/ward2022/extract_mrca_Pseudomyrmex_salvini_D1236-Pseudomyrmex_apache_D0155_20260409-144547_with_outgroup.template.rds
Reusing cached donor template: /home/marek/ant-megatree/working_code/package/project/published/stenammini/branstetter2022/extract_mrca_Novomessor_albisetosus_EX376-Stenamma_punctiventre_EX309_20260404-124915_with_outgroup.template.rds
Reusing cached donor template: /home/marek/ant-megatree/working_code/package/project/published/messor/juve2025/extract_mrca_Messor_asmaae_sp1_PAKISTAN_AWEY-Messor_picturatus_maurus_TUNISIA_WGS_SH02-03_20260404-174036_with_outgroup.template.rds
Reusing cached donor template: /home/marek/ant-megatree/working_code/package/project/published/strumigenys/booher2021/Strumigenys_with_outgroup.template.rds
Reusing cached donor template: /home/marek/ant-megatree/working_code/package/project/published/temnothorax/prebus2017/extract_mrca_Temnothorax_nitens_P017-Temnothorax_mpala_P010_20260408-155341_with_outgroup_no_aztecus.template.rds
Reusing cached donor template: /home/marek/ant-megatree/working_code/package/project/published/temnothorax/prebus2021/filtered_data_beast_output_renamed.template.rds
Reusing cached donor template: /home/marek/ant-megatree/working_code/package/project/published/temnothorax/csosz2024/Csosz_et_al_unifasciatus_no_outgroup.template.rds
Reusing cached donor template: /home/marek/ant-megatree/working_code/package/project/published/attini/schultz2024/extract_mrca_Mycocepurus_obsoletus_7308-Trachymyrmex_opulentus_8122_20260404-141656_with_outgroup.template.rds
Reusing cached donor template: /home/marek/ant-megatree/working_code/package/project/published/amblyoponinae/ward2016/extract_mrca_Concoctio_concenta-Stigmatomma_GA01_20260409-143917_with_outgroup.template.rds

┌─────────────────────────┐
│ Template: input summary │
└─────────────────────────┘

┌────────────────────────────┐
│ Template: authority filter │
└────────────────────────────┘
Valid ingroup species kept: 94; dropped absent: 58

┌────────────────────────────────────────┐
│ Template: donor ultrametric conversion │
└────────────────────────────────────────┘
Donor tree type: chronogram; ultrametric: FALSE
Input tree declared as chronogram; skipping chronos.
Chronogram not ultrametric (likely numerical jitter); enforcing ultrametricity using 'extend'.

┌──────────────────┐
│ Template: output │
└──────────────────┘
Donor stem_fraction=0.000000 crown_fraction=1.000000
Saved donor template to: /home/marek/ant-megatree/working_code/package/project/published/dorylinae/borowiec2019/dorylinae-orignal-chronogram.template.rds
Reusing cached donor template: /home/marek/ant-megatree/working_code/package/project/published/ocymyrmex/mbanyana2024/extract_mrca_Ocymyrmex_sp_2_HYM_C027808_Ocy103-Ocymyrmex_celer_BBC660_20260409-142001_with_outgroup.template.rds
Collapsing MRCA(Bazboltonia,Gnamptogenys) by retaining backbone tip Acanthoponera and grafting donor as terminal replacement.
Collapsing MRCA(Platythyrea,Leptogenys) by retaining backbone tip Anochetus and grafting donor as terminal replacement.
Collapsing MRCA(Rostromyrmex,Leptothorax) by retaining backbone tip Acanthomyrmex and grafting donor as terminal replacement.
Collapsing MRCA(Crematogaster_macracantha,Crematogaster_kelleri) by retaining backbone tip Crematogaster_aberrans and grafting donor as terminal replacement.
Collapsing MRCA(Crematogaster_scutellaris,Crematogaster_pilosa) by retaining backbone tip Crematogaster_coarctata and grafting donor as terminal replacement.
Collapsing MRCA(Manica,Pogonomyrmex) by retaining backbone tip Hylomyrma and grafting donor as terminal replacement.
Collapsing MRCA(Zatania,Nylanderia) by retaining backbone tip Euprenolepis and grafting donor as terminal replacement.
[SKIP tree 1] TIP{Nylanderia}: target missing in this backbone.
Collapsing MRCA(Pseudomyrmex_salvini,Pseudomyrmex_elongatulus) by retaining backbone tip Pseudomyrmex_apache and grafting donor as terminal replacement.
Collapsing MRCA(Pseudomyrmex_particeps,Pseudomyrmex_janzeni) by retaining backbone tip Pseudomyrmex_ferrugineus and grafting donor as terminal replacement.
Collapsing MRCA(Novomessor,Stenamma) by retaining backbone tip Aphaenogaster and grafting donor as terminal replacement.
Collapsing MRCA(Messor_aciculatus,Messor_denticornis) by retaining backbone tip Messor_aciculatus and grafting donor as terminal replacement.
Collapsing MRCA(Temnothorax_poeyi,Temnothorax_bernardi) by retaining backbone tip Temnothorax_bernardi and grafting donor as terminal replacement.
Collapsing MRCA(Apterostigma,Acromyrmex) by retaining backbone tip Acromyrmex and grafting donor as terminal replacement.
Collapsing MRCA(Amblyopone,Myopopone) by retaining backbone tip Adetomyrma and grafting donor as terminal replacement.
Collapsing MRCA(Dorylus,Eciton) by retaining backbone tip Acanthostichus and grafting donor as terminal replacement.
Collapsing MRCA(Ocymyrmex_celer,Ocymyrmex_picardi) by retaining backbone tip Ocymyrmex_celer and grafting donor as terminal replacement.
