=== Genus grafting log: CladeGraft | 2026-03-31 20:16:18 ===

┌───────────┐
│ load plan │
└───────────┘
Plan rows: 22

┌──────────────────────────────┐
│ assemble donors & placements │
└──────────────────────────────┘
Donors ready: 22 (skipped: 0)

┌────────────────┐
│ load backbones │
└────────────────┘
Backbones: 1

┌───────────────────┐
│ graft many clades │
└───────────────────┘

┌─────────────────────────┐
│ Template: input summary │
└─────────────────────────┘
Outgroup inferred as root singleton: Stenamma_alas

┌────────────────────────────┐
│ Template: authority filter │
└────────────────────────────┘
Valid ingroup species kept: 106; dropped absent: 22

┌────────────────────────────────────────┐
│ Template: donor ultrametric conversion │
└────────────────────────────────────────┘

┌──────────────────┐
│ Template: output │
└──────────────────┘
Donor stem_fraction=0.211645 crown_fraction=0.788355

┌─────────────────────────┐
│ Template: input summary │
└─────────────────────────┘
Outgroup inferred as root singleton: Proceratium_google

┌────────────────────────────┐
│ Template: authority filter │
└────────────────────────────┘
Valid ingroup species kept: 601; dropped absent: 82

┌────────────────────────────────────────┐
│ Template: donor ultrametric conversion │
└────────────────────────────────────────┘

┌──────────────────┐
│ Template: output │
└──────────────────┘
Donor stem_fraction=0.117556 crown_fraction=0.882444

┌─────────────────────────┐
│ Template: input summary │
└─────────────────────────┘
Outgroup inferred as root singleton: Pheidole_longispinosa

┌────────────────────────────┐
│ Template: authority filter │
└────────────────────────────┘
Valid ingroup species kept: 121; dropped absent: 32

┌────────────────────────────────────────┐
│ Template: donor ultrametric conversion │
└────────────────────────────────────────┘

┌──────────────────┐
│ Template: output │
└──────────────────┘
Donor stem_fraction=0.000000 crown_fraction=1.000000

┌─────────────────────────┐
│ Template: input summary │
└─────────────────────────┘
Outgroup inferred as root singleton: Formicinae_genus

┌────────────────────────────┐
│ Template: authority filter │
└────────────────────────────┘
Valid ingroup species kept: 22; dropped absent: 0

┌────────────────────────────────────────┐
│ Template: donor ultrametric conversion │
└────────────────────────────────────────┘

┌──────────────────┐
│ Template: output │
└──────────────────┘
Donor stem_fraction=0.270130 crown_fraction=0.729870

┌─────────────────────────┐
│ Template: input summary │
└─────────────────────────┘
Outgroup inferred as root singleton: Overbeckia_my

┌────────────────────────────┐
│ Template: authority filter │
└────────────────────────────┘
Valid ingroup species kept: 110; dropped absent: 0

┌────────────────────────────────────────┐
│ Template: donor ultrametric conversion │
└────────────────────────────────────────┘

┌──────────────────┐
│ Template: output │
└──────────────────┘
Donor stem_fraction=0.006795 crown_fraction=0.993205

┌─────────────────────────┐
│ Template: input summary │
└─────────────────────────┘
Outgroup inferred as root singleton: Lathidris_montivagus

┌────────────────────────────┐
│ Template: authority filter │
└────────────────────────────┘
Valid ingroup species kept: 16; dropped absent: 2

┌────────────────────────────────────────┐
│ Template: donor ultrametric conversion │
└────────────────────────────────────────┘

┌──────────────────┐
│ Template: output │
└──────────────────┘
Donor stem_fraction=0.272957 crown_fraction=0.727043

┌─────────────────────────┐
│ Template: input summary │
└─────────────────────────┘
Outgroup inferred as root singleton: Procryptocerus_scabriusculus

┌────────────────────────────┐
│ Template: authority filter │
└────────────────────────────┘
Valid ingroup species kept: 65; dropped absent: 38

┌────────────────────────────────────────┐
│ Template: donor ultrametric conversion │
└────────────────────────────────────────┘

┌──────────────────┐
│ Template: output │
└──────────────────┘
Donor stem_fraction=0.551898 crown_fraction=0.448102

┌─────────────────────────┐
│ Template: input summary │
└─────────────────────────┘
Outgroup inferred as root singleton: Metapone_madagascarica

┌────────────────────────────┐
│ Template: authority filter │
└────────────────────────────┘
Valid ingroup species kept: 108; dropped absent: 9

┌────────────────────────────────────────┐
│ Template: donor ultrametric conversion │
└────────────────────────────────────────┘

┌──────────────────┐
│ Template: output │
└──────────────────┘
Donor stem_fraction=0.616206 crown_fraction=0.383794

┌─────────────────────────┐
│ Template: input summary │
└─────────────────────────┘
Outgroup inferred as root singleton: Crematogaster_lotti

┌────────────────────────────┐
│ Template: authority filter │
└────────────────────────────┘
Valid ingroup species kept: 31; dropped absent: 2

┌────────────────────────────────────────┐
│ Template: donor ultrametric conversion │
└────────────────────────────────────────┘

┌──────────────────┐
│ Template: output │
└──────────────────┘
Donor stem_fraction=0.381722 crown_fraction=0.618278

┌─────────────────────────┐
│ Template: input summary │
└─────────────────────────┘
Outgroup inferred as root singleton: Forelius_damiani

┌────────────────────────────┐
│ Template: authority filter │
└────────────────────────────┘
Valid ingroup species kept: 30; dropped absent: 18

┌────────────────────────────────────────┐
│ Template: donor ultrametric conversion │
└────────────────────────────────────────┘

┌──────────────────┐
│ Template: output │
└──────────────────┘
Donor stem_fraction=0.383781 crown_fraction=0.616219

┌─────────────────────────┐
│ Template: input summary │
└─────────────────────────┘
Outgroup inferred as root singleton: Iberoformica_subrufa

┌────────────────────────────┐
│ Template: authority filter │
└────────────────────────────┘
Valid ingroup species kept: 80; dropped absent: 3

┌────────────────────────────────────────┐
│ Template: donor ultrametric conversion │
└────────────────────────────────────────┘

┌──────────────────┐
│ Template: output │
└──────────────────┘
Donor stem_fraction=0.520653 crown_fraction=0.479347

┌─────────────────────────┐
│ Template: input summary │
└─────────────────────────┘
Outgroup inferred as root singleton: Myrmecocystus_mexicanus

┌────────────────────────────┐
│ Template: authority filter │
└────────────────────────────┘
Valid ingroup species kept: 21; dropped absent: 0

┌────────────────────────────────────────┐
│ Template: donor ultrametric conversion │
└────────────────────────────────────────┘

┌──────────────────┐
│ Template: output │
└──────────────────┘
Donor stem_fraction=0.152936 crown_fraction=0.847064

┌─────────────────────────┐
│ Template: input summary │
└─────────────────────────┘
Outgroup inferred as root singleton: Aphaenogaster_leveillei

┌────────────────────────────┐
│ Template: authority filter │
└────────────────────────────┘
Valid ingroup species kept: 49; dropped absent: 3

┌────────────────────────────────────────┐
│ Template: donor ultrametric conversion │
└────────────────────────────────────────┘

┌──────────────────┐
│ Template: output │
└──────────────────┘
Donor stem_fraction=0.000000 crown_fraction=1.000000

┌─────────────────────────┐
│ Template: input summary │
└─────────────────────────┘
Outgroup inferred as root singleton: Nothomyrmecia__9893

┌────────────────────────────┐
│ Template: authority filter │
└────────────────────────────┘
Valid ingroup species kept: 62; dropped absent: 30

┌────────────────────────────────────────┐
│ Template: donor ultrametric conversion │
└────────────────────────────────────────┘

┌──────────────────┐
│ Template: output │
└──────────────────┘
Donor stem_fraction=0.580548 crown_fraction=0.419452

┌─────────────────────────┐
│ Template: input summary │
└─────────────────────────┘
Outgroup inferred as root singleton: 'Manica_invidia'

┌────────────────────────────┐
│ Template: authority filter │
└────────────────────────────┘
Valid ingroup species kept: 68; dropped absent: 6

┌────────────────────────────────────────┐
│ Template: donor ultrametric conversion │
└────────────────────────────────────────┘

┌──────────────────┐
│ Template: output │
└──────────────────┘
Donor stem_fraction=0.047619 crown_fraction=0.952381

┌─────────────────────────┐
│ Template: input summary │
└─────────────────────────┘
Outgroup inferred as root singleton: Paratrechina_longicornis

┌────────────────────────────┐
│ Template: authority filter │
└────────────────────────────┘
Valid ingroup species kept: 36; dropped absent: 37

┌────────────────────────────────────────┐
│ Template: donor ultrametric conversion │
└────────────────────────────────────────┘

┌──────────────────┐
│ Template: output │
└──────────────────┘
Donor stem_fraction=0.499711 crown_fraction=0.500289

┌─────────────────────────┐
│ Template: input summary │
└─────────────────────────┘
Outgroup inferred as root singleton: Cephalotes_setulifer

┌────────────────────────────┐
│ Template: authority filter │
└────────────────────────────┘
Valid ingroup species kept: 241; dropped absent: 19

┌────────────────────────────────────────┐
│ Template: donor ultrametric conversion │
└────────────────────────────────────────┘

┌──────────────────┐
│ Template: output │
└──────────────────┘
Donor stem_fraction=0.506542 crown_fraction=0.493458

┌─────────────────────────┐
│ Template: input summary │
└─────────────────────────┘
Outgroup inferred as root singleton: Camponotous_sp

┌────────────────────────────┐
│ Template: authority filter │
└────────────────────────────┘
Valid ingroup species kept: 81; dropped absent: 11

┌────────────────────────────────────────┐
│ Template: donor ultrametric conversion │
└────────────────────────────────────────┘

┌──────────────────┐
│ Template: output │
└──────────────────┘
Donor stem_fraction=0.443890 crown_fraction=0.556110

┌─────────────────────────┐
│ Template: input summary │
└─────────────────────────┘
Outgroup inferred as root singleton: Myrcidris_epicharis

┌────────────────────────────┐
│ Template: authority filter │
└────────────────────────────┘
Valid ingroup species kept: 100; dropped absent: 2

┌────────────────────────────────────────┐
│ Template: donor ultrametric conversion │
└────────────────────────────────────────┘

┌──────────────────┐
│ Template: output │
└──────────────────┘
Donor stem_fraction=0.430380 crown_fraction=0.569620

┌─────────────────────────┐
│ Template: input summary │
└─────────────────────────┘
Outgroup inferred as root singleton: Aphaenogaster_honduriana

┌────────────────────────────┐
│ Template: authority filter │
└────────────────────────────┘
Valid ingroup species kept: 35; dropped absent: 1

┌────────────────────────────────────────┐
│ Template: donor ultrametric conversion │
└────────────────────────────────────────┘

┌──────────────────┐
│ Template: output │
└──────────────────┘
Donor stem_fraction=0.000000 crown_fraction=1.000000

┌─────────────────────────┐
│ Template: input summary │
└─────────────────────────┘
Outgroup inferred as root singleton: Pilotrochus_besmerus

┌────────────────────────────┐
│ Template: authority filter │
└────────────────────────────┘
Valid ingroup species kept: 115; dropped absent: 9

┌────────────────────────────────────────┐
│ Template: donor ultrametric conversion │
└────────────────────────────────────────┘

┌──────────────────┐
│ Template: output │
└──────────────────┘
Donor stem_fraction=0.242773 crown_fraction=0.757227

┌─────────────────────────┐
│ Template: input summary │
└─────────────────────────┘
Outgroup inferred as root singleton: Harpagoxenus_sublaevis

┌────────────────────────────┐
│ Template: authority filter │
└────────────────────────────┘
Valid ingroup species kept: 80; dropped absent: 7

┌────────────────────────────────────────┐
│ Template: donor ultrametric conversion │
└────────────────────────────────────────┘

┌──────────────────┐
│ Template: output │
└──────────────────┘
Donor stem_fraction=0.440965 crown_fraction=0.559035
Grafting donor 'ok' as clade onto MRCA(Bazboltonia,Gnamptogenys)
Grafted donor at MRCA(anchors) with pos=0.000000 (L_in=0.143961) crown_target=0.752575 T_target=0.954614; dropped old tips=12
Grafting donor 'ok' as clade onto MRCA(Platythyrea,Leptogenys)
Grafted donor at MRCA(anchors) with pos=0.001817 (L_in=0.127997) crown_target=0.947183 T_target=1.073363; dropped old tips=55
Grafting donor 'ok' as clade onto MRCA(Rostromyrmex,Leptothorax)
Grafted donor at MRCA(anchors) with pos=0.044982 (L_in=0.044982) crown_target=0.608919 T_target=0.608919; dropped old tips=64
Grafting donor 'ok' as tip replacing TIP(Acropyga)[DEBUG TIP] Before graft: tip=Acropyga
[DEBUG TIP] tip=Acropyga parent_node=1384 L=0.261989 r=0.270130 crown_target=0.191218 bind.position=0.191218 parent_height=1.010427 tip_height=1.272416
[DEBUG TIP] donor crown height after scaling=0.191218
[DEBUG TIP] post-graft donor crown height=0.191218 (expected=0.191218)
Grafting donor 'ok' as tip replacing TIP(Camponotus)[DEBUG TIP] Before graft: tip=Camponotus
[DEBUG TIP] tip=Camponotus parent_node=1396 L=0.178824 r=0.006795 crown_target=0.177609 bind.position=0.177609 parent_height=1.093592 tip_height=1.272416
[DEBUG TIP] donor crown height after scaling=0.177609
[DEBUG TIP] post-graft donor crown height=0.177609 (expected=0.177609)
Grafting donor 'ok' as tip replacing TIP(Colobopsis)[DEBUG TIP] Before graft: tip=Colobopsis
[DEBUG TIP] tip=Colobopsis parent_node=1499 L=0.351471 r=0.272957 crown_target=0.255534 bind.position=0.255534 parent_height=0.920945 tip_height=1.272416
[DEBUG TIP] donor crown height after scaling=0.255534
[DEBUG TIP] post-graft donor crown height=0.255534 (expected=0.255534)
Grafting donor 'ok' as tip replacing TIP(Cephalotes)[DEBUG TIP] Before graft: tip=Cephalotes
[DEBUG TIP] tip=Cephalotes parent_node=1233 L=0.302182 r=0.551898 crown_target=0.135408 bind.position=0.135408 parent_height=0.970234 tip_height=1.272416
[DEBUG TIP] donor crown height after scaling=0.135408
[DEBUG TIP] post-graft donor crown height=0.135408 (expected=0.135408)
Grafting donor 'ok' as clade onto MRCA(Crematogaster_macracantha,Crematogaster_kelleri)
Grafted donor at MRCA(anchors) with pos=0.000000 (L_in=0.201052) crown_target=0.158675 T_target=0.413437; dropped old tips=16
Grafting donor 'ok' as clade onto MRCA(Crematogaster_scutellaris,Crematogaster_pilosa)
Grafted donor at MRCA(anchors) with pos=0.000000 (L_in=0.034375) crown_target=0.068229 T_target=0.110353; dropped old tips=8
Grafting donor 'ok' as tip replacing TIP(Dorymyrmex)[DEBUG TIP] Before graft: tip=Dorymyrmex
[DEBUG TIP] tip=Dorymyrmex parent_node=2043 L=0.316589 r=0.383781 crown_target=0.195088 bind.position=0.195088 parent_height=0.955827 tip_height=1.272416
[DEBUG TIP] donor crown height after scaling=0.195088
[DEBUG TIP] post-graft donor crown height=0.195088 (expected=0.195088)
Grafting donor 'ok' as tip replacing TIP(Formica)[DEBUG TIP] Before graft: tip=Formica
[DEBUG TIP] tip=Formica parent_node=2035 L=0.152988 r=0.520653 crown_target=0.073334 bind.position=0.073334 parent_height=1.119428 tip_height=1.272416
[DEBUG TIP] donor crown height after scaling=0.073334
[DEBUG TIP] post-graft donor crown height=0.073334 (expected=0.073334)
Grafting donor 'ok' as tip replacing TIP(Lasius)[DEBUG TIP] Before graft: tip=Lasius
[DEBUG TIP] tip=Lasius parent_node=2211 L=0.131666 r=0.152936 crown_target=0.111530 bind.position=0.111530 parent_height=1.140750 tip_height=1.272416
[DEBUG TIP] donor crown height after scaling=0.111530
[DEBUG TIP] post-graft donor crown height=0.111530 (expected=0.111530)
Grafting donor 'ok' as tip replacing TIP(Messor)[DEBUG TIP] Before graft: tip=Messor
[DEBUG TIP] tip=Messor parent_node=1843 L=0.286982 r=0.000000 crown_target=0.286982 bind.position=0.286982 parent_height=0.985434 tip_height=1.272416
[DEBUG TIP] donor crown height after scaling=0.286982
[DEBUG TIP] post-graft donor crown height=0.286982 (expected=0.286982)
Grafting donor 'ok' as tip replacing TIP(Myrmecia)[DEBUG TIP] Before graft: tip=Myrmecia
[DEBUG TIP] tip=Myrmecia parent_node=2410 L=0.439780 r=0.580548 crown_target=0.184467 bind.position=0.184467 parent_height=0.832636 tip_height=1.272416
[DEBUG TIP] donor crown height after scaling=0.184467
[DEBUG TIP] post-graft donor crown height=0.184467 (expected=0.184467)
Grafting donor 'ok' as tip replacing TIP(Myrmica)[DEBUG TIP] Before graft: tip=Myrmica
[DEBUG TIP] tip=Myrmica parent_node=2006 L=0.216458 r=0.047619 crown_target=0.206150 bind.position=0.206150 parent_height=1.055958 tip_height=1.272416
[DEBUG TIP] donor crown height after scaling=0.206150
[DEBUG TIP] post-graft donor crown height=0.206151 (expected=0.206150)
Grafting donor 'ok' as tip replacing TIP(Nylanderia)[DEBUG TIP] Before graft: tip=Nylanderia
[DEBUG TIP] tip=Nylanderia parent_node=2517 L=0.331567 r=0.499711 crown_target=0.165879 bind.position=0.165879 parent_height=0.940849 tip_height=1.272416
[DEBUG TIP] donor crown height after scaling=0.165879
[DEBUG TIP] post-graft donor crown height=0.165880 (expected=0.165879)
Grafting donor 'ok' as tip replacing TIP(Pheidole)[DEBUG TIP] Before graft: tip=Pheidole
[DEBUG TIP] tip=Pheidole parent_node=1731 L=0.476563 r=0.506542 crown_target=0.235164 bind.position=0.235164 parent_height=0.795853 tip_height=1.272416
[DEBUG TIP] donor crown height after scaling=0.235164
[DEBUG TIP] post-graft donor crown height=0.235164 (expected=0.235164)
Grafting donor 'ok' as tip replacing TIP(Polyrhachis)[DEBUG TIP] Before graft: tip=Polyrhachis
[DEBUG TIP] tip=Polyrhachis parent_node=2772 L=0.251418 r=0.443890 crown_target=0.139816 bind.position=0.139816 parent_height=1.020998 tip_height=1.272416
[DEBUG TIP] donor crown height after scaling=0.139816
[DEBUG TIP] post-graft donor crown height=0.139816 (expected=0.139816)
Grafting donor 'ok' as tip replacing TIP(Pseudomyrmex)[DEBUG TIP] Before graft: tip=Pseudomyrmex
[DEBUG TIP] tip=Pseudomyrmex parent_node=3314 L=0.437340 r=0.430380 crown_target=0.249118 bind.position=0.249118 parent_height=0.835076 tip_height=1.272416
[DEBUG TIP] donor crown height after scaling=0.249118
[DEBUG TIP] post-graft donor crown height=0.249118 (expected=0.249118)
Grafting donor 'ok' as tip replacing TIP(Stenamma)[DEBUG TIP] Before graft: tip=Stenamma
[DEBUG TIP] tip=Stenamma parent_node=2710 L=0.432800 r=0.000000 crown_target=0.432800 bind.position=0.432800 parent_height=0.839616 tip_height=1.272416
[DEBUG TIP] donor crown height after scaling=0.432800
[DEBUG TIP] post-graft donor crown height=0.432800 (expected=0.432800)
Grafting donor 'ok' as tip replacing TIP(Strumigenys)[DEBUG TIP] Before graft: tip=Strumigenys
[DEBUG TIP] tip=Strumigenys parent_node=2497 L=0.358202 r=0.242773 crown_target=0.271240 bind.position=0.271240 parent_height=0.914214 tip_height=1.272416
[DEBUG TIP] donor crown height after scaling=0.271240
[DEBUG TIP] post-graft donor crown height=0.271240 (expected=0.271240)
[SKIP tree 1] TIP{Temnothorax}: target missing in this backbone.

┌─────────────────────────┐
│ write plots & tip lists │
└─────────────────────────┘
