=== Genus grafting log: CladeGraft | 2026-03-30 10:23:08 ===

┌───────────┐
│ load plan │
└───────────┘
Plan rows: 3

┌──────────────────────────────┐
│ assemble donors & placements │
└──────────────────────────────┘
Donors ready: 3 (skipped: 0)

┌────────────────┐
│ load backbones │
└────────────────┘
Backbones: 1

┌───────────────────┐
│ graft many clades │
└───────────────────┘

┌─────────────────────────┐
│ Template: input summary │
└─────────────────────────┘
Outgroup inferred as root singleton: Stenamma_alas

┌────────────────────────────┐
│ Template: authority filter │
└────────────────────────────┘
Valid ingroup species kept: 106; dropped absent: 22

┌────────────────────────────────────────┐
│ Template: donor ultrametric conversion │
└────────────────────────────────────────┘

┌──────────────────┐
│ Template: output │
└──────────────────┘
Donor stem_fraction=0.211645 crown_fraction=0.788355

┌─────────────────────────┐
│ Template: input summary │
└─────────────────────────┘
Outgroup inferred as root singleton: Proceratium_google

┌────────────────────────────┐
│ Template: authority filter │
└────────────────────────────┘
Valid ingroup species kept: 601; dropped absent: 82

┌────────────────────────────────────────┐
│ Template: donor ultrametric conversion │
└────────────────────────────────────────┘

┌──────────────────┐
│ Template: output │
└──────────────────┘
Donor stem_fraction=0.117556 crown_fraction=0.882444

┌─────────────────────────┐
│ Template: input summary │
└─────────────────────────┘

┌────────────────────────────┐
│ Template: authority filter │
└────────────────────────────┘
Valid ingroup species kept: 22; dropped absent: 1

┌────────────────────────────────────────┐
│ Template: donor ultrametric conversion │
└────────────────────────────────────────┘

┌──────────────────┐
│ Template: output │
└──────────────────┘
Donor stem_fraction=0.000000 crown_fraction=1.000000
Grafted donor at MRCA(anchors) with pos=0.000000 (L_in=0.143961) crown_target=0.752575 T_target=0.954614; dropped old tips=12
Grafted donor at MRCA(anchors) with pos=0.001817 (L_in=0.127997) crown_target=0.947183 T_target=1.073363; dropped old tips=55
Grafted donor at tip=Acropyga position=0.261989 (L=0.261989)

┌─────────────────────────┐
│ write plots & tip lists │
└─────────────────────────┘
