=== Genus grafting log: CladeGraft | 2026-03-30 09:46:39 ===

┌───────────┐
│ load plan │
└───────────┘
Plan rows: 3

┌──────────────────────────────┐
│ assemble donors & placements │
└──────────────────────────────┘
[skip row 1] no donor ingroup detected for Genus_ prefix: Ectatomminae_clade
[skip row 2] no donor ingroup detected for Genus_ prefix: Ponerinae_clade
Donors ready: 1 (skipped: 2)

┌────────────────┐
│ load backbones │
└────────────────┘
Backbones: 1

┌───────────────────┐
│ graft many clades │
└───────────────────┘

┌─────────────────────────┐
│ Template: input summary │
└─────────────────────────┘

┌────────────────────────────┐
│ Template: authority filter │
└────────────────────────────┘
Valid ingroup species kept: 22; dropped absent: 0

┌────────────────────────────────────────┐
│ Template: donor ultrametric conversion │
└────────────────────────────────────────┘

┌──────────────────┐
│ Template: output │
└──────────────────┘
Donor stem_fraction=0.000000 crown_fraction=1.000000
Grafted donor at tip=Acropyga position=0.261989 (L=0.261989)

┌─────────────────────────┐
│ write plots & tip lists │
└─────────────────────────┘
