=== Genus grafting log: CladeGraft | 2026-03-27 16:32:03 ===

┌───────────┐
│ load plan │
└───────────┘
Plan rows: 3

┌──────────────────────────────┐
│ assemble donors & placements │
└──────────────────────────────┘
Donors ready: 3 (skipped: 0)

┌────────────────┐
│ load backbones │
└────────────────┘
Backbones: 1

┌───────────────────┐
│ graft many clades │
└───────────────────┘

┌─────────────────────────┐
│ Template: input summary │
└─────────────────────────┘
Multiple outgroups; selected: Heteroponera_brounii_GPC08 (min dist=0.084552)

┌────────────────────────────┐
│ Template: authority filter │
└────────────────────────────┘
Valid ingroup species kept: 18; dropped absent: 14

┌────────────────────────────────────────┐
│ Template: donor ultrametric conversion │
└────────────────────────────────────────┘

┌──────────────────┐
│ Template: output │
└──────────────────┘
Donor stem_fraction=0.000000 crown_fraction=1.000000

┌─────────────────────────┐
│ Template: input summary │
└─────────────────────────┘
Multiple outgroups; selected: Hagensia_havilandi_marleyi_D2452_CASENT0888244 (min dist=0.106528)

┌────────────────────────────┐
│ Template: authority filter │
└────────────────────────────┘
Valid ingroup species kept: 177; dropped absent: 14

┌────────────────────────────────────────┐
│ Template: donor ultrametric conversion │
└────────────────────────────────────────┘

┌──────────────────┐
│ Template: output │
└──────────────────┘
Donor stem_fraction=0.000000 crown_fraction=1.000000

┌─────────────────────────┐
│ Template: input summary │
└─────────────────────────┘

┌────────────────────────────┐
│ Template: authority filter │
└────────────────────────────┘
Valid ingroup species kept: 22; dropped absent: 0

┌────────────────────────────────────────┐
│ Template: donor ultrametric conversion │
└────────────────────────────────────────┘

┌──────────────────┐
│ Template: output │
└──────────────────┘
Donor stem_fraction=0.270130 crown_fraction=0.729870
Grafted donor at MRCA(anchors) with position=0.143961 (L=0.143961); dropped old clade tips=12
Grafted donor at MRCA(anchors) with position=0.127997 (L=0.127997); dropped old clade tips=55
Grafted donor at tip=Acropyga position=0.191218 (L=0.261989)
