=== Genus grafting log: CladeGraft | 2026-03-27 21:47:29 ===

┌───────────┐
│ load plan │
└───────────┘
Plan rows: 3

┌──────────────────────────────┐
│ assemble donors & placements │
└──────────────────────────────┘
Donors ready: 3 (skipped: 0)

┌────────────────┐
│ load backbones │
└────────────────┘
Backbones: 1

┌───────────────────┐
│ graft many clades │
└───────────────────┘

┌─────────────────────────┐
│ Template: input summary │
└─────────────────────────┘
Outgroup inferred as root singleton: Stenamma_alas

┌────────────────────────────┐
│ Template: authority filter │
└────────────────────────────┘
Valid ingroup species kept: 106; dropped absent: 22

┌────────────────────────────────────────┐
│ Template: donor ultrametric conversion │
└────────────────────────────────────────┘
Selected chronos: model=discrete lambda=0.1

┌──────────────────┐
│ Template: output │
└──────────────────┘
Donor stem_fraction=0.132687 crown_fraction=0.867313

┌─────────────────────────┐
│ Template: input summary │
└─────────────────────────┘
Outgroup inferred as root singleton: Proceratium_google

┌────────────────────────────┐
│ Template: authority filter │
└────────────────────────────┘
Valid ingroup species kept: 601; dropped absent: 82

┌────────────────────────────────────────┐
│ Template: donor ultrametric conversion │
└────────────────────────────────────────┘
No chronos config converged; falling back to NNLS.

┌──────────────────┐
│ Template: output │
└──────────────────┘
Donor stem_fraction=0.117556 crown_fraction=0.882444

┌─────────────────────────┐
│ Template: input summary │
└─────────────────────────┘

┌────────────────────────────┐
│ Template: authority filter │
└────────────────────────────┘
Valid ingroup species kept: 22; dropped absent: 0

┌────────────────────────────────────────┐
│ Template: donor ultrametric conversion │
└────────────────────────────────────────┘
Selected chronos: model=discrete lambda=0.1

┌──────────────────┐
│ Template: output │
└──────────────────┘
Donor stem_fraction=0.322158 crown_fraction=0.677842
Grafted donor at MRCA(anchors) with position=0.017296 (L=0.143961); dropped old clade tips=12
Grafted donor at MRCA(anchors) with position=0.001817 (L=0.127997); dropped old clade tips=55
Grafted donor at tip=Acropyga position=0.177587 (L=0.261989)

┌─────────────────────────┐
│ write plots & tip lists │
└─────────────────────────┘
