=== Genus grafting log: CladeGraft | 2026-04-12 17:39:01 ===

┌───────────┐
│ load plan │
└───────────┘
Plan rows: 113

┌──────────────────────────────┐
│ assemble donors & placements │
└──────────────────────────────┘
Row 1: Input_tree_type = phylogram
Row 2: Input_tree_type = phylogram
Row 3: Input_tree_type = chronogram
Row 4: Input_tree_type = chronogram
Row 5: Input_tree_type = chronogram
Row 6: Input_tree_type = chronogram
Row 7: Input_tree_type = chronogram
Row 8: Input_tree_type = chronogram
Row 9: Input_tree_type = chronogram
Row 10: Input_tree_type = chronogram
Row 11: Input_tree_type = chronogram
Row 12: Input_tree_type = phylogram
Row 13: Input_tree_type = chronogram
Row 14: Input_tree_type = chronogram
Row 15: Input_tree_type = chronogram
Row 16: Input_tree_type = chronogram
Row 17: Input_tree_type = chronogram
Row 18: Input_tree_type = chronogram
Row 19: Input_tree_type = phylogram
Row 20: Input_tree_type = chronogram
Row 21: Input_tree_type = chronogram
Row 22: Input_tree_type = chronogram
Row 23: Input_tree_type = phylogram
Row 24: Input_tree_type = chronogram
Row 25: Input_tree_type = phylogram
Row 26: Input_tree_type = chronogram
Row 27: Input_tree_type = chronogram
Row 28: Input_tree_type = chronogram
Row 29: Input_tree_type = phylogram
[skip row 29] Missing MRCA or file path
Row 30: Input_tree_type = phylogram
[skip row 30] Missing MRCA or file path
Row 31: Input_tree_type = phylogram
[skip row 31] Missing MRCA or file path
Row 32: Input_tree_type = chronogram
Row 33: Input_tree_type = phylogram
Row 34: Input_tree_type = chronogram
Row 35: Input_tree_type = chronogram
Row 36: Input_tree_type = chronogram
Row 37: Input_tree_type = chronogram
Row 38: Input_tree_type = phylogram
[skip row 38] Missing MRCA or file path
Row 39: Input_tree_type = chronogram
Row 40: Input_tree_type = phylogram
[skip row 40] Missing MRCA or file path
Row 41: Input_tree_type = phylogram
[skip row 41] Missing MRCA or file path
Row 42: Input_tree_type = phylogram
[skip row 42] Missing MRCA or file path
Row 43: Input_tree_type = chronogram
[skip row 43] Missing MRCA or file path
Row 44: Input_tree_type = phylogram
[skip row 44] Missing MRCA or file path
Row 45: Input_tree_type = chronogram
Row 46: Input_tree_type = phylogram
[skip row 46] Missing MRCA or file path
Row 47: Input_tree_type = phylogram
[skip row 47] Missing MRCA or file path
Row 48: Input_tree_type = phylogram
[skip row 48] Missing MRCA or file path
Row 49: Input_tree_type = phylogram
[skip row 49] Missing MRCA or file path
Row 50: Input_tree_type = phylogram
[skip row 50] Missing MRCA or file path
Row 51: Input_tree_type = chronogram
Row 52: Input_tree_type = chronogram
Row 53: Input_tree_type = phylogram
[skip row 53] Missing MRCA or file path
Row 54: Input_tree_type = phylogram
[skip row 54] Missing MRCA or file path
Row 55: Input_tree_type = phylogram
[skip row 55] Missing MRCA or file path
Row 56: Input_tree_type = phylogram
[skip row 56] Missing MRCA or file path
Row 57: Input_tree_type = phylogram
[skip row 57] Missing MRCA or file path
Row 58: Input_tree_type = phylogram
[skip row 58] Missing MRCA or file path
Row 59: Input_tree_type = phylogram
[skip row 59] Missing MRCA or file path
Row 60: Input_tree_type = chronogram
Row 61: Input_tree_type = chronogram
Row 62: Input_tree_type = chronogram
Row 63: Input_tree_type = chronogram
Row 64: Input_tree_type = chronogram
Row 65: Input_tree_type = chronogram
Row 66: Input_tree_type = chronogram
Row 67: Input_tree_type = chronogram
Row 68: Input_tree_type = chronogram
Row 69: Input_tree_type = chronogram
Row 70: Input_tree_type = chronogram
Row 71: Input_tree_type = chronogram
Row 72: Input_tree_type = chronogram
Row 73: Input_tree_type = chronogram
Row 74: Input_tree_type = chronogram
Row 75: Input_tree_type = chronogram
Row 76: Input_tree_type = chronogram
Row 77: Input_tree_type = chronogram
Row 78: Input_tree_type = chronogram
Row 79: Input_tree_type = chronogram
Row 80: Input_tree_type = chronogram
Row 81: Input_tree_type = chronogram
[skip row 81] Missing MRCA or file path
Row 82: Input_tree_type = phylogram
[skip row 82] Missing MRCA or file path
Row 83: Input_tree_type = phylogram
[skip row 83] Missing MRCA or file path
Row 84: Input_tree_type = phylogram
[skip row 84] Missing MRCA or file path
Row 85: Input_tree_type = chronogram
Row 86: Input_tree_type = chronogram
Row 87: Input_tree_type = chronogram
Row 88: Input_tree_type = chronogram
Row 89: Input_tree_type = chronogram
Row 90: Input_tree_type = phylogram
[skip row 90] Missing MRCA or file path
Row 91: Input_tree_type = phylogram
[skip row 91] Missing MRCA or file path
Row 92: Input_tree_type = phylogram
[skip row 92] Missing MRCA or file path
Row 93: Input_tree_type = phylogram
[skip row 93] Missing MRCA or file path
Row 94: Input_tree_type = phylogram
[skip row 94] Missing MRCA or file path
Row 95: Input_tree_type = phylogram
[skip row 95] Missing MRCA or file path
Row 96: Input_tree_type = phylogram
[skip row 96] Missing MRCA or file path
Row 97: Input_tree_type = phylogram
[skip row 97] Missing MRCA or file path
Row 98: Input_tree_type = phylogram
[skip row 98] Missing MRCA or file path
Row 99: Input_tree_type = phylogram
[skip row 99] Missing MRCA or file path
Row 100: Input_tree_type = phylogram
[skip row 100] Missing MRCA or file path
Row 101: Input_tree_type = phylogram
[skip row 101] Missing MRCA or file path
Row 102: Input_tree_type = phylogram
[skip row 102] Missing MRCA or file path
Row 103: Input_tree_type = phylogram
[skip row 103] Missing MRCA or file path
Row 104: Input_tree_type = phylogram
[skip row 104] Missing MRCA or file path
Row 105: Input_tree_type = phylogram
[skip row 105] Missing MRCA or file path
Row 106: Input_tree_type = phylogram
[skip row 106] Missing MRCA or file path
Row 107: Input_tree_type = phylogram
[skip row 107] Missing MRCA or file path
Row 108: Input_tree_type = phylogram
[skip row 108] Missing MRCA or file path
Row 109: Input_tree_type = phylogram
[skip row 109] Missing MRCA or file path
Row 110: Input_tree_type = phylogram
[skip row 110] Missing MRCA or file path
Row 111: Input_tree_type = phylogram
[skip row 111] Missing MRCA or file path
Row 112: Input_tree_type = phylogram
[skip row 112] Missing MRCA or file path
Row 113: Input_tree_type = phylogram
[skip row 113] Missing MRCA or file path
Donors ready: 64 (skipped: 49)

┌────────────────┐
│ load backbones │
└────────────────┘
Backbones: 1

┌───────────────────┐
│ graft many clades │
└───────────────────┘
Reusing cached donor template: /home/marek/ant-megatree/working_code/package/project/published/ectatomminae/extract_mrca_Bazboltonia_microps_GPC15-Gnamptogenys_boliviensis_GAB98_with_outgroup.template.rds
Reusing cached donor template: /home/marek/ant-megatree/working_code/package/project/published/ponerinae/extract_mrca_Anochetus_afr01_EX2929_CASENT0845774-Platythyrea_arnoldi_D2118_CASENT0842276_20260311-154558_with_outgroup.template.rds
Reusing cached donor template: /home/marek/ant-megatree/working_code/package/project/published/crematogastrini/blaimer2022/extract_mrca_Rostromyrmex_pasohensis-Atopomyrmex_cryptoceroides_20260404-132251_with_outgroup.template.rds
Reusing cached donor template: /home/marek/ant-megatree/working_code/package/project/published/acropyga/blaimer2016/extract_mrca_Acropyga_donisthorpei_ACR86-Acropyga_arnoldi_ACR22_20260404-165022_with_outgroup.template.rds
Reusing cached donor template: /home/marek/ant-megatree/working_code/package/project/published/camponotini/ward2025/extracted_genera/Calomyrmex/extract_Calomyrmex_20260410-123025_with_outgroup.template.rds
Reusing cached donor template: /home/marek/ant-megatree/working_code/package/project/published/camponotini/ward2025/extracted_genera/Colobopsis/extract_Colobopsis_20260410-123025_with_outgroup.template.rds
Reusing cached donor template: /home/marek/ant-megatree/working_code/package/project/published/camponotini/ward2025/extracted_genera/Camponotus/extract_Camponotus_20260410-123025_with_outgroup.template.rds
Reusing cached donor template: /home/marek/ant-megatree/working_code/package/project/published/camponotini/ward2025/extracted_genera/Echinopla/extract_Echinopla_20260410-123025_with_outgroup.template.rds
Reusing cached donor template: /home/marek/ant-megatree/working_code/package/project/published/camponotini/ward2025/extracted_genera/Overbeckia/extract_Overbeckia_20260410-123025_with_outgroup.template.rds
Reusing cached donor template: /home/marek/ant-megatree/working_code/package/project/published/camponotini/ward2025/extracted_genera/Opisthopsis/extract_Opisthopsis_20260410-123025_with_outgroup.template.rds
Reusing cached donor template: /home/marek/ant-megatree/working_code/package/project/published/camponotini/ward2025/extracted_genera/Lathidris/extract_Lathidris_20260410-123026_with_outgroup.template.rds
Reusing cached donor template: /home/marek/ant-megatree/working_code/package/project/published/cephalotes/price2022/Cephalotes_with_outgroup.template.rds
Reusing cached donor template: /home/marek/ant-megatree/working_code/package/project/published/crematogaster/blaimer2012/extract_mrca_Crematogaster_emeryi-Crematogaster_hova_complex_20260404-133421_with_outgroup.template.rds
Reusing cached donor template: /home/marek/ant-megatree/working_code/package/project/published/crematogaster/ward2022/extract_mrca_Crematogaster_scutellaris_BBX611-Crematogaster_ashmeadi_D1839_20260404-134141_with_outgroup.template.rds
Reusing cached donor template: /home/marek/ant-megatree/working_code/package/project/published/dorymyrmex/oberski2025/extract_mrca_Dorymyrmex_ebeninus_D1537-Dorymyrmex_ce01_D2967_20260404-192925_with_outgroup.template.rds
Reusing cached donor template: /home/marek/ant-megatree/working_code/package/project/published/dorymyrmex/oberski2025/extract_mrca_Forelius_damiani_D3046-Forelius_brasiliensis_D3042_20260404-192925_with_outgroup.template.rds
Reusing cached donor template: /home/marek/ant-megatree/working_code/package/project/published/dorymyrmex/oberski2025/extract_mrca_Leptomyrmex_relictus_D1200-Leptomyrmex_unicolor_D3033_20260404-192925_with_outgroup.template.rds
Reusing cached donor template: /home/marek/ant-megatree/working_code/package/project/published/formica/borowiec2021/extract_mrca_Formica_gagates_F0120-Formica_nevadensis_F0079_20260404-181141_with_outgroup.template.rds
Reusing cached donor template: /home/marek/ant-megatree/working_code/package/project/published/lasius/boudinot2022/Lasius_with_outgroup.template.rds
Reusing cached donor template: /home/marek/ant-megatree/working_code/package/project/published/myrmecia/mera-rodriguez2023/extract_mrca_Myrmecia_flammicollis_11550-Myrmecia_inquilina_13405_20260409-145529_with_outgroup.template.rds
Reusing cached donor template: /home/marek/ant-megatree/working_code/package/project/published/myrmicini/prebus2025/extract_mrca_Manica_hunteri_OR_S_Mattheiu_Lake_P861-Pogonomyrmex_maricopa_P882_20260404-165809_with_outgroup.template.rds
Reusing cached donor template: /home/marek/ant-megatree/working_code/package/project/published/prenolepis/matos-maravi2018/extract_mrca_Zatania_albimaculata-Nylanderia_NYLA026_20260404-171052_with_outgroup.template.rds
Reusing cached donor template: /home/marek/ant-megatree/working_code/package/project/published/nylanderia/williams2022/Nylanderia_with_outgroup.template.rds
Reusing cached donor template: /home/marek/ant-megatree/working_code/package/project/published/pheidole/economo2019/extract_mrca_Pheidole_fimbriata_CASENT0283061-Pheidole_allarmata_CASENT0283450_20260404-164232_with_outgroup.template.rds
Reusing cached donor template: /home/marek/ant-megatree/working_code/package/project/published/pseudomyrmex/chomicki2015/Pseudomyrmex_with_outgroup.template.rds
Reusing cached donor template: /home/marek/ant-megatree/working_code/package/project/published/pseudomyrmex/ward2022/extract_mrca_Pseudomyrmex_salvini_D1236-Pseudomyrmex_apache_D0155_20260409-144547_with_outgroup.template.rds
Reusing cached donor template: /home/marek/ant-megatree/working_code/package/project/published/pseudomyrmex/ward2017/extract_mrca_Pseudomyrmex_particeps_D1307-Pseudomyrmex_janzeni_D0620_20260404-173038_with_outgroup.template.rds
Reusing cached donor template: /home/marek/ant-megatree/working_code/package/project/published/stenammini/branstetter2022/extract_mrca_Novomessor_albisetosus_EX376-Stenamma_punctiventre_EX309_20260404-124915_with_outgroup.template.rds
Reusing cached donor template: /home/marek/ant-megatree/working_code/package/project/published/messor/juve2025/extract_mrca_Messor_asmaae_sp1_PAKISTAN_AWEY-Messor_picturatus_maurus_TUNISIA_WGS_SH02-03_20260404-174036_with_outgroup.template.rds
Reusing cached donor template: /home/marek/ant-megatree/working_code/package/project/published/strumigenys/booher2021/Strumigenys_with_outgroup.template.rds
Reusing cached donor template: /home/marek/ant-megatree/working_code/package/project/published/temnothorax/prebus2017/extract_mrca_Temnothorax_nitens_P017-Temnothorax_mpala_P010_20260408-155341_with_outgroup_no_aztecus.template.rds
Reusing cached donor template: /home/marek/ant-megatree/working_code/package/project/published/temnothorax/prebus2021/filtered_data_beast_output_renamed.template.rds
Reusing cached donor template: /home/marek/ant-megatree/working_code/package/project/published/temnothorax/csosz2024/Csosz_et_al_unifasciatus_no_outgroup.template.rds
Reusing cached donor template: /home/marek/ant-megatree/working_code/package/project/published/attini/schultz2024/extract_mrca_Mycocepurus_obsoletus_7308-Trachymyrmex_opulentus_8122_20260404-141656_with_outgroup.template.rds

┌─────────────────────────┐
│ Template: input summary │
└─────────────────────────┘

┌────────────────────────────┐
│ Template: authority filter │
└────────────────────────────┘
Valid ingroup species kept: 0; dropped absent: 0
[SKIP] MRCA{Dorylus,Eciton}: template could not be prepared (No ingroup retained after authority filter).
Reusing cached donor template: /home/marek/ant-megatree/working_code/package/project/published/ocymyrmex/mbanyana2024/extract_mrca_Ocymyrmex_sp_2_HYM_C027808_Ocy103-Ocymyrmex_celer_BBC660_20260409-142001_with_outgroup.template.rds
Reusing cached donor template: /home/marek/ant-megatree/working_code/package/project/published/brachymyrmex/probst2024/extract_mrca_Brachymyrmex_heeri_EXRP182-Brachymyrmex_admotus_EXRP163_20260411-120339_with_outgroup.template.rds
Reusing cached donor template: /home/marek/ant-megatree/working_code/package/project/published/myrmelachista/probst2024/extract_mrca_Myrmelachista_hoffmanni_EXRP103-Myrmelachista_lauropacifica_EXRP74_20260411-120339_with_outgroup.template.rds
Reusing cached donor template: /home/marek/ant-megatree/working_code/package/project/published/formicidae/nelsen2023/extract_mrca_Onychomyrmex_hedleyi-Mystrium_mirror_20260411-115038_with_outgroup.template.rds
Reusing cached donor template: /home/marek/ant-megatree/working_code/package/project/published/formicidae/nelsen2023/extracted_genera/Aptinoma/extract_Aptinoma_20260411-115327_with_outgroup.template.rds
Reusing cached donor template: /home/marek/ant-megatree/working_code/package/project/published/formicidae/nelsen2023/extracted_genera/Liometopum/extract_Liometopum_20260411-115328_with_outgroup.template.rds
Reusing cached donor template: /home/marek/ant-megatree/working_code/package/project/published/formicidae/nelsen2023/extracted_genera/Bothriomyrmex/extract_Bothriomyrmex_20260411-115328_with_outgroup.template.rds
Reusing cached donor template: /home/marek/ant-megatree/working_code/package/project/published/formicidae/nelsen2023/extracted_genera/Dolichoderus/extract_Dolichoderus_20260411-115328_with_outgroup.template.rds
Reusing cached donor template: /home/marek/ant-megatree/working_code/package/project/published/formicidae/nelsen2023/extracted_genera/Azteca/extract_Azteca_20260411-115328_with_outgroup.template.rds
Reusing cached donor template: /home/marek/ant-megatree/working_code/package/project/published/formicidae/nelsen2023/extracted_genera/Leptomyrmex/extract_Leptomyrmex_20260411-115328_with_outgroup.template.rds
Reusing cached donor template: /home/marek/ant-megatree/working_code/package/project/published/formicidae/nelsen2023/extracted_genera/Anonychomyrma/extract_Anonychomyrma_20260411-115329_with_outgroup.template.rds
Reusing cached donor template: /home/marek/ant-megatree/working_code/package/project/published/formicidae/nelsen2023/extracted_genera/Froggattella/extract_Froggattella_20260411-115329_with_outgroup.template.rds
Reusing cached donor template: /home/marek/ant-megatree/working_code/package/project/published/formicidae/nelsen2023/extracted_genera/Iridomyrmex/extract_Iridomyrmex_20260411-115329_with_outgroup.template.rds
Reusing cached donor template: /home/marek/ant-megatree/working_code/package/project/published/formicidae/nelsen2023/extracted_genera/Linepithema/extract_Linepithema_20260411-115329_with_outgroup.template.rds
Reusing cached donor template: /home/marek/ant-megatree/working_code/package/project/published/formicidae/nelsen2023/extracted_genera/Tetraponera/extract_Tetraponera_20260411-115329_with_outgroup.template.rds
Reusing cached donor template: /home/marek/ant-megatree/working_code/package/project/published/formicidae/nelsen2023/extracted_genera/Oecophylla/extract_Oecophylla_20260411-115329_with_outgroup.template.rds
Reusing cached donor template: /home/marek/ant-megatree/working_code/package/project/published/formicidae/nelsen2023/extracted_genera/Myrmica/extract_Myrmica_20260411-115330_with_outgroup.template.rds
Reusing cached donor template: /home/marek/ant-megatree/working_code/package/project/published/formicidae/nelsen2023/extracted_genera/Tetramorium/extract_Tetramorium_20260411-115330_with_outgroup.template.rds
Reusing cached donor template: /home/marek/ant-megatree/working_code/package/project/published/formicidae/nelsen2023/extracted_genera/Cardiocondyla/extract_Cardiocondyla_20260411-115330_with_outgroup.template.rds
Reusing cached donor template: /home/marek/ant-megatree/working_code/package/project/published/formicidae/nelsen2023/extracted_genera/Megalomyrmex/extract_Megalomyrmex_20260411-115330_with_outgroup.template.rds
Reusing cached donor template: /home/marek/ant-megatree/working_code/package/project/published/formicidae/nelsen2023/extracted_genera/Syllophopsis/extract_Syllophopsis_20260411-115330_with_outgroup.template.rds
Reusing cached donor template: /home/marek/ant-megatree/working_code/package/project/published/formicidae/nelsen2023/extracted_genera/Myrmicaria/extract_Myrmicaria_20260411-115331_with_outgroup.template.rds
Reusing cached donor template: /home/marek/ant-megatree/working_code/package/project/published/formicidae/nelsen2023/extracted_genera/Ochetomyrmex/extract_Ochetomyrmex_20260411-115331_with_outgroup.template.rds
Reusing cached donor template: /home/marek/ant-megatree/working_code/package/project/published/formicidae/nelsen2023/extracted_genera/Polyrhachis/extract_Polyrhachis_20260411-115331_with_outgroup.template.rds
Reusing cached donor template: /home/marek/ant-megatree/working_code/package/project/published/mami-madagascar/camacho2024/extracted_genera/Malagidris/extract_Malagidris_20260411-114011_with_outgroup.template.rds
Reusing cached donor template: /home/marek/ant-megatree/working_code/package/project/published/mami-madagascar/camacho2024/extracted_genera/Metapone/extract_Metapone_20260411-114011_with_outgroup.template.rds
Reusing cached donor template: /home/marek/ant-megatree/working_code/package/project/published/mami-madagascar/camacho2024/extracted_genera/Royidris/extract_Royidris_20260411-114011_with_outgroup.template.rds
Reusing cached donor template: /home/marek/ant-megatree/working_code/package/project/published/mami-madagascar/camacho2024/extracted_genera/Tanipone/extract_Tanipone_20260411-114012_with_outgroup.template.rds
Reusing cached donor template: /home/marek/ant-megatree/working_code/package/project/published/mami-madagascar/camacho2024/extracted_genera/Vitsika/extract_Vitsika_20260411-114012_with_outgroup.template.rds
Collapsing MRCA(Bazboltonia,Gnamptogenys) by retaining backbone tip Acanthoponera and grafting donor as terminal replacement.
Collapsing MRCA(Platythyrea,Leptogenys) by retaining backbone tip Anochetus and grafting donor as terminal replacement.
Collapsing MRCA(Rostromyrmex,Leptothorax) by retaining backbone tip Acanthomyrmex and grafting donor as terminal replacement.
Collapsing MRCA(Crematogaster_macracantha,Crematogaster_kelleri) by retaining backbone tip Crematogaster_aberrans and grafting donor as terminal replacement.
Collapsing MRCA(Crematogaster_scutellaris,Crematogaster_pilosa) by retaining backbone tip Crematogaster_coarctata and grafting donor as terminal replacement.
Collapsing MRCA(Manica,Pogonomyrmex) by retaining backbone tip Hylomyrma and grafting donor as terminal replacement.
Collapsing MRCA(Zatania,Nylanderia) by retaining backbone tip Euprenolepis and grafting donor as terminal replacement.
[SKIP tree 1] TIP{Nylanderia}: target missing in this backbone.
Collapsing MRCA(Pseudomyrmex_salvini,Pseudomyrmex_elongatulus) by retaining backbone tip Pseudomyrmex_apache and grafting donor as terminal replacement.
Collapsing MRCA(Pseudomyrmex_particeps,Pseudomyrmex_janzeni) by retaining backbone tip Pseudomyrmex_ferrugineus and grafting donor as terminal replacement.
Collapsing MRCA(Novomessor,Stenamma) by retaining backbone tip Aphaenogaster and grafting donor as terminal replacement.
Collapsing MRCA(Messor_aciculatus,Messor_denticornis) by retaining backbone tip Messor_aciculatus and grafting donor as terminal replacement.
Collapsing MRCA(Temnothorax_poeyi,Temnothorax_bernardi) by retaining backbone tip Temnothorax_bernardi and grafting donor as terminal replacement.
Collapsing MRCA(Apterostigma,Acromyrmex) by retaining backbone tip Acromyrmex and grafting donor as terminal replacement.
Collapsing MRCA(Ocymyrmex_celer,Ocymyrmex_picardi) by retaining backbone tip Ocymyrmex_celer and grafting donor as terminal replacement.
Collapsing MRCA(Amblyopone,Myopopone) by retaining backbone tip Adetomyrma and grafting donor as terminal replacement.
Collapsing MRCA(Leptomyrmex_garretti,Leptomyrmex_puberulus) by retaining backbone tip Leptomyrmex_burwelli and grafting donor as terminal replacement.
Collapsing MRCA(Myrmica_wheeleri,Myrmica_fracticornis) by retaining backbone tip Myrmica_americana and grafting donor as terminal replacement.
Collapsing MRCA(Tetramorium_taylori,Tetramorium_validiusculum) by retaining backbone tip Strongylognathus_testaceus and grafting donor as terminal replacement.
Collapsing MRCA(Cardiocondyla_mauritanica,Cardiocondyla_thoracica) by retaining backbone tip Cardiocondyla_mauritanica and grafting donor as terminal replacement.
Collapsing MRCA(Malagidris_belti,Malagidris_jugum) by retaining backbone tip Malagidris_belti and grafting donor as terminal replacement.
[SKIP tree 1] MRCA{Royidris_longiseta,Royidris_notorthenes}: target missing in this backbone.
[SKIP tree 1] MRCA{Tanipone_aglandula,Tanipone_scelesta}: target missing in this backbone.
Collapsing MRCA(Vitsika_producta,Vitsika_suspicax) by retaining backbone tip Vitsika_brevis and grafting donor as terminal replacement.

┌─────────────────────────┐
│ write plots & tip lists │
└─────────────────────────┘
