=== Genus grafting log: CladeGraft | 2026-04-10 11:59:38 ===

┌───────────┐
│ load plan │
└───────────┘
Plan rows: 40

┌──────────────────────────────┐
│ assemble donors & placements │
└──────────────────────────────┘
[skip row 3] Missing MRCA or file path
[skip row 24] Missing MRCA or file path
[skip row 25] Missing MRCA or file path
[skip row 26] Missing MRCA or file path
[skip row 29] Missing MRCA or file path
[skip row 30] Missing MRCA or file path
[skip row 32] Missing MRCA or file path
[skip row 34] Missing MRCA or file path
[skip row 35] Missing MRCA or file path
[skip row 36] Missing MRCA or file path
[skip row 37] Missing MRCA or file path
[skip row 38] Missing MRCA or file path
[skip row 39] Missing MRCA or file path
Donors ready: 27 (skipped: 13)

┌────────────────┐
│ load backbones │
└────────────────┘
Backbones: 1

┌───────────────────┐
│ graft many clades │
└───────────────────┘

┌─────────────────────────┐
│ Template: input summary │
└─────────────────────────┘
Outgroup inferred as root singleton: Stenamma_alas

┌────────────────────────────┐
│ Template: authority filter │
└────────────────────────────┘
Valid ingroup species kept: 106; dropped absent: 22

┌────────────────────────────────────────┐
│ Template: donor ultrametric conversion │
└────────────────────────────────────────┘
Donor tree not ultrametric or chronos forced; estimating chronogram.
