=== Genus grafting log: CladeGraft | 2026-03-31 15:08:13 ===

┌───────────┐
│ load plan │
└───────────┘
Plan rows: 22

┌──────────────────────────────┐
│ assemble donors & placements │
└──────────────────────────────┘
Donors ready: 22 (skipped: 0)

┌────────────────┐
│ load backbones │
└────────────────┘
Backbones: 1

┌───────────────────┐
│ graft many clades │
└───────────────────┘

┌─────────────────────────┐
│ Template: input summary │
└─────────────────────────┘
Outgroup inferred as root singleton: Stenamma_alas

┌────────────────────────────┐
│ Template: authority filter │
└────────────────────────────┘
Valid ingroup species kept: 106; dropped absent: 22

┌────────────────────────────────────────┐
│ Template: donor ultrametric conversion │
└────────────────────────────────────────┘
