=== Genus grafting log: CladeGraft | 2026-04-20 11:19:02 ===

┌───────────┐
│ load plan │
└───────────┘
Plan rows: 118

┌──────────────────────────────┐
│ assemble donors & placements │
└──────────────────────────────┘
Row 1: Input_tree_type = phylogram
Row 2: Input_tree_type = phylogram
Row 3: Input_tree_type = chronogram
Row 4: Input_tree_type = chronogram
Row 5: Input_tree_type = chronogram
Row 6: Input_tree_type = chronogram
Row 7: Input_tree_type = chronogram
Row 8: Input_tree_type = chronogram
Row 9: Input_tree_type = chronogram
Row 10: Input_tree_type = chronogram
Row 11: Input_tree_type = chronogram
Row 12: Input_tree_type = phylogram
Row 13: Input_tree_type = chronogram
Row 14: Input_tree_type = chronogram
Row 15: Input_tree_type = chronogram
Row 16: Input_tree_type = chronogram
Row 17: Input_tree_type = chronogram
Row 18: Input_tree_type = chronogram
Row 19: Input_tree_type = phylogram
Row 20: Input_tree_type = chronogram
Row 21: Input_tree_type = chronogram
Row 22: Input_tree_type = chronogram
Row 23: Input_tree_type = chronogram
Row 24: Input_tree_type = phylogram
Row 25: Input_tree_type = chronogram
Row 26: Input_tree_type = phylogram
Row 27: Input_tree_type = chronogram
[skip row 27] Missing MRCA or file path
Row 28: Input_tree_type = chronogram
Row 29: Input_tree_type = chronogram
Row 30: Input_tree_type = chronogram
Row 31: Input_tree_type = phylogram
[skip row 31] Missing MRCA or file path
Row 32: Input_tree_type = phylogram
[skip row 32] Missing MRCA or file path
Row 33: Input_tree_type = phylogram
[skip row 33] Missing MRCA or file path
Row 34: Input_tree_type = chronogram
Row 35: Input_tree_type = chronogram
Row 36: Input_tree_type = chronogram
Row 37: Input_tree_type = chronogram
Row 38: Input_tree_type = chronogram
Row 39: Input_tree_type = chronogram
Row 40: Input_tree_type = phylogram
[skip row 40] Missing MRCA or file path
Row 41: Input_tree_type = chronogram
Row 42: Input_tree_type = phylogram
[skip row 42] Missing MRCA or file path
Row 43: Input_tree_type = phylogram
[skip row 43] Missing MRCA or file path
Row 44: Input_tree_type = phylogram
[skip row 44] Missing MRCA or file path
Row 45: Input_tree_type = chronogram
[skip row 45] Missing MRCA or file path
Row 46: Input_tree_type = phylogram
[skip row 46] Missing MRCA or file path
Row 47: Input_tree_type = chronogram
Row 48: Input_tree_type = chronogram
Row 49: Input_tree_type = phylogram
[skip row 49] Missing MRCA or file path
Row 50: Input_tree_type = phylogram
[skip row 50] Missing MRCA or file path
Row 51: Input_tree_type = phylogram
[skip row 51] Missing MRCA or file path
Row 52: Input_tree_type = phylogram
[skip row 52] Missing MRCA or file path
Row 53: Input_tree_type = chronogram
Row 54: Input_tree_type = chronogram
Row 55: Input_tree_type = phylogram
[skip row 55] Missing MRCA or file path
Row 56: Input_tree_type = phylogram
[skip row 56] Missing MRCA or file path
Row 57: Input_tree_type = chronogram
Row 58: Input_tree_type = phylogram
[skip row 58] Missing MRCA or file path
Row 59: Input_tree_type = phylogram
Row 60: Input_tree_type = phylogram
[skip row 60] Missing MRCA or file path
Row 61: Input_tree_type = phylogram
[skip row 61] Missing MRCA or file path
Row 62: Input_tree_type = chronogram
Row 63: Input_tree_type = chronogram
Row 64: Input_tree_type = chronogram
Row 65: Input_tree_type = chronogram
Row 66: Input_tree_type = chronogram
Row 67: Input_tree_type = chronogram
Row 68: Input_tree_type = chronogram
Row 69: Input_tree_type = chronogram
Row 70: Input_tree_type = chronogram
Row 71: Input_tree_type = chronogram
Row 72: Input_tree_type = chronogram
Row 73: Input_tree_type = chronogram
Row 74: Input_tree_type = chronogram
Row 75: Input_tree_type = chronogram
Row 76: Input_tree_type = chronogram
Row 77: Input_tree_type = chronogram
Row 78: Input_tree_type = chronogram
Row 79: Input_tree_type = chronogram
Row 80: Input_tree_type = chronogram
Row 81: Input_tree_type = chronogram
Row 82: Input_tree_type = chronogram
Row 83: Input_tree_type = chronogram
[skip row 83] Missing MRCA or file path
Row 84: Input_tree_type = phylogram
[skip row 84] Missing MRCA or file path
Row 85: Input_tree_type = phylogram
[skip row 85] Missing MRCA or file path
Row 86: Input_tree_type = phylogram
[skip row 86] Missing MRCA or file path
Row 87: Input_tree_type = chronogram
Row 88: Input_tree_type = chronogram
Row 89: Input_tree_type = chronogram
Row 90: Input_tree_type = chronogram
Row 91: Input_tree_type = chronogram
Row 92: Input_tree_type = phylogram
[skip row 92] Missing MRCA or file path
Row 93: Input_tree_type = phylogram
[skip row 93] Missing MRCA or file path
Row 94: Input_tree_type = phylogram
[skip row 94] Missing MRCA or file path
Row 95: Input_tree_type = phylogram
[skip row 95] Missing MRCA or file path
Row 96: Input_tree_type = phylogram
[skip row 96] Missing MRCA or file path
Row 97: Input_tree_type = phylogram
[skip row 97] Missing MRCA or file path
Row 98: Input_tree_type = phylogram
[skip row 98] Missing MRCA or file path
Row 99: Input_tree_type = chronogram
Row 100: Input_tree_type = phylogram
[skip row 100] Missing MRCA or file path
Row 101: Input_tree_type = phylogram
[skip row 101] Missing MRCA or file path
Row 102: Input_tree_type = phylogram
[skip row 102] Missing MRCA or file path
Row 103: Input_tree_type = chronogram
Row 104: Input_tree_type = phylogram
[skip row 104] Missing MRCA or file path
Row 105: Input_tree_type = phylogram
[skip row 105] Missing MRCA or file path
Row 106: Input_tree_type = phylogram
[skip row 106] Missing MRCA or file path
Row 107: Input_tree_type = phylogram
[skip row 107] Missing MRCA or file path
Row 108: Input_tree_type = phylogram
[skip row 108] Missing MRCA or file path
Row 109: Input_tree_type = phylogram
[skip row 109] Missing MRCA or file path
Row 110: Input_tree_type = phylogram
[skip row 110] Missing MRCA or file path
Row 111: Input_tree_type = chronogram
Row 112: Input_tree_type = phylogram
[skip row 112] Missing MRCA or file path
Row 113: Input_tree_type = phylogram
[skip row 113] Missing MRCA or file path
Row 114: Input_tree_type = phylogram
[skip row 114] Missing MRCA or file path
Row 115: Input_tree_type = phylogram
[skip row 115] Missing MRCA or file path
Row 116: Input_tree_type = phylogram
[skip row 116] Missing MRCA or file path
Row 117: Input_tree_type = phylogram
[skip row 117] Missing MRCA or file path
Row 118: Input_tree_type = chronogram
Donors ready: 72 (skipped: 46)

┌────────────────┐
│ load backbones │
└────────────────┘
Backbones: 1

┌───────────────────┐
│ graft many clades │
└───────────────────┘

┌─────────────────────────┐
│ Template: input summary │
└─────────────────────────┘
Outgroup inferred as root singleton: Stenamma_alas

┌────────────────────────────┐
│ Template: authority filter │
└────────────────────────────┘
Valid ingroup species kept: 106; dropped absent: 29

┌────────────────────────────────────────┐
│ Template: donor ultrametric conversion │
└────────────────────────────────────────┘
Donor tree type: phylogram; ultrametric: FALSE
Phylogram detected; estimating chronogram with chronos.
Selected chronos:
  model=discrete
  lambda=0.1
  rate_cats=1
  PHIIC=231.720649
  logLik=-9.860324
  converged=TRUE
  note=Selected best CONVERGED chronos model.

┌──────────────────┐
│ Template: output │
└──────────────────┘
Donor stem_fraction=0.132687 crown_fraction=0.867313
Saved donor template to: /home/marek/ant-megatree/working_code/package/project/published/ectatomminae/extract_mrca_Bazboltonia_microps_GPC15-Gnamptogenys_boliviensis_GAB98_with_outgroup.template.rds
Reusing cached donor template: /home/marek/ant-megatree/working_code/package/project/published/ponerinae/extract_mrca_Anochetus_afr01_EX2929_CASENT0845774-Platythyrea_arnoldi_D2118_CASENT0842276_20260311-154558_with_outgroup.template.rds

┌─────────────────────────┐
│ Template: input summary │
└─────────────────────────┘
Outgroup inferred as root singleton: Monomorium_hanneli

┌────────────────────────────┐
│ Template: authority filter │
└────────────────────────────┘
Valid ingroup species kept: 118; dropped absent: 35

┌────────────────────────────────────────┐
│ Template: donor ultrametric conversion │
└────────────────────────────────────────┘
Donor tree type: chronogram; ultrametric: FALSE
Input tree declared as chronogram; skipping chronos.
Chronogram not ultrametric (likely numerical jitter); enforcing ultrametricity using 'extend'.

┌──────────────────┐
│ Template: output │
└──────────────────┘
Donor stem_fraction=0.075777 crown_fraction=0.924223
Saved donor template to: /home/marek/ant-megatree/working_code/package/project/published/crematogastrini/blaimer2022/extract_mrca_Rostromyrmex_pasohensis-Atopomyrmex_cryptoceroides_20260404-132251_with_outgroup.template.rds

┌─────────────────────────┐
│ Template: input summary │
└─────────────────────────┘
Outgroup inferred as root singleton: Agraulomyrmex_TZ01

┌────────────────────────────┐
│ Template: authority filter │
└────────────────────────────┘
Valid ingroup species kept: 22; dropped absent: 0

┌────────────────────────────────────────┐
│ Template: donor ultrametric conversion │
└────────────────────────────────────────┘
Donor tree type: chronogram; ultrametric: FALSE
Input tree declared as chronogram; skipping chronos.
Chronogram not ultrametric (likely numerical jitter); enforcing ultrametricity using 'extend'.

┌──────────────────┐
│ Template: output │
└──────────────────┘
Donor stem_fraction=0.342731 crown_fraction=0.657269
Saved donor template to: /home/marek/ant-megatree/working_code/package/project/published/acropyga/blaimer2016/extract_mrca_Acropyga_donisthorpei_ACR86-Acropyga_arnoldi_ACR22_20260404-165022_with_outgroup.template.rds

┌─────────────────────────┐
│ Template: input summary │
└─────────────────────────┘
Outgroup inferred as root singleton: Overbeckia_my01_D2498

┌────────────────────────────┐
│ Template: authority filter │
└────────────────────────────┘
Valid ingroup species kept: 5; dropped absent: 0

┌────────────────────────────────────────┐
│ Template: donor ultrametric conversion │
└────────────────────────────────────────┘
Donor tree type: chronogram; ultrametric: FALSE
Input tree declared as chronogram; skipping chronos.
Chronogram not ultrametric (likely numerical jitter); enforcing ultrametricity using 'extend'.

┌──────────────────┐
│ Template: output │
└──────────────────┘
Donor stem_fraction=0.297319 crown_fraction=0.702681
Saved donor template to: /home/marek/ant-megatree/working_code/package/project/published/camponotini/ward2025/extracted_genera/Calomyrmex/extract_Calomyrmex_20260410-123025_with_outgroup.template.rds

┌─────────────────────────┐
│ Template: input summary │
└─────────────────────────┘
Outgroup inferred as root singleton: Polyrhachis_AU_A_D2316

┌────────────────────────────┐
│ Template: authority filter │
└────────────────────────────┘
Valid ingroup species kept: 16; dropped absent: 2

┌────────────────────────────────────────┐
│ Template: donor ultrametric conversion │
└────────────────────────────────────────┘
Donor tree type: chronogram; ultrametric: FALSE
Input tree declared as chronogram; skipping chronos.
Chronogram not ultrametric (likely numerical jitter); enforcing ultrametricity using 'extend'.

┌──────────────────┐
│ Template: output │
└──────────────────┘
Donor stem_fraction=0.413138 crown_fraction=0.586862
Saved donor template to: /home/marek/ant-megatree/working_code/package/project/published/camponotini/ward2025/extracted_genera/Colobopsis/extract_Colobopsis_20260410-123025_with_outgroup.template.rds

┌─────────────────────────┐
│ Template: input summary │
└─────────────────────────┘
Outgroup inferred as root singleton: Echinopla_australis

┌────────────────────────────┐
│ Template: authority filter │
└────────────────────────────┘
Valid ingroup species kept: 110; dropped absent: 0

┌────────────────────────────────────────┐
│ Template: donor ultrametric conversion │
└────────────────────────────────────────┘
Donor tree type: chronogram; ultrametric: FALSE
Input tree declared as chronogram; skipping chronos.
Chronogram not ultrametric (likely numerical jitter); enforcing ultrametricity using 'extend'.

┌──────────────────┐
│ Template: output │
└──────────────────┘
Donor stem_fraction=0.044031 crown_fraction=0.955969
Saved donor template to: /home/marek/ant-megatree/working_code/package/project/published/camponotini/ward2025/extracted_genera/Camponotus/extract_Camponotus_20260410-123025_with_outgroup.template.rds

┌─────────────────────────┐
│ Template: input summary │
└─────────────────────────┘
Outgroup inferred as root singleton: Overbeckia_my01_D2498

┌────────────────────────────┐
│ Template: authority filter │
└────────────────────────────┘
Valid ingroup species kept: 2; dropped absent: 0

┌────────────────────────────────────────┐
│ Template: donor ultrametric conversion │
└────────────────────────────────────────┘
Donor tree type: chronogram; ultrametric: FALSE
Input tree declared as chronogram; skipping chronos.
Chronogram not ultrametric (likely numerical jitter); enforcing ultrametricity using 'extend'.

┌──────────────────┐
│ Template: output │
└──────────────────┘
Donor stem_fraction=0.339867 crown_fraction=0.660133
Saved donor template to: /home/marek/ant-megatree/working_code/package/project/published/camponotini/ward2025/extracted_genera/Echinopla/extract_Echinopla_20260410-123025_with_outgroup.template.rds

┌─────────────────────────┐
│ Template: input summary │
└─────────────────────────┘
Outgroup inferred as root singleton: Calomyrmex_albertisi

┌────────────────────────────┐
│ Template: authority filter │
└────────────────────────────┘
Valid ingroup species kept: 2; dropped absent: 1

┌────────────────────────────────────────┐
│ Template: donor ultrametric conversion │
└────────────────────────────────────────┘
Donor tree type: chronogram; ultrametric: TRUE
Input tree declared as chronogram; skipping chronos.

┌──────────────────┐
│ Template: output │
└──────────────────┘
Donor stem_fraction=0.690234 crown_fraction=0.309766
Saved donor template to: /home/marek/ant-megatree/working_code/package/project/published/camponotini/ward2025/extracted_genera/Overbeckia/extract_Overbeckia_20260410-123025_with_outgroup.template.rds

┌─────────────────────────┐
│ Template: input summary │
└─────────────────────────┘
Outgroup inferred as root singleton: Camponotus_ephippiatus

┌────────────────────────────┐
│ Template: authority filter │
└────────────────────────────┘
Valid ingroup species kept: 4; dropped absent: 1

┌────────────────────────────────────────┐
│ Template: donor ultrametric conversion │
└────────────────────────────────────────┘
Donor tree type: chronogram; ultrametric: FALSE
Input tree declared as chronogram; skipping chronos.
Chronogram not ultrametric (likely numerical jitter); enforcing ultrametricity using 'extend'.

┌──────────────────┐
│ Template: output │
└──────────────────┘
Donor stem_fraction=0.802454 crown_fraction=0.197546
Saved donor template to: /home/marek/ant-megatree/working_code/package/project/published/camponotini/ward2025/extracted_genera/Opisthopsis/extract_Opisthopsis_20260410-123025_with_outgroup.template.rds

┌─────────────────────────┐
│ Template: input summary │
└─────────────────────────┘
Outgroup inferred as root singleton: Camponotus_ephippiatus

┌────────────────────────────┐
│ Template: authority filter │
└────────────────────────────┘
Valid ingroup species kept: 3; dropped absent: 0

┌────────────────────────────────────────┐
│ Template: donor ultrametric conversion │
└────────────────────────────────────────┘
Donor tree type: chronogram; ultrametric: FALSE
Input tree declared as chronogram; skipping chronos.
Chronogram not ultrametric (likely numerical jitter); enforcing ultrametricity using 'extend'.

┌──────────────────┐
│ Template: output │
└──────────────────┘
Donor stem_fraction=0.766889 crown_fraction=0.233111
Saved donor template to: /home/marek/ant-megatree/working_code/package/project/published/camponotini/ward2025/extracted_genera/Lathidris/extract_Lathidris_20260410-123026_with_outgroup.template.rds

┌─────────────────────────┐
│ Template: input summary │
└─────────────────────────┘
Outgroup inferred as root singleton: Procryptocerus_scabriusculus

┌────────────────────────────┐
│ Template: authority filter │
└────────────────────────────┘
Valid ingroup species kept: 63; dropped absent: 40

┌────────────────────────────────────────┐
│ Template: donor ultrametric conversion │
└────────────────────────────────────────┘
Donor tree type: phylogram; ultrametric: FALSE
Phylogram detected; estimating chronogram with chronos.
Selected chronos:
  model=discrete
  lambda=0.1
  rate_cats=1
  PHIIC=132.874177
  logLik=-3.437088
  converged=TRUE
  note=Selected best CONVERGED chronos model.

┌──────────────────┐
│ Template: output │
└──────────────────┘
Donor stem_fraction=0.579271 crown_fraction=0.420729
Saved donor template to: /home/marek/ant-megatree/working_code/package/project/published/cephalotes/price2022/Cephalotes_with_outgroup.template.rds

┌─────────────────────────┐
│ Template: input summary │
└─────────────────────────┘
Outgroup inferred as root singleton: Recurvidris_TH01

┌────────────────────────────┐
│ Template: authority filter │
└────────────────────────────┘
Valid ingroup species kept: 110; dropped absent: 11

┌────────────────────────────────────────┐
│ Template: donor ultrametric conversion │
└────────────────────────────────────────┘
Donor tree type: chronogram; ultrametric: FALSE
Input tree declared as chronogram; skipping chronos.
Chronogram not ultrametric (likely numerical jitter); enforcing ultrametricity using 'extend'.

┌──────────────────┐
│ Template: output │
└──────────────────┘
Donor stem_fraction=0.408633 crown_fraction=0.591367
Saved donor template to: /home/marek/ant-megatree/working_code/package/project/published/crematogaster/blaimer2012/extract_mrca_Crematogaster_emeryi-Crematogaster_hova_complex_20260404-133421_with_outgroup.template.rds

┌─────────────────────────┐
│ Template: input summary │
└─────────────────────────┘
Outgroup inferred as root singleton: Crematogaster_lotti

┌────────────────────────────┐
│ Template: authority filter │
└────────────────────────────┘
Valid ingroup species kept: 31; dropped absent: 2

┌────────────────────────────────────────┐
│ Template: donor ultrametric conversion │
└────────────────────────────────────────┘
Donor tree type: chronogram; ultrametric: FALSE
Input tree declared as chronogram; skipping chronos.
Chronogram not ultrametric (likely numerical jitter); enforcing ultrametricity using 'extend'.

┌──────────────────┐
│ Template: output │
└──────────────────┘
Donor stem_fraction=0.486845 crown_fraction=0.513155
Saved donor template to: /home/marek/ant-megatree/working_code/package/project/published/crematogaster/ward2022/extract_mrca_Crematogaster_scutellaris_BBX611-Crematogaster_ashmeadi_D1839_20260404-134141_with_outgroup.template.rds

┌─────────────────────────┐
│ Template: input summary │
└─────────────────────────┘
Outgroup inferred as root singleton: Forelius_damiani

┌────────────────────────────┐
│ Template: authority filter │
└────────────────────────────┘
Valid ingroup species kept: 29; dropped absent: 59

┌────────────────────────────────────────┐
│ Template: donor ultrametric conversion │
└────────────────────────────────────────┘
Donor tree type: chronogram; ultrametric: FALSE
Input tree declared as chronogram; skipping chronos.
Chronogram not ultrametric (likely numerical jitter); enforcing ultrametricity using 'extend'.

┌──────────────────┐
│ Template: output │
└──────────────────┘
Donor stem_fraction=0.183456 crown_fraction=0.816544
Saved donor template to: /home/marek/ant-megatree/working_code/package/project/published/dorymyrmex/oberski2025/extract_mrca_Dorymyrmex_ebeninus_D1537-Dorymyrmex_ce01_D2967_20260404-192925_with_outgroup.template.rds

┌─────────────────────────┐
│ Template: input summary │
└─────────────────────────┘
Outgroup inferred as root singleton: Dorymyrmex_paranensis

┌────────────────────────────┐
│ Template: authority filter │
└────────────────────────────┘
Valid ingroup species kept: 8; dropped absent: 0

┌────────────────────────────────────────┐
│ Template: donor ultrametric conversion │
└────────────────────────────────────────┘
Donor tree type: chronogram; ultrametric: FALSE
Input tree declared as chronogram; skipping chronos.
Chronogram not ultrametric (likely numerical jitter); enforcing ultrametricity using 'extend'.

┌──────────────────┐
│ Template: output │
└──────────────────┘
Donor stem_fraction=0.545591 crown_fraction=0.454409
Saved donor template to: /home/marek/ant-megatree/working_code/package/project/published/dorymyrmex/oberski2025/extract_mrca_Forelius_damiani_D3046-Forelius_brasiliensis_D3042_20260404-192925_with_outgroup.template.rds

┌─────────────────────────┐
│ Template: input summary │
└─────────────────────────┘
Outgroup inferred as root singleton: Dorymyrmex_paranensis

┌────────────────────────────┐
│ Template: authority filter │
└────────────────────────────┘
Valid ingroup species kept: 9; dropped absent: 0

┌────────────────────────────────────────┐
│ Template: donor ultrametric conversion │
└────────────────────────────────────────┘
Donor tree type: chronogram; ultrametric: FALSE
Input tree declared as chronogram; skipping chronos.
Chronogram not ultrametric (likely numerical jitter); enforcing ultrametricity using 'extend'.

┌──────────────────┐
│ Template: output │
└──────────────────┘
Donor stem_fraction=0.210162 crown_fraction=0.789838
Saved donor template to: /home/marek/ant-megatree/working_code/package/project/published/dorymyrmex/oberski2025/extract_mrca_Leptomyrmex_relictus_D1200-Leptomyrmex_unicolor_D3033_20260404-192925_with_outgroup.template.rds

┌─────────────────────────┐
│ Template: input summary │
└─────────────────────────┘
Outgroup inferred as root singleton: Iberoformica_subrufa

┌────────────────────────────┐
│ Template: authority filter │
└────────────────────────────┘
Valid ingroup species kept: 81; dropped absent: 5

┌────────────────────────────────────────┐
│ Template: donor ultrametric conversion │
└────────────────────────────────────────┘
Donor tree type: chronogram; ultrametric: FALSE
Input tree declared as chronogram; skipping chronos.
Chronogram not ultrametric (likely numerical jitter); enforcing ultrametricity using 'extend'.

┌──────────────────┐
│ Template: output │
└──────────────────┘
Donor stem_fraction=0.127219 crown_fraction=0.872781
Saved donor template to: /home/marek/ant-megatree/working_code/package/project/published/formica/borowiec2021/extract_mrca_Formica_gagates_F0120-Formica_nevadensis_F0079_20260404-181141_with_outgroup.template.rds

┌─────────────────────────┐
│ Template: input summary │
└─────────────────────────┘
Outgroup inferred as root singleton: Myrmecocystus_mexicanus

┌────────────────────────────┐
│ Template: authority filter │
└────────────────────────────┘
Valid ingroup species kept: 20; dropped absent: 1

┌────────────────────────────────────────┐
│ Template: donor ultrametric conversion │
└────────────────────────────────────────┘
Donor tree type: phylogram; ultrametric: FALSE
Phylogram detected; estimating chronogram with chronos.
Selected chronos:
  model=discrete
  lambda=0.1
  rate_cats=1
  PHIIC=40.918494
  logLik=-0.459247
  converged=TRUE
  note=Selected best CONVERGED chronos model.

┌──────────────────┐
│ Template: output │
└──────────────────┘
Donor stem_fraction=0.097467 crown_fraction=0.902533
Saved donor template to: /home/marek/ant-megatree/working_code/package/project/published/lasius/boudinot2022/Lasius_with_outgroup.template.rds

┌─────────────────────────┐
│ Template: input summary │
└─────────────────────────┘
Outgroup inferred as root singleton: Nothomyrm_macrops

┌────────────────────────────┐
│ Template: authority filter │
└────────────────────────────┘
Valid ingroup species kept: 62; dropped absent: 30

┌────────────────────────────────────────┐
│ Template: donor ultrametric conversion │
└────────────────────────────────────────┘
Donor tree type: chronogram; ultrametric: FALSE
Input tree declared as chronogram; skipping chronos.
Chronogram not ultrametric (likely numerical jitter); enforcing ultrametricity using 'extend'.

┌──────────────────┐
│ Template: output │
└──────────────────┘
Donor stem_fraction=0.336705 crown_fraction=0.663295
Saved donor template to: /home/marek/ant-megatree/working_code/package/project/published/myrmecia/mera-rodriguez2023/extract_mrca_Myrmecia_flammicollis_11550-Myrmecia_inquilina_13405_20260409-145529_with_outgroup.template.rds

┌─────────────────────────┐
│ Template: input summary │
└─────────────────────────┘
Outgroup inferred as root singleton: Adelomyrmex_longinoi

┌────────────────────────────┐
│ Template: authority filter │
└────────────────────────────┘
Valid ingroup species kept: 40; dropped absent: 3

┌────────────────────────────────────────┐
│ Template: donor ultrametric conversion │
└────────────────────────────────────────┘
Donor tree type: chronogram; ultrametric: FALSE
Input tree declared as chronogram; skipping chronos.
Chronogram not ultrametric (likely numerical jitter); enforcing ultrametricity using 'extend'.

┌──────────────────┐
│ Template: output │
└──────────────────┘
Donor stem_fraction=0.055122 crown_fraction=0.944878
Saved donor template to: /home/marek/ant-megatree/working_code/package/project/published/myrmicini/prebus2025/extract_mrca_Manica_hunteri_OR_S_Mattheiu_Lake_P861-Pogonomyrmex_maricopa_P882_20260404-165809_with_outgroup.template.rds

┌─────────────────────────┐
│ Template: input summary │
└─────────────────────────┘
Outgroup inferred as root singleton: Hylomyrma_immanis

┌────────────────────────────┐
│ Template: authority filter │
└────────────────────────────┘
Valid ingroup species kept: 65; dropped absent: 7

┌────────────────────────────────────────┐
│ Template: donor ultrametric conversion │
└────────────────────────────────────────┘
Donor tree type: chronogram; ultrametric: FALSE
Input tree declared as chronogram; skipping chronos.
Chronogram not ultrametric (likely numerical jitter); enforcing ultrametricity using 'extend'.

┌──────────────────┐
│ Template: output │
└──────────────────┘
Donor stem_fraction=0.011980 crown_fraction=0.988020
Saved donor template to: /home/marek/ant-megatree/working_code/package/project/published/pogonomyrmex/graber2026/extract_mrca_Pogonomyrmex_mayri_COL_MG_RA1054-Pogonomyrmex_maricopa_USA_AZ_RA1020_20260413-132202_with_outgroup.template.rds

┌─────────────────────────┐
│ Template: input summary │
└─────────────────────────┘
Outgroup inferred as root singleton: Lasius_californicus

┌────────────────────────────┐
│ Template: authority filter │
└────────────────────────────┘
Valid ingroup species kept: 44; dropped absent: 80

┌────────────────────────────────────────┐
│ Template: donor ultrametric conversion │
└────────────────────────────────────────┘
Donor tree type: chronogram; ultrametric: TRUE
Input tree declared as chronogram; skipping chronos.

┌──────────────────┐
│ Template: output │
└──────────────────┘
Donor stem_fraction=0.312838 crown_fraction=0.687162
Saved donor template to: /home/marek/ant-megatree/working_code/package/project/published/prenolepis/matos-maravi2018/extract_mrca_Zatania_albimaculata-Nylanderia_NYLA026_20260404-171052_with_outgroup.template.rds

┌─────────────────────────┐
│ Template: input summary │
└─────────────────────────┘
Outgroup inferred as root singleton: Paratrechina_longicornis

┌────────────────────────────┐
│ Template: authority filter │
└────────────────────────────┘
Valid ingroup species kept: 36; dropped absent: 37

┌────────────────────────────────────────┐
│ Template: donor ultrametric conversion │
└────────────────────────────────────────┘
Donor tree type: phylogram; ultrametric: FALSE
Phylogram detected; estimating chronogram with chronos.
Selected chronos:
  model=discrete
  lambda=0.1
  rate_cats=1
  PHIIC=75.752173
  logLik=-1.876086
  converged=TRUE
  note=Selected best CONVERGED chronos model.

┌──────────────────┐
│ Template: output │
└──────────────────┘
Donor stem_fraction=0.495950 crown_fraction=0.504050
Saved donor template to: /home/marek/ant-megatree/working_code/package/project/published/nylanderia/williams2022/Nylanderia_with_outgroup.template.rds

┌─────────────────────────┐
│ Template: input summary │
└─────────────────────────┘
Outgroup inferred as root singleton: Cephalotes_setulifer

┌────────────────────────────┐
│ Template: authority filter │
└────────────────────────────┘
Valid ingroup species kept: 236; dropped absent: 95

┌────────────────────────────────────────┐
│ Template: donor ultrametric conversion │
└────────────────────────────────────────┘
Donor tree type: chronogram; ultrametric: TRUE
Input tree declared as chronogram; skipping chronos.

┌──────────────────┐
│ Template: output │
└──────────────────┘
Donor stem_fraction=0.485965 crown_fraction=0.514035
Saved donor template to: /home/marek/ant-megatree/working_code/package/project/published/pheidole/economo2019/extract_mrca_Pheidole_fimbriata_CASENT0283061-Pheidole_allarmata_CASENT0283450_20260404-164232_with_outgroup.template.rds

┌─────────────────────────┐
│ Template: input summary │
└─────────────────────────┘
Outgroup inferred as root singleton: Myrcidris_epicharis

┌────────────────────────────┐
│ Template: authority filter │
└────────────────────────────┘
Valid ingroup species kept: 98; dropped absent: 4

┌────────────────────────────────────────┐
│ Template: donor ultrametric conversion │
└────────────────────────────────────────┘
Donor tree type: phylogram; ultrametric: FALSE
Phylogram detected; estimating chronogram with chronos.
Selected chronos:
  model=correlated
  lambda=10
  rate_cats=NA
  PHIIC=593.222241
  logLik=-3.604434
  converged=TRUE
  note=Selected best CONVERGED chronos model.

┌──────────────────┐
│ Template: output │
└──────────────────┘
Donor stem_fraction=0.464212 crown_fraction=0.535788
Saved donor template to: /home/marek/ant-megatree/working_code/package/project/published/pseudomyrmex/chomicki2015/Pseudomyrmex_with_outgroup.template.rds

┌─────────────────────────┐
│ Template: input summary │
└─────────────────────────┘
Outgroup inferred as root singleton: Pseudomyrmex_fervidus

┌────────────────────────────┐
│ Template: authority filter │
└────────────────────────────┘
Valid ingroup species kept: 13; dropped absent: 0

┌────────────────────────────────────────┐
│ Template: donor ultrametric conversion │
└────────────────────────────────────────┘
Donor tree type: chronogram; ultrametric: FALSE
Input tree declared as chronogram; skipping chronos.
Chronogram not ultrametric (likely numerical jitter); enforcing ultrametricity using 'extend'.

┌──────────────────┐
│ Template: output │
└──────────────────┘
Donor stem_fraction=0.448367 crown_fraction=0.551633
Saved donor template to: /home/marek/ant-megatree/working_code/package/project/published/pseudomyrmex/ward2022/extract_mrca_Pseudomyrmex_salvini_D1236-Pseudomyrmex_apache_D0155_20260409-144547_with_outgroup.template.rds

┌─────────────────────────┐
│ Template: input summary │
└─────────────────────────┘
Outgroup inferred as root singleton: Pseudomyrmex_perboscii

┌────────────────────────────┐
│ Template: authority filter │
└────────────────────────────┘
Valid ingroup species kept: 11; dropped absent: 1

┌────────────────────────────────────────┐
│ Template: donor ultrametric conversion │
└────────────────────────────────────────┘
Donor tree type: chronogram; ultrametric: FALSE
Input tree declared as chronogram; skipping chronos.
Chronogram not ultrametric (likely numerical jitter); enforcing ultrametricity using 'extend'.

┌──────────────────┐
│ Template: output │
└──────────────────┘
Donor stem_fraction=0.330818 crown_fraction=0.669182
Saved donor template to: /home/marek/ant-megatree/working_code/package/project/published/pseudomyrmex/ward2017/extract_mrca_Pseudomyrmex_particeps_D1307-Pseudomyrmex_janzeni_D0620_20260404-173038_with_outgroup.template.rds

┌─────────────────────────┐
│ Template: input summary │
└─────────────────────────┘
Outgroup inferred as root singleton: Adelomyrmex_jtl

┌────────────────────────────┐
│ Template: authority filter │
└────────────────────────────┘
Valid ingroup species kept: 85; dropped absent: 5

┌────────────────────────────────────────┐
│ Template: donor ultrametric conversion │
└────────────────────────────────────────┘
Donor tree type: chronogram; ultrametric: FALSE
Input tree declared as chronogram; skipping chronos.
Chronogram not ultrametric (likely numerical jitter); enforcing ultrametricity using 'extend'.

┌──────────────────┐
│ Template: output │
└──────────────────┘
Donor stem_fraction=0.415300 crown_fraction=0.584700
Saved donor template to: /home/marek/ant-megatree/working_code/package/project/published/stenammini/branstetter2022/extract_mrca_Novomessor_albisetosus_EX376-Stenamma_punctiventre_EX309_20260404-124915_with_outgroup.template.rds

┌─────────────────────────┐
│ Template: input summary │
└─────────────────────────┘
Outgroup inferred as root singleton: Aphaenogaster_megommata

┌────────────────────────────┐
│ Template: authority filter │
└────────────────────────────┘
Valid ingroup species kept: 49; dropped absent: 2

┌────────────────────────────────────────┐
│ Template: donor ultrametric conversion │
└────────────────────────────────────────┘
Donor tree type: chronogram; ultrametric: FALSE
Input tree declared as chronogram; skipping chronos.
Chronogram not ultrametric (likely numerical jitter); enforcing ultrametricity using 'extend'.

┌──────────────────┐
│ Template: output │
└──────────────────┘
Donor stem_fraction=0.090304 crown_fraction=0.909696
Saved donor template to: /home/marek/ant-megatree/working_code/package/project/published/messor/juve2025/extract_mrca_Messor_asmaae_sp1_PAKISTAN_AWEY-Messor_picturatus_maurus_TUNISIA_WGS_SH02-03_20260404-174036_with_outgroup.template.rds

┌─────────────────────────┐
│ Template: input summary │
└─────────────────────────┘

┌────────────────────────────┐
│ Template: authority filter │
└────────────────────────────┘
Valid ingroup species kept: 354; dropped absent: 116

┌────────────────────────────────────────┐
│ Template: donor ultrametric conversion │
└────────────────────────────────────────┘
Donor tree type: chronogram; ultrametric: FALSE
Input tree declared as chronogram; skipping chronos.
Chronogram not ultrametric (likely numerical jitter); enforcing ultrametricity using 'extend'.

┌──────────────────┐
│ Template: output │
└──────────────────┘
Donor stem_fraction=0.000000 crown_fraction=1.000000
Saved donor template to: /home/marek/ant-megatree/working_code/package/project/published/strumigenys/booher2021/strumigenys-chronogram-original.template.rds

┌─────────────────────────┐
│ Template: input summary │
└─────────────────────────┘
Outgroup inferred as root singleton: Leptothorax_calderoni

┌────────────────────────────┐
│ Template: authority filter │
└────────────────────────────┘
Valid ingroup species kept: 84; dropped absent: 8

┌────────────────────────────────────────┐
│ Template: donor ultrametric conversion │
└────────────────────────────────────────┘
Donor tree type: chronogram; ultrametric: TRUE
Input tree declared as chronogram; skipping chronos.

┌──────────────────┐
│ Template: output │
└──────────────────┘
Donor stem_fraction=0.254239 crown_fraction=0.745761
Saved donor template to: /home/marek/ant-megatree/working_code/package/project/published/temnothorax/prebus2017/extract_mrca_Temnothorax_nitens_P017-Temnothorax_mpala_P010_20260408-155341_with_outgroup_no_aztecus.template.rds

┌─────────────────────────┐
│ Template: input summary │
└─────────────────────────┘

┌────────────────────────────┐
│ Template: authority filter │
└────────────────────────────┘
Valid ingroup species kept: 9; dropped absent: 0

┌────────────────────────────────────────┐
│ Template: donor ultrametric conversion │
└────────────────────────────────────────┘
Donor tree type: chronogram; ultrametric: TRUE
Input tree declared as chronogram; skipping chronos.

┌──────────────────┐
│ Template: output │
└──────────────────┘
Donor stem_fraction=0.000000 crown_fraction=1.000000
Saved donor template to: /home/marek/ant-megatree/working_code/package/project/published/temnothorax/prebus2021/filtered_data_beast_output_renamed.template.rds

┌─────────────────────────┐
│ Template: input summary │
└─────────────────────────┘

┌────────────────────────────┐
│ Template: authority filter │
└────────────────────────────┘
Valid ingroup species kept: 2; dropped absent: 3

┌────────────────────────────────────────┐
│ Template: donor ultrametric conversion │
└────────────────────────────────────────┘
Donor tree type: chronogram; ultrametric: FALSE
Input tree declared as chronogram; skipping chronos.
Chronogram not ultrametric (likely numerical jitter); enforcing ultrametricity using 'extend'.

┌──────────────────┐
│ Template: output │
└──────────────────┘
Donor stem_fraction=0.000000 crown_fraction=1.000000
Saved donor template to: /home/marek/ant-megatree/working_code/package/project/published/temnothorax/csosz2024/Csosz_et_al_unifasciatus_no_outgroup.template.rds

┌─────────────────────────┐
│ Template: input summary │
└─────────────────────────┘
Outgroup inferred as root singleton: Acanthognathus_ocellatus

┌────────────────────────────┐
│ Template: authority filter │
└────────────────────────────┘
Valid ingroup species kept: 54; dropped absent: 67

┌────────────────────────────────────────┐
│ Template: donor ultrametric conversion │
└────────────────────────────────────────┘
Donor tree type: chronogram; ultrametric: FALSE
Input tree declared as chronogram; skipping chronos.
Chronogram not ultrametric (likely numerical jitter); enforcing ultrametricity using 'extend'.

┌──────────────────┐
│ Template: output │
└──────────────────┘
Donor stem_fraction=0.071739 crown_fraction=0.928261
Saved donor template to: /home/marek/ant-megatree/working_code/package/project/published/attini/schultz2024/extract_mrca_Mycocepurus_obsoletus_7308-Trachymyrmex_opulentus_8122_20260404-141656_with_outgroup.template.rds

┌─────────────────────────┐
│ Template: input summary │
└─────────────────────────┘

┌────────────────────────────┐
│ Template: authority filter │
└────────────────────────────┘
Valid ingroup species kept: 102; dropped absent: 52

┌────────────────────────────────────────┐
│ Template: donor ultrametric conversion │
└────────────────────────────────────────┘
Donor tree type: chronogram; ultrametric: TRUE
Input tree declared as chronogram; skipping chronos.

┌──────────────────┐
│ Template: output │
└──────────────────┘
Donor stem_fraction=0.000000 crown_fraction=1.000000
Saved donor template to: /home/marek/ant-megatree/working_code/package/project/published/dorylinae/borowiec2019/dorylinae-orignal-chronogram.template.rds

┌─────────────────────────┐
│ Template: input summary │
└─────────────────────────┘
Outgroup inferred as root singleton: Cardiocondyla_mauritanica

┌────────────────────────────┐
│ Template: authority filter │
└────────────────────────────┘
Valid ingroup species kept: 20; dropped absent: 6

┌────────────────────────────────────────┐
│ Template: donor ultrametric conversion │
└────────────────────────────────────────┘
Donor tree type: chronogram; ultrametric: FALSE
Input tree declared as chronogram; skipping chronos.
Chronogram not ultrametric (likely numerical jitter); enforcing ultrametricity using 'extend'.

┌──────────────────┐
│ Template: output │
└──────────────────┘
Donor stem_fraction=0.641749 crown_fraction=0.358251
Saved donor template to: /home/marek/ant-megatree/working_code/package/project/published/ocymyrmex/mbanyana2024/extract_mrca_Ocymyrmex_sp_2_HYM_C027808_Ocy103-Ocymyrmex_celer_BBC660_20260409-142001_with_outgroup.template.rds

┌─────────────────────────┐
│ Template: input summary │
└─────────────────────────┘
Outgroup inferred as root singleton: Mycetosoritis_explicata

┌────────────────────────────┐
│ Template: authority filter │
└────────────────────────────┘
Valid ingroup species kept: 9; dropped absent: 1

┌────────────────────────────────────────┐
│ Template: donor ultrametric conversion │
└────────────────────────────────────────┘
Donor tree type: chronogram; ultrametric: FALSE
Input tree declared as chronogram; skipping chronos.
Chronogram not ultrametric (likely numerical jitter); enforcing ultrametricity using 'extend'.

┌──────────────────┐
│ Template: output │
└──────────────────┘
Donor stem_fraction=0.684749 crown_fraction=0.315251
Saved donor template to: /home/marek/ant-megatree/working_code/package/project/published/sericomyrmex/jesovnik2017/extract_mrca_Sericomyrmex_saramama_938_1526_PE-Sericomyrmex_saussurei_921_1524_PE_20260413-140222_with_outgroup.template.rds

┌─────────────────────────┐
│ Template: input summary │
└─────────────────────────┘
Outgroup inferred as root singleton: Myrmelachista_cooperi

┌────────────────────────────┐
│ Template: authority filter │
└────────────────────────────┘
Valid ingroup species kept: 5; dropped absent: 1

┌────────────────────────────────────────┐
│ Template: donor ultrametric conversion │
└────────────────────────────────────────┘
Donor tree type: chronogram; ultrametric: FALSE
Input tree declared as chronogram; skipping chronos.
Chronogram not ultrametric (likely numerical jitter); enforcing ultrametricity using 'extend'.

┌──────────────────┐
│ Template: output │
└──────────────────┘
Donor stem_fraction=0.673421 crown_fraction=0.326579
Saved donor template to: /home/marek/ant-megatree/working_code/package/project/published/brachymyrmex/probst2024/extract_mrca_Brachymyrmex_heeri_EXRP182-Brachymyrmex_admotus_EXRP163_20260411-120339_with_outgroup.template.rds

┌─────────────────────────┐
│ Template: input summary │
└─────────────────────────┘
Outgroup inferred as root singleton: 'Brachymyrmex_cf_aphidicola_EXRP168'

┌────────────────────────────┐
│ Template: authority filter │
└────────────────────────────┘
Valid ingroup species kept: 24; dropped absent: 11

┌────────────────────────────────────────┐
│ Template: donor ultrametric conversion │
└────────────────────────────────────────┘
Donor tree type: chronogram; ultrametric: FALSE
Input tree declared as chronogram; skipping chronos.
Chronogram not ultrametric (likely numerical jitter); enforcing ultrametricity using 'extend'.

┌──────────────────┐
│ Template: output │
└──────────────────┘
Donor stem_fraction=0.660515 crown_fraction=0.339485
Saved donor template to: /home/marek/ant-megatree/working_code/package/project/published/myrmelachista/probst2024/extract_mrca_Myrmelachista_hoffmanni_EXRP103-Myrmelachista_lauropacifica_EXRP74_20260411-120339_with_outgroup.template.rds

┌─────────────────────────┐
│ Template: input summary │
└─────────────────────────┘
Outgroup inferred as root singleton: Proformica_mongolica

┌────────────────────────────┐
│ Template: authority filter │
└────────────────────────────┘
Valid ingroup species kept: 37; dropped absent: 0

┌────────────────────────────────────────┐
│ Template: donor ultrametric conversion │
└────────────────────────────────────────┘
Donor tree type: chronogram; ultrametric: FALSE
Input tree declared as chronogram; skipping chronos.
Chronogram not ultrametric (likely numerical jitter); enforcing ultrametricity using 'extend'.

┌──────────────────┐
│ Template: output │
└──────────────────┘
Donor stem_fraction=0.354633 crown_fraction=0.645367
Saved donor template to: /home/marek/ant-megatree/working_code/package/project/published/cataglyphis/pletincx2024/extract_mrca_Rossomyrmex_minuchae-Cataglyphis_rosenhaueri_20260418-152208_with_outgroup.template.rds

┌─────────────────────────┐
│ Template: input summary │
└─────────────────────────┘
Outgroup inferred as root singleton: Octostruma_petiolata

┌────────────────────────────┐
│ Template: authority filter │
└────────────────────────────┘
Valid ingroup species kept: 7; dropped absent: 1

┌────────────────────────────────────────┐
│ Template: donor ultrametric conversion │
└────────────────────────────────────────┘
Donor tree type: phylogram; ultrametric: FALSE
Phylogram detected; estimating chronogram with chronos.
Selected chronos:
  model=discrete
  lambda=0.1
  rate_cats=1
  PHIIC=16.722876
  logLik=-1.361438
  converged=TRUE
  note=Selected best CONVERGED chronos model.

┌──────────────────┐
│ Template: output │
└──────────────────┘
Donor stem_fraction=0.196706 crown_fraction=0.803294
Saved donor template to: /home/marek/ant-megatree/working_code/package/project/published/basiceros/probst2019/extract_mrca_Basiceros_convexiceps_BCOBA1-Basiceros_disciger_BDISP10_20260413-133141_with_outgroup.template.rds

┌─────────────────────────┐
│ Template: input summary │
└─────────────────────────┘
Outgroup inferred as root singleton: Apomyrma_stygia

┌────────────────────────────┐
│ Template: authority filter │
└────────────────────────────┘
Valid ingroup species kept: 30; dropped absent: 0

┌────────────────────────────────────────┐
│ Template: donor ultrametric conversion │
└────────────────────────────────────────┘
Donor tree type: chronogram; ultrametric: FALSE
Input tree declared as chronogram; skipping chronos.
Chronogram not ultrametric (likely numerical jitter); enforcing ultrametricity using 'extend'.

┌──────────────────┐
│ Template: output │
└──────────────────┘
Donor stem_fraction=0.084282 crown_fraction=0.915718
Saved donor template to: /home/marek/ant-megatree/working_code/package/project/published/formicidae/nelsen2023/extract_mrca_Onychomyrmex_hedleyi-Mystrium_mirror_20260411-115038_with_outgroup.template.rds

┌─────────────────────────┐
│ Template: input summary │
└─────────────────────────┘
Outgroup inferred as root singleton: Liometopum_luctuosum

┌────────────────────────────┐
│ Template: authority filter │
└────────────────────────────┘
Valid ingroup species kept: 2; dropped absent: 0

┌────────────────────────────────────────┐
│ Template: donor ultrametric conversion │
└────────────────────────────────────────┘
Donor tree type: chronogram; ultrametric: FALSE
Input tree declared as chronogram; skipping chronos.
Chronogram not ultrametric (likely numerical jitter); enforcing ultrametricity using 'extend'.

┌──────────────────┐
│ Template: output │
└──────────────────┘
Donor stem_fraction=0.801358 crown_fraction=0.198642
Saved donor template to: /home/marek/ant-megatree/working_code/package/project/published/formicidae/nelsen2023/extracted_genera/Aptinoma/extract_Aptinoma_20260411-115327_with_outgroup.template.rds

┌─────────────────────────┐
│ Template: input summary │
└─────────────────────────┘
Outgroup inferred as root singleton: Aptinoma_antongil

┌────────────────────────────┐
│ Template: authority filter │
└────────────────────────────┘
Valid ingroup species kept: 3; dropped absent: 0

┌────────────────────────────────────────┐
│ Template: donor ultrametric conversion │
└────────────────────────────────────────┘
Donor tree type: chronogram; ultrametric: FALSE
Input tree declared as chronogram; skipping chronos.
Chronogram not ultrametric (likely numerical jitter); enforcing ultrametricity using 'extend'.

┌──────────────────┐
│ Template: output │
└──────────────────┘
Donor stem_fraction=0.819081 crown_fraction=0.180919
Saved donor template to: /home/marek/ant-megatree/working_code/package/project/published/formicidae/nelsen2023/extracted_genera/Liometopum/extract_Liometopum_20260411-115328_with_outgroup.template.rds

┌─────────────────────────┐
│ Template: input summary │
└─────────────────────────┘
Outgroup inferred as root singleton: Chronoxenus_wroughtonii

┌────────────────────────────┐
│ Template: authority filter │
└────────────────────────────┘
Valid ingroup species kept: 3; dropped absent: 0

┌────────────────────────────────────────┐
│ Template: donor ultrametric conversion │
└────────────────────────────────────────┘
Donor tree type: chronogram; ultrametric: FALSE
Input tree declared as chronogram; skipping chronos.
Chronogram not ultrametric (likely numerical jitter); enforcing ultrametricity using 'extend'.

┌──────────────────┐
│ Template: output │
└──────────────────┘
Donor stem_fraction=0.260297 crown_fraction=0.739703
Saved donor template to: /home/marek/ant-megatree/working_code/package/project/published/formicidae/nelsen2023/extracted_genera/Bothriomyrmex/extract_Bothriomyrmex_20260411-115328_with_outgroup.template.rds

┌─────────────────────────┐
│ Template: input summary │
└─────────────────────────┘
Outgroup inferred as root singleton: Forelius_chalybaeus

┌────────────────────────────┐
│ Template: authority filter │
└────────────────────────────┘
Valid ingroup species kept: 7; dropped absent: 0

┌────────────────────────────────────────┐
│ Template: donor ultrametric conversion │
└────────────────────────────────────────┘
Donor tree type: chronogram; ultrametric: FALSE
Input tree declared as chronogram; skipping chronos.
Chronogram not ultrametric (likely numerical jitter); enforcing ultrametricity using 'extend'.

┌──────────────────┐
│ Template: output │
└──────────────────┘
Donor stem_fraction=0.189327 crown_fraction=0.810673
Saved donor template to: /home/marek/ant-megatree/working_code/package/project/published/formicidae/nelsen2023/extracted_genera/Dolichoderus/extract_Dolichoderus_20260411-115328_with_outgroup.template.rds

┌─────────────────────────┐
│ Template: input summary │
└─────────────────────────┘
Outgroup inferred as root singleton: Gracilidris_pombero

┌────────────────────────────┐
│ Template: authority filter │
└────────────────────────────┘
Valid ingroup species kept: 7; dropped absent: 0

┌────────────────────────────────────────┐
│ Template: donor ultrametric conversion │
└────────────────────────────────────────┘
Donor tree type: chronogram; ultrametric: FALSE
Input tree declared as chronogram; skipping chronos.
Chronogram not ultrametric (likely numerical jitter); enforcing ultrametricity using 'extend'.

┌──────────────────┐
│ Template: output │
└──────────────────┘
Donor stem_fraction=0.363792 crown_fraction=0.636208
Saved donor template to: /home/marek/ant-megatree/working_code/package/project/published/formicidae/nelsen2023/extracted_genera/Azteca/extract_Azteca_20260411-115328_with_outgroup.template.rds

┌─────────────────────────┐
│ Template: input summary │
└─────────────────────────┘
Outgroup inferred as root singleton: Forelius_chalybaeus

┌────────────────────────────┐
│ Template: authority filter │
└────────────────────────────┘
Valid ingroup species kept: 23; dropped absent: 0

┌────────────────────────────────────────┐
│ Template: donor ultrametric conversion │
└────────────────────────────────────────┘
Donor tree type: chronogram; ultrametric: FALSE
Input tree declared as chronogram; skipping chronos.
Chronogram not ultrametric (likely numerical jitter); enforcing ultrametricity using 'extend'.

┌──────────────────┐
│ Template: output │
└──────────────────┘
Donor stem_fraction=0.179048 crown_fraction=0.820952
Saved donor template to: /home/marek/ant-megatree/working_code/package/project/published/formicidae/nelsen2023/extracted_genera/Leptomyrmex/extract_Leptomyrmex_20260411-115328_with_outgroup.template.rds

┌─────────────────────────┐
│ Template: input summary │
└─────────────────────────┘
Outgroup inferred as root singleton: Papyrius_nitidus

┌────────────────────────────┐
│ Template: authority filter │
└────────────────────────────┘
Valid ingroup species kept: 3; dropped absent: 0

┌────────────────────────────────────────┐
│ Template: donor ultrametric conversion │
└────────────────────────────────────────┘
Donor tree type: chronogram; ultrametric: TRUE
Input tree declared as chronogram; skipping chronos.

┌──────────────────┐
│ Template: output │
└──────────────────┘
Donor stem_fraction=0.621677 crown_fraction=0.378323
Saved donor template to: /home/marek/ant-megatree/working_code/package/project/published/formicidae/nelsen2023/extracted_genera/Anonychomyrma/extract_Anonychomyrma_20260411-115329_with_outgroup.template.rds

┌─────────────────────────┐
│ Template: input summary │
└─────────────────────────┘
Outgroup inferred as root singleton: Iridomyrmex_sanguineus

┌────────────────────────────┐
│ Template: authority filter │
└────────────────────────────┘
Valid ingroup species kept: 2; dropped absent: 0

┌────────────────────────────────────────┐
│ Template: donor ultrametric conversion │
└────────────────────────────────────────┘
Donor tree type: chronogram; ultrametric: FALSE
Input tree declared as chronogram; skipping chronos.
Chronogram not ultrametric (likely numerical jitter); enforcing ultrametricity using 'extend'.

┌──────────────────┐
│ Template: output │
└──────────────────┘
Donor stem_fraction=0.730890 crown_fraction=0.269110
Saved donor template to: /home/marek/ant-megatree/working_code/package/project/published/formicidae/nelsen2023/extracted_genera/Froggattella/extract_Froggattella_20260411-115329_with_outgroup.template.rds

┌─────────────────────────┐
│ Template: input summary │
└─────────────────────────┘
Outgroup inferred as root singleton: Froggattella_kirbii

┌────────────────────────────┐
│ Template: authority filter │
└────────────────────────────┘
Valid ingroup species kept: 3; dropped absent: 1

┌────────────────────────────────────────┐
│ Template: donor ultrametric conversion │
└────────────────────────────────────────┘
Donor tree type: chronogram; ultrametric: FALSE
Input tree declared as chronogram; skipping chronos.
Chronogram not ultrametric (likely numerical jitter); enforcing ultrametricity using 'extend'.

┌──────────────────┐
│ Template: output │
└──────────────────┘
Donor stem_fraction=0.447085 crown_fraction=0.552915
Saved donor template to: /home/marek/ant-megatree/working_code/package/project/published/formicidae/nelsen2023/extracted_genera/Iridomyrmex/extract_Iridomyrmex_20260411-115329_with_outgroup.template.rds

┌─────────────────────────┐
│ Template: input summary │
└─────────────────────────┘
Outgroup inferred as root singleton: Iridomyrmex_sanguineus

┌────────────────────────────┐
│ Template: authority filter │
└────────────────────────────┘
Valid ingroup species kept: 14; dropped absent: 0

┌────────────────────────────────────────┐
│ Template: donor ultrametric conversion │
└────────────────────────────────────────┘
Donor tree type: chronogram; ultrametric: FALSE
Input tree declared as chronogram; skipping chronos.
Chronogram not ultrametric (likely numerical jitter); enforcing ultrametricity using 'extend'.

┌──────────────────┐
│ Template: output │
└──────────────────┘
Donor stem_fraction=0.304463 crown_fraction=0.695537
Saved donor template to: /home/marek/ant-megatree/working_code/package/project/published/formicidae/nelsen2023/extracted_genera/Linepithema/extract_Linepithema_20260411-115329_with_outgroup.template.rds

┌─────────────────────────┐
│ Template: input summary │
└─────────────────────────┘
Outgroup inferred as root singleton: Pseudomyrmex_boopis

┌────────────────────────────┐
│ Template: authority filter │
└────────────────────────────┘
Valid ingroup species kept: 46; dropped absent: 0

┌────────────────────────────────────────┐
│ Template: donor ultrametric conversion │
└────────────────────────────────────────┘
Donor tree type: chronogram; ultrametric: FALSE
Input tree declared as chronogram; skipping chronos.
Chronogram not ultrametric (likely numerical jitter); enforcing ultrametricity using 'extend'.

┌──────────────────┐
│ Template: output │
└──────────────────┘
Donor stem_fraction=0.071119 crown_fraction=0.928881
Saved donor template to: /home/marek/ant-megatree/working_code/package/project/published/formicidae/nelsen2023/extracted_genera/Tetraponera/extract_Tetraponera_20260411-115329_with_outgroup.template.rds

┌─────────────────────────┐
│ Template: input summary │
└─────────────────────────┘
Outgroup inferred as root singleton: Santschiella_kohli

┌────────────────────────────┐
│ Template: authority filter │
└────────────────────────────┘
Valid ingroup species kept: 2; dropped absent: 0

┌────────────────────────────────────────┐
│ Template: donor ultrametric conversion │
└────────────────────────────────────────┘
Donor tree type: chronogram; ultrametric: TRUE
Input tree declared as chronogram; skipping chronos.

┌──────────────────┐
│ Template: output │
└──────────────────┘
Donor stem_fraction=0.955823 crown_fraction=0.044177
Saved donor template to: /home/marek/ant-megatree/working_code/package/project/published/formicidae/nelsen2023/extracted_genera/Oecophylla/extract_Oecophylla_20260411-115329_with_outgroup.template.rds

┌─────────────────────────┐
│ Template: input summary │
└─────────────────────────┘
Outgroup inferred as root singleton: Manica_bradleyi

┌────────────────────────────┐
│ Template: authority filter │
└────────────────────────────┘
Valid ingroup species kept: 37; dropped absent: 0

┌────────────────────────────────────────┐
│ Template: donor ultrametric conversion │
└────────────────────────────────────────┘
Donor tree type: chronogram; ultrametric: FALSE
Input tree declared as chronogram; skipping chronos.
Chronogram not ultrametric (likely numerical jitter); enforcing ultrametricity using 'extend'.

┌──────────────────┐
│ Template: output │
└──────────────────┘
Donor stem_fraction=0.468781 crown_fraction=0.531219
Saved donor template to: /home/marek/ant-megatree/working_code/package/project/published/formicidae/nelsen2023/extracted_genera/Myrmica/extract_Myrmica_20260411-115330_with_outgroup.template.rds

┌─────────────────────────┐
│ Template: input summary │
└─────────────────────────┘
Outgroup inferred as root singleton: Calyptomyrmex_beccarii

┌────────────────────────────┐
│ Template: authority filter │
└────────────────────────────┘
Valid ingroup species kept: 37; dropped absent: 2

┌────────────────────────────────────────┐
│ Template: donor ultrametric conversion │
└────────────────────────────────────────┘
Donor tree type: chronogram; ultrametric: FALSE
Input tree declared as chronogram; skipping chronos.
Chronogram not ultrametric (likely numerical jitter); enforcing ultrametricity using 'extend'.

┌──────────────────┐
│ Template: output │
└──────────────────┘
Donor stem_fraction=0.358895 crown_fraction=0.641105
Saved donor template to: /home/marek/ant-megatree/working_code/package/project/published/formicidae/nelsen2023/extracted_genera/Tetramorium/extract_Tetramorium_20260411-115330_with_outgroup.template.rds

┌─────────────────────────┐
│ Template: input summary │
└─────────────────────────┘
Outgroup inferred as root singleton: Nesomyrmex_echinatinodis

┌────────────────────────────┐
│ Template: authority filter │
└────────────────────────────┘
Valid ingroup species kept: 9; dropped absent: 0

┌────────────────────────────────────────┐
│ Template: donor ultrametric conversion │
└────────────────────────────────────────┘
Donor tree type: chronogram; ultrametric: FALSE
Input tree declared as chronogram; skipping chronos.
Chronogram not ultrametric (likely numerical jitter); enforcing ultrametricity using 'extend'.

┌──────────────────┐
│ Template: output │
└──────────────────┘
Donor stem_fraction=0.728424 crown_fraction=0.271576
Saved donor template to: /home/marek/ant-megatree/working_code/package/project/published/formicidae/nelsen2023/extracted_genera/Cardiocondyla/extract_Cardiocondyla_20260411-115330_with_outgroup.template.rds

┌─────────────────────────┐
│ Template: input summary │
└─────────────────────────┘
Outgroup inferred as root singleton: Monomorium_cyaneum

┌────────────────────────────┐
│ Template: authority filter │
└────────────────────────────┘
Valid ingroup species kept: 2; dropped absent: 0

┌────────────────────────────────────────┐
│ Template: donor ultrametric conversion │
└────────────────────────────────────────┘
Donor tree type: chronogram; ultrametric: FALSE
Input tree declared as chronogram; skipping chronos.
Chronogram not ultrametric (likely numerical jitter); enforcing ultrametricity using 'extend'.

┌──────────────────┐
│ Template: output │
└──────────────────┘
Donor stem_fraction=0.525787 crown_fraction=0.474213
Saved donor template to: /home/marek/ant-megatree/working_code/package/project/published/formicidae/nelsen2023/extracted_genera/Megalomyrmex/extract_Megalomyrmex_20260411-115330_with_outgroup.template.rds

┌─────────────────────────┐
│ Template: input summary │
└─────────────────────────┘
Outgroup inferred as root singleton: Monomorium_hanneli

┌────────────────────────────┐
│ Template: authority filter │
└────────────────────────────┘
Valid ingroup species kept: 3; dropped absent: 0

┌────────────────────────────────────────┐
│ Template: donor ultrametric conversion │
└────────────────────────────────────────┘
Donor tree type: chronogram; ultrametric: FALSE
Input tree declared as chronogram; skipping chronos.
Chronogram not ultrametric (likely numerical jitter); enforcing ultrametricity using 'extend'.

┌──────────────────┐
│ Template: output │
└──────────────────┘
Donor stem_fraction=0.146751 crown_fraction=0.853249
Saved donor template to: /home/marek/ant-megatree/working_code/package/project/published/formicidae/nelsen2023/extracted_genera/Syllophopsis/extract_Syllophopsis_20260411-115330_with_outgroup.template.rds

┌─────────────────────────┐
│ Template: input summary │
└─────────────────────────┘
Outgroup inferred as root singleton: Monomorium_hanneli

┌────────────────────────────┐
│ Template: authority filter │
└────────────────────────────┘
Valid ingroup species kept: 3; dropped absent: 0

┌────────────────────────────────────────┐
│ Template: donor ultrametric conversion │
└────────────────────────────────────────┘
Donor tree type: chronogram; ultrametric: TRUE
Input tree declared as chronogram; skipping chronos.

┌──────────────────┐
│ Template: output │
└──────────────────┘
Donor stem_fraction=0.754745 crown_fraction=0.245255
Saved donor template to: /home/marek/ant-megatree/working_code/package/project/published/formicidae/nelsen2023/extracted_genera/Myrmicaria/extract_Myrmicaria_20260411-115331_with_outgroup.template.rds

┌─────────────────────────┐
│ Template: input summary │
└─────────────────────────┘
Outgroup inferred as root singleton: Tranopelta_gilva

┌────────────────────────────┐
│ Template: authority filter │
└────────────────────────────┘
Valid ingroup species kept: 2; dropped absent: 0

┌────────────────────────────────────────┐
│ Template: donor ultrametric conversion │
└────────────────────────────────────────┘
Donor tree type: chronogram; ultrametric: TRUE
Input tree declared as chronogram; skipping chronos.

┌──────────────────┐
│ Template: output │
└──────────────────┘
Donor stem_fraction=0.688333 crown_fraction=0.311667
Saved donor template to: /home/marek/ant-megatree/working_code/package/project/published/formicidae/nelsen2023/extracted_genera/Ochetomyrmex/extract_Ochetomyrmex_20260411-115331_with_outgroup.template.rds

┌─────────────────────────┐
│ Template: input summary │
└─────────────────────────┘
Outgroup inferred as root singleton: Camponotus_thadeus

┌────────────────────────────┐
│ Template: authority filter │
└────────────────────────────┘
Valid ingroup species kept: 51; dropped absent: 0

┌────────────────────────────────────────┐
│ Template: donor ultrametric conversion │
└────────────────────────────────────────┘
Donor tree type: chronogram; ultrametric: FALSE
Input tree declared as chronogram; skipping chronos.
Chronogram not ultrametric (likely numerical jitter); enforcing ultrametricity using 'extend'.

┌──────────────────┐
│ Template: output │
└──────────────────┘
Donor stem_fraction=0.290423 crown_fraction=0.709577
Saved donor template to: /home/marek/ant-megatree/working_code/package/project/published/formicidae/nelsen2023/extracted_genera/Polyrhachis/extract_Polyrhachis_20260411-115331_with_outgroup.template.rds

┌─────────────────────────┐
│ Template: input summary │
└─────────────────────────┘
Outgroup inferred as root singleton: Vitsika_labes

┌────────────────────────────┐
│ Template: authority filter │
└────────────────────────────┘
Valid ingroup species kept: 6; dropped absent: 0

┌────────────────────────────────────────┐
│ Template: donor ultrametric conversion │
└────────────────────────────────────────┘
Donor tree type: chronogram; ultrametric: TRUE
Input tree declared as chronogram; skipping chronos.

┌──────────────────┐
│ Template: output │
└──────────────────┘
Donor stem_fraction=0.493729 crown_fraction=0.506271
Saved donor template to: /home/marek/ant-megatree/working_code/package/project/published/mami-madagascar/camacho2024/extracted_genera/Malagidris/extract_Malagidris_20260411-114011_with_outgroup.template.rds

┌─────────────────────────┐
│ Template: input summary │
└─────────────────────────┘
Outgroup inferred as root singleton: Trichomyrmex_destructor

┌────────────────────────────┐
│ Template: authority filter │
└────────────────────────────┘
Valid ingroup species kept: 2; dropped absent: 0

┌────────────────────────────────────────┐
│ Template: donor ultrametric conversion │
└────────────────────────────────────────┘
Donor tree type: chronogram; ultrametric: TRUE
Input tree declared as chronogram; skipping chronos.

┌──────────────────┐
│ Template: output │
└──────────────────┘
Donor stem_fraction=0.434904 crown_fraction=0.565096
Saved donor template to: /home/marek/ant-megatree/working_code/package/project/published/mami-madagascar/camacho2024/extracted_genera/Metapone/extract_Metapone_20260411-114011_with_outgroup.template.rds

┌─────────────────────────┐
│ Template: input summary │
└─────────────────────────┘
Outgroup inferred as root singleton: Vitsika_labes

┌────────────────────────────┐
│ Template: authority filter │
└────────────────────────────┘
Valid ingroup species kept: 13; dropped absent: 0

┌────────────────────────────────────────┐
│ Template: donor ultrametric conversion │
└────────────────────────────────────────┘
Donor tree type: chronogram; ultrametric: TRUE
Input tree declared as chronogram; skipping chronos.

┌──────────────────┐
│ Template: output │
└──────────────────┘
Donor stem_fraction=0.168685 crown_fraction=0.831315
Saved donor template to: /home/marek/ant-megatree/working_code/package/project/published/mami-madagascar/camacho2024/extracted_genera/Royidris/extract_Royidris_20260411-114011_with_outgroup.template.rds

┌─────────────────────────┐
│ Template: input summary │
└─────────────────────────┘
Outgroup inferred as root singleton: Simopone_nonnihil

┌────────────────────────────┐
│ Template: authority filter │
└────────────────────────────┘
Valid ingroup species kept: 9; dropped absent: 0

┌────────────────────────────────────────┐
│ Template: donor ultrametric conversion │
└────────────────────────────────────────┘
Donor tree type: chronogram; ultrametric: TRUE
Input tree declared as chronogram; skipping chronos.

┌──────────────────┐
│ Template: output │
└──────────────────┘
Donor stem_fraction=0.127372 crown_fraction=0.872628
Saved donor template to: /home/marek/ant-megatree/working_code/package/project/published/mami-madagascar/camacho2024/extracted_genera/Tanipone/extract_Tanipone_20260411-114012_with_outgroup.template.rds

┌─────────────────────────┐
│ Template: input summary │
└─────────────────────────┘
Outgroup inferred as root singleton: Malagidris_dulcis

┌────────────────────────────┐
│ Template: authority filter │
└────────────────────────────┘
Valid ingroup species kept: 16; dropped absent: 0

┌────────────────────────────────────────┐
│ Template: donor ultrametric conversion │
└────────────────────────────────────────┘
Donor tree type: chronogram; ultrametric: TRUE
Input tree declared as chronogram; skipping chronos.

┌──────────────────┐
│ Template: output │
└──────────────────┘
Donor stem_fraction=0.206313 crown_fraction=0.793687
Saved donor template to: /home/marek/ant-megatree/working_code/package/project/published/mami-madagascar/camacho2024/extracted_genera/Vitsika/extract_Vitsika_20260411-114012_with_outgroup.template.rds

┌─────────────────────────┐
│ Template: input summary │
└─────────────────────────┘
Outgroup inferred as root singleton: Pheidole_fervens

┌────────────────────────────┐
│ Template: authority filter │
└────────────────────────────┘
Valid ingroup species kept: 105; dropped absent: 4

┌────────────────────────────────────────┐
│ Template: donor ultrametric conversion │
└────────────────────────────────────────┘
Donor tree type: chronogram; ultrametric: TRUE
Input tree declared as chronogram; skipping chronos.

┌──────────────────┐
│ Template: output │
└──────────────────┘
Donor stem_fraction=0.004760 crown_fraction=0.995240
Saved donor template to: /home/marek/ant-megatree/working_code/package/project/published/mami-madagascar/camacho2024/extract_mrca_Pheidole_diakritos-Pheidole_andapa_20260418-151451_with_outgroup.template.rds

┌─────────────────────────┐
│ Template: input summary │
└─────────────────────────┘
Outgroup inferred as root singleton: Strumigenys_rogeri

┌────────────────────────────┐
│ Template: authority filter │
└────────────────────────────┘
Valid ingroup species kept: 72; dropped absent: 1

┌────────────────────────────────────────┐
│ Template: donor ultrametric conversion │
└────────────────────────────────────────┘
Donor tree type: chronogram; ultrametric: TRUE
Input tree declared as chronogram; skipping chronos.

┌──────────────────┐
│ Template: output │
└──────────────────┘
Donor stem_fraction=0.389107 crown_fraction=0.610893
Saved donor template to: /home/marek/ant-megatree/working_code/package/project/published/mami-madagascar/camacho2024/extract_mrca_Strumigenys_ravola-Strumigenys_charino_20260418-151451_with_outgroup.template.rds

┌─────────────────────────┐
│ Template: input summary │
└─────────────────────────┘
Outgroup inferred as root singleton: Stigmatomma_sakalava

┌────────────────────────────┐
│ Template: authority filter │
└────────────────────────────┘
Valid ingroup species kept: 8; dropped absent: 1

┌────────────────────────────────────────┐
│ Template: donor ultrametric conversion │
└────────────────────────────────────────┘
Donor tree type: chronogram; ultrametric: TRUE
Input tree declared as chronogram; skipping chronos.

┌──────────────────┐
│ Template: output │
└──────────────────┘
Donor stem_fraction=0.097772 crown_fraction=0.902228
Saved donor template to: /home/marek/ant-megatree/working_code/package/project/published/mami-madagascar/camacho2024/extracted_genera/Adetomyrma/extract_mrca_Adetomyrma_aureocuprea-Adetomyrma_goblin_20260413-102316_with_outgroup.template.rds

┌─────────────────────────┐
│ Template: input summary │
└─────────────────────────┘

┌────────────────────────────┐
│ Template: authority filter │
└────────────────────────────┘
Valid ingroup species kept: 20; dropped absent: 2

┌────────────────────────────────────────┐
│ Template: donor ultrametric conversion │
└────────────────────────────────────────┘
Donor tree type: chronogram; ultrametric: FALSE
Input tree declared as chronogram; skipping chronos.
Chronogram not ultrametric (likely numerical jitter); enforcing ultrametricity using 'extend'.

┌──────────────────┐
│ Template: output │
└──────────────────┘
Donor stem_fraction=0.000000 crown_fraction=1.000000
Saved donor template to: /home/marek/ant-megatree/working_code/package/project/published/myrmecocystus/vanelst2021/myrmecocystus-concattop-renamed.template.rds
Collapsing MRCA(Bazboltonia,Gnamptogenys) by retaining backbone tip Acanthoponera and grafting donor as terminal replacement.
Collapsing MRCA(Platythyrea,Leptogenys) by retaining backbone tip Anochetus and grafting donor as terminal replacement.
Collapsing MRCA(Rostromyrmex,Leptothorax) by retaining backbone tip Acanthomyrmex and grafting donor as terminal replacement.
Collapsing MRCA(Crematogaster_macracantha,Crematogaster_kelleri) by retaining backbone tip Crematogaster_aberrans and grafting donor as terminal replacement.
Collapsing MRCA(Crematogaster_scutellaris,Crematogaster_pilosa) by retaining backbone tip Crematogaster_coarctata and grafting donor as terminal replacement.
Collapsing MRCA(Manica,Pogonomyrmex) by retaining backbone tip Hylomyrma and grafting donor as terminal replacement.
Collapsing MRCA(Pogonomyrmex_striatinodus,Pogonomyrmex_apache) by retaining backbone tip Pogonomyrmex_apache and grafting donor as terminal replacement.
Collapsing MRCA(Zatania,Nylanderia) by retaining backbone tip Euprenolepis and grafting donor as terminal replacement.
[SKIP tree 1] TIP{Nylanderia}: target missing in this backbone.
Collapsing MRCA(Pseudomyrmex_salvini,Pseudomyrmex_elongatulus) by retaining backbone tip Pseudomyrmex_apache and grafting donor as terminal replacement.
Collapsing MRCA(Pseudomyrmex_particeps,Pseudomyrmex_janzeni) by retaining backbone tip Pseudomyrmex_ferrugineus and grafting donor as terminal replacement.
Collapsing MRCA(Novomessor,Stenamma) by retaining backbone tip Aphaenogaster and grafting donor as terminal replacement.
Collapsing MRCA(Messor_aciculatus,Messor_denticornis) by retaining backbone tip Messor_aciculatus and grafting donor as terminal replacement.
Collapsing MRCA(Temnothorax_poeyi,Temnothorax_bernardi) by retaining backbone tip Temnothorax_bernardi and grafting donor as terminal replacement.
Collapsing MRCA(Apterostigma,Acromyrmex) by retaining backbone tip Acromyrmex and grafting donor as terminal replacement.
Collapsing MRCA(Dorylus,Eciton) by retaining backbone tip Acanthostichus and grafting donor as terminal replacement.
Collapsing MRCA(Ocymyrmex_celer,Ocymyrmex_picardi) by retaining backbone tip Ocymyrmex_celer and grafting donor as terminal replacement.
Collapsing MRCA(Sericomyrmex_opacus,Sericomyrmex_amabilis) by retaining backbone tip Sericomyrmex_amabilis and grafting donor as terminal replacement.
Collapsing MRCA(Cataglyphis,Rossomyrmex) by retaining backbone tip Cataglyphis and grafting donor as terminal replacement.
Collapsing MRCA(Amblyopone,Myopopone) by retaining backbone tip Adetomyrma and grafting donor as terminal replacement.
Collapsing MRCA(Leptomyrmex_garretti,Leptomyrmex_puberulus) by retaining backbone tip Leptomyrmex_burwelli and grafting donor as terminal replacement.
Collapsing MRCA(Myrmica_wheeleri,Myrmica_fracticornis) by retaining backbone tip Myrmica_americana and grafting donor as terminal replacement.
Collapsing MRCA(Tetramorium_taylori,Tetramorium_validiusculum) by retaining backbone tip Strongylognathus_testaceus and grafting donor as terminal replacement.
Collapsing MRCA(Cardiocondyla_mauritanica,Cardiocondyla_thoracica) by retaining backbone tip Cardiocondyla_mauritanica and grafting donor as terminal replacement.
Collapsing MRCA(Malagidris_belti,Malagidris_jugum) by retaining backbone tip Malagidris_belti and grafting donor as terminal replacement.
[SKIP tree 1] MRCA{Royidris_longiseta,Royidris_notorthenes}: target missing in this backbone.
Collapsing MRCA(Tanipone_aglandula,Tanipone_scelesta) by retaining backbone tip Tanipone_aglandula and grafting donor as terminal replacement.
Collapsing MRCA(Vitsika_producta,Vitsika_suspicax) by retaining backbone tip Vitsika_brevis and grafting donor as terminal replacement.
Collapsing MRCA(Pheidole_longispinosa,Pheidole_grallatrix) by retaining backbone tip Pheidole_annemariae and grafting donor as terminal replacement.
Collapsing MRCA(Strumigenys_bibiolona,Strumigenys_lura) by retaining backbone tip Strumigenys_actis and grafting donor as terminal replacement.
Collapsing MRCA(Adetomyrma_bressleri,Adetomyrma_caputleae) by retaining backbone tip Adetomyrma_bressleri and grafting donor as terminal replacement.

┌─────────────────────────┐
│ write plots & tip lists │
└─────────────────────────┘
