=== Genus grafting log: CladeGraft | 2026-03-23 16:18:09 ===

┌───────────┐
│ load plan │
└───────────┘
Plan rows: 3

┌──────────────────────────────┐
│ assemble donors & placements │
└──────────────────────────────┘
Donors ready: 3 (skipped: 0)

┌────────────────┐
│ load backbones │
└────────────────┘
Backbones: 1

┌───────────────────┐
│ graft many clades │
└───────────────────┘

┌─────────────────────────┐
│ Template: input summary │
└─────────────────────────┘
Multiple outgroups; selected: Heteroponera_brounii_GPC08 (min dist=0.084552)

┌────────────────────────────┐
│ Template: authority filter │
└────────────────────────────┘
Valid ingroup species kept: 0; dropped absent: 32
[SKIP] Ectatomminae_clade: template could not be prepared (No ingroup retained after authority filter).

┌─────────────────────────┐
│ Template: input summary │
└─────────────────────────┘
Multiple outgroups; selected: Hagensia_havilandi_marleyi_D2452_CASENT0888244 (min dist=0.106528)

┌────────────────────────────┐
│ Template: authority filter │
└────────────────────────────┘
Valid ingroup species kept: 0; dropped absent: 254
[SKIP] Ponerinae_clade: template could not be prepared (No ingroup retained after authority filter).

┌─────────────────────────┐
│ Template: input summary │
└─────────────────────────┘

┌────────────────────────────┐
│ Template: authority filter │
└────────────────────────────┘
Valid ingroup species kept: 22; dropped absent: 0

┌────────────────────────────────────────┐
│ Template: donor ultrametric conversion │
└────────────────────────────────────────┘

┌──────────────────┐
│ Template: output │
└──────────────────┘
Donor stem_fraction=0.270130 crown_fraction=0.729870
Grafted donor at tip=Acropyga position=0.191218 (L=0.261989)

┌─────────────────────────┐
│ write plots & tip lists │
└─────────────────────────┘
