=== Genus grafting log: CladeGraft | 2026-04-10 20:43:05 ===

┌───────────┐
│ load plan │
└───────────┘
Plan rows: 65

┌──────────────────────────────┐
│ assemble donors & placements │
└──────────────────────────────┘
Row 1: Input_tree_type = phylogram
[skip row 1] file not found: /home/marek/ant-megatree/working_code/package/project/published/ectatomminae/extract_mrca_Bazboltonia_microps_GPC15-Gnamptogenys_boliviensis_GAB98_with_outgroup.template.rds
Row 2: Input_tree_type = phylogram
Row 3: Input_tree_type = chronogram
Row 4: Input_tree_type = chronogram
Row 5: Input_tree_type = chronogram
Row 6: Input_tree_type = chronogram
Row 7: Input_tree_type = chronogram
Row 8: Input_tree_type = chronogram
Row 9: Input_tree_type = chronogram
Row 10: Input_tree_type = chronogram
Row 11: Input_tree_type = chronogram
Row 12: Input_tree_type = phylogram
Row 13: Input_tree_type = phylogram
Row 14: Input_tree_type = chronogram
Row 15: Input_tree_type = chronogram
Row 16: Input_tree_type = chronogram
Row 17: Input_tree_type = chronogram
Row 18: Input_tree_type = chronogram
Row 19: Input_tree_type = chronogram
Row 20: Input_tree_type = phylogram
Row 21: Input_tree_type = chronogram
Row 22: Input_tree_type = chronogram
Row 23: Input_tree_type = chronogram
Row 24: Input_tree_type = phylogram
Row 25: Input_tree_type = chronogram
Row 26: Input_tree_type = phylogram
Row 27: Input_tree_type = chronogram
Row 28: Input_tree_type = chronogram
Row 29: Input_tree_type = chronogram
Row 30: Input_tree_type = phylogram
[skip row 30] Missing MRCA or file path
Row 31: Input_tree_type = phylogram
[skip row 31] Missing MRCA or file path
Row 32: Input_tree_type = phylogram
[skip row 32] Missing MRCA or file path
Row 33: Input_tree_type = chronogram
Row 34: Input_tree_type = phylogram
Row 35: Input_tree_type = chronogram
Row 36: Input_tree_type = chronogram
Row 37: Input_tree_type = chronogram
Row 38: Input_tree_type = chronogram
Row 39: Input_tree_type = phylogram
[skip row 39] Missing MRCA or file path
Row 40: Input_tree_type = chronogram
Row 41: Input_tree_type = chronogram
[skip row 41] file not found: /home/marek/ant-megatree/working_code/package/project/published/dorylinae/extracted_genera/Aenictus/extract_Aenictus_20260410-124621_with_outgroup.tre
Row 42: Input_tree_type = chronogram
[skip row 42] file not found: /home/marek/ant-megatree/working_code/package/project/published/dorylinae/extracted_genera/Cerapachys/extract_Cerapachys_20260410-124621_with_outgroup.tre
Row 43: Input_tree_type = chronogram
[skip row 43] file not found: /home/marek/ant-megatree/working_code/package/project/published/dorylinae/extracted_genera/Cheliomyrmex/extract_Cheliomyrmex_20260410-124621_with_outgroup.tre
Row 44: Input_tree_type = chronogram
[skip row 44] file not found: /home/marek/ant-megatree/working_code/package/project/published/dorylinae/extracted_genera/Chrysapace/extract_Chrysapace_20260410-124621_with_outgroup.tre
Row 45: Input_tree_type = chronogram
[skip row 45] file not found: /home/marek/ant-megatree/working_code/package/project/published/dorylinae/extracted_genera/Cylindromyrmex/extract_Cylindromyrmex_20260410-124621_with_outgroup.tre
Row 46: Input_tree_type = chronogram
[skip row 46] file not found: /home/marek/ant-megatree/working_code/package/project/published/dorylinae/extracted_genera/Dorylus/extract_Dorylus_20260410-124621_with_outgroup.tre
Row 47: Input_tree_type = chronogram
[skip row 47] file not found: /home/marek/ant-megatree/working_code/package/project/published/dorylinae/extracted_genera/Eciton/extract_Eciton_20260410-124621_with_outgroup.tre
Row 48: Input_tree_type = chronogram
[skip row 48] file not found: /home/marek/ant-megatree/working_code/package/project/published/dorylinae/extracted_genera/Labidus/extract_Labidus_20260410-124621_with_outgroup.tre
Row 49: Input_tree_type = chronogram
[skip row 49] file not found: /home/marek/ant-megatree/working_code/package/project/published/dorylinae/extracted_genera/Leptanilloides/extract_Leptanilloides_20260410-124621_with_outgroup.tre
Row 50: Input_tree_type = chronogram
[skip row 50] file not found: /home/marek/ant-megatree/working_code/package/project/published/dorylinae/extracted_genera/Lioponera/extract_Lioponera_20260410-124621_with_outgroup.tre
Row 51: Input_tree_type = chronogram
[skip row 51] file not found: /home/marek/ant-megatree/working_code/package/project/published/dorylinae/extracted_genera/Neivamyrmex/extract_Neivamyrmex_20260410-124621_with_outgroup.tre
Row 52: Input_tree_type = chronogram
[skip row 52] file not found: /home/marek/ant-megatree/working_code/package/project/published/dorylinae/extracted_genera/Neocerapachys/extract_Neocerapachys_20260410-124621_with_outgroup.tre
Row 53: Input_tree_type = chronogram
[skip row 53] file not found: /home/marek/ant-megatree/working_code/package/project/published/dorylinae/extracted_genera/Nomamyrmex/extract_Nomamyrmex_20260410-124621_with_outgroup.tre
Row 54: Input_tree_type = chronogram
[skip row 54] file not found: /home/marek/ant-megatree/working_code/package/project/published/dorylinae/extracted_genera/Ooceraea/extract_Ooceraea_20260410-124621_with_outgroup.tre
Row 55: Input_tree_type = chronogram
[skip row 55] file not found: /home/marek/ant-megatree/working_code/package/project/published/dorylinae/extracted_genera/Parasyscia/extract_Parasyscia_20260410-124621_with_outgroup.tre
Row 56: Input_tree_type = chronogram
[skip row 56] file not found: /home/marek/ant-megatree/working_code/package/project/published/dorylinae/extracted_genera/Simopone/extract_Simopone_20260410-124621_with_outgroup.tre
Row 57: Input_tree_type = chronogram
[skip row 57] file not found: /home/marek/ant-megatree/working_code/package/project/published/dorylinae/extracted_genera/Tanipone/extract_Tanipone_20260410-124621_with_outgroup.tre
Row 58: Input_tree_type = chronogram
[skip row 58] file not found: /home/marek/ant-megatree/working_code/package/project/published/dorylinae/extracted_genera/Yunodorylus/extract_Yunodorylus_20260410-124621_with_outgroup.tre
Row 59: Input_tree_type = chronogram
[skip row 59] file not found: /home/marek/ant-megatree/working_code/package/project/published/dorylinae/extracted_genera/Zasphinctus/extract_Zasphinctus_20260410-124621_with_outgroup.tre
Row 60: Input_tree_type = phylogram
[skip row 60] Missing MRCA or file path
Row 61: Input_tree_type = phylogram
[skip row 61] Missing MRCA or file path
Row 62: Input_tree_type = phylogram
[skip row 62] Missing MRCA or file path
Row 63: Input_tree_type = chronogram
[skip row 63] Missing MRCA or file path
Row 64: Input_tree_type = phylogram
[skip row 64] Missing MRCA or file path
Row 65: Input_tree_type = chronogram
Donors ready: 36 (skipped: 29)

┌────────────────┐
│ load backbones │
└────────────────┘
Backbones: 1

┌───────────────────┐
│ graft many clades │
└───────────────────┘

┌─────────────────────────┐
│ Template: input summary │
└─────────────────────────┘
Outgroup inferred as root singleton: Proceratium_google

┌────────────────────────────┐
│ Template: authority filter │
└────────────────────────────┘
Valid ingroup species kept: 601; dropped absent: 82

┌────────────────────────────────────────┐
│ Template: donor ultrametric conversion │
└────────────────────────────────────────┘
Donor tree type: phylogram; ultrametric: FALSE
Phylogram detected; estimating chronogram with chronos.
