=== Genus grafting log: CladeGraft | 2026-03-27 16:44:37 ===

┌───────────┐
│ load plan │
└───────────┘
Plan rows: 3

┌──────────────────────────────┐
│ assemble donors & placements │
└──────────────────────────────┘
Donors ready: 3 (skipped: 0)

┌────────────────┐
│ load backbones │
└────────────────┘
Backbones: 1

┌───────────────────┐
│ graft many clades │
└───────────────────┘

┌─────────────────────────┐
│ Template: input summary │
└─────────────────────────┘
Outgroup inferred as root singleton: Stenamma_alas

┌────────────────────────────┐
│ Template: authority filter │
└────────────────────────────┘
Valid ingroup species kept: 106; dropped absent: 22

┌────────────────────────────────────────┐
│ Template: donor ultrametric conversion │
└────────────────────────────────────────┘

┌──────────────────┐
│ Template: output │
└──────────────────┘
Donor stem_fraction=0.211645 crown_fraction=0.788355

┌─────────────────────────┐
│ Template: input summary │
└─────────────────────────┘
Outgroup inferred as root singleton: Proceratium_google

┌────────────────────────────┐
│ Template: authority filter │
└────────────────────────────┘
Valid ingroup species kept: 601; dropped absent: 82

┌────────────────────────────────────────┐
│ Template: donor ultrametric conversion │
└────────────────────────────────────────┘

┌──────────────────┐
│ Template: output │
└──────────────────┘
Donor stem_fraction=0.117556 crown_fraction=0.882444

┌─────────────────────────┐
│ Template: input summary │
└─────────────────────────┘

┌────────────────────────────┐
│ Template: authority filter │
└────────────────────────────┘
Valid ingroup species kept: 22; dropped absent: 0

┌────────────────────────────────────────┐
│ Template: donor ultrametric conversion │
└────────────────────────────────────────┘

┌──────────────────┐
│ Template: output │
└──────────────────┘
Donor stem_fraction=0.270130 crown_fraction=0.729870
Grafted donor at MRCA(anchors) with position=0.113492 (L=0.143961); dropped old clade tips=12
Grafted donor at MRCA(anchors) with position=0.112950 (L=0.127997); dropped old clade tips=55
Grafted donor at tip=Acropyga position=0.191218 (L=0.261989)

┌─────────────────────────┐
│ write plots & tip lists │
└─────────────────────────┘
