=== Genus grafting log: CladeGraft | 2026-04-12 21:33:10 ===

┌───────────┐
│ load plan │
└───────────┘
Plan rows: 199

┌──────────────────────────────┐
│ assemble donors & placements │
└──────────────────────────────┘
Row 1: Input_tree_type = phylogram
Row 2: Input_tree_type = phylogram
Row 3: Input_tree_type = phylogram
Row 4: Input_tree_type = phylogram
Row 5: Input_tree_type = phylogram
Row 6: Input_tree_type = phylogram
Row 7: Input_tree_type = phylogram
Row 8: Input_tree_type = phylogram
Row 9: Input_tree_type = phylogram
Row 10: Input_tree_type = phylogram
Row 11: Input_tree_type = phylogram
Row 12: Input_tree_type = phylogram
Row 13: Input_tree_type = phylogram
Row 14: Input_tree_type = phylogram
Row 15: Input_tree_type = phylogram
Row 16: Input_tree_type = phylogram
Row 17: Input_tree_type = phylogram
Row 18: Input_tree_type = phylogram
Row 19: Input_tree_type = phylogram
Row 20: Input_tree_type = phylogram
Row 21: Input_tree_type = phylogram
Row 22: Input_tree_type = phylogram
Row 23: Input_tree_type = phylogram
Row 24: Input_tree_type = phylogram
Row 25: Input_tree_type = phylogram
Row 26: Input_tree_type = phylogram
Row 27: Input_tree_type = phylogram
Row 28: Input_tree_type = phylogram
Row 29: Input_tree_type = phylogram
Row 30: Input_tree_type = phylogram
Row 31: Input_tree_type = phylogram
Row 32: Input_tree_type = phylogram
Row 33: Input_tree_type = phylogram
Row 34: Input_tree_type = phylogram
Row 35: Input_tree_type = phylogram
Row 36: Input_tree_type = phylogram
Row 37: Input_tree_type = phylogram
Row 38: Input_tree_type = phylogram
Row 39: Input_tree_type = phylogram
Row 40: Input_tree_type = phylogram
Row 41: Input_tree_type = phylogram
Row 42: Input_tree_type = phylogram
Row 43: Input_tree_type = phylogram
Row 44: Input_tree_type = phylogram
Row 45: Input_tree_type = phylogram
Row 46: Input_tree_type = phylogram
Row 47: Input_tree_type = phylogram
Row 48: Input_tree_type = chronogram
Row 49: Input_tree_type = chronogram
Row 50: Input_tree_type = chronogram
Row 51: Input_tree_type = chronogram
Row 52: Input_tree_type = chronogram
Row 53: Input_tree_type = chronogram
Row 54: Input_tree_type = chronogram
Row 55: Input_tree_type = chronogram
Row 56: Input_tree_type = chronogram
Row 57: Input_tree_type = chronogram
Row 58: Input_tree_type = chronogram
Row 59: Input_tree_type = chronogram
Row 60: Input_tree_type = chronogram
Row 61: Input_tree_type = chronogram
Row 62: Input_tree_type = chronogram
Row 63: Input_tree_type = chronogram
Row 64: Input_tree_type = chronogram
Row 65: Input_tree_type = chronogram
Row 66: Input_tree_type = chronogram
Row 67: Input_tree_type = chronogram
Row 68: Input_tree_type = chronogram
Row 69: Input_tree_type = chronogram
Row 70: Input_tree_type = chronogram
Row 71: Input_tree_type = chronogram
Row 72: Input_tree_type = chronogram
Row 73: Input_tree_type = chronogram
Row 74: Input_tree_type = chronogram
Row 75: Input_tree_type = chronogram
Row 76: Input_tree_type = chronogram
Row 77: Input_tree_type = chronogram
Row 78: Input_tree_type = chronogram
Row 79: Input_tree_type = chronogram
Row 80: Input_tree_type = chronogram
Row 81: Input_tree_type = phylogram
Row 82: Input_tree_type = chronogram
Row 83: Input_tree_type = chronogram
Row 84: Input_tree_type = chronogram
Row 85: Input_tree_type = chronogram
Row 86: Input_tree_type = chronogram
Row 87: Input_tree_type = chronogram
Row 88: Input_tree_type = phylogram
Row 89: Input_tree_type = chronogram
Row 90: Input_tree_type = chronogram
Row 91: Input_tree_type = chronogram
Row 92: Input_tree_type = phylogram
Row 93: Input_tree_type = chronogram
Row 94: Input_tree_type = phylogram
Row 95: Input_tree_type = chronogram
Row 96: Input_tree_type = chronogram
Row 97: Input_tree_type = chronogram
Row 98: Input_tree_type = phylogram
[skip row 98] Missing MRCA or file path
Row 99: Input_tree_type = phylogram
[skip row 99] Missing MRCA or file path
Row 100: Input_tree_type = phylogram
[skip row 100] Missing MRCA or file path
Row 101: Input_tree_type = chronogram
Row 102: Input_tree_type = phylogram
Row 103: Input_tree_type = chronogram
Row 104: Input_tree_type = chronogram
Row 105: Input_tree_type = chronogram
Row 106: Input_tree_type = chronogram
Row 107: Input_tree_type = phylogram
[skip row 107] Missing MRCA or file path
Row 108: Input_tree_type = chronogram
Row 109: Input_tree_type = chronogram
Row 110: Input_tree_type = chronogram
Row 111: Input_tree_type = chronogram
Row 112: Input_tree_type = chronogram
Row 113: Input_tree_type = chronogram
Row 114: Input_tree_type = chronogram
Row 115: Input_tree_type = chronogram
Row 116: Input_tree_type = chronogram
Row 117: Input_tree_type = chronogram
Row 118: Input_tree_type = chronogram
Row 119: Input_tree_type = chronogram
Row 120: Input_tree_type = chronogram
Row 121: Input_tree_type = chronogram
Row 122: Input_tree_type = chronogram
Row 123: Input_tree_type = chronogram
Row 124: Input_tree_type = chronogram
Row 125: Input_tree_type = chronogram
Row 126: Input_tree_type = phylogram
[skip row 126] Missing MRCA or file path
Row 127: Input_tree_type = phylogram
[skip row 127] Missing MRCA or file path
Row 128: Input_tree_type = phylogram
[skip row 128] Missing MRCA or file path
Row 129: Input_tree_type = chronogram
[skip row 129] Missing MRCA or file path
Row 130: Input_tree_type = phylogram
[skip row 130] Missing MRCA or file path
Row 131: Input_tree_type = chronogram
Row 132: Input_tree_type = phylogram
[skip row 132] Missing MRCA or file path
Row 133: Input_tree_type = phylogram
[skip row 133] Missing MRCA or file path
Row 134: Input_tree_type = phylogram
[skip row 134] Missing MRCA or file path
Row 135: Input_tree_type = phylogram
[skip row 135] Missing MRCA or file path
Row 136: Input_tree_type = phylogram
[skip row 136] Missing MRCA or file path
Row 137: Input_tree_type = chronogram
Row 138: Input_tree_type = chronogram
Row 139: Input_tree_type = phylogram
[skip row 139] Missing MRCA or file path
Row 140: Input_tree_type = phylogram
[skip row 140] Missing MRCA or file path
Row 141: Input_tree_type = phylogram
[skip row 141] Missing MRCA or file path
Row 142: Input_tree_type = phylogram
[skip row 142] Missing MRCA or file path
Row 143: Input_tree_type = phylogram
[skip row 143] Missing MRCA or file path
Row 144: Input_tree_type = phylogram
[skip row 144] Missing MRCA or file path
Row 145: Input_tree_type = phylogram
[skip row 145] Missing MRCA or file path
Row 146: Input_tree_type = chronogram
Row 147: Input_tree_type = chronogram
Row 148: Input_tree_type = chronogram
Row 149: Input_tree_type = chronogram
Row 150: Input_tree_type = chronogram
Row 151: Input_tree_type = chronogram
Row 152: Input_tree_type = chronogram
Row 153: Input_tree_type = chronogram
Row 154: Input_tree_type = chronogram
Row 155: Input_tree_type = chronogram
Row 156: Input_tree_type = chronogram
Row 157: Input_tree_type = chronogram
Row 158: Input_tree_type = chronogram
Row 159: Input_tree_type = chronogram
Row 160: Input_tree_type = chronogram
Row 161: Input_tree_type = chronogram
Row 162: Input_tree_type = chronogram
Row 163: Input_tree_type = chronogram
Row 164: Input_tree_type = chronogram
Row 165: Input_tree_type = chronogram
Row 166: Input_tree_type = chronogram
Row 167: Input_tree_type = chronogram
[skip row 167] Missing MRCA or file path
Row 168: Input_tree_type = phylogram
[skip row 168] Missing MRCA or file path
Row 169: Input_tree_type = phylogram
[skip row 169] Missing MRCA or file path
Row 170: Input_tree_type = phylogram
[skip row 170] Missing MRCA or file path
Row 171: Input_tree_type = chronogram
Row 172: Input_tree_type = chronogram
Row 173: Input_tree_type = chronogram
Row 174: Input_tree_type = chronogram
Row 175: Input_tree_type = chronogram
Row 176: Input_tree_type = phylogram
[skip row 176] Missing MRCA or file path
Row 177: Input_tree_type = phylogram
[skip row 177] Missing MRCA or file path
Row 178: Input_tree_type = phylogram
[skip row 178] Missing MRCA or file path
Row 179: Input_tree_type = phylogram
[skip row 179] Missing MRCA or file path
Row 180: Input_tree_type = phylogram
[skip row 180] Missing MRCA or file path
Row 181: Input_tree_type = phylogram
[skip row 181] Missing MRCA or file path
Row 182: Input_tree_type = phylogram
[skip row 182] Missing MRCA or file path
Row 183: Input_tree_type = phylogram
[skip row 183] Missing MRCA or file path
Row 184: Input_tree_type = phylogram
[skip row 184] Missing MRCA or file path
Row 185: Input_tree_type = phylogram
[skip row 185] Missing MRCA or file path
Row 186: Input_tree_type = phylogram
[skip row 186] Missing MRCA or file path
Row 187: Input_tree_type = phylogram
[skip row 187] Missing MRCA or file path
Row 188: Input_tree_type = phylogram
[skip row 188] Missing MRCA or file path
Row 189: Input_tree_type = phylogram
[skip row 189] Missing MRCA or file path
Row 190: Input_tree_type = phylogram
[skip row 190] Missing MRCA or file path
Row 191: Input_tree_type = phylogram
[skip row 191] Missing MRCA or file path
Row 192: Input_tree_type = phylogram
[skip row 192] Missing MRCA or file path
Row 193: Input_tree_type = phylogram
[skip row 193] Missing MRCA or file path
Row 194: Input_tree_type = phylogram
[skip row 194] Missing MRCA or file path
Row 195: Input_tree_type = phylogram
[skip row 195] Missing MRCA or file path
Row 196: Input_tree_type = phylogram
[skip row 196] Missing MRCA or file path
Row 197: Input_tree_type = phylogram
[skip row 197] Missing MRCA or file path
Row 198: Input_tree_type = phylogram
[skip row 198] Missing MRCA or file path
Row 199: Input_tree_type = phylogram
[skip row 199] Missing MRCA or file path
Donors ready: 150 (skipped: 49)

┌────────────────┐
│ load backbones │
└────────────────┘
Backbones: 1

┌───────────────────┐
│ graft many clades │
└───────────────────┘
Reusing cached donor template: /home/marek/ant-megatree/working_code/package/project/published/ectatomminae/extracted_genera/Acanthoponera/extract_Acanthoponera_20260412-190053_with_outgroup.template.rds
Reusing cached donor template: /home/marek/ant-megatree/working_code/package/project/published/ectatomminae/extracted_genera/Alfaria/extract_Alfaria_20260412-190053_with_outgroup.template.rds
Reusing cached donor template: /home/marek/ant-megatree/working_code/package/project/published/ectatomminae/extracted_genera/Ectatomma/extract_Ectatomma_20260412-190053_with_outgroup.template.rds
Reusing cached donor template: /home/marek/ant-megatree/working_code/package/project/published/ectatomminae/extracted_genera/Gnamptogenys/extract_Gnamptogenys_20260412-190053_with_outgroup.template.rds
Reusing cached donor template: /home/marek/ant-megatree/working_code/package/project/published/ectatomminae/extracted_genera/Heteroponera/extract_Heteroponera_20260412-190053_with_outgroup.template.rds
Reusing cached donor template: /home/marek/ant-megatree/working_code/package/project/published/ectatomminae/extracted_genera/Holcoponera/extract_Holcoponera_20260412-190053_with_outgroup.template.rds
Reusing cached donor template: /home/marek/ant-megatree/working_code/package/project/published/ectatomminae/extracted_genera/Poneracantha/extract_Poneracantha_20260412-190053_with_outgroup.template.rds
Reusing cached donor template: /home/marek/ant-megatree/working_code/package/project/published/ectatomminae/extracted_genera/Rhytidoponera/extract_Rhytidoponera_20260412-190053_with_outgroup.template.rds
Reusing cached donor template: /home/marek/ant-megatree/working_code/package/project/published/ectatomminae/extracted_genera/Stictoponera/extract_Stictoponera_20260412-190053_with_outgroup.template.rds
Reusing cached donor template: /home/marek/ant-megatree/working_code/package/project/published/ectatomminae/extracted_genera/Typhlomyrmex/extract_Typhlomyrmex_20260412-190053_with_outgroup.template.rds
Reusing cached donor template: /home/marek/ant-megatree/working_code/package/project/published/ponerinae/extracted_genera/Anochetus/extract_Anochetus_20260412-190431_with_outgroup.template.rds
Reusing cached donor template: /home/marek/ant-megatree/working_code/package/project/published/ponerinae/extracted_genera/Austroponera/extract_Austroponera_20260412-190432_with_outgroup.template.rds
Reusing cached donor template: /home/marek/ant-megatree/working_code/package/project/published/ponerinae/extracted_genera/Belonopelta/extract_Belonopelta_20260412-190432_with_outgroup.template.rds
Reusing cached donor template: /home/marek/ant-megatree/working_code/package/project/published/ponerinae/extracted_genera/Bothroponera/extract_Bothroponera_20260412-190432_with_outgroup.template.rds
Reusing cached donor template: /home/marek/ant-megatree/working_code/package/project/published/ponerinae/extracted_genera/Brachyponera/extract_Brachyponera_20260412-190433_with_outgroup.template.rds
Reusing cached donor template: /home/marek/ant-megatree/working_code/package/project/published/ponerinae/extracted_genera/Centromyrmex/extract_Centromyrmex_20260412-190433_with_outgroup.template.rds
Reusing cached donor template: /home/marek/ant-megatree/working_code/package/project/published/ponerinae/extracted_genera/Cryptopone/extract_Cryptopone_20260412-190433_with_outgroup.template.rds
Reusing cached donor template: /home/marek/ant-megatree/working_code/package/project/published/ponerinae/extracted_genera/Diacamma/extract_Diacamma_20260412-190433_with_outgroup.template.rds
Reusing cached donor template: /home/marek/ant-megatree/working_code/package/project/published/ponerinae/extracted_genera/Dinoponera/extract_Dinoponera_20260412-190433_with_outgroup.template.rds
Reusing cached donor template: /home/marek/ant-megatree/working_code/package/project/published/ponerinae/extracted_genera/Ectomomyrmex/extract_Ectomomyrmex_20260412-190433_with_outgroup.template.rds
Reusing cached donor template: /home/marek/ant-megatree/working_code/package/project/published/ponerinae/extracted_genera/Emeryopone/extract_Emeryopone_20260412-190433_with_outgroup.template.rds
Reusing cached donor template: /home/marek/ant-megatree/working_code/package/project/published/ponerinae/extracted_genera/Euponera/extract_Euponera_20260412-190434_with_outgroup.template.rds
Reusing cached donor template: /home/marek/ant-megatree/working_code/package/project/published/ponerinae/extracted_genera/Fisheropone/extract_Fisheropone_20260412-190434_with_outgroup.template.rds
Reusing cached donor template: /home/marek/ant-megatree/working_code/package/project/published/ponerinae/extracted_genera/Hagensia/extract_Hagensia_20260412-190434_with_outgroup.template.rds
Reusing cached donor template: /home/marek/ant-megatree/working_code/package/project/published/ponerinae/extracted_genera/Hypoponera/extract_Hypoponera_20260412-190434_with_outgroup.template.rds
Reusing cached donor template: /home/marek/ant-megatree/working_code/package/project/published/ponerinae/extracted_genera/Leptogenys/extract_Leptogenys_20260412-190434_with_outgroup.template.rds
Reusing cached donor template: /home/marek/ant-megatree/working_code/package/project/published/ponerinae/extracted_genera/Loboponera/extract_Loboponera_20260412-190435_with_outgroup.template.rds
Reusing cached donor template: /home/marek/ant-megatree/working_code/package/project/published/ponerinae/extracted_genera/Mayaponera/extract_Mayaponera_20260412-190435_with_outgroup.template.rds
Reusing cached donor template: /home/marek/ant-megatree/working_code/package/project/published/ponerinae/extracted_genera/Mesoponera/extract_Mesoponera_20260412-190435_with_outgroup.template.rds
Reusing cached donor template: /home/marek/ant-megatree/working_code/package/project/published/ponerinae/extracted_genera/Myopias/extract_Myopias_20260412-190435_with_outgroup.template.rds
Reusing cached donor template: /home/marek/ant-megatree/working_code/package/project/published/ponerinae/extracted_genera/Neoponera/extract_Neoponera_20260412-190435_with_outgroup.template.rds
Reusing cached donor template: /home/marek/ant-megatree/working_code/package/project/published/ponerinae/extracted_genera/Odontomachus/extract_Odontomachus_20260412-190435_with_outgroup.template.rds
Reusing cached donor template: /home/marek/ant-megatree/working_code/package/project/published/ponerinae/extracted_genera/Odontoponera/extract_Odontoponera_20260412-190435_with_outgroup.template.rds
Reusing cached donor template: /home/marek/ant-megatree/working_code/package/project/published/ponerinae/extracted_genera/Ophthalmopone/extract_Ophthalmopone_20260412-190436_with_outgroup.template.rds
Reusing cached donor template: /home/marek/ant-megatree/working_code/package/project/published/ponerinae/extracted_genera/Pachycondyla/extract_Pachycondyla_20260412-190436_with_outgroup.template.rds

┌─────────────────────────┐
│ Template: input summary │
└─────────────────────────┘
Outgroup inferred as root singleton: Pseudoponera_gilloglyi

┌────────────────────────────┐
│ Template: authority filter │
└────────────────────────────┘
Valid ingroup species kept: 1; dropped absent: 2

┌────────────────────────────────────────┐
│ Template: donor ultrametric conversion │
└────────────────────────────────────────┘
Donor tree type: phylogram; ultrametric: FALSE
Phylogram detected; estimating chronogram with chronos.
