=== Genus grafting log: CladeGraft | 2026-04-10 20:44:59 ===

┌───────────┐
│ load plan │
└───────────┘
Plan rows: 64

┌──────────────────────────────┐
│ assemble donors & placements │
└──────────────────────────────┘
Row 1: Input_tree_type = phylogram
Row 2: Input_tree_type = phylogram
Row 3: Input_tree_type = chronogram
Row 4: Input_tree_type = chronogram
Row 5: Input_tree_type = chronogram
Row 6: Input_tree_type = chronogram
Row 7: Input_tree_type = chronogram
Row 8: Input_tree_type = chronogram
Row 9: Input_tree_type = chronogram
Row 10: Input_tree_type = chronogram
Row 11: Input_tree_type = chronogram
Row 12: Input_tree_type = phylogram
Row 13: Input_tree_type = phylogram
Row 14: Input_tree_type = chronogram
Row 15: Input_tree_type = chronogram
Row 16: Input_tree_type = chronogram
Row 17: Input_tree_type = chronogram
Row 18: Input_tree_type = chronogram
Row 19: Input_tree_type = chronogram
Row 20: Input_tree_type = phylogram
Row 21: Input_tree_type = chronogram
Row 22: Input_tree_type = chronogram
Row 23: Input_tree_type = chronogram
Row 24: Input_tree_type = phylogram
Row 25: Input_tree_type = chronogram
Row 26: Input_tree_type = phylogram
Row 27: Input_tree_type = chronogram
Row 28: Input_tree_type = chronogram
Row 29: Input_tree_type = chronogram
Row 30: Input_tree_type = phylogram
[skip row 30] Missing MRCA or file path
Row 31: Input_tree_type = phylogram
[skip row 31] Missing MRCA or file path
Row 32: Input_tree_type = phylogram
[skip row 32] Missing MRCA or file path
Row 33: Input_tree_type = chronogram
Row 34: Input_tree_type = phylogram
Row 35: Input_tree_type = chronogram
Row 36: Input_tree_type = chronogram
Row 37: Input_tree_type = chronogram
Row 38: Input_tree_type = chronogram
Row 39: Input_tree_type = phylogram
[skip row 39] Missing MRCA or file path
Row 40: Input_tree_type = chronogram
Row 41: Input_tree_type = chronogram
Row 42: Input_tree_type = chronogram
Row 43: Input_tree_type = chronogram
Row 44: Input_tree_type = chronogram
Row 45: Input_tree_type = chronogram
Row 46: Input_tree_type = chronogram
Row 47: Input_tree_type = chronogram
Row 48: Input_tree_type = chronogram
Row 49: Input_tree_type = chronogram
Row 50: Input_tree_type = chronogram
Row 51: Input_tree_type = chronogram
Row 52: Input_tree_type = chronogram
Row 53: Input_tree_type = chronogram
Row 54: Input_tree_type = chronogram
Row 55: Input_tree_type = chronogram
Row 56: Input_tree_type = chronogram
Row 57: Input_tree_type = chronogram
Row 58: Input_tree_type = chronogram
Row 59: Input_tree_type = phylogram
[skip row 59] Missing MRCA or file path
Row 60: Input_tree_type = phylogram
[skip row 60] Missing MRCA or file path
Row 61: Input_tree_type = phylogram
[skip row 61] Missing MRCA or file path
Row 62: Input_tree_type = chronogram
[skip row 62] Missing MRCA or file path
Row 63: Input_tree_type = phylogram
[skip row 63] Missing MRCA or file path
Row 64: Input_tree_type = chronogram
Donors ready: 55 (skipped: 9)

┌────────────────┐
│ load backbones │
└────────────────┘
Backbones: 1

┌───────────────────┐
│ graft many clades │
└───────────────────┘

┌─────────────────────────┐
│ Template: input summary │
└─────────────────────────┘
Outgroup inferred as root singleton: Stenamma_alas

┌────────────────────────────┐
│ Template: authority filter │
└────────────────────────────┘
Valid ingroup species kept: 106; dropped absent: 22

┌────────────────────────────────────────┐
│ Template: donor ultrametric conversion │
└────────────────────────────────────────┘
Donor tree type: phylogram; ultrametric: FALSE
Phylogram detected; estimating chronogram with chronos.
Selected chronos:
  model=discrete
  lambda=0.1
  rate_cats=1
  PHIIC=231.720649
  logLik=-9.860324
  converged=TRUE
  note=Selected best CONVERGED chronos model.

┌──────────────────┐
│ Template: output │
└──────────────────┘
Donor stem_fraction=0.132687 crown_fraction=0.867313
Saved donor template to: /home/marek/ant-megatree/working_code/package/project/published/ectatomminae/extract_mrca_Bazboltonia_microps_GPC15-Gnamptogenys_boliviensis_GAB98_with_outgroup.template.rds

┌─────────────────────────┐
│ Template: input summary │
└─────────────────────────┘
Outgroup inferred as root singleton: Proceratium_google

┌────────────────────────────┐
│ Template: authority filter │
└────────────────────────────┘
Valid ingroup species kept: 601; dropped absent: 82

┌────────────────────────────────────────┐
│ Template: donor ultrametric conversion │
└────────────────────────────────────────┘
Donor tree type: phylogram; ultrametric: FALSE
Phylogram detected; estimating chronogram with chronos.
Selected chronos:
  model=discrete
  lambda=0.1
  rate_cats=1
  PHIIC=1308.094084
  logLik=-53.047042
  converged=FALSE
  note=WARNING: No chronos model converged; using best NON-converged model.

┌──────────────────┐
│ Template: output │
└──────────────────┘
Donor stem_fraction=0.502852 crown_fraction=0.497148
Saved donor template to: /home/marek/ant-megatree/working_code/package/project/published/ponerinae/extract_mrca_Anochetus_afr01_EX2929_CASENT0845774-Platythyrea_arnoldi_D2118_CASENT0842276_20260311-154558_with_outgroup.template.rds

┌─────────────────────────┐
│ Template: input summary │
└─────────────────────────┘
Outgroup inferred as root singleton: Monomorium_hanneli

┌────────────────────────────┐
│ Template: authority filter │
└────────────────────────────┘
Valid ingroup species kept: 121; dropped absent: 32

┌────────────────────────────────────────┐
│ Template: donor ultrametric conversion │
└────────────────────────────────────────┘
Donor tree type: chronogram; ultrametric: FALSE
Input tree declared as chronogram; skipping chronos.
Chronogram not ultrametric (likely numerical jitter); enforcing ultrametricity using 'extend'.

┌──────────────────┐
│ Template: output │
└──────────────────┘
Donor stem_fraction=0.075777 crown_fraction=0.924223
Saved donor template to: /home/marek/ant-megatree/working_code/package/project/published/crematogastrini/blaimer2022/extract_mrca_Rostromyrmex_pasohensis-Atopomyrmex_cryptoceroides_20260404-132251_with_outgroup.template.rds

┌─────────────────────────┐
│ Template: input summary │
└─────────────────────────┘
Outgroup inferred as root singleton: Agraulomyrmex_TZ01

┌────────────────────────────┐
│ Template: authority filter │
└────────────────────────────┘
Valid ingroup species kept: 22; dropped absent: 0

┌────────────────────────────────────────┐
│ Template: donor ultrametric conversion │
└────────────────────────────────────────┘
Donor tree type: chronogram; ultrametric: FALSE
Input tree declared as chronogram; skipping chronos.
Chronogram not ultrametric (likely numerical jitter); enforcing ultrametricity using 'extend'.

┌──────────────────┐
│ Template: output │
└──────────────────┘
Donor stem_fraction=0.342731 crown_fraction=0.657269
Saved donor template to: /home/marek/ant-megatree/working_code/package/project/published/acropyga/blaimer2016/extract_mrca_Acropyga_donisthorpei_ACR86-Acropyga_arnoldi_ACR22_20260404-165022_with_outgroup.template.rds

┌─────────────────────────┐
│ Template: input summary │
└─────────────────────────┘
Outgroup inferred as root singleton: Overbeckia_my

┌────────────────────────────┐
│ Template: authority filter │
└────────────────────────────┘
Valid ingroup species kept: 5; dropped absent: 0

┌────────────────────────────────────────┐
│ Template: donor ultrametric conversion │
└────────────────────────────────────────┘
Donor tree type: chronogram; ultrametric: FALSE
Input tree declared as chronogram; skipping chronos.
Chronogram not ultrametric (likely numerical jitter); enforcing ultrametricity using 'extend'.

┌──────────────────┐
│ Template: output │
└──────────────────┘
Donor stem_fraction=0.297319 crown_fraction=0.702681
Saved donor template to: /home/marek/ant-megatree/working_code/package/project/published/camponotini/ward2025/extracted_genera/Calomyrmex/extract_Calomyrmex_20260410-123025_with_outgroup.template.rds

┌─────────────────────────┐
│ Template: input summary │
└─────────────────────────┘
Outgroup inferred as root singleton: Polyrhachis_AU_A_D2316

┌────────────────────────────┐
│ Template: authority filter │
└────────────────────────────┘
Valid ingroup species kept: 16; dropped absent: 2

┌────────────────────────────────────────┐
│ Template: donor ultrametric conversion │
└────────────────────────────────────────┘
Donor tree type: chronogram; ultrametric: FALSE
Input tree declared as chronogram; skipping chronos.
Chronogram not ultrametric (likely numerical jitter); enforcing ultrametricity using 'extend'.

┌──────────────────┐
│ Template: output │
└──────────────────┘
Donor stem_fraction=0.413138 crown_fraction=0.586862
Saved donor template to: /home/marek/ant-megatree/working_code/package/project/published/camponotini/ward2025/extracted_genera/Colobopsis/extract_Colobopsis_20260410-123025_with_outgroup.template.rds

┌─────────────────────────┐
│ Template: input summary │
└─────────────────────────┘
Outgroup inferred as root singleton: Echinopla_australis

┌────────────────────────────┐
│ Template: authority filter │
└────────────────────────────┘
Valid ingroup species kept: 110; dropped absent: 0

┌────────────────────────────────────────┐
│ Template: donor ultrametric conversion │
└────────────────────────────────────────┘
Donor tree type: chronogram; ultrametric: FALSE
Input tree declared as chronogram; skipping chronos.
Chronogram not ultrametric (likely numerical jitter); enforcing ultrametricity using 'extend'.

┌──────────────────┐
│ Template: output │
└──────────────────┘
Donor stem_fraction=0.044031 crown_fraction=0.955969
Saved donor template to: /home/marek/ant-megatree/working_code/package/project/published/camponotini/ward2025/extracted_genera/Camponotus/extract_Camponotus_20260410-123025_with_outgroup.template.rds

┌─────────────────────────┐
│ Template: input summary │
└─────────────────────────┘
Outgroup inferred as root singleton: Overbeckia_my

┌────────────────────────────┐
│ Template: authority filter │
└────────────────────────────┘
Valid ingroup species kept: 2; dropped absent: 0

┌────────────────────────────────────────┐
│ Template: donor ultrametric conversion │
└────────────────────────────────────────┘
Donor tree type: chronogram; ultrametric: FALSE
Input tree declared as chronogram; skipping chronos.
Chronogram not ultrametric (likely numerical jitter); enforcing ultrametricity using 'extend'.

┌──────────────────┐
│ Template: output │
└──────────────────┘
Donor stem_fraction=0.339867 crown_fraction=0.660133
Saved donor template to: /home/marek/ant-megatree/working_code/package/project/published/camponotini/ward2025/extracted_genera/Echinopla/extract_Echinopla_20260410-123025_with_outgroup.template.rds

┌─────────────────────────┐
│ Template: input summary │
└─────────────────────────┘
Outgroup inferred as root singleton: Calomyrmex_albertisi

┌────────────────────────────┐
│ Template: authority filter │
└────────────────────────────┘
Valid ingroup species kept: 2; dropped absent: 1

┌────────────────────────────────────────┐
│ Template: donor ultrametric conversion │
└────────────────────────────────────────┘
Donor tree type: chronogram; ultrametric: TRUE
Input tree declared as chronogram; skipping chronos.

┌──────────────────┐
│ Template: output │
└──────────────────┘
Donor stem_fraction=0.690234 crown_fraction=0.309766
Saved donor template to: /home/marek/ant-megatree/working_code/package/project/published/camponotini/ward2025/extracted_genera/Overbeckia/extract_Overbeckia_20260410-123025_with_outgroup.template.rds

┌─────────────────────────┐
│ Template: input summary │
└─────────────────────────┘
Outgroup inferred as root singleton: Camponotus_ephippiatus

┌────────────────────────────┐
│ Template: authority filter │
└────────────────────────────┘
Valid ingroup species kept: 4; dropped absent: 1

┌────────────────────────────────────────┐
│ Template: donor ultrametric conversion │
└────────────────────────────────────────┘
Donor tree type: chronogram; ultrametric: FALSE
Input tree declared as chronogram; skipping chronos.
Chronogram not ultrametric (likely numerical jitter); enforcing ultrametricity using 'extend'.

┌──────────────────┐
│ Template: output │
└──────────────────┘
Donor stem_fraction=0.802454 crown_fraction=0.197546
Saved donor template to: /home/marek/ant-megatree/working_code/package/project/published/camponotini/ward2025/extracted_genera/Opisthopsis/extract_Opisthopsis_20260410-123025_with_outgroup.template.rds

┌─────────────────────────┐
│ Template: input summary │
└─────────────────────────┘
Outgroup inferred as root singleton: Camponotus_ephippiatus

┌────────────────────────────┐
│ Template: authority filter │
└────────────────────────────┘
Valid ingroup species kept: 3; dropped absent: 0

┌────────────────────────────────────────┐
│ Template: donor ultrametric conversion │
└────────────────────────────────────────┘
Donor tree type: chronogram; ultrametric: FALSE
Input tree declared as chronogram; skipping chronos.
Chronogram not ultrametric (likely numerical jitter); enforcing ultrametricity using 'extend'.

┌──────────────────┐
│ Template: output │
└──────────────────┘
Donor stem_fraction=0.766889 crown_fraction=0.233111
Saved donor template to: /home/marek/ant-megatree/working_code/package/project/published/camponotini/ward2025/extracted_genera/Lathidris/extract_Lathidris_20260410-123026_with_outgroup.template.rds

┌─────────────────────────┐
│ Template: input summary │
└─────────────────────────┘
Outgroup inferred as root singleton: Camponotous_sp

┌────────────────────────────┐
│ Template: authority filter │
└────────────────────────────┘
Valid ingroup species kept: 81; dropped absent: 11

┌────────────────────────────────────────┐
│ Template: donor ultrametric conversion │
└────────────────────────────────────────┘
Donor tree type: phylogram; ultrametric: FALSE
Phylogram detected; estimating chronogram with chronos.
Selected chronos:
  model=discrete
  lambda=0.1
  rate_cats=1
  PHIIC=298.511390
  logLik=-68.255695
  converged=FALSE
  note=WARNING: No chronos model converged; using best NON-converged model.

┌──────────────────┐
│ Template: output │
└──────────────────┘
Donor stem_fraction=0.333395 crown_fraction=0.666605
Saved donor template to: /home/marek/ant-megatree/working_code/package/project/published/polyrhachis/mezger2016/Polyrhachis_with_outgroup.template.rds

┌─────────────────────────┐
│ Template: input summary │
└─────────────────────────┘
Outgroup inferred as root singleton: Procryptocerus_scabriusculus

┌────────────────────────────┐
│ Template: authority filter │
└────────────────────────────┘
Valid ingroup species kept: 65; dropped absent: 38

┌────────────────────────────────────────┐
│ Template: donor ultrametric conversion │
└────────────────────────────────────────┘
Donor tree type: phylogram; ultrametric: FALSE
Phylogram detected; estimating chronogram with chronos.
Selected chronos:
  model=discrete
  lambda=0.1
  rate_cats=1
  PHIIC=136.993858
  logLik=-3.496929
  converged=TRUE
  note=Selected best CONVERGED chronos model.

┌──────────────────┐
│ Template: output │
└──────────────────┘
Donor stem_fraction=0.579190 crown_fraction=0.420810
Saved donor template to: /home/marek/ant-megatree/working_code/package/project/published/cephalotes/price2022/Cephalotes_with_outgroup.template.rds

┌─────────────────────────┐
│ Template: input summary │
└─────────────────────────┘
Outgroup inferred as root singleton: Recurvidris_TH01

┌────────────────────────────┐
│ Template: authority filter │
└────────────────────────────┘
Valid ingroup species kept: 91; dropped absent: 7

┌────────────────────────────────────────┐
│ Template: donor ultrametric conversion │
└────────────────────────────────────────┘
Donor tree type: chronogram; ultrametric: FALSE
Input tree declared as chronogram; skipping chronos.
Chronogram not ultrametric (likely numerical jitter); enforcing ultrametricity using 'extend'.

┌──────────────────┐
│ Template: output │
└──────────────────┘
Donor stem_fraction=0.408633 crown_fraction=0.591367
Saved donor template to: /home/marek/ant-megatree/working_code/package/project/published/crematogaster/blaimer2012/extract_mrca_Crematogaster_emeryi-Crematogaster_hova_complex_20260404-133421_with_outgroup.template.rds

┌─────────────────────────┐
│ Template: input summary │
└─────────────────────────┘
Outgroup inferred as root singleton: Crematogaster_lotti

┌────────────────────────────┐
│ Template: authority filter │
└────────────────────────────┘
Valid ingroup species kept: 31; dropped absent: 2

┌────────────────────────────────────────┐
│ Template: donor ultrametric conversion │
└────────────────────────────────────────┘
Donor tree type: chronogram; ultrametric: FALSE
Input tree declared as chronogram; skipping chronos.
Chronogram not ultrametric (likely numerical jitter); enforcing ultrametricity using 'extend'.

┌──────────────────┐
│ Template: output │
└──────────────────┘
Donor stem_fraction=0.486845 crown_fraction=0.513155
Saved donor template to: /home/marek/ant-megatree/working_code/package/project/published/crematogaster/ward2022/extract_mrca_Crematogaster_scutellaris_BBX611-Crematogaster_ashmeadi_D1839_20260404-134141_with_outgroup.template.rds

┌─────────────────────────┐
│ Template: input summary │
└─────────────────────────┘
Outgroup inferred as root singleton: Forelius_damiani

┌────────────────────────────┐
│ Template: authority filter │
└────────────────────────────┘
Valid ingroup species kept: 30; dropped absent: 18

┌────────────────────────────────────────┐
│ Template: donor ultrametric conversion │
└────────────────────────────────────────┘
Donor tree type: chronogram; ultrametric: FALSE
Input tree declared as chronogram; skipping chronos.
Chronogram not ultrametric (likely numerical jitter); enforcing ultrametricity using 'extend'.

┌──────────────────┐
│ Template: output │
└──────────────────┘
Donor stem_fraction=0.183456 crown_fraction=0.816544
Saved donor template to: /home/marek/ant-megatree/working_code/package/project/published/dorymyrmex/oberski2025/extract_mrca_Dorymyrmex_ebeninus_D1537-Dorymyrmex_ce01_D2967_20260404-192925_with_outgroup.template.rds

┌─────────────────────────┐
│ Template: input summary │
└─────────────────────────┘
Outgroup inferred as root singleton: Dorymyrmex_paranensis

┌────────────────────────────┐
│ Template: authority filter │
└────────────────────────────┘
Valid ingroup species kept: 8; dropped absent: 0

┌────────────────────────────────────────┐
│ Template: donor ultrametric conversion │
└────────────────────────────────────────┘
Donor tree type: chronogram; ultrametric: FALSE
Input tree declared as chronogram; skipping chronos.
Chronogram not ultrametric (likely numerical jitter); enforcing ultrametricity using 'extend'.

┌──────────────────┐
│ Template: output │
└──────────────────┘
Donor stem_fraction=0.545591 crown_fraction=0.454409
Saved donor template to: /home/marek/ant-megatree/working_code/package/project/published/dorymyrmex/oberski2025/extract_mrca_Forelius_damiani_D3046-Forelius_brasiliensis_D3042_20260404-192925_with_outgroup.template.rds

┌─────────────────────────┐
│ Template: input summary │
└─────────────────────────┘
Outgroup inferred as root singleton: Dorymyrmex_paranensis

┌────────────────────────────┐
│ Template: authority filter │
└────────────────────────────┘
Valid ingroup species kept: 9; dropped absent: 0

┌────────────────────────────────────────┐
│ Template: donor ultrametric conversion │
└────────────────────────────────────────┘
Donor tree type: chronogram; ultrametric: FALSE
Input tree declared as chronogram; skipping chronos.
Chronogram not ultrametric (likely numerical jitter); enforcing ultrametricity using 'extend'.

┌──────────────────┐
│ Template: output │
└──────────────────┘
Donor stem_fraction=0.210162 crown_fraction=0.789838
Saved donor template to: /home/marek/ant-megatree/working_code/package/project/published/dorymyrmex/oberski2025/extract_mrca_Leptomyrmex_relictus_D1200-Leptomyrmex_unicolor_D3033_20260404-192925_with_outgroup.template.rds

┌─────────────────────────┐
│ Template: input summary │
└─────────────────────────┘
Outgroup inferred as root singleton: Iberoformica_subrufa

┌────────────────────────────┐
│ Template: authority filter │
└────────────────────────────┘
Valid ingroup species kept: 77; dropped absent: 4

┌────────────────────────────────────────┐
│ Template: donor ultrametric conversion │
└────────────────────────────────────────┘
Donor tree type: chronogram; ultrametric: FALSE
Input tree declared as chronogram; skipping chronos.
Chronogram not ultrametric (likely numerical jitter); enforcing ultrametricity using 'extend'.

┌──────────────────┐
│ Template: output │
└──────────────────┘
Donor stem_fraction=0.127219 crown_fraction=0.872781
Saved donor template to: /home/marek/ant-megatree/working_code/package/project/published/formica/borowiec2021/extract_mrca_Formica_gagates_F0120-Formica_nevadensis_F0079_20260404-181141_with_outgroup.template.rds

┌─────────────────────────┐
│ Template: input summary │
└─────────────────────────┘
Outgroup inferred as root singleton: Myrmecocystus_mexicanus

┌────────────────────────────┐
│ Template: authority filter │
└────────────────────────────┘
Valid ingroup species kept: 21; dropped absent: 0

┌────────────────────────────────────────┐
│ Template: donor ultrametric conversion │
└────────────────────────────────────────┘
Donor tree type: phylogram; ultrametric: FALSE
Phylogram detected; estimating chronogram with chronos.
Selected chronos:
  model=discrete
  lambda=0.1
  rate_cats=1
  PHIIC=42.933645
  logLik=-0.466822
  converged=TRUE
  note=Selected best CONVERGED chronos model.

┌──────────────────┐
│ Template: output │
└──────────────────┘
Donor stem_fraction=0.097743 crown_fraction=0.902257
Saved donor template to: /home/marek/ant-megatree/working_code/package/project/published/lasius/boudinot2022/Lasius_with_outgroup.template.rds

┌─────────────────────────┐
│ Template: input summary │
└─────────────────────────┘
Outgroup inferred as root singleton: Nothomyrm_macrops

┌────────────────────────────┐
│ Template: authority filter │
└────────────────────────────┘
Valid ingroup species kept: 62; dropped absent: 30

┌────────────────────────────────────────┐
│ Template: donor ultrametric conversion │
└────────────────────────────────────────┘
Donor tree type: chronogram; ultrametric: FALSE
Input tree declared as chronogram; skipping chronos.
Chronogram not ultrametric (likely numerical jitter); enforcing ultrametricity using 'extend'.

┌──────────────────┐
│ Template: output │
└──────────────────┘
Donor stem_fraction=0.336705 crown_fraction=0.663295
Saved donor template to: /home/marek/ant-megatree/working_code/package/project/published/myrmecia/mera-rodriguez2023/extract_mrca_Myrmecia_flammicollis_11550-Myrmecia_inquilina_13405_20260409-145529_with_outgroup.template.rds

┌─────────────────────────┐
│ Template: input summary │
└─────────────────────────┘
Outgroup inferred as root singleton: Adelomyrmex_longinoi

┌────────────────────────────┐
│ Template: authority filter │
└────────────────────────────┘
Valid ingroup species kept: 41; dropped absent: 2

┌────────────────────────────────────────┐
│ Template: donor ultrametric conversion │
└────────────────────────────────────────┘
Donor tree type: chronogram; ultrametric: FALSE
Input tree declared as chronogram; skipping chronos.
Chronogram not ultrametric (likely numerical jitter); enforcing ultrametricity using 'extend'.

┌──────────────────┐
│ Template: output │
└──────────────────┘
Donor stem_fraction=0.055122 crown_fraction=0.944878
Saved donor template to: /home/marek/ant-megatree/working_code/package/project/published/myrmicini/prebus2025/extract_mrca_Manica_hunteri_OR_S_Mattheiu_Lake_P861-Pogonomyrmex_maricopa_P882_20260404-165809_with_outgroup.template.rds

┌─────────────────────────┐
│ Template: input summary │
└─────────────────────────┘
Outgroup inferred as root singleton: Lasius_californicus

┌────────────────────────────┐
│ Template: authority filter │
└────────────────────────────┘
Valid ingroup species kept: 44; dropped absent: 80

┌────────────────────────────────────────┐
│ Template: donor ultrametric conversion │
└────────────────────────────────────────┘
Donor tree type: chronogram; ultrametric: TRUE
Input tree declared as chronogram; skipping chronos.

┌──────────────────┐
│ Template: output │
└──────────────────┘
Donor stem_fraction=0.312838 crown_fraction=0.687162
Saved donor template to: /home/marek/ant-megatree/working_code/package/project/published/prenolepis/matos-maravi2018/extract_mrca_Zatania_albimaculata-Nylanderia_NYLA026_20260404-171052_with_outgroup.template.rds

┌─────────────────────────┐
│ Template: input summary │
└─────────────────────────┘
Outgroup inferred as root singleton: Paratrechina_longicornis

┌────────────────────────────┐
│ Template: authority filter │
└────────────────────────────┘
Valid ingroup species kept: 36; dropped absent: 37

┌────────────────────────────────────────┐
│ Template: donor ultrametric conversion │
└────────────────────────────────────────┘
Donor tree type: phylogram; ultrametric: FALSE
Phylogram detected; estimating chronogram with chronos.
Selected chronos:
  model=discrete
  lambda=0.1
  rate_cats=1
  PHIIC=75.752173
  logLik=-1.876086
  converged=TRUE
  note=Selected best CONVERGED chronos model.

┌──────────────────┐
│ Template: output │
└──────────────────┘
Donor stem_fraction=0.495950 crown_fraction=0.504050
Saved donor template to: /home/marek/ant-megatree/working_code/package/project/published/nylanderia/williams2022/Nylanderia_with_outgroup.template.rds

┌─────────────────────────┐
│ Template: input summary │
└─────────────────────────┘
Outgroup inferred as root singleton: Cephalotes_setulifer

┌────────────────────────────┐
│ Template: authority filter │
└────────────────────────────┘
Valid ingroup species kept: 241; dropped absent: 19

┌────────────────────────────────────────┐
│ Template: donor ultrametric conversion │
└────────────────────────────────────────┘
Donor tree type: chronogram; ultrametric: TRUE
Input tree declared as chronogram; skipping chronos.

┌──────────────────┐
│ Template: output │
└──────────────────┘
Donor stem_fraction=0.485965 crown_fraction=0.514035
Saved donor template to: /home/marek/ant-megatree/working_code/package/project/published/pheidole/economo2019/extract_mrca_Pheidole_fimbriata_CASENT0283061-Pheidole_allarmata_CASENT0283450_20260404-164232_with_outgroup.template.rds

┌─────────────────────────┐
│ Template: input summary │
└─────────────────────────┘
Outgroup inferred as root singleton: Myrcidris_epicharis

┌────────────────────────────┐
│ Template: authority filter │
└────────────────────────────┘
Valid ingroup species kept: 100; dropped absent: 2

┌────────────────────────────────────────┐
│ Template: donor ultrametric conversion │
└────────────────────────────────────────┘
Donor tree type: phylogram; ultrametric: FALSE
Phylogram detected; estimating chronogram with chronos.
Selected chronos:
  model=correlated
  lambda=10
  rate_cats=NA
  PHIIC=605.356041
  logLik=-3.672767
  converged=TRUE
  note=Selected best CONVERGED chronos model.

┌──────────────────┐
│ Template: output │
└──────────────────┘
Donor stem_fraction=0.423713 crown_fraction=0.576287
Saved donor template to: /home/marek/ant-megatree/working_code/package/project/published/pseudomyrmex/chomicki2015/Pseudomyrmex_with_outgroup.template.rds

┌─────────────────────────┐
│ Template: input summary │
└─────────────────────────┘
Outgroup inferred as root singleton: Pseudomyrmex_fervidus

┌────────────────────────────┐
│ Template: authority filter │
└────────────────────────────┘
Valid ingroup species kept: 13; dropped absent: 0

┌────────────────────────────────────────┐
│ Template: donor ultrametric conversion │
└────────────────────────────────────────┘
Donor tree type: chronogram; ultrametric: FALSE
Input tree declared as chronogram; skipping chronos.
Chronogram not ultrametric (likely numerical jitter); enforcing ultrametricity using 'extend'.

┌──────────────────┐
│ Template: output │
└──────────────────┘
Donor stem_fraction=0.448367 crown_fraction=0.551633
Saved donor template to: /home/marek/ant-megatree/working_code/package/project/published/pseudomyrmex/ward2022/extract_mrca_Pseudomyrmex_salvini_D1236-Pseudomyrmex_apache_D0155_20260409-144547_with_outgroup.template.rds

┌─────────────────────────┐
│ Template: input summary │
└─────────────────────────┘
Outgroup inferred as root singleton: Pseudomyrmex_perboscii

┌────────────────────────────┐
│ Template: authority filter │
└────────────────────────────┘
Valid ingroup species kept: 12; dropped absent: 0

┌────────────────────────────────────────┐
│ Template: donor ultrametric conversion │
└────────────────────────────────────────┘
Donor tree type: chronogram; ultrametric: FALSE
Input tree declared as chronogram; skipping chronos.
Chronogram not ultrametric (likely numerical jitter); enforcing ultrametricity using 'extend'.

┌──────────────────┐
│ Template: output │
└──────────────────┘
Donor stem_fraction=0.330818 crown_fraction=0.669182
Saved donor template to: /home/marek/ant-megatree/working_code/package/project/published/pseudomyrmex/ward2017/extract_mrca_Pseudomyrmex_particeps_D1307-Pseudomyrmex_janzeni_D0620_20260404-173038_with_outgroup.template.rds

┌─────────────────────────┐
│ Template: input summary │
└─────────────────────────┘
Outgroup inferred as root singleton: Adelomyrmex_jtl

┌────────────────────────────┐
│ Template: authority filter │
└────────────────────────────┘
Valid ingroup species kept: 85; dropped absent: 3

┌────────────────────────────────────────┐
│ Template: donor ultrametric conversion │
└────────────────────────────────────────┘
Donor tree type: chronogram; ultrametric: FALSE
Input tree declared as chronogram; skipping chronos.
Chronogram not ultrametric (likely numerical jitter); enforcing ultrametricity using 'extend'.

┌──────────────────┐
│ Template: output │
└──────────────────┘
Donor stem_fraction=0.415300 crown_fraction=0.584700
Saved donor template to: /home/marek/ant-megatree/working_code/package/project/published/stenammini/branstetter2022/extract_mrca_Novomessor_albisetosus_EX376-Stenamma_punctiventre_EX309_20260404-124915_with_outgroup.template.rds

┌─────────────────────────┐
│ Template: input summary │
└─────────────────────────┘
Outgroup inferred as root singleton: Aphaenogaster_megommata

┌────────────────────────────┐
│ Template: authority filter │
└────────────────────────────┘
Valid ingroup species kept: 48; dropped absent: 3

┌────────────────────────────────────────┐
│ Template: donor ultrametric conversion │
└────────────────────────────────────────┘
Donor tree type: chronogram; ultrametric: FALSE
Input tree declared as chronogram; skipping chronos.
Chronogram not ultrametric (likely numerical jitter); enforcing ultrametricity using 'extend'.

┌──────────────────┐
│ Template: output │
└──────────────────┘
Donor stem_fraction=0.090304 crown_fraction=0.909696
Saved donor template to: /home/marek/ant-megatree/working_code/package/project/published/messor/juve2025/extract_mrca_Messor_asmaae_sp1_PAKISTAN_AWEY-Messor_picturatus_maurus_TUNISIA_WGS_SH02-03_20260404-174036_with_outgroup.template.rds

┌─────────────────────────┐
│ Template: input summary │
└─────────────────────────┘
Outgroup inferred as root singleton: Pilotrochus_besmerus

┌────────────────────────────┐
│ Template: authority filter │
└────────────────────────────┘
Valid ingroup species kept: 115; dropped absent: 9

┌────────────────────────────────────────┐
│ Template: donor ultrametric conversion │
└────────────────────────────────────────┘
Donor tree type: phylogram; ultrametric: FALSE
Phylogram detected; estimating chronogram with chronos.
Selected chronos:
  model=discrete
  lambda=0.1
  rate_cats=1
  PHIIC=248.633759
  logLik=-9.316879
  converged=TRUE
  note=Selected best CONVERGED chronos model.

┌──────────────────┐
│ Template: output │
└──────────────────┘
Donor stem_fraction=0.484184 crown_fraction=0.515816
Saved donor template to: /home/marek/ant-megatree/working_code/package/project/published/strumigenys/booher2021/Strumigenys_with_outgroup.template.rds

┌─────────────────────────┐
│ Template: input summary │
└─────────────────────────┘
Outgroup inferred as root singleton: Leptothorax_calderoni

┌────────────────────────────┐
│ Template: authority filter │
└────────────────────────────┘
Valid ingroup species kept: 86; dropped absent: 6

┌────────────────────────────────────────┐
│ Template: donor ultrametric conversion │
└────────────────────────────────────────┘
Donor tree type: chronogram; ultrametric: TRUE
Input tree declared as chronogram; skipping chronos.

┌──────────────────┐
│ Template: output │
└──────────────────┘
Donor stem_fraction=0.254239 crown_fraction=0.745761
Saved donor template to: /home/marek/ant-megatree/working_code/package/project/published/temnothorax/prebus2017/extract_mrca_Temnothorax_nitens_P017-Temnothorax_mpala_P010_20260408-155341_with_outgroup_no_aztecus.template.rds

┌─────────────────────────┐
│ Template: input summary │
└─────────────────────────┘

┌────────────────────────────┐
│ Template: authority filter │
└────────────────────────────┘
Valid ingroup species kept: 9; dropped absent: 0

┌────────────────────────────────────────┐
│ Template: donor ultrametric conversion │
└────────────────────────────────────────┘
Donor tree type: chronogram; ultrametric: TRUE
Input tree declared as chronogram; skipping chronos.

┌──────────────────┐
│ Template: output │
└──────────────────┘
Donor stem_fraction=0.000000 crown_fraction=1.000000
Saved donor template to: /home/marek/ant-megatree/working_code/package/project/published/temnothorax/prebus2021/filtered_data_beast_output_renamed.template.rds

┌─────────────────────────┐
│ Template: input summary │
└─────────────────────────┘

┌────────────────────────────┐
│ Template: authority filter │
└────────────────────────────┘
Valid ingroup species kept: 2; dropped absent: 3

┌────────────────────────────────────────┐
│ Template: donor ultrametric conversion │
└────────────────────────────────────────┘
Donor tree type: chronogram; ultrametric: FALSE
Input tree declared as chronogram; skipping chronos.
Chronogram not ultrametric (likely numerical jitter); enforcing ultrametricity using 'extend'.

┌──────────────────┐
│ Template: output │
└──────────────────┘
Donor stem_fraction=0.000000 crown_fraction=1.000000
Saved donor template to: /home/marek/ant-megatree/working_code/package/project/published/temnothorax/csosz2024/Csosz_et_al_unifasciatus_no_outgroup.template.rds

┌─────────────────────────┐
│ Template: input summary │
└─────────────────────────┘
Outgroup inferred as root singleton: Acanthognathus_ocellatus

┌────────────────────────────┐
│ Template: authority filter │
└────────────────────────────┘
Valid ingroup species kept: 54; dropped absent: 57

┌────────────────────────────────────────┐
│ Template: donor ultrametric conversion │
└────────────────────────────────────────┘
Donor tree type: chronogram; ultrametric: FALSE
Input tree declared as chronogram; skipping chronos.
Chronogram not ultrametric (likely numerical jitter); enforcing ultrametricity using 'extend'.

┌──────────────────┐
│ Template: output │
└──────────────────┘
Donor stem_fraction=0.071739 crown_fraction=0.928261
Saved donor template to: /home/marek/ant-megatree/working_code/package/project/published/attini/schultz2024/extract_mrca_Mycocepurus_obsoletus_7308-Trachymyrmex_opulentus_8122_20260404-141656_with_outgroup.template.rds

┌─────────────────────────┐
│ Template: input summary │
└─────────────────────────┘
Outgroup inferred as root singleton: Apomyrma_CF02

┌────────────────────────────┐
│ Template: authority filter │
└────────────────────────────┘
Valid ingroup species kept: 17; dropped absent: 33

┌────────────────────────────────────────┐
│ Template: donor ultrametric conversion │
└────────────────────────────────────────┘
Donor tree type: chronogram; ultrametric: FALSE
Input tree declared as chronogram; skipping chronos.
Chronogram not ultrametric (likely numerical jitter); enforcing ultrametricity using 'extend'.

┌──────────────────┐
│ Template: output │
└──────────────────┘
Donor stem_fraction=0.055569 crown_fraction=0.944431
Saved donor template to: /home/marek/ant-megatree/working_code/package/project/published/amblyoponinae/ward2016/extract_mrca_Concoctio_concenta-Stigmatomma_GA01_20260409-143917_with_outgroup.template.rds

┌─────────────────────────┐
│ Template: input summary │
└─────────────────────────┘
Outgroup inferred as root singleton: Dorylus_cf

┌────────────────────────────┐
│ Template: authority filter │
└────────────────────────────┘
Valid ingroup species kept: 16; dropped absent: 2

┌────────────────────────────────────────┐
│ Template: donor ultrametric conversion │
└────────────────────────────────────────┘
Donor tree type: chronogram; ultrametric: TRUE
Input tree declared as chronogram; skipping chronos.

┌──────────────────┐
│ Template: output │
└──────────────────┘
Donor stem_fraction=0.597160 crown_fraction=0.402840
Saved donor template to: /home/marek/ant-megatree/working_code/package/project/published/dorylinae/borowiec2019/extracted_genera/Aenictus/extract_Aenictus_20260410-124621_with_outgroup.template.rds

┌─────────────────────────┐
│ Template: input summary │
└─────────────────────────┘
Outgroup inferred as root singleton: Chrysapace_cf

┌────────────────────────────┐
│ Template: authority filter │
└────────────────────────────┘
Valid ingroup species kept: 2; dropped absent: 2

┌────────────────────────────────────────┐
│ Template: donor ultrametric conversion │
└────────────────────────────────────────┘
Donor tree type: chronogram; ultrametric: TRUE
Input tree declared as chronogram; skipping chronos.

┌──────────────────┐
│ Template: output │
└──────────────────┘
Donor stem_fraction=0.741881 crown_fraction=0.258119
Saved donor template to: /home/marek/ant-megatree/working_code/package/project/published/dorylinae/borowiec2019/extracted_genera/Cerapachys/extract_Cerapachys_20260410-124621_with_outgroup.template.rds

┌─────────────────────────┐
│ Template: input summary │
└─────────────────────────┘
Outgroup inferred as root singleton: Eciton_hamatum

┌────────────────────────────┐
│ Template: authority filter │
└────────────────────────────┘
Valid ingroup species kept: 3; dropped absent: 0

┌────────────────────────────────────────┐
│ Template: donor ultrametric conversion │
└────────────────────────────────────────┘
Donor tree type: chronogram; ultrametric: TRUE
Input tree declared as chronogram; skipping chronos.

┌──────────────────┐
│ Template: output │
└──────────────────┘
Donor stem_fraction=0.813189 crown_fraction=0.186811
Saved donor template to: /home/marek/ant-megatree/working_code/package/project/published/dorylinae/borowiec2019/extracted_genera/Cheliomyrmex/extract_Cheliomyrmex_20260410-124621_with_outgroup.template.rds

┌─────────────────────────┐
│ Template: input summary │
└─────────────────────────┘
Outgroup inferred as root singleton: Acanthostichus_AZ_M277

┌────────────────────────────┐
│ Template: authority filter │
└────────────────────────────┘
Valid ingroup species kept: 4; dropped absent: 0

┌────────────────────────────────────────┐
│ Template: donor ultrametric conversion │
└────────────────────────────────────────┘
Donor tree type: chronogram; ultrametric: FALSE
Input tree declared as chronogram; skipping chronos.
Chronogram not ultrametric (likely numerical jitter); enforcing ultrametricity using 'extend'.

┌──────────────────┐
│ Template: output │
└──────────────────┘
Donor stem_fraction=0.344476 crown_fraction=0.655524
Saved donor template to: /home/marek/ant-megatree/working_code/package/project/published/dorylinae/borowiec2019/extracted_genera/Cylindromyrmex/extract_Cylindromyrmex_20260410-124621_with_outgroup.template.rds

┌─────────────────────────┐
│ Template: input summary │
└─────────────────────────┘
Outgroup inferred as root singleton: Aenictogiton_UG_M189

┌────────────────────────────┐
│ Template: authority filter │
└────────────────────────────┘
Valid ingroup species kept: 10; dropped absent: 3

┌────────────────────────────────────────┐
│ Template: donor ultrametric conversion │
└────────────────────────────────────────┘
Donor tree type: chronogram; ultrametric: TRUE
Input tree declared as chronogram; skipping chronos.

┌──────────────────┐
│ Template: output │
└──────────────────┘
Donor stem_fraction=0.648423 crown_fraction=0.351577
Saved donor template to: /home/marek/ant-megatree/working_code/package/project/published/dorylinae/borowiec2019/extracted_genera/Dorylus/extract_Dorylus_20260410-124621_with_outgroup.template.rds

┌─────────────────────────┐
│ Template: input summary │
└─────────────────────────┘
Outgroup inferred as root singleton: Nomamyrmex_esenbeckii

┌────────────────────────────┐
│ Template: authority filter │
└────────────────────────────┘
Valid ingroup species kept: 6; dropped absent: 0

┌────────────────────────────────────────┐
│ Template: donor ultrametric conversion │
└────────────────────────────────────────┘
Donor tree type: chronogram; ultrametric: TRUE
Input tree declared as chronogram; skipping chronos.

┌──────────────────┐
│ Template: output │
└──────────────────┘
Donor stem_fraction=0.628498 crown_fraction=0.371502
Saved donor template to: /home/marek/ant-megatree/working_code/package/project/published/dorylinae/borowiec2019/extracted_genera/Eciton/extract_Eciton_20260410-124621_with_outgroup.template.rds

┌─────────────────────────┐
│ Template: input summary │
└─────────────────────────┘
Outgroup inferred as root singleton: Eciton_hamatum

┌────────────────────────────┐
│ Template: authority filter │
└────────────────────────────┘
Valid ingroup species kept: 3; dropped absent: 0

┌────────────────────────────────────────┐
│ Template: donor ultrametric conversion │
└────────────────────────────────────────┘
Donor tree type: chronogram; ultrametric: FALSE
Input tree declared as chronogram; skipping chronos.
Chronogram not ultrametric (likely numerical jitter); enforcing ultrametricity using 'extend'.

┌──────────────────┐
│ Template: output │
└──────────────────┘
Donor stem_fraction=0.625669 crown_fraction=0.374331
Saved donor template to: /home/marek/ant-megatree/working_code/package/project/published/dorylinae/borowiec2019/extracted_genera/Labidus/extract_Labidus_20260410-124621_with_outgroup.template.rds

┌─────────────────────────┐
│ Template: input summary │
└─────────────────────────┘
Outgroup inferred as root singleton: Neivamyrmex_cf

┌────────────────────────────┐
│ Template: authority filter │
└────────────────────────────┘
Valid ingroup species kept: 5; dropped absent: 0

┌────────────────────────────────────────┐
│ Template: donor ultrametric conversion │
└────────────────────────────────────────┘
Donor tree type: chronogram; ultrametric: FALSE
Input tree declared as chronogram; skipping chronos.
Chronogram not ultrametric (likely numerical jitter); enforcing ultrametricity using 'extend'.

┌──────────────────┐
│ Template: output │
└──────────────────┘
Donor stem_fraction=0.387725 crown_fraction=0.612275
Saved donor template to: /home/marek/ant-megatree/working_code/package/project/published/dorylinae/borowiec2019/extracted_genera/Leptanilloides/extract_Leptanilloides_20260410-124621_with_outgroup.template.rds

┌─────────────────────────┐
│ Template: input summary │
└─────────────────────────┘
Outgroup inferred as root singleton: Lividopone_MG_M294

┌────────────────────────────┐
│ Template: authority filter │
└────────────────────────────┘
Valid ingroup species kept: 7; dropped absent: 3

┌────────────────────────────────────────┐
│ Template: donor ultrametric conversion │
└────────────────────────────────────────┘
Donor tree type: chronogram; ultrametric: FALSE
Input tree declared as chronogram; skipping chronos.
Chronogram not ultrametric (likely numerical jitter); enforcing ultrametricity using 'extend'.

┌──────────────────┐
│ Template: output │
└──────────────────┘
Donor stem_fraction=0.648185 crown_fraction=0.351815
Saved donor template to: /home/marek/ant-megatree/working_code/package/project/published/dorylinae/borowiec2019/extracted_genera/Lioponera/extract_Lioponera_20260410-124621_with_outgroup.template.rds

┌─────────────────────────┐
│ Template: input summary │
└─────────────────────────┘
Outgroup inferred as root singleton: Cheliomyrmex_cf

┌────────────────────────────┐
│ Template: authority filter │
└────────────────────────────┘
Valid ingroup species kept: 14; dropped absent: 2

┌────────────────────────────────────────┐
│ Template: donor ultrametric conversion │
└────────────────────────────────────────┘
Donor tree type: chronogram; ultrametric: FALSE
Input tree declared as chronogram; skipping chronos.
Chronogram not ultrametric (likely numerical jitter); enforcing ultrametricity using 'extend'.

┌──────────────────┐
│ Template: output │
└──────────────────┘
Donor stem_fraction=0.513831 crown_fraction=0.486169
Saved donor template to: /home/marek/ant-megatree/working_code/package/project/published/dorylinae/borowiec2019/extracted_genera/Neivamyrmex/extract_Neivamyrmex_20260410-124621_with_outgroup.template.rds

┌─────────────────────────┐
│ Template: input summary │
└─────────────────────────┘
Outgroup inferred as root singleton: Acanthostichus_AZ_M277

┌────────────────────────────┐
│ Template: authority filter │
└────────────────────────────┘
Valid ingroup species kept: 2; dropped absent: 2

┌────────────────────────────────────────┐
│ Template: donor ultrametric conversion │
└────────────────────────────────────────┘
Donor tree type: chronogram; ultrametric: FALSE
Input tree declared as chronogram; skipping chronos.
Chronogram not ultrametric (likely numerical jitter); enforcing ultrametricity using 'extend'.

┌──────────────────┐
│ Template: output │
└──────────────────┘
Donor stem_fraction=0.875601 crown_fraction=0.124399
Saved donor template to: /home/marek/ant-megatree/working_code/package/project/published/dorylinae/borowiec2019/extracted_genera/Neocerapachys/extract_Neocerapachys_20260410-124621_with_outgroup.template.rds

┌─────────────────────────┐
│ Template: input summary │
└─────────────────────────┘
Outgroup inferred as root singleton: Eciton_hamatum

┌────────────────────────────┐
│ Template: authority filter │
└────────────────────────────┘
Valid ingroup species kept: 2; dropped absent: 0

┌────────────────────────────────────────┐
│ Template: donor ultrametric conversion │
└────────────────────────────────────────┘
Donor tree type: chronogram; ultrametric: TRUE
Input tree declared as chronogram; skipping chronos.

┌──────────────────┐
│ Template: output │
└──────────────────┘
Donor stem_fraction=0.401091 crown_fraction=0.598909
Saved donor template to: /home/marek/ant-megatree/working_code/package/project/published/dorylinae/borowiec2019/extracted_genera/Nomamyrmex/extract_Nomamyrmex_20260410-124621_with_outgroup.template.rds

┌─────────────────────────┐
│ Template: input summary │
└─────────────────────────┘
Outgroup inferred as root singleton: Syscia_augustae

┌────────────────────────────┐
│ Template: authority filter │
└────────────────────────────┘
Valid ingroup species kept: 3; dropped absent: 3

┌────────────────────────────────────────┐
│ Template: donor ultrametric conversion │
└────────────────────────────────────────┘
Donor tree type: chronogram; ultrametric: TRUE
Input tree declared as chronogram; skipping chronos.

┌──────────────────┐
│ Template: output │
└──────────────────┘
Donor stem_fraction=0.437302 crown_fraction=0.562698
Saved donor template to: /home/marek/ant-megatree/working_code/package/project/published/dorylinae/borowiec2019/extracted_genera/Ooceraea/extract_Ooceraea_20260410-124621_with_outgroup.template.rds

┌─────────────────────────┐
│ Template: input summary │
└─────────────────────────┘
Outgroup inferred as root singleton: Zasphinctus_trux

┌────────────────────────────┐
│ Template: authority filter │
└────────────────────────────┘
Valid ingroup species kept: 2; dropped absent: 6

┌────────────────────────────────────────┐
│ Template: donor ultrametric conversion │
└────────────────────────────────────────┘
Donor tree type: chronogram; ultrametric: FALSE
Input tree declared as chronogram; skipping chronos.
Chronogram not ultrametric (likely numerical jitter); enforcing ultrametricity using 'extend'.

┌──────────────────┐
│ Template: output │
└──────────────────┘
Donor stem_fraction=0.678685 crown_fraction=0.321315
Saved donor template to: /home/marek/ant-megatree/working_code/package/project/published/dorylinae/borowiec2019/extracted_genera/Parasyscia/extract_Parasyscia_20260410-124621_with_outgroup.template.rds

┌─────────────────────────┐
│ Template: input summary │
└─────────────────────────┘
Outgroup inferred as root singleton: Tanipone_zona

┌────────────────────────────┐
│ Template: authority filter │
└────────────────────────────┘
Valid ingroup species kept: 7; dropped absent: 0

┌────────────────────────────────────────┐
│ Template: donor ultrametric conversion │
└────────────────────────────────────────┘
Donor tree type: chronogram; ultrametric: FALSE
Input tree declared as chronogram; skipping chronos.
Chronogram not ultrametric (likely numerical jitter); enforcing ultrametricity using 'extend'.

┌──────────────────┐
│ Template: output │
└──────────────────┘
Donor stem_fraction=0.656637 crown_fraction=0.343363
Saved donor template to: /home/marek/ant-megatree/working_code/package/project/published/dorylinae/borowiec2019/extracted_genera/Simopone/extract_Simopone_20260410-124621_with_outgroup.template.rds

┌─────────────────────────┐
│ Template: input summary │
└─────────────────────────┘
Outgroup inferred as root singleton: Simopone_conradti

┌────────────────────────────┐
│ Template: authority filter │
└────────────────────────────┘
Valid ingroup species kept: 4; dropped absent: 0

┌────────────────────────────────────────┐
│ Template: donor ultrametric conversion │
└────────────────────────────────────────┘
Donor tree type: chronogram; ultrametric: FALSE
Input tree declared as chronogram; skipping chronos.
Chronogram not ultrametric (likely numerical jitter); enforcing ultrametricity using 'extend'.

┌──────────────────┐
│ Template: output │
└──────────────────┘
Donor stem_fraction=0.694942 crown_fraction=0.305058
Saved donor template to: /home/marek/ant-megatree/working_code/package/project/published/dorylinae/borowiec2019/extracted_genera/Tanipone/extract_Tanipone_20260410-124621_with_outgroup.template.rds

┌─────────────────────────┐
│ Template: input summary │
└─────────────────────────┘
Outgroup inferred as root singleton: Chrysapace_cf

┌────────────────────────────┐
│ Template: authority filter │
└────────────────────────────┘
Valid ingroup species kept: 2; dropped absent: 2

┌────────────────────────────────────────┐
│ Template: donor ultrametric conversion │
└────────────────────────────────────────┘
Donor tree type: chronogram; ultrametric: FALSE
Input tree declared as chronogram; skipping chronos.
Chronogram not ultrametric (likely numerical jitter); enforcing ultrametricity using 'extend'.

┌──────────────────┐
│ Template: output │
└──────────────────┘
Donor stem_fraction=0.488397 crown_fraction=0.511603
Saved donor template to: /home/marek/ant-megatree/working_code/package/project/published/dorylinae/borowiec2019/extracted_genera/Yunodorylus/extract_Yunodorylus_20260410-124621_with_outgroup.template.rds

┌─────────────────────────┐
│ Template: input summary │
└─────────────────────────┘
Outgroup inferred as root singleton: Parasyscia_VN_M207

┌────────────────────────────┐
│ Template: authority filter │
└────────────────────────────┘
Valid ingroup species kept: 4; dropped absent: 2

┌────────────────────────────────────────┐
│ Template: donor ultrametric conversion │
└────────────────────────────────────────┘
Donor tree type: chronogram; ultrametric: FALSE
Input tree declared as chronogram; skipping chronos.
Chronogram not ultrametric (likely numerical jitter); enforcing ultrametricity using 'extend'.

┌──────────────────┐
│ Template: output │
└──────────────────┘
Donor stem_fraction=0.472849 crown_fraction=0.527151
Saved donor template to: /home/marek/ant-megatree/working_code/package/project/published/dorylinae/borowiec2019/extracted_genera/Zasphinctus/extract_Zasphinctus_20260410-124621_with_outgroup.template.rds

┌─────────────────────────┐
│ Template: input summary │
└─────────────────────────┘
Outgroup inferred as root singleton: Cardiocondyla_mauritanica

┌────────────────────────────┐
│ Template: authority filter │
└────────────────────────────┘
Valid ingroup species kept: 20; dropped absent: 1

┌────────────────────────────────────────┐
│ Template: donor ultrametric conversion │
└────────────────────────────────────────┘
Donor tree type: chronogram; ultrametric: FALSE
Input tree declared as chronogram; skipping chronos.
Chronogram not ultrametric (likely numerical jitter); enforcing ultrametricity using 'extend'.

┌──────────────────┐
│ Template: output │
└──────────────────┘
Donor stem_fraction=0.641749 crown_fraction=0.358251
Saved donor template to: /home/marek/ant-megatree/working_code/package/project/published/ocymyrmex/mbanyana2024/extract_mrca_Ocymyrmex_sp_2_HYM_C027808_Ocy103-Ocymyrmex_celer_BBC660_20260409-142001_with_outgroup.template.rds
Collapsing MRCA(Bazboltonia,Gnamptogenys) by retaining backbone tip Acanthoponera and grafting donor as terminal replacement.
Collapsing MRCA(Platythyrea,Leptogenys) by retaining backbone tip Anochetus and grafting donor as terminal replacement.
Collapsing MRCA(Rostromyrmex,Leptothorax) by retaining backbone tip Acanthomyrmex and grafting donor as terminal replacement.
Collapsing MRCA(Crematogaster_macracantha,Crematogaster_kelleri) by retaining backbone tip Crematogaster_aberrans and grafting donor as terminal replacement.
Collapsing MRCA(Crematogaster_scutellaris,Crematogaster_pilosa) by retaining backbone tip Crematogaster_coarctata and grafting donor as terminal replacement.
Collapsing MRCA(Manica,Pogonomyrmex) by retaining backbone tip Hylomyrma and grafting donor as terminal replacement.
Collapsing MRCA(Zatania,Nylanderia) by retaining backbone tip Euprenolepis and grafting donor as terminal replacement.
[SKIP tree 1] TIP{Nylanderia}: target missing in this backbone.
Collapsing MRCA(Pseudomyrmex_salvini,Pseudomyrmex_elongatulus) by retaining backbone tip Pseudomyrmex_apache and grafting donor as terminal replacement.
Collapsing MRCA(Pseudomyrmex_particeps,Pseudomyrmex_janzeni) by retaining backbone tip Pseudomyrmex_ferrugineus and grafting donor as terminal replacement.
Collapsing MRCA(Novomessor,Stenamma) by retaining backbone tip Aphaenogaster and grafting donor as terminal replacement.
Collapsing MRCA(Messor_aciculatus,Messor_denticornis) by retaining backbone tip Messor_aciculatus and grafting donor as terminal replacement.
Collapsing MRCA(Temnothorax_poeyi,Temnothorax_bernardi) by retaining backbone tip Temnothorax_bernardi and grafting donor as terminal replacement.
Collapsing MRCA(Apterostigma,Acromyrmex) by retaining backbone tip Acromyrmex and grafting donor as terminal replacement.
Collapsing MRCA(Amblyopone,Myopopone) by retaining backbone tip Adetomyrma and grafting donor as terminal replacement.
Collapsing MRCA(Ocymyrmex_celer,Ocymyrmex_picardi) by retaining backbone tip Ocymyrmex_celer and grafting donor as terminal replacement.

┌─────────────────────────┐
│ write plots & tip lists │
└─────────────────────────┘
