=== Genus extraction log: Polyrhachis | 2025-10-22 20:18:05 ===

┌────────────────────┐
│ Preprocessing tree │
└────────────────────┘
Polytomies resolved randomly; zero/NA edge lengths set to small positive values.

┌───────────────────────────────────────────┐
│ Ingroup label cleaning (focal genus only) │
└───────────────────────────────────────────┘
Detected 63 ingroup tip(s) in raw tree.
Kept 63 ingroup tip(s) after cleaning (raw → canonical):
  KEEP: Polyrhachis_exercita_D1476 → Polyrhachis_exercita
  KEEP: Polyrhachis_boltoni_D1522 → Polyrhachis_boltoni
  KEEP: Polyrhachis_alexisi_D2633 → Polyrhachis_alexisi
  KEEP: Polyrhachis_latispina_D1524 → Polyrhachis_latispina
  KEEP: Polyrhachis_bellicosa_D1481 → Polyrhachis_bellicosa
  KEEP: Polyrhachis_latona_D2667 → Polyrhachis_latona
  KEEP: Polyrhachis_tyrannica_D2697 → Polyrhachis_tyrannica
  KEEP: Polyrhachis_cyaniventris_D2648 → Polyrhachis_cyaniventris
  KEEP: Polyrhachis_vanachterbergi_D2699 → Polyrhachis_vanachterbergi
  KEEP: Polyrhachis_andromache_D1480 → Polyrhachis_andromache
  KEEP: Polyrhachis_brendelli_D2640 → Polyrhachis_brendelli
  KEEP: Polyrhachis_hilaris_D2661 → Polyrhachis_hilaris
  KEEP: Polyrhachis_ulysses_D2698 → Polyrhachis_ulysses
  KEEP: Polyrhachis_imitator_D2663 → Polyrhachis_imitator
  KEEP: Polyrhachis_menozzii_D1543 → Polyrhachis_menozzii
  KEEP: Polyrhachis_rossi_D2687 → Polyrhachis_rossi
  KEEP: Polyrhachis_hector_D1527 → Polyrhachis_hector
  KEEP: Polyrhachis_furcata_D1526 → Polyrhachis_furcata
  KEEP: Polyrhachis_calypso_D1528 → Polyrhachis_calypso
  KEEP: Polyrhachis_sexspinosa_D2690 → Polyrhachis_sexspinosa
  KEEP: Polyrhachis_armata_D1479 → Polyrhachis_armata
  KEEP: Polyrhachis_maryatiae_D2671 → Polyrhachis_maryatiae
  KEEP: Polyrhachis_menelas_D2672 → Polyrhachis_menelas
  KEEP: Polyrhachis_aberrans_D2631 → Polyrhachis_aberrans
  KEEP: Polyrhachis_saevissima_D1529 → Polyrhachis_saevissima
  KEEP: Polyrhachis_achterbergi_D2632 → Polyrhachis_achterbergi
  KEEP: Polyrhachis_sulang_D1945a → Polyrhachis_sulang
  KEEP: Polyrhachis_expressa_D2657 → Polyrhachis_expressa
  KEEP: Polyrhachis_tuberosa_D2695 → Polyrhachis_tuberosa
  KEEP: Polyrhachis_decumbens_D0277 → Polyrhachis_decumbens
  KEEP: Polyrhachis_dorowi_D2348 → Polyrhachis_dorowi
  KEEP: Polyrhachis_impressa_D2664 → Polyrhachis_impressa
  KEEP: Polyrhachis_mamba_D2670 → Polyrhachis_mamba
  KEEP: Polyrhachis_femorata_D2313 → Polyrhachis_femorata
  KEEP: Polyrhachis_sidnica_D2311 → Polyrhachis_sidnica
  KEEP: Polyrhachis_patiens_D2309 → Polyrhachis_patiens
  KEEP: Polyrhachis_semipolita_D2312 → Polyrhachis_semipolita
  KEEP: Polyrhachis_fuscipes_nr_D1478 → Polyrhachis_fuscipes
  KEEP: Polyrhachis_hirsuta_nr_D2310 → Polyrhachis_hirsuta
  KEEP: Polyrhachis_pyrrhus_D2314 → Polyrhachis_pyrrhus
  KEEP: Polyrhachis_bispinosa_D2320 → Polyrhachis_bispinosa
  KEEP: Polyrhachis_unicornis_D2319 → Polyrhachis_unicornis
  KEEP: Polyrhachis_schwiedlandi_nr_D2315 → Polyrhachis_schwiedlandi
  KEEP: Polyrhachis_shattucki_D2321 → Polyrhachis_shattucki
  KEEP: Polyrhachis_cupreata_D1520 → Polyrhachis_cupreata
  KEEP: Polyrhachis_daemeli_D2343 → Polyrhachis_daemeli
  KEEP: Polyrhachis_erato_D2344 → Polyrhachis_erato
  KEEP: Polyrhachis_mjobergi_D2345 → Polyrhachis_mjobergi
  KEEP: Polyrhachis_lama_D2666 → Polyrhachis_lama
  KEEP: Polyrhachis_viehmeyeri_D1523 → Polyrhachis_viehmeyeri
  KEEP: Polyrhachis_aurea_nr_D2335 → Polyrhachis_aurea
  KEEP: Polyrhachis_gab_D1521 → Polyrhachis_gab
  KEEP: Polyrhachis_constricta_D2334 → Polyrhachis_constricta
  KEEP: Polyrhachis_appendiculata_D2340 → Polyrhachis_appendiculata
  KEEP: Polyrhachis_guerini_D2333 → Polyrhachis_guerini
  KEEP: Polyrhachis_archeri_D2328 → Polyrhachis_archeri
  KEEP: Polyrhachis_hoffmanni_D2329 → Polyrhachis_hoffmanni
  KEEP: Polyrhachis_ammonoeides_D2323 → Polyrhachis_ammonoeides
  KEEP: Polyrhachis_ammon_D2322 → Polyrhachis_ammon
  KEEP: Polyrhachis_darlingtoni_D0270 → Polyrhachis_darlingtoni
  KEEP: Polyrhachis_semiaurata_D2325 → Polyrhachis_semiaurata
  KEEP: Polyrhachis_angusta_D2324 → Polyrhachis_angusta
  KEEP: Polyrhachis_callima_D2327 → Polyrhachis_callima
Non-target genera were not modified or dropped at this step.

┌──────────────────────────────────┐
│ Species de-duplication (ingroup) │
└──────────────────────────────────┘
No intraspecific duplicates detected within ingroup.

┌──────────────────────────┐
│ Genus tip identification │
└──────────────────────────┘
Ingroup tips available after cleaning & de-duplication: 70
Genus monophyly: TRUE
Genus MRCA node: 261

┌─────────────────────┐
│ Retained genus tips │
└─────────────────────┘
  KEEP: Polyrhachis_aberrans_D2631
  KEEP: Polyrhachis_achterbergi_D2632
  KEEP: Polyrhachis_alexisi_D2633
  KEEP: Polyrhachis_ammon_D2322
  KEEP: Polyrhachis_ammonoeides_D2323
  KEEP: Polyrhachis_andromache_D1480
  KEEP: Polyrhachis_angusta_D2324
  KEEP: Polyrhachis_appendiculata_D2340
  KEEP: Polyrhachis_archeri_D2328
  KEEP: Polyrhachis_armata_D1479
  KEEP: Polyrhachis_AU_A_D2316
  KEEP: Polyrhachis_AU_B_D2317
  KEEP: Polyrhachis_AU09_D2336
  KEEP: Polyrhachis_AU10_D2338
  KEEP: Polyrhachis_AU17_D2346
  KEEP: Polyrhachis_AU18_D2347
  KEEP: Polyrhachis_AU39_D2342
  KEEP: Polyrhachis_aurea_nr_D2335
  KEEP: Polyrhachis_bellicosa_D1481
  KEEP: Polyrhachis_bispinosa_D2320
  KEEP: Polyrhachis_boltoni_D1522
  KEEP: Polyrhachis_brendelli_D2640
  KEEP: Polyrhachis_callima_D2327
  KEEP: Polyrhachis_calypso_D1528
  KEEP: Polyrhachis_constricta_D2334
  KEEP: Polyrhachis_cupreata_D1520
  KEEP: Polyrhachis_cyaniventris_D2648
  KEEP: Polyrhachis_daemeli_D2343
  KEEP: Polyrhachis_darlingtoni_D0270
  KEEP: Polyrhachis_decumbens_D0277
  KEEP: Polyrhachis_dorowi_D2348
  KEEP: Polyrhachis_erato_D2344
  KEEP: Polyrhachis_exercita_D1476
  KEEP: Polyrhachis_expressa_D2657
  KEEP: Polyrhachis_femorata_D2313
  KEEP: Polyrhachis_furcata_D1526
  KEEP: Polyrhachis_fuscipes_nr_D1478
  KEEP: Polyrhachis_gab_D1521
  KEEP: Polyrhachis_guerini_D2333
  KEEP: Polyrhachis_hector_D1527
  KEEP: Polyrhachis_hilaris_D2661
  KEEP: Polyrhachis_hirsuta_nr_D2310
  KEEP: Polyrhachis_hoffmanni_D2329
  KEEP: Polyrhachis_imitator_D2663
  KEEP: Polyrhachis_impressa_D2664
  KEEP: Polyrhachis_lama_D2666
  KEEP: Polyrhachis_latispina_D1524
  KEEP: Polyrhachis_latona_D2667
  KEEP: Polyrhachis_mamba_D2670
  KEEP: Polyrhachis_maryatiae_D2671
  KEEP: Polyrhachis_menelas_D2672
  KEEP: Polyrhachis_menozzii_D1543
  KEEP: Polyrhachis_mjobergi_D2345
  KEEP: Polyrhachis_patiens_D2309
  KEEP: Polyrhachis_pyrrhus_D2314
  KEEP: Polyrhachis_rossi_D2687
  KEEP: Polyrhachis_saevissima_D1529
  KEEP: Polyrhachis_schwiedlandi_nr_D2315
  KEEP: Polyrhachis_semiaurata_D2325
  KEEP: Polyrhachis_semipolita_D2312
  KEEP: Polyrhachis_sexspinosa_D2690
  KEEP: Polyrhachis_shattucki_D2321
  KEEP: Polyrhachis_sidnica_D2311
  KEEP: Polyrhachis_sulang_D1945a
  KEEP: Polyrhachis_tuberosa_D2695
  KEEP: Polyrhachis_tyrannica_D2697
  KEEP: Polyrhachis_ulysses_D2698
  KEEP: Polyrhachis_unicornis_D2319
  KEEP: Polyrhachis_vanachterbergi_D2699
  KEEP: Polyrhachis_viehmeyeri_D1523
Total retained genus tips: 70

┌────────────────────┐
│ Outgroup selection │
└────────────────────┘
Selected outgroup: Camponotus_vicinus_D2526 (min distance 0.059699).

┌──────────┐
│ Output │
└──────────┘
Wrote tree: ./Polyrhachis_with_outgroup.tre
Outgroup in output: Camponotus_vicinus_D2526
Genus tips in output: 71
