=== Genus extraction log: Plectroctena | 2026-04-12 19:04:36 ===

┌──────────┐
│ Settings │
└──────────┘
resolve_polytomies: FALSE
force_positive_lengths: FALSE
clean: genus_species
nonmono: prune_extras
outgroup: sister_one
seed: 42

┌──────────┐
│ Input │
└──────────┘
tips_in: 1170
Ingroup (genus=Plectroctena) identified: 6 tips
Genus monophyly: TRUE
Outgroup (sister_one): Boloponera_ikemkha_EX2977_CASENT0254323 (min distance=0.074203)

┌──────────┐
│ Output │
└──────────┘
ingroup_out: 6
tips_out (final tree): 7
Wrote tree: /home/marek/ant-megatree/working_code/package/project/published/ponerinae/extracted_genera/Plectroctena/extract_Plectroctena_20260412-190436_with_outgroup.tre
Wrote renames TSV: /home/marek/ant-megatree/working_code/package/project/published/ponerinae/extracted_genera/Plectroctena/extract_Plectroctena_20260412-190436_renamed.tsv
