=== Genus extraction log: Parvaponera | 2026-04-12 19:04:36 ===

┌──────────┐
│ Settings │
└──────────┘
resolve_polytomies: FALSE
force_positive_lengths: FALSE
clean: genus_species
nonmono: prune_extras
outgroup: sister_one
seed: 42

┌──────────┐
│ Input │
└──────────┘
tips_in: 1170
Ingroup (genus=Parvaponera) identified: 10 tips
Genus monophyly: FALSE
Pruned non-genus tips inside MRCA (prune_extras).
Outgroup (sister_one): Pseudoponera_gilloglyi_EX2262_CASENT0648531 (min distance=0.111409)

┌──────────┐
│ Output │
└──────────┘
ingroup_out: 3
tips_out (final tree): 4
Wrote tree: /home/marek/ant-megatree/working_code/package/project/published/ponerinae/extracted_genera/Parvaponera/extract_Parvaponera_20260412-190436_with_outgroup.tre
Wrote renames TSV: /home/marek/ant-megatree/working_code/package/project/published/ponerinae/extracted_genera/Parvaponera/extract_Parvaponera_20260412-190436_renamed.tsv
