=== Genus extraction log: Pseudoneoponera | 2026-04-12 19:04:37 ===

┌──────────┐
│ Settings │
└──────────┘
resolve_polytomies: FALSE
force_positive_lengths: FALSE
clean: genus_species
nonmono: prune_extras
outgroup: sister_one
seed: 42

┌──────────┐
│ Input │
└──────────┘
tips_in: 1170
Ingroup (genus=Pseudoneoponera) identified: 13 tips
Genus monophyly: TRUE
Outgroup (sister_one): Streblognathus_peetersi_D2408_CASENT0258947 (min distance=0.086758)

┌──────────┐
│ Output │
└──────────┘
ingroup_out: 13
tips_out (final tree): 10
Wrote tree: /home/marek/ant-megatree/working_code/package/project/published/ponerinae/extracted_genera/Pseudoneoponera/extract_Pseudoneoponera_20260412-190437_with_outgroup.tre
Wrote renames TSV: /home/marek/ant-megatree/working_code/package/project/published/ponerinae/extracted_genera/Pseudoneoponera/extract_Pseudoneoponera_20260412-190437_renamed.tsv
