=== Genus extraction log: clade | 2026-04-04 19:29:25 ===

┌──────────┐
│ Settings │
└──────────┘
resolve_polytomies: TRUE
force_positive_lengths: TRUE
clean: none
nonmono: prune_extras
outgroup: sister_one
seed: 42

┌──────────┐
│ Input │
└──────────┘
tips_in: 185
Preprocess: polytomies=TRUE, positive_lengths=TRUE
Ingroup (MRCA of anchors) size: 9
Outgroup (sister_one): Dorymyrmex_paranensis_cf_D2935 (min distance=97.063890)

┌──────────┐
│ Output │
└──────────┘
ingroup_out: 9
tips_out (final tree): 10
Wrote tree: /home/marek/ant-megatree/working_code/package/project/published/dorymyrmex/oberski2025/extract_mrca_Leptomyrmex_relictus_D1200-Leptomyrmex_unicolor_D3033_20260404-192925_with_outgroup.tre
