=== Genus extraction log: Thaumatomyrmex | 2026-04-12 19:04:37 ===

┌──────────┐
│ Settings │
└──────────┘
resolve_polytomies: FALSE
force_positive_lengths: FALSE
clean: genus_species
nonmono: prune_extras
outgroup: sister_one
seed: 42

┌──────────┐
│ Input │
└──────────┘
tips_in: 1170
Ingroup (genus=Thaumatomyrmex) identified: 6 tips
Genus monophyly: TRUE
Outgroup (sister_one): Ponerinae_beb01_BEB008_CASENT0630865 (min distance=0.136888)

┌──────────┐
│ Output │
└──────────┘
ingroup_out: 6
tips_out (final tree): 7
Wrote tree: /home/marek/ant-megatree/working_code/package/project/published/ponerinae/extracted_genera/Thaumatomyrmex/extract_Thaumatomyrmex_20260412-190437_with_outgroup.tre
Wrote renames TSV: /home/marek/ant-megatree/working_code/package/project/published/ponerinae/extracted_genera/Thaumatomyrmex/extract_Thaumatomyrmex_20260412-190437_renamed.tsv
